[0.025s] Invoking command in '/home/loq/roboracer_ws/build/roboracer_localization': CMAKE_PREFIX_PATH=${CMAKE_PREFIX_PATH}:/home/loq/drivingcar_ws/install/self_driving_car_pkg:/home/loq/bumperbot_ws/install/bumperbot_py_example:/home/loq/roboracer_ws/install/roboracer_py:/home/loq/ros2_action_ws/install/lifecycle_py:/home/loq/ros2_action_ws/install/action_py:/opt/ros/humble /usr/bin/cmake /home/loq/roboracer_ws/src/roboracer_localization -DCMAKE_INSTALL_PREFIX=/home/loq/roboracer_ws/install/roboracer_localization
[0.329s] -- The C compiler identification is GNU 11.4.0
[0.329s] -- The CXX compiler identification is GNU 11.4.0
[0.329s] -- Detecting C compiler ABI info
[0.329s] -- Detecting C compiler ABI info - done
[0.329s] -- Check for working C compiler: /usr/bin/cc - skipped
[0.329s] -- Detecting C compile features
[0.329s] -- Detecting C compile features - done
[0.329s] -- Detecting CXX compiler ABI info
[0.329s] -- Detecting CXX compiler ABI info - done
[0.329s] -- Check for working CXX compiler: /usr/bin/c++ - skipped
[0.329s] -- Detecting CXX compile features
[0.330s] -- Detecting CXX compile features - done
[0.330s] -- Found ament_cmake: 1.3.11 (/opt/ros/humble/share/ament_cmake/cmake)
[0.501s] -- Found Python3: /usr/bin/python3 (found version "3.10.12") found components: Interpreter 
[0.644s] -- Found rclpy: 3.3.16 (/opt/ros/humble/share/rclpy/cmake)
[0.648s] -- Found nav_msgs: 4.8.0 (/opt/ros/humble/share/nav_msgs/cmake)
[0.700s] -- Found rosidl_generator_c: 3.1.6 (/opt/ros/humble/share/rosidl_generator_c/cmake)
[0.712s] -- Found rosidl_adapter: 3.1.6 (/opt/ros/humble/share/rosidl_adapter/cmake)
[0.728s] -- Found rosidl_generator_cpp: 3.1.6 (/opt/ros/humble/share/rosidl_generator_cpp/cmake)
[0.749s] -- Using all available rosidl_typesupport_c: rosidl_typesupport_fastrtps_c;rosidl_typesupport_introspection_c
[0.777s] -- Using all available rosidl_typesupport_cpp: rosidl_typesupport_fastrtps_cpp;rosidl_typesupport_introspection_cpp
[0.849s] -- Found sensor_msgs: 4.8.0 (/opt/ros/humble/share/sensor_msgs/cmake)
[0.874s] -- Found ament_lint_auto: 0.12.12 (/opt/ros/humble/share/ament_lint_auto/cmake)
[0.970s] -- Added test 'copyright' to check source files copyright and LICENSE
[0.973s] -- Added test 'flake8' to check Python code syntax and style conventions
[0.974s] -- Added test 'lint_cmake' to check CMake code style
[0.975s] -- Added test 'pep257' to check Python code against some of the docstring style conventions in PEP 257
[0.976s] -- Added test 'xmllint' to check XML markup files
[0.978s] -- Configuring done
[0.982s] -- Generating done
[0.984s] -- Build files have been written to: /home/loq/roboracer_ws/build/roboracer_localization
[0.995s] Invoked command in '/home/loq/roboracer_ws/build/roboracer_localization' returned '0': CMAKE_PREFIX_PATH=${CMAKE_PREFIX_PATH}:/home/loq/drivingcar_ws/install/self_driving_car_pkg:/home/loq/bumperbot_ws/install/bumperbot_py_example:/home/loq/roboracer_ws/install/roboracer_py:/home/loq/ros2_action_ws/install/lifecycle_py:/home/loq/ros2_action_ws/install/action_py:/opt/ros/humble /usr/bin/cmake /home/loq/roboracer_ws/src/roboracer_localization -DCMAKE_INSTALL_PREFIX=/home/loq/roboracer_ws/install/roboracer_localization
[0.996s] Invoking command in '/home/loq/roboracer_ws/build/roboracer_localization': CMAKE_PREFIX_PATH=${CMAKE_PREFIX_PATH}:/home/loq/drivingcar_ws/install/self_driving_car_pkg:/home/loq/bumperbot_ws/install/bumperbot_py_example:/home/loq/roboracer_ws/install/roboracer_py:/home/loq/ros2_action_ws/install/lifecycle_py:/home/loq/ros2_action_ws/install/action_py:/opt/ros/humble /usr/bin/cmake --build /home/loq/roboracer_ws/build/roboracer_localization -- -j8 -l8
[1.049s] Invoked command in '/home/loq/roboracer_ws/build/roboracer_localization' returned '0': CMAKE_PREFIX_PATH=${CMAKE_PREFIX_PATH}:/home/loq/drivingcar_ws/install/self_driving_car_pkg:/home/loq/bumperbot_ws/install/bumperbot_py_example:/home/loq/roboracer_ws/install/roboracer_py:/home/loq/ros2_action_ws/install/lifecycle_py:/home/loq/ros2_action_ws/install/action_py:/opt/ros/humble /usr/bin/cmake --build /home/loq/roboracer_ws/build/roboracer_localization -- -j8 -l8
[1.052s] Invoking command in '/home/loq/roboracer_ws/build/roboracer_localization': CMAKE_PREFIX_PATH=${CMAKE_PREFIX_PATH}:/home/loq/drivingcar_ws/install/self_driving_car_pkg:/home/loq/bumperbot_ws/install/bumperbot_py_example:/home/loq/roboracer_ws/install/roboracer_py:/home/loq/ros2_action_ws/install/lifecycle_py:/home/loq/ros2_action_ws/install/action_py:/opt/ros/humble /usr/bin/cmake --install /home/loq/roboracer_ws/build/roboracer_localization
[1.062s] -- Install configuration: ""
[1.062s] -- Installing: /home/loq/roboracer_ws/install/roboracer_localization/lib//roboracer_localization
[1.062s] -- Installing: /home/loq/roboracer_ws/install/roboracer_localization/lib//roboracer_localization/__init__.py
[1.062s] -- Installing: /home/loq/roboracer_ws/install/roboracer_localization/share/roboracer_localization/launch
[1.062s] -- Installing: /home/loq/roboracer_ws/install/roboracer_localization/share/roboracer_localization/launch/local_localization.launch.py
[1.062s] -- Installing: /home/loq/roboracer_ws/install/roboracer_localization/share/ament_index/resource_index/package_run_dependencies/roboracer_localization
[1.062s] -- Installing: /home/loq/roboracer_ws/install/roboracer_localization/share/ament_index/resource_index/parent_prefix_path/roboracer_localization
[1.063s] -- Installing: /home/loq/roboracer_ws/install/roboracer_localization/share/roboracer_localization/environment/ament_prefix_path.sh
[1.063s] -- Installing: /home/loq/roboracer_ws/install/roboracer_localization/share/roboracer_localization/environment/ament_prefix_path.dsv
[1.063s] -- Installing: /home/loq/roboracer_ws/install/roboracer_localization/share/roboracer_localization/environment/path.sh
[1.063s] -- Installing: /home/loq/roboracer_ws/install/roboracer_localization/share/roboracer_localization/environment/path.dsv
[1.063s] -- Installing: /home/loq/roboracer_ws/install/roboracer_localization/share/roboracer_localization/local_setup.bash
[1.063s] -- Installing: /home/loq/roboracer_ws/install/roboracer_localization/share/roboracer_localization/local_setup.sh
[1.063s] -- Installing: /home/loq/roboracer_ws/install/roboracer_localization/share/roboracer_localization/local_setup.zsh
[1.063s] -- Installing: /home/loq/roboracer_ws/install/roboracer_localization/share/roboracer_localization/local_setup.dsv
[1.064s] -- Installing: /home/loq/roboracer_ws/install/roboracer_localization/share/roboracer_localization/package.dsv
[1.064s] -- Installing: /home/loq/roboracer_ws/install/roboracer_localization/share/ament_index/resource_index/packages/roboracer_localization
[1.064s] -- Installing: /home/loq/roboracer_ws/install/roboracer_localization/share/roboracer_localization/cmake/roboracer_localizationConfig.cmake
[1.065s] -- Installing: /home/loq/roboracer_ws/install/roboracer_localization/share/roboracer_localization/cmake/roboracer_localizationConfig-version.cmake
[1.065s] -- Installing: /home/loq/roboracer_ws/install/roboracer_localization/share/roboracer_localization/package.xml
[1.067s] Invoked command in '/home/loq/roboracer_ws/build/roboracer_localization' returned '0': CMAKE_PREFIX_PATH=${CMAKE_PREFIX_PATH}:/home/loq/drivingcar_ws/install/self_driving_car_pkg:/home/loq/bumperbot_ws/install/bumperbot_py_example:/home/loq/roboracer_ws/install/roboracer_py:/home/loq/ros2_action_ws/install/lifecycle_py:/home/loq/ros2_action_ws/install/action_py:/opt/ros/humble /usr/bin/cmake --install /home/loq/roboracer_ws/build/roboracer_localization
