[0.031s] Invoking command in '/home/dev/roboracer_ws/build/gap_follow': CMAKE_PREFIX_PATH=/opt/ros/humble /usr/local/bin/cmake --build /home/dev/roboracer_ws/build/gap_follow -- -j8 -l8
[0.197s] [  0%] Built target ament_cmake_python_copy_gap_follow_setup
[0.198s] [  0%] Built target ament_cmake_python_copy_gap_follow
[0.239s] [100%] Built target reactive_node
[0.598s] /usr/lib/python3/dist-packages/setuptools/dist.py:723: UserWarning: Usage of dash-separated 'script-dir' will not be supported in future versions. Please use the underscore name 'script_dir' instead
[0.599s]   warnings.warn(
[0.599s] /usr/lib/python3/dist-packages/setuptools/dist.py:723: UserWarning: Usage of dash-separated 'install-scripts' will not be supported in future versions. Please use the underscore name 'install_scripts' instead
[0.599s]   warnings.warn(
[0.600s] running egg_info
[0.600s] writing gap_follow.egg-info/PKG-INFO
[0.601s] writing dependency_links to gap_follow.egg-info/dependency_links.txt
[0.601s] writing top-level names to gap_follow.egg-info/top_level.txt
[0.602s] reading manifest file 'gap_follow.egg-info/SOURCES.txt'
[0.603s] writing manifest file 'gap_follow.egg-info/SOURCES.txt'
[0.603s] [100%] Built target ament_cmake_python_build_gap_follow_egg
[0.661s] Invoked command in '/home/dev/roboracer_ws/build/gap_follow' returned '0': CMAKE_PREFIX_PATH=/opt/ros/humble /usr/local/bin/cmake --build /home/dev/roboracer_ws/build/gap_follow -- -j8 -l8
[0.663s] Invoking command in '/home/dev/roboracer_ws/build/gap_follow': CMAKE_PREFIX_PATH=/opt/ros/humble /usr/local/bin/cmake --install /home/dev/roboracer_ws/build/gap_follow
[0.757s] -- Install configuration: ""
[0.758s] -- Up-to-date: /home/dev/roboracer_ws/install/gap_follow/lib/gap_follow/reactive_node
[0.758s] -- Up-to-date: /home/dev/roboracer_ws/install/gap_follow/share/gap_follow/environment/pythonpath.sh
[0.758s] -- Up-to-date: /home/dev/roboracer_ws/install/gap_follow/share/gap_follow/environment/pythonpath.dsv
[0.758s] -- Up-to-date: /home/dev/roboracer_ws/install/gap_follow/local/lib/python3.10/dist-packages/gap_follow-0.0.0-py3.10.egg-info
[0.758s] -- Installing: /home/dev/roboracer_ws/install/gap_follow/local/lib/python3.10/dist-packages/gap_follow-0.0.0-py3.10.egg-info/top_level.txt
[0.759s] -- Installing: /home/dev/roboracer_ws/install/gap_follow/local/lib/python3.10/dist-packages/gap_follow-0.0.0-py3.10.egg-info/PKG-INFO
[0.760s] -- Installing: /home/dev/roboracer_ws/install/gap_follow/local/lib/python3.10/dist-packages/gap_follow-0.0.0-py3.10.egg-info/dependency_links.txt
[0.761s] -- Installing: /home/dev/roboracer_ws/install/gap_follow/local/lib/python3.10/dist-packages/gap_follow-0.0.0-py3.10.egg-info/SOURCES.txt
[0.761s] -- Up-to-date: /home/dev/roboracer_ws/install/gap_follow/local/lib/python3.10/dist-packages/gap_follow
[0.761s] -- Up-to-date: /home/dev/roboracer_ws/install/gap_follow/local/lib/python3.10/dist-packages/gap_follow/__init__.py
[0.795s] Listing '/home/dev/roboracer_ws/install/gap_follow/local/lib/python3.10/dist-packages/gap_follow'...
[0.801s] -- Up-to-date: /home/dev/roboracer_ws/install/gap_follow/lib/gap_follow/reactive_node.py
[0.801s] -- Up-to-date: /home/dev/roboracer_ws/install/gap_follow/share/ament_index/resource_index/package_run_dependencies/gap_follow
[0.802s] -- Up-to-date: /home/dev/roboracer_ws/install/gap_follow/share/ament_index/resource_index/parent_prefix_path/gap_follow
[0.802s] -- Up-to-date: /home/dev/roboracer_ws/install/gap_follow/share/gap_follow/environment/ament_prefix_path.sh
[0.802s] -- Up-to-date: /home/dev/roboracer_ws/install/gap_follow/share/gap_follow/environment/ament_prefix_path.dsv
[0.802s] -- Up-to-date: /home/dev/roboracer_ws/install/gap_follow/share/gap_follow/environment/path.sh
[0.802s] -- Up-to-date: /home/dev/roboracer_ws/install/gap_follow/share/gap_follow/environment/path.dsv
[0.802s] -- Up-to-date: /home/dev/roboracer_ws/install/gap_follow/share/gap_follow/local_setup.bash
[0.802s] -- Up-to-date: /home/dev/roboracer_ws/install/gap_follow/share/gap_follow/local_setup.sh
[0.802s] -- Up-to-date: /home/dev/roboracer_ws/install/gap_follow/share/gap_follow/local_setup.zsh
[0.802s] -- Up-to-date: /home/dev/roboracer_ws/install/gap_follow/share/gap_follow/local_setup.dsv
[0.803s] -- Installing: /home/dev/roboracer_ws/install/gap_follow/share/gap_follow/package.dsv
[0.803s] -- Up-to-date: /home/dev/roboracer_ws/install/gap_follow/share/ament_index/resource_index/packages/gap_follow
[0.803s] -- Up-to-date: /home/dev/roboracer_ws/install/gap_follow/share/gap_follow/cmake/gap_followConfig.cmake
[0.803s] -- Up-to-date: /home/dev/roboracer_ws/install/gap_follow/share/gap_follow/cmake/gap_followConfig-version.cmake
[0.803s] -- Up-to-date: /home/dev/roboracer_ws/install/gap_follow/share/gap_follow/package.xml
[1.301s] Invoked command in '/home/dev/roboracer_ws/build/gap_follow' returned '0': CMAKE_PREFIX_PATH=/opt/ros/humble /usr/local/bin/cmake --install /home/dev/roboracer_ws/build/gap_follow
