[0.196s] Invoking command in '/home/dev/roboracer_ws/build/io_context': CMAKE_PREFIX_PATH=/home/dev/roboracer_ws/install/asio_cmake_module:/home/dev/roboracer_ws/install/vesc:/home/dev/roboracer_ws/install/vesc_driver:/home/dev/roboracer_ws/install/vesc_ackermann:/home/dev/roboracer_ws/install/roboracer_yolov8_detector:/home/dev/roboracer_ws/install/roboracer_py:/opt/ros/humble:/home/dev/roboracer_ws/install/vesc_msgs:/home/dev/roboracer_ws/install/udp_driver:/home/dev/roboracer_ws/install/serial_driver:/home/dev/roboracer_ws/install/roboracer_visual_odom:/home/dev/roboracer_ws/install/roboracer_localization:/home/dev/roboracer_ws/install/roboracer_description:/home/dev/roboracer_ws/install/roboracer_controller:/home/dev/roboracer_ws/install/pure_pursuit:/home/dev/roboracer_ws/install/io_context:/home/dev/roboracer_ws/install/gap_follow:/home/dev/roboracer_ws/install/ackermann_mux /usr/local/bin/cmake --build /home/dev/roboracer_ws/build/io_context -- -j8 -l8
[0.325s] [ 22%] Built target gtest_main
[0.326s] [ 44%] Built target gtest
[0.334s] [ 77%] Built target io_context
[0.352s] [100%] Built target test_io_context
[0.738s] Invoked command in '/home/dev/roboracer_ws/build/io_context' returned '0': CMAKE_PREFIX_PATH=/home/dev/roboracer_ws/install/asio_cmake_module:/home/dev/roboracer_ws/install/vesc:/home/dev/roboracer_ws/install/vesc_driver:/home/dev/roboracer_ws/install/vesc_ackermann:/home/dev/roboracer_ws/install/roboracer_yolov8_detector:/home/dev/roboracer_ws/install/roboracer_py:/opt/ros/humble:/home/dev/roboracer_ws/install/vesc_msgs:/home/dev/roboracer_ws/install/udp_driver:/home/dev/roboracer_ws/install/serial_driver:/home/dev/roboracer_ws/install/roboracer_visual_odom:/home/dev/roboracer_ws/install/roboracer_localization:/home/dev/roboracer_ws/install/roboracer_description:/home/dev/roboracer_ws/install/roboracer_controller:/home/dev/roboracer_ws/install/pure_pursuit:/home/dev/roboracer_ws/install/io_context:/home/dev/roboracer_ws/install/gap_follow:/home/dev/roboracer_ws/install/ackermann_mux /usr/local/bin/cmake --build /home/dev/roboracer_ws/build/io_context -- -j8 -l8
[0.739s] Invoking command in '/home/dev/roboracer_ws/build/io_context': CMAKE_PREFIX_PATH=/home/dev/roboracer_ws/install/asio_cmake_module:/home/dev/roboracer_ws/install/vesc:/home/dev/roboracer_ws/install/vesc_driver:/home/dev/roboracer_ws/install/vesc_ackermann:/home/dev/roboracer_ws/install/roboracer_yolov8_detector:/home/dev/roboracer_ws/install/roboracer_py:/opt/ros/humble:/home/dev/roboracer_ws/install/vesc_msgs:/home/dev/roboracer_ws/install/udp_driver:/home/dev/roboracer_ws/install/serial_driver:/home/dev/roboracer_ws/install/roboracer_visual_odom:/home/dev/roboracer_ws/install/roboracer_localization:/home/dev/roboracer_ws/install/roboracer_description:/home/dev/roboracer_ws/install/roboracer_controller:/home/dev/roboracer_ws/install/pure_pursuit:/home/dev/roboracer_ws/install/io_context:/home/dev/roboracer_ws/install/gap_follow:/home/dev/roboracer_ws/install/ackermann_mux /usr/local/bin/cmake --install /home/dev/roboracer_ws/build/io_context
[0.830s] -- Install configuration: ""
[0.830s] -- Up-to-date: /home/dev/roboracer_ws/install/io_context/include
[0.830s] -- Up-to-date: /home/dev/roboracer_ws/install/io_context/include/msg_converters
[0.830s] -- Up-to-date: /home/dev/roboracer_ws/install/io_context/include/msg_converters/converters.hpp
[0.830s] -- Up-to-date: /home/dev/roboracer_ws/install/io_context/include/msg_converters/std_msgs.hpp
[0.830s] -- Up-to-date: /home/dev/roboracer_ws/install/io_context/include/msg_converters/udp_msgs.hpp
[0.830s] -- Up-to-date: /home/dev/roboracer_ws/install/io_context/include/io_context
[0.834s] -- Up-to-date: /home/dev/roboracer_ws/install/io_context/include/io_context/common.hpp
[0.834s] -- Up-to-date: /home/dev/roboracer_ws/install/io_context/include/io_context/io_context.hpp
[0.834s] -- Up-to-date: /home/dev/roboracer_ws/install/io_context/share/io_context/environment/library_path.sh
[0.834s] -- Up-to-date: /home/dev/roboracer_ws/install/io_context/share/io_context/environment/library_path.dsv
[0.836s] -- Up-to-date: /home/dev/roboracer_ws/install/io_context/lib/libio_context.so
[0.836s] -- Up-to-date: /home/dev/roboracer_ws/install/io_context/share/ament_index/resource_index/package_run_dependencies/io_context
[0.836s] -- Up-to-date: /home/dev/roboracer_ws/install/io_context/share/ament_index/resource_index/parent_prefix_path/io_context
[0.836s] -- Up-to-date: /home/dev/roboracer_ws/install/io_context/share/io_context/environment/ament_prefix_path.sh
[0.836s] -- Up-to-date: /home/dev/roboracer_ws/install/io_context/share/io_context/environment/ament_prefix_path.dsv
[0.836s] -- Up-to-date: /home/dev/roboracer_ws/install/io_context/share/io_context/environment/path.sh
[0.836s] -- Up-to-date: /home/dev/roboracer_ws/install/io_context/share/io_context/environment/path.dsv
[0.836s] -- Up-to-date: /home/dev/roboracer_ws/install/io_context/share/io_context/local_setup.bash
[0.836s] -- Up-to-date: /home/dev/roboracer_ws/install/io_context/share/io_context/local_setup.sh
[0.836s] -- Up-to-date: /home/dev/roboracer_ws/install/io_context/share/io_context/local_setup.zsh
[0.837s] -- Up-to-date: /home/dev/roboracer_ws/install/io_context/share/io_context/local_setup.dsv
[0.837s] -- Installing: /home/dev/roboracer_ws/install/io_context/share/io_context/package.dsv
[0.837s] -- Up-to-date: /home/dev/roboracer_ws/install/io_context/share/ament_index/resource_index/packages/io_context
[0.837s] -- Up-to-date: /home/dev/roboracer_ws/install/io_context/share/io_context/cmake/ament_cmake_export_dependencies-extras.cmake
[0.837s] -- Up-to-date: /home/dev/roboracer_ws/install/io_context/share/io_context/cmake/ament_cmake_export_include_directories-extras.cmake
[0.837s] -- Up-to-date: /home/dev/roboracer_ws/install/io_context/share/io_context/cmake/ament_cmake_export_libraries-extras.cmake
[0.837s] -- Up-to-date: /home/dev/roboracer_ws/install/io_context/share/io_context/cmake/io_context-extras.cmake
[0.837s] -- Up-to-date: /home/dev/roboracer_ws/install/io_context/share/io_context/cmake/io_contextConfig.cmake
[0.837s] -- Up-to-date: /home/dev/roboracer_ws/install/io_context/share/io_context/cmake/io_contextConfig-version.cmake
[0.837s] -- Up-to-date: /home/dev/roboracer_ws/install/io_context/share/io_context/package.xml
[0.838s] Invoked command in '/home/dev/roboracer_ws/build/io_context' returned '0': CMAKE_PREFIX_PATH=/home/dev/roboracer_ws/install/asio_cmake_module:/home/dev/roboracer_ws/install/vesc:/home/dev/roboracer_ws/install/vesc_driver:/home/dev/roboracer_ws/install/vesc_ackermann:/home/dev/roboracer_ws/install/roboracer_yolov8_detector:/home/dev/roboracer_ws/install/roboracer_py:/opt/ros/humble:/home/dev/roboracer_ws/install/vesc_msgs:/home/dev/roboracer_ws/install/udp_driver:/home/dev/roboracer_ws/install/serial_driver:/home/dev/roboracer_ws/install/roboracer_visual_odom:/home/dev/roboracer_ws/install/roboracer_localization:/home/dev/roboracer_ws/install/roboracer_description:/home/dev/roboracer_ws/install/roboracer_controller:/home/dev/roboracer_ws/install/pure_pursuit:/home/dev/roboracer_ws/install/io_context:/home/dev/roboracer_ws/install/gap_follow:/home/dev/roboracer_ws/install/ackermann_mux /usr/local/bin/cmake --install /home/dev/roboracer_ws/build/io_context
