[0.047s] Invoking command in '/home/dev/roboracer_ws/build/asio_cmake_module': CMAKE_PREFIX_PATH=/home/dev/roboracer_ws/install/vesc:/home/dev/roboracer_ws/install/vesc_driver:/home/dev/roboracer_ws/install/vesc_ackermann:/home/dev/roboracer_ws/install/roboracer_yolov8_detector:/home/dev/roboracer_ws/install/roboracer_py:/opt/ros/humble:/home/dev/roboracer_ws/install/vesc_msgs:/home/dev/roboracer_ws/install/udp_driver:/home/dev/roboracer_ws/install/serial_driver:/home/dev/roboracer_ws/install/roboracer_visual_odom:/home/dev/roboracer_ws/install/roboracer_localization:/home/dev/roboracer_ws/install/roboracer_description:/home/dev/roboracer_ws/install/roboracer_controller:/home/dev/roboracer_ws/install/pure_pursuit:/home/dev/roboracer_ws/install/io_context:/home/dev/roboracer_ws/install/gap_follow:/home/dev/roboracer_ws/install/asio_cmake_module /usr/local/bin/cmake --build /home/dev/roboracer_ws/build/asio_cmake_module -- -j8 -l8
[0.462s] Invoked command in '/home/dev/roboracer_ws/build/asio_cmake_module' returned '0': CMAKE_PREFIX_PATH=/home/dev/roboracer_ws/install/vesc:/home/dev/roboracer_ws/install/vesc_driver:/home/dev/roboracer_ws/install/vesc_ackermann:/home/dev/roboracer_ws/install/roboracer_yolov8_detector:/home/dev/roboracer_ws/install/roboracer_py:/opt/ros/humble:/home/dev/roboracer_ws/install/vesc_msgs:/home/dev/roboracer_ws/install/udp_driver:/home/dev/roboracer_ws/install/serial_driver:/home/dev/roboracer_ws/install/roboracer_visual_odom:/home/dev/roboracer_ws/install/roboracer_localization:/home/dev/roboracer_ws/install/roboracer_description:/home/dev/roboracer_ws/install/roboracer_controller:/home/dev/roboracer_ws/install/pure_pursuit:/home/dev/roboracer_ws/install/io_context:/home/dev/roboracer_ws/install/gap_follow:/home/dev/roboracer_ws/install/asio_cmake_module /usr/local/bin/cmake --build /home/dev/roboracer_ws/build/asio_cmake_module -- -j8 -l8
[0.462s] Invoking command in '/home/dev/roboracer_ws/build/asio_cmake_module': CMAKE_PREFIX_PATH=/home/dev/roboracer_ws/install/vesc:/home/dev/roboracer_ws/install/vesc_driver:/home/dev/roboracer_ws/install/vesc_ackermann:/home/dev/roboracer_ws/install/roboracer_yolov8_detector:/home/dev/roboracer_ws/install/roboracer_py:/opt/ros/humble:/home/dev/roboracer_ws/install/vesc_msgs:/home/dev/roboracer_ws/install/udp_driver:/home/dev/roboracer_ws/install/serial_driver:/home/dev/roboracer_ws/install/roboracer_visual_odom:/home/dev/roboracer_ws/install/roboracer_localization:/home/dev/roboracer_ws/install/roboracer_description:/home/dev/roboracer_ws/install/roboracer_controller:/home/dev/roboracer_ws/install/pure_pursuit:/home/dev/roboracer_ws/install/io_context:/home/dev/roboracer_ws/install/gap_follow:/home/dev/roboracer_ws/install/asio_cmake_module /usr/local/bin/cmake --install /home/dev/roboracer_ws/build/asio_cmake_module
[0.603s] -- Install configuration: ""
[0.603s] -- Up-to-date: /home/dev/roboracer_ws/install/asio_cmake_module/share/ament_index/resource_index/package_run_dependencies/asio_cmake_module
[0.603s] -- Up-to-date: /home/dev/roboracer_ws/install/asio_cmake_module/share/ament_index/resource_index/parent_prefix_path/asio_cmake_module
[0.603s] -- Up-to-date: /home/dev/roboracer_ws/install/asio_cmake_module/share/asio_cmake_module/environment/ament_prefix_path.sh
[0.609s] -- Up-to-date: /home/dev/roboracer_ws/install/asio_cmake_module/share/asio_cmake_module/environment/ament_prefix_path.dsv
[0.610s] -- Up-to-date: /home/dev/roboracer_ws/install/asio_cmake_module/share/asio_cmake_module/environment/path.sh
[0.610s] -- Up-to-date: /home/dev/roboracer_ws/install/asio_cmake_module/share/asio_cmake_module/environment/path.dsv
[0.610s] -- Up-to-date: /home/dev/roboracer_ws/install/asio_cmake_module/share/asio_cmake_module/local_setup.bash
[0.610s] -- Up-to-date: /home/dev/roboracer_ws/install/asio_cmake_module/share/asio_cmake_module/local_setup.sh
[0.610s] -- Up-to-date: /home/dev/roboracer_ws/install/asio_cmake_module/share/asio_cmake_module/local_setup.zsh
[0.610s] -- Up-to-date: /home/dev/roboracer_ws/install/asio_cmake_module/share/asio_cmake_module/local_setup.dsv
[0.610s] -- Installing: /home/dev/roboracer_ws/install/asio_cmake_module/share/asio_cmake_module/package.dsv
[0.611s] -- Up-to-date: /home/dev/roboracer_ws/install/asio_cmake_module/share/ament_index/resource_index/packages/asio_cmake_module
[0.611s] -- Up-to-date: /home/dev/roboracer_ws/install/asio_cmake_module/share/asio_cmake_module/cmake/asio_cmake_module-extras.cmake
[0.611s] -- Up-to-date: /home/dev/roboracer_ws/install/asio_cmake_module/share/asio_cmake_module/cmake/asio_cmake_moduleConfig.cmake
[0.611s] -- Up-to-date: /home/dev/roboracer_ws/install/asio_cmake_module/share/asio_cmake_module/cmake/asio_cmake_moduleConfig-version.cmake
[0.611s] -- Up-to-date: /home/dev/roboracer_ws/install/asio_cmake_module/share/asio_cmake_module/package.xml
[0.611s] -- Up-to-date: /home/dev/roboracer_ws/install/asio_cmake_module/share/asio_cmake_module/cmake
[0.611s] -- Up-to-date: /home/dev/roboracer_ws/install/asio_cmake_module/share/asio_cmake_module/cmake/Modules
[0.611s] -- Up-to-date: /home/dev/roboracer_ws/install/asio_cmake_module/share/asio_cmake_module/cmake/Modules/FindASIO.cmake
[0.643s] Invoked command in '/home/dev/roboracer_ws/build/asio_cmake_module' returned '0': CMAKE_PREFIX_PATH=/home/dev/roboracer_ws/install/vesc:/home/dev/roboracer_ws/install/vesc_driver:/home/dev/roboracer_ws/install/vesc_ackermann:/home/dev/roboracer_ws/install/roboracer_yolov8_detector:/home/dev/roboracer_ws/install/roboracer_py:/opt/ros/humble:/home/dev/roboracer_ws/install/vesc_msgs:/home/dev/roboracer_ws/install/udp_driver:/home/dev/roboracer_ws/install/serial_driver:/home/dev/roboracer_ws/install/roboracer_visual_odom:/home/dev/roboracer_ws/install/roboracer_localization:/home/dev/roboracer_ws/install/roboracer_description:/home/dev/roboracer_ws/install/roboracer_controller:/home/dev/roboracer_ws/install/pure_pursuit:/home/dev/roboracer_ws/install/io_context:/home/dev/roboracer_ws/install/gap_follow:/home/dev/roboracer_ws/install/asio_cmake_module /usr/local/bin/cmake --install /home/dev/roboracer_ws/build/asio_cmake_module
