[0.258s] Invoking command in '/home/loq/roboracer_ws/roboracer_dissertation/build/roboracer_localization': CMAKE_PREFIX_PATH=${CMAKE_PREFIX_PATH}:/home/loq/drivingcar_ws/install/self_driving_car_pkg:/home/loq/bumperbot_ws/install/bumperbot_py_example:/home/loq/ros2_action_ws/install/lifecycle_py:/home/loq/ros2_action_ws/install/action_py:/opt/ros/humble /usr/bin/cmake /home/loq/roboracer_ws/roboracer_dissertation/roboracer_project/roboracer_ws/src/roboracer_localization -DCMAKE_INSTALL_PREFIX=/home/loq/roboracer_ws/roboracer_dissertation/install/roboracer_localization
[0.584s] -- The C compiler identification is GNU 11.4.0
[0.584s] -- The CXX compiler identification is GNU 11.4.0
[0.584s] -- Detecting C compiler ABI info
[0.585s] -- Detecting C compiler ABI info - done
[0.585s] -- Check for working C compiler: /usr/bin/cc - skipped
[0.585s] -- Detecting C compile features
[0.585s] -- Detecting C compile features - done
[0.585s] -- Detecting CXX compiler ABI info
[0.678s] -- Detecting CXX compiler ABI info - done
[0.685s] -- Check for working CXX compiler: /usr/bin/c++ - skipped
[0.686s] -- Detecting CXX compile features
[0.689s] -- Detecting CXX compile features - done
[0.700s] -- Found ament_cmake: 1.3.11 (/opt/ros/humble/share/ament_cmake/cmake)
[0.986s] -- Found Python3: /usr/bin/python3 (found version "3.10.12") found components: Interpreter 
[1.152s] -- Found rclpy: 3.3.16 (/opt/ros/humble/share/rclpy/cmake)
[1.159s] -- Found nav_msgs: 4.8.0 (/opt/ros/humble/share/nav_msgs/cmake)
[1.244s] -- Found rosidl_generator_c: 3.1.6 (/opt/ros/humble/share/rosidl_generator_c/cmake)
[1.259s] -- Found rosidl_adapter: 3.1.6 (/opt/ros/humble/share/rosidl_adapter/cmake)
[1.277s] -- Found rosidl_generator_cpp: 3.1.6 (/opt/ros/humble/share/rosidl_generator_cpp/cmake)
[1.304s] -- Using all available rosidl_typesupport_c: rosidl_typesupport_fastrtps_c;rosidl_typesupport_introspection_c
[1.338s] -- Using all available rosidl_typesupport_cpp: rosidl_typesupport_fastrtps_cpp;rosidl_typesupport_introspection_cpp
[1.427s] -- Found sensor_msgs: 4.8.0 (/opt/ros/humble/share/sensor_msgs/cmake)
[1.451s] -- Found ament_lint_auto: 0.12.12 (/opt/ros/humble/share/ament_lint_auto/cmake)
[1.594s] -- Added test 'copyright' to check source files copyright and LICENSE
[1.596s] -- Added test 'flake8' to check Python code syntax and style conventions
[1.597s] -- Added test 'lint_cmake' to check CMake code style
[1.600s] -- Added test 'pep257' to check Python code against some of the docstring style conventions in PEP 257
[1.600s] -- Added test 'xmllint' to check XML markup files
[1.605s] -- Configuring done
[1.610s] -- Generating done
[1.618s] -- Build files have been written to: /home/loq/roboracer_ws/roboracer_dissertation/build/roboracer_localization
[1.974s] Invoked command in '/home/loq/roboracer_ws/roboracer_dissertation/build/roboracer_localization' returned '0': CMAKE_PREFIX_PATH=${CMAKE_PREFIX_PATH}:/home/loq/drivingcar_ws/install/self_driving_car_pkg:/home/loq/bumperbot_ws/install/bumperbot_py_example:/home/loq/ros2_action_ws/install/lifecycle_py:/home/loq/ros2_action_ws/install/action_py:/opt/ros/humble /usr/bin/cmake /home/loq/roboracer_ws/roboracer_dissertation/roboracer_project/roboracer_ws/src/roboracer_localization -DCMAKE_INSTALL_PREFIX=/home/loq/roboracer_ws/roboracer_dissertation/install/roboracer_localization
[1.975s] Invoking command in '/home/loq/roboracer_ws/roboracer_dissertation/build/roboracer_localization': CMAKE_PREFIX_PATH=${CMAKE_PREFIX_PATH}:/home/loq/drivingcar_ws/install/self_driving_car_pkg:/home/loq/bumperbot_ws/install/bumperbot_py_example:/home/loq/ros2_action_ws/install/lifecycle_py:/home/loq/ros2_action_ws/install/action_py:/opt/ros/humble /usr/bin/cmake --build /home/loq/roboracer_ws/roboracer_dissertation/build/roboracer_localization -- -j8 -l8
[2.036s] Invoked command in '/home/loq/roboracer_ws/roboracer_dissertation/build/roboracer_localization' returned '0': CMAKE_PREFIX_PATH=${CMAKE_PREFIX_PATH}:/home/loq/drivingcar_ws/install/self_driving_car_pkg:/home/loq/bumperbot_ws/install/bumperbot_py_example:/home/loq/ros2_action_ws/install/lifecycle_py:/home/loq/ros2_action_ws/install/action_py:/opt/ros/humble /usr/bin/cmake --build /home/loq/roboracer_ws/roboracer_dissertation/build/roboracer_localization -- -j8 -l8
[2.042s] Invoking command in '/home/loq/roboracer_ws/roboracer_dissertation/build/roboracer_localization': CMAKE_PREFIX_PATH=${CMAKE_PREFIX_PATH}:/home/loq/drivingcar_ws/install/self_driving_car_pkg:/home/loq/bumperbot_ws/install/bumperbot_py_example:/home/loq/ros2_action_ws/install/lifecycle_py:/home/loq/ros2_action_ws/install/action_py:/opt/ros/humble /usr/bin/cmake --install /home/loq/roboracer_ws/roboracer_dissertation/build/roboracer_localization
[2.053s] -- Install configuration: ""
[2.054s] -- Installing: /home/loq/roboracer_ws/roboracer_dissertation/install/roboracer_localization/lib//roboracer_localization
[2.054s] -- Installing: /home/loq/roboracer_ws/roboracer_dissertation/install/roboracer_localization/lib//roboracer_localization/__init__.py
[2.055s] -- Installing: /home/loq/roboracer_ws/roboracer_dissertation/install/roboracer_localization/share/roboracer_localization/launch
[2.056s] -- Installing: /home/loq/roboracer_ws/roboracer_dissertation/install/roboracer_localization/share/roboracer_localization/launch/local_localization.launch.py
[2.057s] -- Installing: /home/loq/roboracer_ws/roboracer_dissertation/install/roboracer_localization/share/ament_index/resource_index/package_run_dependencies/roboracer_localization
[2.057s] -- Installing: /home/loq/roboracer_ws/roboracer_dissertation/install/roboracer_localization/share/ament_index/resource_index/parent_prefix_path/roboracer_localization
[2.058s] -- Installing: /home/loq/roboracer_ws/roboracer_dissertation/install/roboracer_localization/share/roboracer_localization/environment/ament_prefix_path.sh
[2.058s] -- Installing: /home/loq/roboracer_ws/roboracer_dissertation/install/roboracer_localization/share/roboracer_localization/environment/ament_prefix_path.dsv
[2.058s] -- Installing: /home/loq/roboracer_ws/roboracer_dissertation/install/roboracer_localization/share/roboracer_localization/environment/path.sh
[2.058s] -- Installing: /home/loq/roboracer_ws/roboracer_dissertation/install/roboracer_localization/share/roboracer_localization/environment/path.dsv
[2.058s] -- Installing: /home/loq/roboracer_ws/roboracer_dissertation/install/roboracer_localization/share/roboracer_localization/local_setup.bash
[2.058s] -- Installing: /home/loq/roboracer_ws/roboracer_dissertation/install/roboracer_localization/share/roboracer_localization/local_setup.sh
[2.059s] -- Installing: /home/loq/roboracer_ws/roboracer_dissertation/install/roboracer_localization/share/roboracer_localization/local_setup.zsh
[2.059s] -- Installing: /home/loq/roboracer_ws/roboracer_dissertation/install/roboracer_localization/share/roboracer_localization/local_setup.dsv
[2.060s] -- Installing: /home/loq/roboracer_ws/roboracer_dissertation/install/roboracer_localization/share/roboracer_localization/package.dsv
[2.061s] -- Installing: /home/loq/roboracer_ws/roboracer_dissertation/install/roboracer_localization/share/ament_index/resource_index/packages/roboracer_localization
[2.061s] -- Installing: /home/loq/roboracer_ws/roboracer_dissertation/install/roboracer_localization/share/roboracer_localization/cmake/roboracer_localizationConfig.cmake
[2.062s] -- Installing: /home/loq/roboracer_ws/roboracer_dissertation/install/roboracer_localization/share/roboracer_localization/cmake/roboracer_localizationConfig-version.cmake
[2.062s] -- Installing: /home/loq/roboracer_ws/roboracer_dissertation/install/roboracer_localization/share/roboracer_localization/package.xml
[2.068s] Invoked command in '/home/loq/roboracer_ws/roboracer_dissertation/build/roboracer_localization' returned '0': CMAKE_PREFIX_PATH=${CMAKE_PREFIX_PATH}:/home/loq/drivingcar_ws/install/self_driving_car_pkg:/home/loq/bumperbot_ws/install/bumperbot_py_example:/home/loq/ros2_action_ws/install/lifecycle_py:/home/loq/ros2_action_ws/install/action_py:/opt/ros/humble /usr/bin/cmake --install /home/loq/roboracer_ws/roboracer_dissertation/build/roboracer_localization
