[0.580s] Invoking command in '/home/loq/roboracer_ws/roboracer_dissertation/build/roboracer_visual_odom': CMAKE_PREFIX_PATH=${CMAKE_PREFIX_PATH}:/home/loq/drivingcar_ws/install/self_driving_car_pkg:/home/loq/bumperbot_ws/install/bumperbot_py_example:/home/loq/ros2_action_ws/install/lifecycle_py:/home/loq/ros2_action_ws/install/action_py:/opt/ros/humble /usr/bin/cmake /home/loq/roboracer_ws/roboracer_dissertation/roboracer_project/roboracer_ws/src/roboracer_visual_odom -DCMAKE_INSTALL_PREFIX=/home/loq/roboracer_ws/roboracer_dissertation/install/roboracer_visual_odom
[0.648s] -- The C compiler identification is GNU 11.4.0
[0.716s] -- The CXX compiler identification is GNU 11.4.0
[0.727s] -- Detecting C compiler ABI info
[0.841s] -- Detecting C compiler ABI info - done
[0.856s] -- Check for working C compiler: /usr/bin/cc - skipped
[0.857s] -- Detecting C compile features
[0.857s] -- Detecting C compile features - done
[0.863s] -- Detecting CXX compiler ABI info
[1.011s] -- Detecting CXX compiler ABI info - done
[1.021s] -- Check for working CXX compiler: /usr/bin/c++ - skipped
[1.022s] -- Detecting CXX compile features
[1.022s] -- Detecting CXX compile features - done
[1.027s] -- Found ament_cmake: 1.3.11 (/opt/ros/humble/share/ament_cmake/cmake)
[1.256s] -- Found Python3: /usr/bin/python3 (found version "3.10.12") found components: Interpreter 
[1.406s] -- Found rclcpp: 16.0.12 (/opt/ros/humble/share/rclcpp/cmake)
[1.482s] -- Found rosidl_generator_c: 3.1.6 (/opt/ros/humble/share/rosidl_generator_c/cmake)
[1.493s] -- Found rosidl_adapter: 3.1.6 (/opt/ros/humble/share/rosidl_adapter/cmake)
[1.506s] -- Found rosidl_generator_cpp: 3.1.6 (/opt/ros/humble/share/rosidl_generator_cpp/cmake)
[1.526s] -- Using all available rosidl_typesupport_c: rosidl_typesupport_fastrtps_c;rosidl_typesupport_introspection_c
[1.549s] -- Using all available rosidl_typesupport_cpp: rosidl_typesupport_fastrtps_cpp;rosidl_typesupport_introspection_cpp
[1.620s] -- Found rmw_implementation_cmake: 6.1.2 (/opt/ros/humble/share/rmw_implementation_cmake/cmake)
[1.624s] -- Found rmw_cyclonedds_cpp: 1.3.4 (/opt/ros/humble/share/rmw_cyclonedds_cpp/cmake)
[1.662s] -- Using RMW implementation 'rmw_cyclonedds_cpp' as default
[1.679s] -- Looking for pthread.h
[1.773s] -- Looking for pthread.h - found
[1.773s] -- Performing Test CMAKE_HAVE_LIBC_PTHREAD
[1.865s] -- Performing Test CMAKE_HAVE_LIBC_PTHREAD - Success
[1.865s] -- Found Threads: TRUE  
[1.926s] -- Found sensor_msgs: 4.8.0 (/opt/ros/humble/share/sensor_msgs/cmake)
[1.970s] -- Found nav_msgs: 4.8.0 (/opt/ros/humble/share/nav_msgs/cmake)
[1.988s] -- Found tf2_ros: 0.25.12 (/opt/ros/humble/share/tf2_ros/cmake)
[2.161s] -- Found tf2_geometry_msgs: 0.25.12 (/opt/ros/humble/share/tf2_geometry_msgs/cmake)
[2.192s] -- Found eigen3_cmake_module: 0.1.1 (/opt/ros/humble/share/eigen3_cmake_module/cmake)
[2.193s] -- Found Eigen3: TRUE (found version "3.4.0") 
[2.193s] -- Ensuring Eigen3 include directory is part of orocos-kdl CMake target
[2.206s] -- Found cv_bridge: 3.2.1 (/opt/ros/humble/share/cv_bridge/cmake)
[2.225s] -- Found OpenCV: /usr (found version "4.5.4") 
[2.281s] -- Checking for module 'eigen3'
[2.302s] --   Found eigen3, version 3.4.0
[2.381s] -- Found Eigen: /usr/include/eigen3 (Required is at least version "3.1") 
[2.381s] -- Eigen found (include: /usr/include/eigen3, version: 3.4.0)
[2.451s] -- Found Boost: /usr/lib/x86_64-linux-gnu/cmake/Boost-1.74.0/BoostConfig.cmake (found suitable version "1.74.0", minimum required is "1.65.0") found components: system filesystem date_time iostreams serialization 
[2.479s] -- Checking for module 'flann'
[2.509s] --   Found flann, version 1.9.1
[2.622s] -- Found FLANN: /usr/lib/x86_64-linux-gnu/libflann_cpp.so  
[2.623s] -- FLANN found (include: /usr/include, lib: /usr/lib/x86_64-linux-gnu/libflann_cpp.so)
[2.687s] -- Found GLEW: /usr/lib/x86_64-linux-gnu/libGLEW.so  
[2.699s] -- Found OpenGL: /usr/lib/x86_64-linux-gnu/libOpenGL.so  found components: OpenGL GLX 
[2.961s] -- Found MPI_C: /usr/lib/x86_64-linux-gnu/libmpi.so (found version "3.1") 
[2.962s] -- Found MPI: TRUE (found version "3.1") found components: C 
[2.966s] -- Found JsonCpp: /usr/lib/x86_64-linux-gnu/libjsoncpp.so (found suitable version "1.9.5", minimum required is "0.7.0") 
[2.982s] -- Found ZLIB: /usr/lib/x86_64-linux-gnu/libz.so (found version "1.2.11") 
[3.005s] -- Found PNG: /usr/lib/x86_64-linux-gnu/libpng.so (found version "1.6.37") 
[3.036s] -- Found Eigen3: /usr/include/eigen3 (found version "3.4.0") 
[3.224s] -- Found X11: /usr/include   
[3.225s] -- Looking for XOpenDisplay in /usr/lib/x86_64-linux-gnu/libX11.so;/usr/lib/x86_64-linux-gnu/libXext.so
[3.316s] -- Looking for XOpenDisplay in /usr/lib/x86_64-linux-gnu/libX11.so;/usr/lib/x86_64-linux-gnu/libXext.so - found
[3.316s] -- Looking for gethostbyname
[3.412s] -- Looking for gethostbyname - found
[3.412s] -- Looking for connect
[3.519s] -- Looking for connect - found
[3.519s] -- Looking for remove
[3.625s] -- Looking for remove - found
[3.626s] -- Looking for shmat
[3.739s] -- Looking for shmat - found
[3.740s] -- Looking for IceConnectionNumber in ICE
[3.864s] -- Looking for IceConnectionNumber in ICE - found
[4.029s] -- Found EXPAT: /usr/lib/x86_64-linux-gnu/libexpat.so (found version "2.4.7") 
[4.032s] -- Found double-conversion: /usr/lib/x86_64-linux-gnu/libdouble-conversion.so  
[4.037s] -- Found LZ4: /usr/lib/x86_64-linux-gnu/liblz4.so (found version "1.9.3") 
[4.040s] -- Found LZMA: /usr/lib/x86_64-linux-gnu/liblzma.so (found version "5.2.5") 
[4.065s] -- Found JPEG: /usr/lib/x86_64-linux-gnu/libjpeg.so (found version "80") 
[4.080s] -- Found TIFF: /usr/lib/x86_64-linux-gnu/libtiff.so (found version "4.3.0")  
[4.086s] -- Found Freetype: /usr/lib/x86_64-linux-gnu/libfreetype.so (found version "2.11.1") 
[4.095s] -- Found utf8cpp: /usr/include/utf8cpp  
[4.261s] -- Checking for module 'libusb-1.0'
[4.289s] --   Found libusb-1.0, version 1.0.25
[4.359s] -- Found libusb: /usr/lib/x86_64-linux-gnu/libusb-1.0.so  
[4.361s] -- Found OpenNI: /usr/lib/libOpenNI.so;libusb::libusb (found version "1.5.4.0") 
[4.362s] -- OpenNI found (version: 1.5.4.0, include: /usr/include/ni, lib: /usr/lib/libOpenNI.so;libusb::libusb)
[4.452s] -- Found OpenNI2: /usr/lib/x86_64-linux-gnu/libOpenNI2.so;libusb::libusb (found version "2.2.0.33") 
[4.452s] -- OpenNI2 found (version: 2.2.0.33, include: /usr/include/openni2, lib: /usr/lib/x86_64-linux-gnu/libOpenNI2.so;libusb::libusb)
[4.453s] [0m** WARNING ** io features related to pcap will be disabled[0m
[4.677s] -- Eigen found (include: /usr/include/eigen3, version: 3.4.0)
[4.687s] -- OpenNI found (version: 1.5.4.0, include: /usr/include/ni, lib: /usr/lib/libOpenNI.so;libusb::libusb)
[4.697s] -- OpenNI2 found (version: 2.2.0.33, include: /usr/include/openni2, lib: /usr/lib/x86_64-linux-gnu/libOpenNI2.so;libusb::libusb)
[4.933s] -- Found Qhull version 8.0.2
[5.176s] -- OpenNI found (version: 1.5.4.0, include: /usr/include/ni, lib: /usr/lib/libOpenNI.so;libusb::libusb)
[5.412s] -- looking for PCL_COMMON
[5.414s] -- Found PCL_COMMON: /usr/lib/x86_64-linux-gnu/libpcl_common.so  
[5.415s] -- looking for PCL_KDTREE
[5.415s] -- Found PCL_KDTREE: /usr/lib/x86_64-linux-gnu/libpcl_kdtree.so  
[5.416s] -- looking for PCL_OCTREE
[5.417s] -- Found PCL_OCTREE: /usr/lib/x86_64-linux-gnu/libpcl_octree.so  
[5.417s] -- looking for PCL_SEARCH
[5.418s] -- Found PCL_SEARCH: /usr/lib/x86_64-linux-gnu/libpcl_search.so  
[5.418s] -- looking for PCL_SAMPLE_CONSENSUS
[5.419s] -- Found PCL_SAMPLE_CONSENSUS: /usr/lib/x86_64-linux-gnu/libpcl_sample_consensus.so  
[5.419s] -- looking for PCL_FILTERS
[5.420s] -- Found PCL_FILTERS: /usr/lib/x86_64-linux-gnu/libpcl_filters.so  
[5.421s] -- looking for PCL_2D
[5.421s] -- Found PCL_2D: /usr/include/pcl-1.12  
[5.421s] -- looking for PCL_GEOMETRY
[5.421s] -- Found PCL_GEOMETRY: /usr/include/pcl-1.12  
[5.422s] -- looking for PCL_IO
[5.423s] -- Found PCL_IO: /usr/lib/x86_64-linux-gnu/libpcl_io.so  
[5.423s] -- looking for PCL_FEATURES
[5.425s] -- Found PCL_FEATURES: /usr/lib/x86_64-linux-gnu/libpcl_features.so  
[5.425s] -- looking for PCL_ML
[5.427s] -- Found PCL_ML: /usr/lib/x86_64-linux-gnu/libpcl_ml.so  
[5.427s] -- looking for PCL_SEGMENTATION
[5.428s] -- Found PCL_SEGMENTATION: /usr/lib/x86_64-linux-gnu/libpcl_segmentation.so  
[5.428s] -- looking for PCL_VISUALIZATION
[5.429s] -- Found PCL_VISUALIZATION: /usr/lib/x86_64-linux-gnu/libpcl_visualization.so  
[5.430s] -- looking for PCL_SURFACE
[5.431s] -- Found PCL_SURFACE: /usr/lib/x86_64-linux-gnu/libpcl_surface.so  
[5.431s] -- looking for PCL_REGISTRATION
[5.432s] -- Found PCL_REGISTRATION: /usr/lib/x86_64-linux-gnu/libpcl_registration.so  
[5.432s] -- looking for PCL_KEYPOINTS
[5.433s] -- Found PCL_KEYPOINTS: /usr/lib/x86_64-linux-gnu/libpcl_keypoints.so  
[5.434s] -- looking for PCL_TRACKING
[5.436s] -- Found PCL_TRACKING: /usr/lib/x86_64-linux-gnu/libpcl_tracking.so  
[5.436s] -- looking for PCL_RECOGNITION
[5.437s] -- Found PCL_RECOGNITION: /usr/lib/x86_64-linux-gnu/libpcl_recognition.so  
[5.438s] -- looking for PCL_STEREO
[5.439s] -- Found PCL_STEREO: /usr/lib/x86_64-linux-gnu/libpcl_stereo.so  
[5.439s] -- looking for PCL_APPS
[5.441s] -- Found PCL_APPS: /usr/lib/x86_64-linux-gnu/libpcl_apps.so  
[5.441s] -- looking for PCL_IN_HAND_SCANNER
[5.442s] -- Found PCL_IN_HAND_SCANNER: /usr/include/pcl-1.12  
[5.442s] -- looking for PCL_MODELER
[5.442s] -- Found PCL_MODELER: /usr/include/pcl-1.12  
[5.442s] -- looking for PCL_POINT_CLOUD_EDITOR
[5.443s] -- Found PCL_POINT_CLOUD_EDITOR: /usr/include/pcl-1.12  
[5.443s] -- looking for PCL_OUTOFCORE
[5.444s] -- Found PCL_OUTOFCORE: /usr/lib/x86_64-linux-gnu/libpcl_outofcore.so  
[5.444s] -- looking for PCL_PEOPLE
[5.446s] -- Found PCL_PEOPLE: /usr/lib/x86_64-linux-gnu/libpcl_people.so  
[5.447s] -- Found PCL: pcl_common;pcl_kdtree;pcl_octree;pcl_search;pcl_sample_consensus;pcl_filters;pcl_io;pcl_features;pcl_ml;pcl_segmentation;pcl_visualization;pcl_surface;pcl_registration;pcl_keypoints;pcl_tracking;pcl_recognition;pcl_stereo;pcl_apps;pcl_outofcore;pcl_people;Boost::system;Boost::filesystem;Boost::date_time;Boost::iostreams;Boost::serialization;/usr/lib/libOpenNI.so;libusb::libusb;/usr/lib/x86_64-linux-gnu/libOpenNI2.so;libusb::libusb;VTK::ChartsCore;VTK::CommonColor;VTK::CommonComputationalGeometry;VTK::CommonCore;VTK::CommonDataModel;VTK::CommonExecutionModel;VTK::CommonMath;VTK::CommonMisc;VTK::CommonTransforms;VTK::FiltersCore;VTK::FiltersExtraction;VTK::FiltersGeneral;VTK::FiltersGeometry;VTK::FiltersModeling;VTK::FiltersSources;VTK::ImagingCore;VTK::ImagingSources;VTK::InteractionImage;VTK::InteractionStyle;VTK::InteractionWidgets;VTK::IOCore;VTK::IOGeometry;VTK::IOImage;VTK::IOLegacy;VTK::IOPLY;VTK::RenderingAnnotation;VTK::RenderingCore;VTK::RenderingContext2D;VTK::RenderingLOD;VTK::RenderingFreeType;VTK::ViewsCore;VTK::ViewsContext2D;VTK::RenderingOpenGL2;VTK::GUISupportQt;FLANN::FLANN;QHULL::QHULL  
[5.452s] -- Found pcl_conversions: 2.4.5 (/opt/ros/humble/share/pcl_conversions/cmake)
[5.590s] -- Configuring done
[5.680s] -- Generating done
[5.696s] -- Build files have been written to: /home/loq/roboracer_ws/roboracer_dissertation/build/roboracer_visual_odom
[5.721s] Invoked command in '/home/loq/roboracer_ws/roboracer_dissertation/build/roboracer_visual_odom' returned '0': CMAKE_PREFIX_PATH=${CMAKE_PREFIX_PATH}:/home/loq/drivingcar_ws/install/self_driving_car_pkg:/home/loq/bumperbot_ws/install/bumperbot_py_example:/home/loq/ros2_action_ws/install/lifecycle_py:/home/loq/ros2_action_ws/install/action_py:/opt/ros/humble /usr/bin/cmake /home/loq/roboracer_ws/roboracer_dissertation/roboracer_project/roboracer_ws/src/roboracer_visual_odom -DCMAKE_INSTALL_PREFIX=/home/loq/roboracer_ws/roboracer_dissertation/install/roboracer_visual_odom
[5.724s] Invoking command in '/home/loq/roboracer_ws/roboracer_dissertation/build/roboracer_visual_odom': CMAKE_PREFIX_PATH=${CMAKE_PREFIX_PATH}:/home/loq/drivingcar_ws/install/self_driving_car_pkg:/home/loq/bumperbot_ws/install/bumperbot_py_example:/home/loq/ros2_action_ws/install/lifecycle_py:/home/loq/ros2_action_ws/install/action_py:/opt/ros/humble /usr/bin/cmake --build /home/loq/roboracer_ws/roboracer_dissertation/build/roboracer_visual_odom -- -j8 -l8
[5.781s] gmake[2]: *** No rule to make target '/usr/local/ORB_SLAM3/lib/libORB_SLAM3.so', needed by 'visual_odom'. Stop.
[5.781s] gmake[2]: *** Waiting for unfinished jobs....
[5.784s] [ 25%] [32mBuilding CXX object CMakeFiles/rgbd_pointcloud_publisher.dir/src/rgbd_pointcloud_publisher.cpp.o[0m
[5.792s] [ 50%] [32mBuilding CXX object CMakeFiles/visual_odom.dir/src/visual_odom.cpp.o[0m
[6.400s] [01m[K/home/loq/roboracer_ws/roboracer_dissertation/roboracer_project/roboracer_ws/src/roboracer_visual_odom/src/visual_odom.cpp:13:10:[m[K [01;31m[Kfatal error: [m[Ksophus/se3.hpp: No such file or directory
[6.400s]    13 | #include [01;31m[K<sophus/se3.hpp>[m[K
[6.400s]       |          [01;31m[K^~~~~~~~~~~~~~~~[m[K
[6.400s] compilation terminated.
[6.407s] gmake[2]: *** [CMakeFiles/visual_odom.dir/build.make:76: CMakeFiles/visual_odom.dir/src/visual_odom.cpp.o] Error 1
[6.407s] gmake[1]: *** [CMakeFiles/Makefile2:139: CMakeFiles/visual_odom.dir/all] Error 2
[6.408s] gmake[1]: *** Waiting for unfinished jobs....
[15.509s] [ 75%] [32m[1mLinking CXX executable rgbd_pointcloud_publisher[0m
[16.213s] [ 75%] Built target rgbd_pointcloud_publisher
[16.214s] gmake: *** [Makefile:146: all] Error 2
[16.216s] Invoked command in '/home/loq/roboracer_ws/roboracer_dissertation/build/roboracer_visual_odom' returned '2': CMAKE_PREFIX_PATH=${CMAKE_PREFIX_PATH}:/home/loq/drivingcar_ws/install/self_driving_car_pkg:/home/loq/bumperbot_ws/install/bumperbot_py_example:/home/loq/ros2_action_ws/install/lifecycle_py:/home/loq/ros2_action_ws/install/action_py:/opt/ros/humble /usr/bin/cmake --build /home/loq/roboracer_ws/roboracer_dissertation/build/roboracer_visual_odom -- -j8 -l8
