[0.030s] Invoking command in '/home/loq/roboracer_ws/src/build/roboracer_description': CMAKE_PREFIX_PATH=${CMAKE_PREFIX_PATH}:/home/loq/roboracer_ws/src/install/roboracer_py:/home/loq/drivingcar_ws/install/self_driving_car_pkg:/home/loq/bumperbot_ws/install/bumperbot_py_example:/home/loq/roboracer_ws/install/roboracer_py:/home/loq/ros2_action_ws/install/lifecycle_py:/home/loq/ros2_action_ws/install/action_py:/opt/ros/humble /usr/bin/cmake --build /home/loq/roboracer_ws/src/build/roboracer_description -- -j8 -l8
[0.278s] Invoked command in '/home/loq/roboracer_ws/src/build/roboracer_description' returned '0': CMAKE_PREFIX_PATH=${CMAKE_PREFIX_PATH}:/home/loq/roboracer_ws/src/install/roboracer_py:/home/loq/drivingcar_ws/install/self_driving_car_pkg:/home/loq/bumperbot_ws/install/bumperbot_py_example:/home/loq/roboracer_ws/install/roboracer_py:/home/loq/ros2_action_ws/install/lifecycle_py:/home/loq/ros2_action_ws/install/action_py:/opt/ros/humble /usr/bin/cmake --build /home/loq/roboracer_ws/src/build/roboracer_description -- -j8 -l8
[0.286s] Invoking command in '/home/loq/roboracer_ws/src/build/roboracer_description': CMAKE_PREFIX_PATH=${CMAKE_PREFIX_PATH}:/home/loq/roboracer_ws/src/install/roboracer_py:/home/loq/drivingcar_ws/install/self_driving_car_pkg:/home/loq/bumperbot_ws/install/bumperbot_py_example:/home/loq/roboracer_ws/install/roboracer_py:/home/loq/ros2_action_ws/install/lifecycle_py:/home/loq/ros2_action_ws/install/action_py:/opt/ros/humble /usr/bin/cmake --install /home/loq/roboracer_ws/src/build/roboracer_description
[0.293s] -- Install configuration: ""
[0.293s] -- Up-to-date: /home/loq/roboracer_ws/src/install/roboracer_description/share/roboracer_description/meshes
[0.294s] -- Up-to-date: /home/loq/roboracer_ws/src/install/roboracer_description/share/roboracer_description/meshes/right_wheel.stl
[0.294s] -- Up-to-date: /home/loq/roboracer_ws/src/install/roboracer_description/share/roboracer_description/meshes/laser_link.STL
[0.294s] -- Up-to-date: /home/loq/roboracer_ws/src/install/roboracer_description/share/roboracer_description/meshes/left_wheel.stl
[0.294s] -- Up-to-date: /home/loq/roboracer_ws/src/install/roboracer_description/share/roboracer_description/meshes/hokuyo.stl
[0.294s] -- Up-to-date: /home/loq/roboracer_ws/src/install/roboracer_description/share/roboracer_description/meshes/hinge.stl
[0.294s] -- Up-to-date: /home/loq/roboracer_ws/src/install/roboracer_description/share/roboracer_description/meshes/world.obj
[0.294s] -- Up-to-date: /home/loq/roboracer_ws/src/install/roboracer_description/share/roboracer_description/meshes/chassis.stl
[0.294s] -- Up-to-date: /home/loq/roboracer_ws/src/install/roboracer_description/share/roboracer_description/models
[0.294s] -- Up-to-date: /home/loq/roboracer_ws/src/install/roboracer_description/share/roboracer_description/launch
[0.294s] -- Up-to-date: /home/loq/roboracer_ws/src/install/roboracer_description/share/roboracer_description/launch/wall_follow.launch.py
[0.294s] -- Up-to-date: /home/loq/roboracer_ws/src/install/roboracer_description/share/roboracer_description/launch/display.launch.py
[0.294s] -- Up-to-date: /home/loq/roboracer_ws/src/install/roboracer_description/share/roboracer_description/launch/gazebo.launch.py
[0.294s] -- Up-to-date: /home/loq/roboracer_ws/src/install/roboracer_description/share/roboracer_description/rviz
[0.294s] -- Up-to-date: /home/loq/roboracer_ws/src/install/roboracer_description/share/roboracer_description/rviz/display.rviz
[0.294s] -- Up-to-date: /home/loq/roboracer_ws/src/install/roboracer_description/share/roboracer_description/world
[0.294s] -- Up-to-date: /home/loq/roboracer_ws/src/install/roboracer_description/share/roboracer_description/world/levine_loop.world
[0.295s] -- Up-to-date: /home/loq/roboracer_ws/src/install/roboracer_description/share/roboracer_description/world/empty.world
[0.295s] -- Up-to-date: /home/loq/roboracer_ws/src/install/roboracer_description/share/roboracer_description/urdf
[0.295s] -- Up-to-date: /home/loq/roboracer_ws/src/install/roboracer_description/share/roboracer_description/urdf/roborace_control.xacro
[0.295s] -- Up-to-date: /home/loq/roboracer_ws/src/install/roboracer_description/share/roboracer_description/urdf/f1tenth_chassis_update.sdf
[0.295s] -- Up-to-date: /home/loq/roboracer_ws/src/install/roboracer_description/share/roboracer_description/urdf/roborace_gazebo.xacro
[0.295s] -- Up-to-date: /home/loq/roboracer_ws/src/install/roboracer_description/share/roboracer_description/urdf/roboracer_robot.sdf
[0.295s] -- Up-to-date: /home/loq/roboracer_ws/src/install/roboracer_description/share/roboracer_description/urdf/f1tenth_chassis.urdf
[0.295s] -- Up-to-date: /home/loq/roboracer_ws/src/install/roboracer_description/share/roboracer_description/photos
[0.295s] -- Up-to-date: /home/loq/roboracer_ws/src/install/roboracer_description/share/roboracer_description/maps
[0.295s] -- Up-to-date: /home/loq/roboracer_ws/src/install/roboracer_description/share/roboracer_description/maps/costmap_common_params.yaml
[0.295s] -- Up-to-date: /home/loq/roboracer_ws/src/install/roboracer_description/share/roboracer_description/maps/levine.yaml
[0.295s] -- Up-to-date: /home/loq/roboracer_ws/src/install/roboracer_description/share/roboracer_description/maps/levine.png
[0.296s] -- Up-to-date: /home/loq/roboracer_ws/src/install/roboracer_description/share/ament_index/resource_index/package_run_dependencies/roboracer_description
[0.296s] -- Up-to-date: /home/loq/roboracer_ws/src/install/roboracer_description/share/ament_index/resource_index/parent_prefix_path/roboracer_description
[0.296s] -- Up-to-date: /home/loq/roboracer_ws/src/install/roboracer_description/share/roboracer_description/environment/ament_prefix_path.sh
[0.296s] -- Up-to-date: /home/loq/roboracer_ws/src/install/roboracer_description/share/roboracer_description/environment/ament_prefix_path.dsv
[0.296s] -- Up-to-date: /home/loq/roboracer_ws/src/install/roboracer_description/share/roboracer_description/environment/path.sh
[0.296s] -- Up-to-date: /home/loq/roboracer_ws/src/install/roboracer_description/share/roboracer_description/environment/path.dsv
[0.297s] -- Up-to-date: /home/loq/roboracer_ws/src/install/roboracer_description/share/roboracer_description/local_setup.bash
[0.297s] -- Up-to-date: /home/loq/roboracer_ws/src/install/roboracer_description/share/roboracer_description/local_setup.sh
[0.297s] -- Up-to-date: /home/loq/roboracer_ws/src/install/roboracer_description/share/roboracer_description/local_setup.zsh
[0.297s] -- Up-to-date: /home/loq/roboracer_ws/src/install/roboracer_description/share/roboracer_description/local_setup.dsv
[0.297s] -- Up-to-date: /home/loq/roboracer_ws/src/install/roboracer_description/share/roboracer_description/package.dsv
[0.297s] -- Up-to-date: /home/loq/roboracer_ws/src/install/roboracer_description/share/ament_index/resource_index/packages/roboracer_description
[0.297s] -- Up-to-date: /home/loq/roboracer_ws/src/install/roboracer_description/share/roboracer_description/cmake/roboracer_descriptionConfig.cmake
[0.298s] -- Up-to-date: /home/loq/roboracer_ws/src/install/roboracer_description/share/roboracer_description/cmake/roboracer_descriptionConfig-version.cmake
[0.298s] -- Up-to-date: /home/loq/roboracer_ws/src/install/roboracer_description/share/roboracer_description/package.xml
[0.300s] Invoked command in '/home/loq/roboracer_ws/src/build/roboracer_description' returned '0': CMAKE_PREFIX_PATH=${CMAKE_PREFIX_PATH}:/home/loq/roboracer_ws/src/install/roboracer_py:/home/loq/drivingcar_ws/install/self_driving_car_pkg:/home/loq/bumperbot_ws/install/bumperbot_py_example:/home/loq/roboracer_ws/install/roboracer_py:/home/loq/ros2_action_ws/install/lifecycle_py:/home/loq/ros2_action_ws/install/action_py:/opt/ros/humble /usr/bin/cmake --install /home/loq/roboracer_ws/src/build/roboracer_description
