[0.258s] Invoking command in '/home/dev/roboracer_ws/build/vesc_ackermann': AMENT_PREFIX_PATH=/home/dev/roboracer_ws/install/vesc_msgs:${AMENT_PREFIX_PATH} CMAKE_PREFIX_PATH=/opt/ros/humble:/home/dev/roboracer_ws/install/vesc_msgs LD_LIBRARY_PATH=/home/dev/roboracer_ws/install/vesc_msgs/lib:${LD_LIBRARY_PATH} PYTHONPATH=/home/dev/roboracer_ws/install/vesc_msgs/local/lib/python3.10/dist-packages:${PYTHONPATH} /usr/local/bin/cmake --build /home/dev/roboracer_ws/build/vesc_ackermann -- -j8 -l8
[0.426s] [ 42%] Built target vesc_ackermann
[0.426s] [ 71%] Built target ackermann_to_vesc_node
[0.428s] [100%] Built target vesc_to_odom_node
[0.439s] Invoked command in '/home/dev/roboracer_ws/build/vesc_ackermann' returned '0': AMENT_PREFIX_PATH=/home/dev/roboracer_ws/install/vesc_msgs:${AMENT_PREFIX_PATH} CMAKE_PREFIX_PATH=/opt/ros/humble:/home/dev/roboracer_ws/install/vesc_msgs LD_LIBRARY_PATH=/home/dev/roboracer_ws/install/vesc_msgs/lib:${LD_LIBRARY_PATH} PYTHONPATH=/home/dev/roboracer_ws/install/vesc_msgs/local/lib/python3.10/dist-packages:${PYTHONPATH} /usr/local/bin/cmake --build /home/dev/roboracer_ws/build/vesc_ackermann -- -j8 -l8
[0.442s] Invoking command in '/home/dev/roboracer_ws/build/vesc_ackermann': AMENT_PREFIX_PATH=/home/dev/roboracer_ws/install/vesc_msgs:${AMENT_PREFIX_PATH} CMAKE_PREFIX_PATH=/opt/ros/humble:/home/dev/roboracer_ws/install/vesc_msgs LD_LIBRARY_PATH=/home/dev/roboracer_ws/install/vesc_msgs/lib:${LD_LIBRARY_PATH} PYTHONPATH=/home/dev/roboracer_ws/install/vesc_msgs/local/lib/python3.10/dist-packages:${PYTHONPATH} /usr/local/bin/cmake --install /home/dev/roboracer_ws/build/vesc_ackermann
[0.540s] -- Install configuration: ""
[0.541s] -- Up-to-date: /home/dev/roboracer_ws/install/vesc_ackermann/lib/vesc_ackermann/ackermann_to_vesc_node
[0.541s] -- Up-to-date: /home/dev/roboracer_ws/install/vesc_ackermann/lib/vesc_ackermann/vesc_to_odom_node
[0.542s] -- Up-to-date: /home/dev/roboracer_ws/install/vesc_ackermann/include
[0.543s] -- Up-to-date: /home/dev/roboracer_ws/install/vesc_ackermann/include/vesc_ackermann
[0.543s] -- Up-to-date: /home/dev/roboracer_ws/install/vesc_ackermann/include/vesc_ackermann/vesc_to_odom.hpp
[0.543s] -- Up-to-date: /home/dev/roboracer_ws/install/vesc_ackermann/include/vesc_ackermann/ackermann_to_vesc.hpp
[0.543s] -- Up-to-date: /home/dev/roboracer_ws/install/vesc_ackermann/share/vesc_ackermann/environment/library_path.sh
[0.543s] -- Up-to-date: /home/dev/roboracer_ws/install/vesc_ackermann/share/vesc_ackermann/environment/library_path.dsv
[0.544s] -- Up-to-date: /home/dev/roboracer_ws/install/vesc_ackermann/lib/libvesc_ackermann.so
[0.544s] -- Up-to-date: /home/dev/roboracer_ws/install/vesc_ackermann/share/vesc_ackermann/launch
[0.544s] -- Up-to-date: /home/dev/roboracer_ws/install/vesc_ackermann/share/vesc_ackermann/launch/vesc_to_odom_node.launch.xml
[0.544s] -- Up-to-date: /home/dev/roboracer_ws/install/vesc_ackermann/share/vesc_ackermann/launch/ackermann_to_vesc_node.launch.xml
[0.545s] -- Up-to-date: /home/dev/roboracer_ws/install/vesc_ackermann/share/ament_index/resource_index/package_run_dependencies/vesc_ackermann
[0.545s] -- Up-to-date: /home/dev/roboracer_ws/install/vesc_ackermann/share/ament_index/resource_index/parent_prefix_path/vesc_ackermann
[0.545s] -- Up-to-date: /home/dev/roboracer_ws/install/vesc_ackermann/share/vesc_ackermann/environment/ament_prefix_path.sh
[0.545s] -- Up-to-date: /home/dev/roboracer_ws/install/vesc_ackermann/share/vesc_ackermann/environment/ament_prefix_path.dsv
[0.545s] -- Up-to-date: /home/dev/roboracer_ws/install/vesc_ackermann/share/vesc_ackermann/environment/path.sh
[0.545s] -- Up-to-date: /home/dev/roboracer_ws/install/vesc_ackermann/share/vesc_ackermann/environment/path.dsv
[0.545s] -- Up-to-date: /home/dev/roboracer_ws/install/vesc_ackermann/share/vesc_ackermann/local_setup.bash
[0.545s] -- Up-to-date: /home/dev/roboracer_ws/install/vesc_ackermann/share/vesc_ackermann/local_setup.sh
[0.545s] -- Up-to-date: /home/dev/roboracer_ws/install/vesc_ackermann/share/vesc_ackermann/local_setup.zsh
[0.545s] -- Up-to-date: /home/dev/roboracer_ws/install/vesc_ackermann/share/vesc_ackermann/local_setup.dsv
[0.545s] -- Installing: /home/dev/roboracer_ws/install/vesc_ackermann/share/vesc_ackermann/package.dsv
[0.546s] -- Up-to-date: /home/dev/roboracer_ws/install/vesc_ackermann/share/ament_index/resource_index/packages/vesc_ackermann
[0.546s] -- Up-to-date: /home/dev/roboracer_ws/install/vesc_ackermann/share/ament_index/resource_index/rclcpp_components/vesc_ackermann
[0.546s] -- Up-to-date: /home/dev/roboracer_ws/install/vesc_ackermann/share/vesc_ackermann/cmake/ament_cmake_export_dependencies-extras.cmake
[0.546s] -- Up-to-date: /home/dev/roboracer_ws/install/vesc_ackermann/share/vesc_ackermann/cmake/ament_cmake_export_include_directories-extras.cmake
[0.546s] -- Up-to-date: /home/dev/roboracer_ws/install/vesc_ackermann/share/vesc_ackermann/cmake/ament_cmake_export_libraries-extras.cmake
[0.546s] -- Up-to-date: /home/dev/roboracer_ws/install/vesc_ackermann/share/vesc_ackermann/cmake/vesc_ackermannConfig.cmake
[0.546s] -- Up-to-date: /home/dev/roboracer_ws/install/vesc_ackermann/share/vesc_ackermann/cmake/vesc_ackermannConfig-version.cmake
[0.546s] -- Up-to-date: /home/dev/roboracer_ws/install/vesc_ackermann/share/vesc_ackermann/package.xml
[0.548s] Invoked command in '/home/dev/roboracer_ws/build/vesc_ackermann' returned '0': AMENT_PREFIX_PATH=/home/dev/roboracer_ws/install/vesc_msgs:${AMENT_PREFIX_PATH} CMAKE_PREFIX_PATH=/opt/ros/humble:/home/dev/roboracer_ws/install/vesc_msgs LD_LIBRARY_PATH=/home/dev/roboracer_ws/install/vesc_msgs/lib:${LD_LIBRARY_PATH} PYTHONPATH=/home/dev/roboracer_ws/install/vesc_msgs/local/lib/python3.10/dist-packages:${PYTHONPATH} /usr/local/bin/cmake --install /home/dev/roboracer_ws/build/vesc_ackermann
