[0.009s] Invoking command in '/home/dev/roboracer_ws/build/serial_driver': AMENT_PREFIX_PATH=/home/dev/roboracer_ws/install/io_context:/home/dev/roboracer_ws/install/asio_cmake_module:${AMENT_PREFIX_PATH} CMAKE_PREFIX_PATH=/home/dev/roboracer_ws/install/io_context:/home/dev/roboracer_ws/install/asio_cmake_module:/opt/ros/humble LD_LIBRARY_PATH=/home/dev/roboracer_ws/install/io_context/lib:${LD_LIBRARY_PATH} /usr/local/bin/cmake /home/dev/roboracer_ws/src/transport_drivers/serial_driver -DCMAKE_INSTALL_PREFIX=/home/dev/roboracer_ws/install/serial_driver
[0.116s] -- The C compiler identification is GNU 11.4.0
[0.177s] -- The CXX compiler identification is GNU 11.4.0
[0.185s] -- Detecting C compiler ABI info
[0.239s] -- Detecting C compiler ABI info - done
[0.252s] -- Check for working C compiler: /usr/bin/cc - skipped
[0.252s] -- Detecting C compile features
[0.253s] -- Detecting C compile features - done
[0.265s] -- Detecting CXX compiler ABI info
[0.334s] -- Detecting CXX compiler ABI info - done
[0.353s] -- Check for working CXX compiler: /usr/bin/c++ - skipped
[0.353s] -- Detecting CXX compile features
[0.354s] -- Detecting CXX compile features - done
[0.367s] -- Found ament_cmake_auto: 1.3.11 (/opt/ros/humble/share/ament_cmake_auto/cmake)
[0.501s] -- Found Python3: /usr/bin/python3 (found version "3.10.12") found components: Interpreter
[0.734s] -- Found rosidl_generator_c: 3.1.6 (/opt/ros/humble/share/rosidl_generator_c/cmake)
[0.743s] -- Found rosidl_adapter: 3.1.6 (/opt/ros/humble/share/rosidl_adapter/cmake)
[0.755s] -- Found rosidl_generator_cpp: 3.1.6 (/opt/ros/humble/share/rosidl_generator_cpp/cmake)
[0.771s] -- Using all available rosidl_typesupport_c: rosidl_typesupport_fastrtps_c;rosidl_typesupport_introspection_c
[0.795s] -- Using all available rosidl_typesupport_cpp: rosidl_typesupport_fastrtps_cpp;rosidl_typesupport_introspection_cpp
[0.856s] -- Found rmw_implementation_cmake: 6.1.2 (/opt/ros/humble/share/rmw_implementation_cmake/cmake)
[0.860s] -- Found rmw_fastrtps_cpp: 6.2.7 (/opt/ros/humble/share/rmw_fastrtps_cpp/cmake)
[0.965s] -- Found OpenSSL: /usr/lib/x86_64-linux-gnu/libcrypto.so (found version "3.0.2")
[1.006s] -- Found FastRTPS: /opt/ros/humble/include
[1.067s] -- Using RMW implementation 'rmw_fastrtps_cpp' as default
[1.081s] -- Performing Test CMAKE_HAVE_LIBC_PTHREAD
[1.139s] -- Performing Test CMAKE_HAVE_LIBC_PTHREAD - Success
[1.140s] -- Found Threads: TRUE
[1.229s] -- Found asio_cmake_module: 1.2.0 (/home/dev/roboracer_ws/install/asio_cmake_module/share/asio_cmake_module/cmake)
[1.230s] -- Found ASIO: /usr/include
[1.313s] -- Found ament_lint_auto: 0.12.12 (/opt/ros/humble/share/ament_lint_auto/cmake)
[1.348s] -- Found gtest sources under '/opt/ros/humble/src/gtest_vendor': C++ tests using 'Google Test' will be built
[1.350s] [0mCMake Deprecation Warning at /opt/ros/humble/src/gtest_vendor/CMakeLists.txt:2 (cmake_minimum_required):
[1.350s]   Compatibility with CMake < 3.10 will be removed from a future version of
[1.350s]   CMake.
[1.350s] 
[1.350s]   Update the VERSION argument <min> value.  Or, use the <min>...<max> syntax
[1.350s]   to tell CMake that the project requires at least <min> but has been updated
[1.350s]   to work with policies introduced by <max> or earlier.
[1.350s] 
[1.350s] [0m
[1.359s] -- Added test 'copyright' to check source files copyright and LICENSE
[1.362s] -- Added test 'cppcheck' to perform static code analysis on C / C++ code
[1.362s] -- Configured cppcheck include dirs: /home/dev/roboracer_ws/src/transport_drivers/serial_driver/include
[1.362s] -- Configured cppcheck exclude dirs and/or files: 
[1.365s] -- Added test 'cpplint' to check C / C++ code against the Google style
[1.365s] -- Configured cpplint exclude dirs and/or files: 
[1.366s] -- Added test 'flake8' to check Python code syntax and style conventions
[1.367s] -- Added test 'lint_cmake' to check CMake code style
[1.368s] -- Added test 'pep257' to check Python code against some of the docstring style conventions in PEP 257
[1.370s] -- Added test 'uncrustify' to check C / C++ code style
[1.370s] -- Configured uncrustify additional arguments: 
[1.371s] -- Added test 'xmllint' to check XML markup files
[1.377s] -- Configuring done (1.3s)
[1.456s] -- Generating done (0.1s)
[1.464s] -- Build files have been written to: /home/dev/roboracer_ws/build/serial_driver
[1.478s] Invoked command in '/home/dev/roboracer_ws/build/serial_driver' returned '0': AMENT_PREFIX_PATH=/home/dev/roboracer_ws/install/io_context:/home/dev/roboracer_ws/install/asio_cmake_module:${AMENT_PREFIX_PATH} CMAKE_PREFIX_PATH=/home/dev/roboracer_ws/install/io_context:/home/dev/roboracer_ws/install/asio_cmake_module:/opt/ros/humble LD_LIBRARY_PATH=/home/dev/roboracer_ws/install/io_context/lib:${LD_LIBRARY_PATH} /usr/local/bin/cmake /home/dev/roboracer_ws/src/transport_drivers/serial_driver -DCMAKE_INSTALL_PREFIX=/home/dev/roboracer_ws/install/serial_driver
[1.479s] Invoking command in '/home/dev/roboracer_ws/build/serial_driver': AMENT_PREFIX_PATH=/home/dev/roboracer_ws/install/io_context:/home/dev/roboracer_ws/install/asio_cmake_module:${AMENT_PREFIX_PATH} CMAKE_PREFIX_PATH=/home/dev/roboracer_ws/install/io_context:/home/dev/roboracer_ws/install/asio_cmake_module:/opt/ros/humble LD_LIBRARY_PATH=/home/dev/roboracer_ws/install/io_context/lib:${LD_LIBRARY_PATH} /usr/local/bin/cmake --build /home/dev/roboracer_ws/build/serial_driver -- -j8 -l8
[1.571s] [ 13%] [32mBuilding CXX object CMakeFiles/serial_driver.dir/src/serial_port.cpp.o[0m
[1.571s] [ 13%] [32mBuilding CXX object CMakeFiles/serial_bridge.dir/rclcpp_components/node_main_serial_bridge.cpp.o[0m
[1.572s] [ 26%] [32mBuilding CXX object gtest/CMakeFiles/gtest_main.dir/src/gtest_main.cc.o[0m
[1.572s] [ 20%] [32mBuilding CXX object gtest/CMakeFiles/gtest.dir/src/gtest-all.cc.o[0m
[1.572s] [ 33%] [32mBuilding CXX object CMakeFiles/serial_driver.dir/src/serial_driver.cpp.o[0m
[4.060s] [ 40%] [32m[1mLinking CXX static library libgtest_main.a[0m
[4.095s] [ 40%] Built target gtest_main
[6.201s] [ 46%] [32m[1mLinking CXX shared library libserial_driver.so[0m
[6.415s] [ 46%] Built target serial_driver
[6.432s] [ 53%] [32mBuilding CXX object CMakeFiles/serial_driver_nodes.dir/src/serial_bridge_node.cpp.o[0m
[7.101s] [ 60%] [32m[1mLinking CXX static library libgtest.a[0m
[7.170s] [ 60%] Built target gtest
[7.187s] [ 66%] [32mBuilding CXX object CMakeFiles/test_serial_port.dir/test/test_serial_port.cpp.o[0m
[7.194s] [ 73%] [32mBuilding CXX object CMakeFiles/test_serial_driver.dir/test/test_serial_driver.cpp.o[0m
[7.498s] [ 80%] [32m[1mLinking CXX executable serial_bridge[0m
[7.696s] [ 80%] Built target serial_bridge
[10.130s] [ 86%] [32m[1mLinking CXX executable test_serial_driver[0m
[10.196s] [ 93%] [32m[1mLinking CXX executable test_serial_port[0m
[10.465s] [ 93%] Built target test_serial_driver
[10.469s] [ 93%] Built target test_serial_port
[16.027s] [100%] [32m[1mLinking CXX shared library libserial_driver_nodes.so[0m
[16.646s] [100%] Built target serial_driver_nodes
[16.657s] Invoked command in '/home/dev/roboracer_ws/build/serial_driver' returned '0': AMENT_PREFIX_PATH=/home/dev/roboracer_ws/install/io_context:/home/dev/roboracer_ws/install/asio_cmake_module:${AMENT_PREFIX_PATH} CMAKE_PREFIX_PATH=/home/dev/roboracer_ws/install/io_context:/home/dev/roboracer_ws/install/asio_cmake_module:/opt/ros/humble LD_LIBRARY_PATH=/home/dev/roboracer_ws/install/io_context/lib:${LD_LIBRARY_PATH} /usr/local/bin/cmake --build /home/dev/roboracer_ws/build/serial_driver -- -j8 -l8
[16.658s] Invoking command in '/home/dev/roboracer_ws/build/serial_driver': AMENT_PREFIX_PATH=/home/dev/roboracer_ws/install/io_context:/home/dev/roboracer_ws/install/asio_cmake_module:${AMENT_PREFIX_PATH} CMAKE_PREFIX_PATH=/home/dev/roboracer_ws/install/io_context:/home/dev/roboracer_ws/install/asio_cmake_module:/opt/ros/humble LD_LIBRARY_PATH=/home/dev/roboracer_ws/install/io_context/lib:${LD_LIBRARY_PATH} /usr/local/bin/cmake --install /home/dev/roboracer_ws/build/serial_driver
[16.764s] -- Install configuration: ""
[16.766s] -- Installing: /home/dev/roboracer_ws/install/serial_driver/lib/serial_driver/serial_bridge
[16.766s] -- Set non-toolchain portion of runtime path of "/home/dev/roboracer_ws/install/serial_driver/lib/serial_driver/serial_bridge" to ""
[16.768s] -- Installing: /home/dev/roboracer_ws/install/serial_driver/include
[16.768s] -- Installing: /home/dev/roboracer_ws/install/serial_driver/include/serial_driver
[16.768s] -- Installing: /home/dev/roboracer_ws/install/serial_driver/include/serial_driver/visibility_control.hpp
[16.772s] -- Installing: /home/dev/roboracer_ws/install/serial_driver/include/serial_driver/serial_port.hpp
[16.772s] -- Installing: /home/dev/roboracer_ws/install/serial_driver/include/serial_driver/serial_bridge_node.hpp
[16.773s] -- Installing: /home/dev/roboracer_ws/install/serial_driver/include/serial_driver/serial_driver.hpp
[16.773s] -- Installing: /home/dev/roboracer_ws/install/serial_driver/share/serial_driver/environment/library_path.sh
[16.773s] -- Installing: /home/dev/roboracer_ws/install/serial_driver/share/serial_driver/environment/library_path.dsv
[16.773s] -- Installing: /home/dev/roboracer_ws/install/serial_driver/lib/libserial_driver.so
[16.773s] -- Set non-toolchain portion of runtime path of "/home/dev/roboracer_ws/install/serial_driver/lib/libserial_driver.so" to ""
[16.773s] -- Installing: /home/dev/roboracer_ws/install/serial_driver/lib/libserial_driver_nodes.so
[16.781s] -- Set non-toolchain portion of runtime path of "/home/dev/roboracer_ws/install/serial_driver/lib/libserial_driver_nodes.so" to ""
[16.782s] -- Installing: /home/dev/roboracer_ws/install/serial_driver/share/serial_driver/launch
[16.783s] -- Installing: /home/dev/roboracer_ws/install/serial_driver/share/serial_driver/launch/serial_driver_bridge_node.launch.py
[16.783s] -- Installing: /home/dev/roboracer_ws/install/serial_driver/share/serial_driver/params
[16.783s] -- Installing: /home/dev/roboracer_ws/install/serial_driver/share/serial_driver/params/example.params.yaml
[16.783s] -- Installing: /home/dev/roboracer_ws/install/serial_driver/share/ament_index/resource_index/package_run_dependencies/serial_driver
[16.784s] -- Installing: /home/dev/roboracer_ws/install/serial_driver/share/ament_index/resource_index/parent_prefix_path/serial_driver
[16.785s] -- Installing: /home/dev/roboracer_ws/install/serial_driver/share/serial_driver/environment/ament_prefix_path.sh
[16.785s] -- Installing: /home/dev/roboracer_ws/install/serial_driver/share/serial_driver/environment/ament_prefix_path.dsv
[16.785s] -- Installing: /home/dev/roboracer_ws/install/serial_driver/share/serial_driver/environment/path.sh
[16.785s] -- Installing: /home/dev/roboracer_ws/install/serial_driver/share/serial_driver/environment/path.dsv
[16.786s] -- Installing: /home/dev/roboracer_ws/install/serial_driver/share/serial_driver/local_setup.bash
[16.786s] -- Installing: /home/dev/roboracer_ws/install/serial_driver/share/serial_driver/local_setup.sh
[16.786s] -- Installing: /home/dev/roboracer_ws/install/serial_driver/share/serial_driver/local_setup.zsh
[16.786s] -- Installing: /home/dev/roboracer_ws/install/serial_driver/share/serial_driver/local_setup.dsv
[16.786s] -- Installing: /home/dev/roboracer_ws/install/serial_driver/share/serial_driver/package.dsv
[16.787s] -- Installing: /home/dev/roboracer_ws/install/serial_driver/share/ament_index/resource_index/packages/serial_driver
[16.787s] -- Installing: /home/dev/roboracer_ws/install/serial_driver/share/ament_index/resource_index/rclcpp_components/serial_driver
[16.787s] -- Installing: /home/dev/roboracer_ws/install/serial_driver/share/serial_driver/cmake/ament_cmake_export_dependencies-extras.cmake
[16.788s] -- Installing: /home/dev/roboracer_ws/install/serial_driver/share/serial_driver/cmake/ament_cmake_export_include_directories-extras.cmake
[16.788s] -- Installing: /home/dev/roboracer_ws/install/serial_driver/share/serial_driver/cmake/ament_cmake_export_libraries-extras.cmake
[16.788s] -- Installing: /home/dev/roboracer_ws/install/serial_driver/share/serial_driver/cmake/serial_driver-extras.cmake
[16.788s] -- Installing: /home/dev/roboracer_ws/install/serial_driver/share/serial_driver/cmake/serial_driverConfig.cmake
[16.788s] -- Installing: /home/dev/roboracer_ws/install/serial_driver/share/serial_driver/cmake/serial_driverConfig-version.cmake
[16.789s] -- Installing: /home/dev/roboracer_ws/install/serial_driver/share/serial_driver/package.xml
[16.792s] Invoked command in '/home/dev/roboracer_ws/build/serial_driver' returned '0': AMENT_PREFIX_PATH=/home/dev/roboracer_ws/install/io_context:/home/dev/roboracer_ws/install/asio_cmake_module:${AMENT_PREFIX_PATH} CMAKE_PREFIX_PATH=/home/dev/roboracer_ws/install/io_context:/home/dev/roboracer_ws/install/asio_cmake_module:/opt/ros/humble LD_LIBRARY_PATH=/home/dev/roboracer_ws/install/io_context/lib:${LD_LIBRARY_PATH} /usr/local/bin/cmake --install /home/dev/roboracer_ws/build/serial_driver
