[0.009s] Invoking command in '/home/dev/roboracer_ws/build/udp_driver': AMENT_PREFIX_PATH=/home/dev/roboracer_ws/install/io_context:/home/dev/roboracer_ws/install/asio_cmake_module:${AMENT_PREFIX_PATH} CMAKE_PREFIX_PATH=/home/dev/roboracer_ws/install/io_context:/home/dev/roboracer_ws/install/asio_cmake_module:/opt/ros/humble LD_LIBRARY_PATH=/home/dev/roboracer_ws/install/io_context/lib:${LD_LIBRARY_PATH} /usr/local/bin/cmake /home/dev/roboracer_ws/src/transport_drivers/udp_driver -DCMAKE_INSTALL_PREFIX=/home/dev/roboracer_ws/install/udp_driver
[0.113s] -- The C compiler identification is GNU 11.4.0
[0.174s] -- The CXX compiler identification is GNU 11.4.0
[0.181s] -- Detecting C compiler ABI info
[0.236s] -- Detecting C compiler ABI info - done
[0.251s] -- Check for working C compiler: /usr/bin/cc - skipped
[0.252s] -- Detecting C compile features
[0.252s] -- Detecting C compile features - done
[0.264s] -- Detecting CXX compiler ABI info
[0.333s] -- Detecting CXX compiler ABI info - done
[0.349s] -- Check for working CXX compiler: /usr/bin/c++ - skipped
[0.350s] -- Detecting CXX compile features
[0.350s] -- Detecting CXX compile features - done
[0.363s] -- Found ament_cmake_auto: 1.3.11 (/opt/ros/humble/share/ament_cmake_auto/cmake)
[0.497s] -- Found Python3: /usr/bin/python3 (found version "3.10.12") found components: Interpreter
[0.731s] -- Found rosidl_generator_c: 3.1.6 (/opt/ros/humble/share/rosidl_generator_c/cmake)
[0.739s] -- Found rosidl_adapter: 3.1.6 (/opt/ros/humble/share/rosidl_adapter/cmake)
[0.752s] -- Found rosidl_generator_cpp: 3.1.6 (/opt/ros/humble/share/rosidl_generator_cpp/cmake)
[0.770s] -- Using all available rosidl_typesupport_c: rosidl_typesupport_fastrtps_c;rosidl_typesupport_introspection_c
[0.796s] -- Using all available rosidl_typesupport_cpp: rosidl_typesupport_fastrtps_cpp;rosidl_typesupport_introspection_cpp
[0.856s] -- Found rmw_implementation_cmake: 6.1.2 (/opt/ros/humble/share/rmw_implementation_cmake/cmake)
[0.861s] -- Found rmw_fastrtps_cpp: 6.2.7 (/opt/ros/humble/share/rmw_fastrtps_cpp/cmake)
[0.963s] -- Found OpenSSL: /usr/lib/x86_64-linux-gnu/libcrypto.so (found version "3.0.2")
[1.002s] -- Found FastRTPS: /opt/ros/humble/include
[1.064s] -- Using RMW implementation 'rmw_fastrtps_cpp' as default
[1.078s] -- Performing Test CMAKE_HAVE_LIBC_PTHREAD
[1.137s] -- Performing Test CMAKE_HAVE_LIBC_PTHREAD - Success
[1.138s] -- Found Threads: TRUE
[1.226s] -- Found asio_cmake_module: 1.2.0 (/home/dev/roboracer_ws/install/asio_cmake_module/share/asio_cmake_module/cmake)
[1.227s] -- Found ASIO: /usr/include
[1.315s] -- Found ament_lint_auto: 0.12.12 (/opt/ros/humble/share/ament_lint_auto/cmake)
[1.351s] -- Found gtest sources under '/opt/ros/humble/src/gtest_vendor': C++ tests using 'Google Test' will be built
[1.353s] [0mCMake Deprecation Warning at /opt/ros/humble/src/gtest_vendor/CMakeLists.txt:2 (cmake_minimum_required):
[1.353s]   Compatibility with CMake < 3.10 will be removed from a future version of
[1.353s]   CMake.
[1.353s] 
[1.353s]   Update the VERSION argument <min> value.  Or, use the <min>...<max> syntax
[1.353s]   to tell CMake that the project requires at least <min> but has been updated
[1.353s]   to work with policies introduced by <max> or earlier.
[1.353s] 
[1.353s] [0m
[1.369s] -- Added test 'copyright' to check source files copyright and LICENSE
[1.372s] -- Added test 'cppcheck' to perform static code analysis on C / C++ code
[1.373s] -- Configured cppcheck include dirs: /home/dev/roboracer_ws/src/transport_drivers/udp_driver/include
[1.373s] -- Configured cppcheck exclude dirs and/or files: 
[1.375s] -- Added test 'cpplint' to check C / C++ code against the Google style
[1.375s] -- Configured cpplint exclude dirs and/or files: 
[1.377s] -- Added test 'lint_cmake' to check CMake code style
[1.379s] -- Added test 'uncrustify' to check C / C++ code style
[1.379s] -- Configured uncrustify additional arguments: 
[1.380s] -- Added test 'xmllint' to check XML markup files
[1.384s] -- Configuring done (1.3s)
[1.511s] -- Generating done (0.1s)
[1.524s] -- Build files have been written to: /home/dev/roboracer_ws/build/udp_driver
[1.537s] Invoked command in '/home/dev/roboracer_ws/build/udp_driver' returned '0': AMENT_PREFIX_PATH=/home/dev/roboracer_ws/install/io_context:/home/dev/roboracer_ws/install/asio_cmake_module:${AMENT_PREFIX_PATH} CMAKE_PREFIX_PATH=/home/dev/roboracer_ws/install/io_context:/home/dev/roboracer_ws/install/asio_cmake_module:/opt/ros/humble LD_LIBRARY_PATH=/home/dev/roboracer_ws/install/io_context/lib:${LD_LIBRARY_PATH} /usr/local/bin/cmake /home/dev/roboracer_ws/src/transport_drivers/udp_driver -DCMAKE_INSTALL_PREFIX=/home/dev/roboracer_ws/install/udp_driver
[1.538s] Invoking command in '/home/dev/roboracer_ws/build/udp_driver': AMENT_PREFIX_PATH=/home/dev/roboracer_ws/install/io_context:/home/dev/roboracer_ws/install/asio_cmake_module:${AMENT_PREFIX_PATH} CMAKE_PREFIX_PATH=/home/dev/roboracer_ws/install/io_context:/home/dev/roboracer_ws/install/asio_cmake_module:/opt/ros/humble LD_LIBRARY_PATH=/home/dev/roboracer_ws/install/io_context/lib:${LD_LIBRARY_PATH} /usr/local/bin/cmake --build /home/dev/roboracer_ws/build/udp_driver -- -j8 -l8
[1.655s] [  4%] [32mBuilding CXX object CMakeFiles/udp_receiver_node_exe.dir/rclcpp_components/node_main_udp_receiver_node_exe.cpp.o[0m
[1.664s] [ 12%] [32mBuilding CXX object CMakeFiles/udp_driver.dir/src/udp_socket.cpp.o[0m
[1.664s] [ 12%] [32mBuilding CXX object CMakeFiles/udp_sender_node_exe.dir/rclcpp_components/node_main_udp_sender_node_exe.cpp.o[0m
[1.667s] [ 16%] [32mBuilding CXX object CMakeFiles/udp_driver.dir/src/udp_driver.cpp.o[0m
[1.668s] [ 20%] [32mBuilding CXX object gtest/CMakeFiles/gtest_main.dir/src/gtest_main.cc.o[0m
[1.670s] [ 25%] [32mBuilding CXX object gtest/CMakeFiles/gtest.dir/src/gtest-all.cc.o[0m
[3.827s] [ 29%] [32m[1mLinking CXX static library libgtest_main.a[0m
[3.879s] [ 29%] Built target gtest_main
[5.769s] [ 33%] [32m[1mLinking CXX shared library libudp_driver.so[0m
[5.991s] [ 33%] Built target udp_driver
[6.008s] [ 37%] [32mBuilding CXX object CMakeFiles/udp_driver_nodes.dir/src/udp_sender_node.cpp.o[0m
[6.011s] [ 41%] [32mBuilding CXX object CMakeFiles/udp_driver_nodes.dir/src/udp_receiver_node.cpp.o[0m
[6.167s] [ 45%] [32m[1mLinking CXX static library libgtest.a[0m
[6.236s] [ 45%] Built target gtest
[7.311s] [ 50%] [32m[1mLinking CXX executable udp_receiver_node_exe[0m
[7.599s] [ 50%] Built target udp_receiver_node_exe
[7.648s] [ 54%] [32m[1mLinking CXX executable udp_sender_node_exe[0m
[7.821s] [ 54%] Built target udp_sender_node_exe
[15.849s] [ 58%] [32m[1mLinking CXX shared library libudp_driver_nodes.so[0m
[16.418s] [ 58%] Built target udp_driver_nodes
[16.430s] [ 66%] [32mBuilding CXX object CMakeFiles/test_udp_socket.dir/test/test_udp_socket.cpp.o[0m
[16.430s] [ 66%] [32mBuilding CXX object CMakeFiles/udp_bridge_node_exe.dir/src/udp_bridge_node.cpp.o[0m
[16.430s] [ 75%] [32mBuilding CXX object CMakeFiles/test_udp_data.dir/test/test_udp_data.cpp.o[0m
[16.430s] [ 75%] [32mBuilding CXX object CMakeFiles/test_udp_driver_nodes.dir/test/test_udp_driver_nodes.cpp.o[0m
[16.433s] [ 79%] [32mBuilding CXX object CMakeFiles/test_udp_driver.dir/test/test_udp_driver.cpp.o[0m
[19.091s] [ 83%] [32m[1mLinking CXX executable test_udp_data[0m
[19.358s] [ 83%] Built target test_udp_data
[19.486s] [ 87%] [32m[1mLinking CXX executable test_udp_socket[0m
[19.774s] [ 87%] Built target test_udp_socket
[21.177s] [ 91%] [32m[1mLinking CXX executable udp_bridge_node_exe[0m
[21.532s] [ 91%] Built target udp_bridge_node_exe
[21.995s] [ 95%] [32m[1mLinking CXX executable test_udp_driver[0m
[22.197s] [ 95%] Built target test_udp_driver
[26.891s] [100%] [32m[1mLinking CXX executable test_udp_driver_nodes[0m
[27.378s] [100%] Built target test_udp_driver_nodes
