[0.017s] Invoking command in '/home/dev/roboracer_ws/build/vesc': AMENT_PREFIX_PATH=/home/dev/roboracer_ws/install/vesc_driver:/home/dev/roboracer_ws/install/serial_driver:/home/dev/roboracer_ws/install/vesc_ackermann:/home/dev/roboracer_ws/install/io_context:/home/dev/roboracer_ws/install/vesc_msgs:/home/dev/roboracer_ws/install/asio_cmake_module:${AMENT_PREFIX_PATH} CMAKE_PREFIX_PATH=/home/dev/roboracer_ws/install/vesc_driver:/home/dev/roboracer_ws/install/serial_driver:/home/dev/roboracer_ws/install/vesc_ackermann:/home/dev/roboracer_ws/install/io_context:/opt/ros/humble:/home/dev/roboracer_ws/install/vesc_msgs:/home/dev/roboracer_ws/install/asio_cmake_module LD_LIBRARY_PATH=/home/dev/roboracer_ws/install/vesc_driver/lib:/home/dev/roboracer_ws/install/serial_driver/lib:/home/dev/roboracer_ws/install/vesc_ackermann/lib:/home/dev/roboracer_ws/install/io_context/lib:/home/dev/roboracer_ws/install/vesc_msgs/lib:${LD_LIBRARY_PATH} PYTHONPATH=/home/dev/roboracer_ws/install/vesc_msgs/local/lib/python3.10/dist-packages:${PYTHONPATH} /usr/local/bin/cmake /home/dev/roboracer_ws/src/vesc/vesc -DCMAKE_INSTALL_PREFIX=/home/dev/roboracer_ws/install/vesc
[0.079s] [0mCMake Deprecation Warning at CMakeLists.txt:1 (cmake_minimum_required):
[0.079s]   Compatibility with CMake < 3.10 will be removed from a future version of
[0.079s]   CMake.
[0.079s] 
[0.079s]   Update the VERSION argument <min> value.  Or, use the <min>...<max> syntax
[0.080s]   to tell CMake that the project requires at least <min> but has been updated
[0.080s]   to work with policies introduced by <max> or earlier.
[0.080s] 
[0.080s] [0m
[0.133s] -- The C compiler identification is GNU 11.4.0
[0.199s] -- The CXX compiler identification is GNU 11.4.0
[0.207s] -- Detecting C compiler ABI info
[0.266s] -- Detecting C compiler ABI info - done
[0.280s] -- Check for working C compiler: /usr/bin/cc - skipped
[0.281s] -- Detecting C compile features
[0.281s] -- Detecting C compile features - done
[0.295s] -- Detecting CXX compiler ABI info
[0.363s] -- Detecting CXX compiler ABI info - done
[0.377s] -- Check for working CXX compiler: /usr/bin/c++ - skipped
[0.378s] -- Detecting CXX compile features
[0.378s] -- Detecting CXX compile features - done
[0.388s] -- Found ament_cmake_auto: 1.3.11 (/opt/ros/humble/share/ament_cmake_auto/cmake)
[0.518s] -- Found Python3: /usr/bin/python3 (found version "3.10.12") found components: Interpreter
[0.685s] -- Configuring done (0.6s)
[0.689s] -- Generating done (0.0s)
[0.690s] -- Build files have been written to: /home/dev/roboracer_ws/build/vesc
[0.695s] Invoked command in '/home/dev/roboracer_ws/build/vesc' returned '0': AMENT_PREFIX_PATH=/home/dev/roboracer_ws/install/vesc_driver:/home/dev/roboracer_ws/install/serial_driver:/home/dev/roboracer_ws/install/vesc_ackermann:/home/dev/roboracer_ws/install/io_context:/home/dev/roboracer_ws/install/vesc_msgs:/home/dev/roboracer_ws/install/asio_cmake_module:${AMENT_PREFIX_PATH} CMAKE_PREFIX_PATH=/home/dev/roboracer_ws/install/vesc_driver:/home/dev/roboracer_ws/install/serial_driver:/home/dev/roboracer_ws/install/vesc_ackermann:/home/dev/roboracer_ws/install/io_context:/opt/ros/humble:/home/dev/roboracer_ws/install/vesc_msgs:/home/dev/roboracer_ws/install/asio_cmake_module LD_LIBRARY_PATH=/home/dev/roboracer_ws/install/vesc_driver/lib:/home/dev/roboracer_ws/install/serial_driver/lib:/home/dev/roboracer_ws/install/vesc_ackermann/lib:/home/dev/roboracer_ws/install/io_context/lib:/home/dev/roboracer_ws/install/vesc_msgs/lib:${LD_LIBRARY_PATH} PYTHONPATH=/home/dev/roboracer_ws/install/vesc_msgs/local/lib/python3.10/dist-packages:${PYTHONPATH} /usr/local/bin/cmake /home/dev/roboracer_ws/src/vesc/vesc -DCMAKE_INSTALL_PREFIX=/home/dev/roboracer_ws/install/vesc
[0.696s] Invoking command in '/home/dev/roboracer_ws/build/vesc': AMENT_PREFIX_PATH=/home/dev/roboracer_ws/install/vesc_driver:/home/dev/roboracer_ws/install/serial_driver:/home/dev/roboracer_ws/install/vesc_ackermann:/home/dev/roboracer_ws/install/io_context:/home/dev/roboracer_ws/install/vesc_msgs:/home/dev/roboracer_ws/install/asio_cmake_module:${AMENT_PREFIX_PATH} CMAKE_PREFIX_PATH=/home/dev/roboracer_ws/install/vesc_driver:/home/dev/roboracer_ws/install/serial_driver:/home/dev/roboracer_ws/install/vesc_ackermann:/home/dev/roboracer_ws/install/io_context:/opt/ros/humble:/home/dev/roboracer_ws/install/vesc_msgs:/home/dev/roboracer_ws/install/asio_cmake_module LD_LIBRARY_PATH=/home/dev/roboracer_ws/install/vesc_driver/lib:/home/dev/roboracer_ws/install/serial_driver/lib:/home/dev/roboracer_ws/install/vesc_ackermann/lib:/home/dev/roboracer_ws/install/io_context/lib:/home/dev/roboracer_ws/install/vesc_msgs/lib:${LD_LIBRARY_PATH} PYTHONPATH=/home/dev/roboracer_ws/install/vesc_msgs/local/lib/python3.10/dist-packages:${PYTHONPATH} /usr/local/bin/cmake --build /home/dev/roboracer_ws/build/vesc -- -j8 -l8
[0.775s] Invoked command in '/home/dev/roboracer_ws/build/vesc' returned '0': AMENT_PREFIX_PATH=/home/dev/roboracer_ws/install/vesc_driver:/home/dev/roboracer_ws/install/serial_driver:/home/dev/roboracer_ws/install/vesc_ackermann:/home/dev/roboracer_ws/install/io_context:/home/dev/roboracer_ws/install/vesc_msgs:/home/dev/roboracer_ws/install/asio_cmake_module:${AMENT_PREFIX_PATH} CMAKE_PREFIX_PATH=/home/dev/roboracer_ws/install/vesc_driver:/home/dev/roboracer_ws/install/serial_driver:/home/dev/roboracer_ws/install/vesc_ackermann:/home/dev/roboracer_ws/install/io_context:/opt/ros/humble:/home/dev/roboracer_ws/install/vesc_msgs:/home/dev/roboracer_ws/install/asio_cmake_module LD_LIBRARY_PATH=/home/dev/roboracer_ws/install/vesc_driver/lib:/home/dev/roboracer_ws/install/serial_driver/lib:/home/dev/roboracer_ws/install/vesc_ackermann/lib:/home/dev/roboracer_ws/install/io_context/lib:/home/dev/roboracer_ws/install/vesc_msgs/lib:${LD_LIBRARY_PATH} PYTHONPATH=/home/dev/roboracer_ws/install/vesc_msgs/local/lib/python3.10/dist-packages:${PYTHONPATH} /usr/local/bin/cmake --build /home/dev/roboracer_ws/build/vesc -- -j8 -l8
[0.776s] Invoking command in '/home/dev/roboracer_ws/build/vesc': AMENT_PREFIX_PATH=/home/dev/roboracer_ws/install/vesc_driver:/home/dev/roboracer_ws/install/serial_driver:/home/dev/roboracer_ws/install/vesc_ackermann:/home/dev/roboracer_ws/install/io_context:/home/dev/roboracer_ws/install/vesc_msgs:/home/dev/roboracer_ws/install/asio_cmake_module:${AMENT_PREFIX_PATH} CMAKE_PREFIX_PATH=/home/dev/roboracer_ws/install/vesc_driver:/home/dev/roboracer_ws/install/serial_driver:/home/dev/roboracer_ws/install/vesc_ackermann:/home/dev/roboracer_ws/install/io_context:/opt/ros/humble:/home/dev/roboracer_ws/install/vesc_msgs:/home/dev/roboracer_ws/install/asio_cmake_module LD_LIBRARY_PATH=/home/dev/roboracer_ws/install/vesc_driver/lib:/home/dev/roboracer_ws/install/serial_driver/lib:/home/dev/roboracer_ws/install/vesc_ackermann/lib:/home/dev/roboracer_ws/install/io_context/lib:/home/dev/roboracer_ws/install/vesc_msgs/lib:${LD_LIBRARY_PATH} PYTHONPATH=/home/dev/roboracer_ws/install/vesc_msgs/local/lib/python3.10/dist-packages:${PYTHONPATH} /usr/local/bin/cmake --install /home/dev/roboracer_ws/build/vesc
[0.838s] -- Install configuration: ""
[0.838s] -- Installing: /home/dev/roboracer_ws/install/vesc/share/ament_index/resource_index/package_run_dependencies/vesc
[0.838s] -- Installing: /home/dev/roboracer_ws/install/vesc/share/ament_index/resource_index/parent_prefix_path/vesc
[0.838s] -- Installing: /home/dev/roboracer_ws/install/vesc/share/vesc/environment/ament_prefix_path.sh
[0.838s] -- Installing: /home/dev/roboracer_ws/install/vesc/share/vesc/environment/ament_prefix_path.dsv
[0.838s] -- Installing: /home/dev/roboracer_ws/install/vesc/share/vesc/environment/path.sh
[0.838s] -- Installing: /home/dev/roboracer_ws/install/vesc/share/vesc/environment/path.dsv
[0.839s] -- Installing: /home/dev/roboracer_ws/install/vesc/share/vesc/local_setup.bash
[0.839s] -- Installing: /home/dev/roboracer_ws/install/vesc/share/vesc/local_setup.sh
[0.839s] -- Installing: /home/dev/roboracer_ws/install/vesc/share/vesc/local_setup.zsh
[0.839s] -- Installing: /home/dev/roboracer_ws/install/vesc/share/vesc/local_setup.dsv
[0.839s] -- Installing: /home/dev/roboracer_ws/install/vesc/share/vesc/package.dsv
[0.839s] -- Installing: /home/dev/roboracer_ws/install/vesc/share/ament_index/resource_index/packages/vesc
[0.840s] -- Installing: /home/dev/roboracer_ws/install/vesc/share/vesc/cmake/vescConfig.cmake
[0.840s] -- Installing: /home/dev/roboracer_ws/install/vesc/share/vesc/cmake/vescConfig-version.cmake
[0.840s] -- Installing: /home/dev/roboracer_ws/install/vesc/share/vesc/package.xml
[0.842s] Invoked command in '/home/dev/roboracer_ws/build/vesc' returned '0': AMENT_PREFIX_PATH=/home/dev/roboracer_ws/install/vesc_driver:/home/dev/roboracer_ws/install/serial_driver:/home/dev/roboracer_ws/install/vesc_ackermann:/home/dev/roboracer_ws/install/io_context:/home/dev/roboracer_ws/install/vesc_msgs:/home/dev/roboracer_ws/install/asio_cmake_module:${AMENT_PREFIX_PATH} CMAKE_PREFIX_PATH=/home/dev/roboracer_ws/install/vesc_driver:/home/dev/roboracer_ws/install/serial_driver:/home/dev/roboracer_ws/install/vesc_ackermann:/home/dev/roboracer_ws/install/io_context:/opt/ros/humble:/home/dev/roboracer_ws/install/vesc_msgs:/home/dev/roboracer_ws/install/asio_cmake_module LD_LIBRARY_PATH=/home/dev/roboracer_ws/install/vesc_driver/lib:/home/dev/roboracer_ws/install/serial_driver/lib:/home/dev/roboracer_ws/install/vesc_ackermann/lib:/home/dev/roboracer_ws/install/io_context/lib:/home/dev/roboracer_ws/install/vesc_msgs/lib:${LD_LIBRARY_PATH} PYTHONPATH=/home/dev/roboracer_ws/install/vesc_msgs/local/lib/python3.10/dist-packages:${PYTHONPATH} /usr/local/bin/cmake --install /home/dev/roboracer_ws/build/vesc
