[100%] Built target reactive_node
[ 50%] Built target ament_cmake_python_copy_gap_follow_setup
[100%] Built target ament_cmake_python_copy_gap_follow
running egg_info
writing gap_follow.egg-info/PKG-INFO
writing dependency_links to gap_follow.egg-info/dependency_links.txt
writing top-level names to gap_follow.egg-info/top_level.txt
reading manifest file 'gap_follow.egg-info/SOURCES.txt'
writing manifest file 'gap_follow.egg-info/SOURCES.txt'
[100%] Built target ament_cmake_python_build_gap_follow_egg
-- Install configuration: ""
-- Up-to-date: /home/dev/roboracer_ws/install/gap_follow/lib/gap_follow/reactive_node
-- Up-to-date: /home/dev/roboracer_ws/install/gap_follow/share/gap_follow/environment/pythonpath.sh
-- Up-to-date: /home/dev/roboracer_ws/install/gap_follow/share/gap_follow/environment/pythonpath.dsv
-- Up-to-date: /home/dev/roboracer_ws/install/gap_follow/local/lib/python3.10/dist-packages/gap_follow-0.0.0-py3.10.egg-info
-- Installing: /home/dev/roboracer_ws/install/gap_follow/local/lib/python3.10/dist-packages/gap_follow-0.0.0-py3.10.egg-info/top_level.txt
-- Installing: /home/dev/roboracer_ws/install/gap_follow/local/lib/python3.10/dist-packages/gap_follow-0.0.0-py3.10.egg-info/PKG-INFO
-- Installing: /home/dev/roboracer_ws/install/gap_follow/local/lib/python3.10/dist-packages/gap_follow-0.0.0-py3.10.egg-info/dependency_links.txt
-- Installing: /home/dev/roboracer_ws/install/gap_follow/local/lib/python3.10/dist-packages/gap_follow-0.0.0-py3.10.egg-info/SOURCES.txt
-- Up-to-date: /home/dev/roboracer_ws/install/gap_follow/local/lib/python3.10/dist-packages/gap_follow
-- Up-to-date: /home/dev/roboracer_ws/install/gap_follow/local/lib/python3.10/dist-packages/gap_follow/__init__.py
Listing '/home/dev/roboracer_ws/install/gap_follow/local/lib/python3.10/dist-packages/gap_follow'...
-- Up-to-date: /home/dev/roboracer_ws/install/gap_follow/lib/gap_follow/reactive_node.py
-- Up-to-date: /home/dev/roboracer_ws/install/gap_follow/share/ament_index/resource_index/package_run_dependencies/gap_follow
-- Up-to-date: /home/dev/roboracer_ws/install/gap_follow/share/ament_index/resource_index/parent_prefix_path/gap_follow
-- Up-to-date: /home/dev/roboracer_ws/install/gap_follow/share/gap_follow/environment/ament_prefix_path.sh
-- Up-to-date: /home/dev/roboracer_ws/install/gap_follow/share/gap_follow/environment/ament_prefix_path.dsv
-- Up-to-date: /home/dev/roboracer_ws/install/gap_follow/share/gap_follow/environment/path.sh
-- Up-to-date: /home/dev/roboracer_ws/install/gap_follow/share/gap_follow/environment/path.dsv
-- Up-to-date: /home/dev/roboracer_ws/install/gap_follow/share/gap_follow/local_setup.bash
-- Up-to-date: /home/dev/roboracer_ws/install/gap_follow/share/gap_follow/local_setup.sh
-- Up-to-date: /home/dev/roboracer_ws/install/gap_follow/share/gap_follow/local_setup.zsh
-- Up-to-date: /home/dev/roboracer_ws/install/gap_follow/share/gap_follow/local_setup.dsv
-- Installing: /home/dev/roboracer_ws/install/gap_follow/share/gap_follow/package.dsv
-- Up-to-date: /home/dev/roboracer_ws/install/gap_follow/share/ament_index/resource_index/packages/gap_follow
-- Up-to-date: /home/dev/roboracer_ws/install/gap_follow/share/gap_follow/cmake/gap_followConfig.cmake
-- Up-to-date: /home/dev/roboracer_ws/install/gap_follow/share/gap_follow/cmake/gap_followConfig-version.cmake
-- Up-to-date: /home/dev/roboracer_ws/install/gap_follow/share/gap_follow/package.xml
