[1.063s] Invoking command in '/home/loq/roboracer_ws/roboracer_dissertation/f1tenth_gym_ros': PYTHONPATH=/home/loq/roboracer_ws/roboracer_dissertation/build/f1tenth_gym_ros/prefix_override:/usr/lib/python3/dist-packages/colcon_core/task/python/colcon_distutils_commands:/home/loq/roboracer_ws/roboracer_dissertation/install/f1tenth_gym_ros/lib/python3.10/site-packages:${PYTHONPATH} /usr/bin/python3 -W ignore:setup.py install is deprecated -W ignore:easy_install command is deprecated setup.py egg_info --egg-base ../build/f1tenth_gym_ros build --build-base /home/loq/roboracer_ws/roboracer_dissertation/build/f1tenth_gym_ros/build install --record /home/loq/roboracer_ws/roboracer_dissertation/build/f1tenth_gym_ros/install.log --single-version-externally-managed install_data
[1.278s] running egg_info
[1.278s] writing ../build/f1tenth_gym_ros/f1tenth_gym_ros.egg-info/PKG-INFO
[1.278s] writing dependency_links to ../build/f1tenth_gym_ros/f1tenth_gym_ros.egg-info/dependency_links.txt
[1.279s] writing entry points to ../build/f1tenth_gym_ros/f1tenth_gym_ros.egg-info/entry_points.txt
[1.279s] writing requirements to ../build/f1tenth_gym_ros/f1tenth_gym_ros.egg-info/requires.txt
[1.279s] writing top-level names to ../build/f1tenth_gym_ros/f1tenth_gym_ros.egg-info/top_level.txt
[1.280s] reading manifest file '../build/f1tenth_gym_ros/f1tenth_gym_ros.egg-info/SOURCES.txt'
[1.281s] adding license file 'LICENSE'
[1.281s] writing manifest file '../build/f1tenth_gym_ros/f1tenth_gym_ros.egg-info/SOURCES.txt'
[1.282s] running build
[1.282s] running build_py
[1.282s] running install
[1.282s] running install_lib
[1.283s] running install_data
[1.284s] running install_egg_info
[1.285s] removing '/home/loq/roboracer_ws/roboracer_dissertation/install/f1tenth_gym_ros/lib/python3.10/site-packages/f1tenth_gym_ros-0.0.0-py3.10.egg-info' (and everything under it)
[1.286s] Copying ../build/f1tenth_gym_ros/f1tenth_gym_ros.egg-info to /home/loq/roboracer_ws/roboracer_dissertation/install/f1tenth_gym_ros/lib/python3.10/site-packages/f1tenth_gym_ros-0.0.0-py3.10.egg-info
[1.287s] running install_scripts
[1.304s] Installing gym_bridge script to /home/loq/roboracer_ws/roboracer_dissertation/install/f1tenth_gym_ros/lib/f1tenth_gym_ros
[1.305s] writing list of installed files to '/home/loq/roboracer_ws/roboracer_dissertation/build/f1tenth_gym_ros/install.log'
