running egg_info
creating ../../build/roboracer_py/roboracer_py.egg-info
writing ../../build/roboracer_py/roboracer_py.egg-info/PKG-INFO
writing dependency_links to ../../build/roboracer_py/roboracer_py.egg-info/dependency_links.txt
writing entry points to ../../build/roboracer_py/roboracer_py.egg-info/entry_points.txt
writing requirements to ../../build/roboracer_py/roboracer_py.egg-info/requires.txt
writing top-level names to ../../build/roboracer_py/roboracer_py.egg-info/top_level.txt
writing manifest file '../../build/roboracer_py/roboracer_py.egg-info/SOURCES.txt'
reading manifest file '../../build/roboracer_py/roboracer_py.egg-info/SOURCES.txt'
writing manifest file '../../build/roboracer_py/roboracer_py.egg-info/SOURCES.txt'
running build
running build_py
creating /home/dev/roboracer_ws/build/roboracer_py/build
creating /home/dev/roboracer_ws/build/roboracer_py/build/lib
creating /home/dev/roboracer_ws/build/roboracer_py/build/lib/roboracer_py
copying roboracer_py/__init__.py -> /home/dev/roboracer_ws/build/roboracer_py/build/lib/roboracer_py
copying roboracer_py/gap_follow.py -> /home/dev/roboracer_ws/build/roboracer_py/build/lib/roboracer_py
copying roboracer_py/gap_follow_old.py -> /home/dev/roboracer_ws/build/roboracer_py/build/lib/roboracer_py
copying roboracer_py/disparity_extender.py -> /home/dev/roboracer_ws/build/roboracer_py/build/lib/roboracer_py
running install
running install_lib
creating /home/dev/roboracer_ws/install/roboracer_py/lib/python3.10/site-packages/roboracer_py
copying /home/dev/roboracer_ws/build/roboracer_py/build/lib/roboracer_py/__init__.py -> /home/dev/roboracer_ws/install/roboracer_py/lib/python3.10/site-packages/roboracer_py
copying /home/dev/roboracer_ws/build/roboracer_py/build/lib/roboracer_py/gap_follow.py -> /home/dev/roboracer_ws/install/roboracer_py/lib/python3.10/site-packages/roboracer_py
copying /home/dev/roboracer_ws/build/roboracer_py/build/lib/roboracer_py/gap_follow_old.py -> /home/dev/roboracer_ws/install/roboracer_py/lib/python3.10/site-packages/roboracer_py
copying /home/dev/roboracer_ws/build/roboracer_py/build/lib/roboracer_py/disparity_extender.py -> /home/dev/roboracer_ws/install/roboracer_py/lib/python3.10/site-packages/roboracer_py
byte-compiling /home/dev/roboracer_ws/install/roboracer_py/lib/python3.10/site-packages/roboracer_py/__init__.py to __init__.cpython-310.pyc
byte-compiling /home/dev/roboracer_ws/install/roboracer_py/lib/python3.10/site-packages/roboracer_py/gap_follow.py to gap_follow.cpython-310.pyc
byte-compiling /home/dev/roboracer_ws/install/roboracer_py/lib/python3.10/site-packages/roboracer_py/gap_follow_old.py to gap_follow_old.cpython-310.pyc
byte-compiling /home/dev/roboracer_ws/install/roboracer_py/lib/python3.10/site-packages/roboracer_py/disparity_extender.py to disparity_extender.cpython-310.pyc
running install_data
creating /home/dev/roboracer_ws/install/roboracer_py/share/ament_index
creating /home/dev/roboracer_ws/install/roboracer_py/share/ament_index/resource_index
creating /home/dev/roboracer_ws/install/roboracer_py/share/ament_index/resource_index/packages
copying resource/roboracer_py -> /home/dev/roboracer_ws/install/roboracer_py/share/ament_index/resource_index/packages
copying package.xml -> /home/dev/roboracer_ws/install/roboracer_py/share/roboracer_py
running install_egg_info
Copying ../../build/roboracer_py/roboracer_py.egg-info to /home/dev/roboracer_ws/install/roboracer_py/lib/python3.10/site-packages/roboracer_py-0.0.0-py3.10.egg-info
running install_scripts
Installing disparity_extender script to /home/dev/roboracer_ws/install/roboracer_py/lib/roboracer_py
Installing gap_follow script to /home/dev/roboracer_ws/install/roboracer_py/lib/roboracer_py
writing list of installed files to '/home/dev/roboracer_ws/build/roboracer_py/install.log'
