[0.845s] Invoking command in '/home/loq/roboracer_ws/src/roboracer_py': PYTHONPATH=/home/loq/roboracer_ws/build/roboracer_py/prefix_override:/usr/lib/python3/dist-packages/colcon_core/task/python/colcon_distutils_commands:/home/loq/roboracer_ws/install/roboracer_py/lib/python3.10/site-packages:${PYTHONPATH} /usr/bin/python3 -W ignore:setup.py install is deprecated -W ignore:easy_install command is deprecated setup.py egg_info --egg-base ../../build/roboracer_py build --build-base /home/loq/roboracer_ws/build/roboracer_py/build install --record /home/loq/roboracer_ws/build/roboracer_py/install.log --single-version-externally-managed install_data
[1.065s] running egg_info
[1.066s] writing ../../build/roboracer_py/roboracer_py.egg-info/PKG-INFO
[1.066s] writing dependency_links to ../../build/roboracer_py/roboracer_py.egg-info/dependency_links.txt
[1.066s] writing entry points to ../../build/roboracer_py/roboracer_py.egg-info/entry_points.txt
[1.066s] writing requirements to ../../build/roboracer_py/roboracer_py.egg-info/requires.txt
[1.066s] writing top-level names to ../../build/roboracer_py/roboracer_py.egg-info/top_level.txt
[1.068s] reading manifest file '../../build/roboracer_py/roboracer_py.egg-info/SOURCES.txt'
[1.069s] writing manifest file '../../build/roboracer_py/roboracer_py.egg-info/SOURCES.txt'
[1.069s] running build
[1.069s] running build_py
[1.069s] running install
[1.069s] running install_lib
[1.070s] running install_data
[1.070s] running install_egg_info
[1.072s] removing '/home/loq/roboracer_ws/install/roboracer_py/lib/python3.10/site-packages/roboracer_py-0.0.0-py3.10.egg-info' (and everything under it)
[1.072s] Copying ../../build/roboracer_py/roboracer_py.egg-info to /home/loq/roboracer_ws/install/roboracer_py/lib/python3.10/site-packages/roboracer_py-0.0.0-py3.10.egg-info
[1.073s] running install_scripts
[1.090s] Installing disparity_extender script to /home/loq/roboracer_ws/install/roboracer_py/lib/roboracer_py
[1.090s] Installing gap_follow script to /home/loq/roboracer_ws/install/roboracer_py/lib/roboracer_py
[1.090s] writing list of installed files to '/home/loq/roboracer_ws/build/roboracer_py/install.log'
[1.119s] Invoked command in '/home/loq/roboracer_ws/src/roboracer_py' returned '0': PYTHONPATH=/home/loq/roboracer_ws/build/roboracer_py/prefix_override:/usr/lib/python3/dist-packages/colcon_core/task/python/colcon_distutils_commands:/home/loq/roboracer_ws/install/roboracer_py/lib/python3.10/site-packages:${PYTHONPATH} /usr/bin/python3 -W ignore:setup.py install is deprecated -W ignore:easy_install command is deprecated setup.py egg_info --egg-base ../../build/roboracer_py build --build-base /home/loq/roboracer_ws/build/roboracer_py/build install --record /home/loq/roboracer_ws/build/roboracer_py/install.log --single-version-externally-managed install_data
