-- Install configuration: ""
-- Execute custom install script
-- Up-to-date symlink: /home/loq/roboracer_ws/install/roboracer_controller/share/roboracer_controller/config/joy_config.yaml
-- Up-to-date symlink: /home/loq/roboracer_ws/install/roboracer_controller/share/roboracer_controller/config/joy_teleop.yaml
-- Up-to-date symlink: /home/loq/roboracer_ws/install/roboracer_controller/share/roboracer_controller/config/joystick_teleop.launch.yaml
-- Up-to-date symlink: /home/loq/roboracer_ws/install/roboracer_controller/share/roboracer_controller/config/roboracer_controller.yaml
-- Up-to-date symlink: /home/loq/roboracer_ws/install/roboracer_controller/share/roboracer_controller/config/twist_mux_joy.yaml
-- Up-to-date symlink: /home/loq/roboracer_ws/install/roboracer_controller/share/roboracer_controller/config/twist_mux_locks.yaml
-- Up-to-date symlink: /home/loq/roboracer_ws/install/roboracer_controller/share/roboracer_controller/config/twist_mux_topics.yaml
-- Up-to-date symlink: /home/loq/roboracer_ws/install/roboracer_controller/share/roboracer_controller/launch/controller.launch.py
-- Up-to-date symlink: /home/loq/roboracer_ws/install/roboracer_controller/share/roboracer_controller/launch/joystick_teleop.launch.py
-- Up-to-date symlink: /home/loq/roboracer_ws/install/roboracer_controller/lib/roboracer_controller/ackerman_controller.py
-- Up-to-date symlink: /home/loq/roboracer_ws/install/roboracer_controller/lib/roboracer_controller/ackermann_to_twist.py
-- Up-to-date symlink: /home/loq/roboracer_ws/install/roboracer_controller/lib/roboracer_controller/noisy_controller.py
-- Up-to-date symlink: /home/loq/roboracer_ws/install/roboracer_controller/lib/roboracer_controller/static_tf_publisher.py
-- Up-to-date symlink: /home/loq/roboracer_ws/install/roboracer_controller/lib/roboracer_controller/custom_robot_state_publisher.py
-- Up-to-date symlink: /home/loq/roboracer_ws/install/roboracer_controller/lib/roboracer_controller/twist_relay.py
-- Up-to-date symlink: /home/loq/roboracer_ws/install/roboracer_controller/share/ament_index/resource_index/package_run_dependencies/roboracer_controller
-- Up-to-date symlink: /home/loq/roboracer_ws/install/roboracer_controller/share/ament_index/resource_index/parent_prefix_path/roboracer_controller
-- Up-to-date symlink: /home/loq/roboracer_ws/install/roboracer_controller/share/roboracer_controller/environment/ament_prefix_path.sh
-- Up-to-date symlink: /home/loq/roboracer_ws/install/roboracer_controller/share/roboracer_controller/environment/ament_prefix_path.dsv
-- Up-to-date symlink: /home/loq/roboracer_ws/install/roboracer_controller/share/roboracer_controller/environment/path.sh
-- Up-to-date symlink: /home/loq/roboracer_ws/install/roboracer_controller/share/roboracer_controller/environment/path.dsv
-- Up-to-date symlink: /home/loq/roboracer_ws/install/roboracer_controller/share/roboracer_controller/local_setup.bash
-- Up-to-date symlink: /home/loq/roboracer_ws/install/roboracer_controller/share/roboracer_controller/local_setup.sh
-- Up-to-date symlink: /home/loq/roboracer_ws/install/roboracer_controller/share/roboracer_controller/local_setup.zsh
-- Up-to-date symlink: /home/loq/roboracer_ws/install/roboracer_controller/share/roboracer_controller/local_setup.dsv
-- Symlinking: /home/loq/roboracer_ws/install/roboracer_controller/share/roboracer_controller/package.dsv
-- Up-to-date symlink: /home/loq/roboracer_ws/install/roboracer_controller/share/ament_index/resource_index/packages/roboracer_controller
-- Up-to-date symlink: /home/loq/roboracer_ws/install/roboracer_controller/share/roboracer_controller/cmake/roboracer_controllerConfig.cmake
-- Up-to-date symlink: /home/loq/roboracer_ws/install/roboracer_controller/share/roboracer_controller/cmake/roboracer_controllerConfig-version.cmake
-- Up-to-date symlink: /home/loq/roboracer_ws/install/roboracer_controller/share/roboracer_controller/package.xml
