[0.127s] DEBUG:colcon:Command line arguments: ['/usr/bin/colcon', 'build']
[0.127s] DEBUG:colcon:Parsed command line arguments: Namespace(log_base=None, log_level=None, verb_name='build', build_base='build', install_base='install', merge_install=False, symlink_install=False, test_result_base=None, continue_on_error=False, executor='parallel', parallel_workers=8, event_handlers=None, ignore_user_meta=False, metas=['./colcon.meta'], base_paths=['.'], packages_ignore=None, packages_ignore_regex=None, paths=None, packages_up_to=None, packages_up_to_regex=None, packages_above=None, packages_above_and_dependencies=None, packages_above_depth=None, packages_select_by_dep=None, packages_skip_by_dep=None, packages_skip_up_to=None, packages_select_build_failed=False, packages_skip_build_finished=False, packages_select_test_failures=False, packages_skip_test_passed=False, packages_select=None, packages_skip=None, packages_select_regex=None, packages_skip_regex=None, packages_start=None, packages_end=None, allow_overriding=[], cmake_args=None, cmake_target=None, cmake_target_skip_unavailable=False, cmake_clean_cache=False, cmake_clean_first=False, cmake_force_configure=False, ament_cmake_args=None, catkin_cmake_args=None, catkin_skip_building_tests=False, verb_parser=<colcon_defaults.argument_parser.defaults.DefaultArgumentsDecorator object at 0x7210e745c850>, verb_extension=<colcon_core.verb.build.BuildVerb object at 0x7210e75a5c60>, main=<bound method BuildVerb.main of <colcon_core.verb.build.BuildVerb object at 0x7210e75a5c60>>)
[0.350s] Level 1:colcon.colcon_core.package_discovery:discover_packages(colcon_meta) check parameters
[0.350s] Level 1:colcon.colcon_core.package_discovery:discover_packages(recursive) check parameters
[0.350s] Level 1:colcon.colcon_core.package_discovery:discover_packages(ignore) check parameters
[0.350s] Level 1:colcon.colcon_core.package_discovery:discover_packages(path) check parameters
[0.350s] Level 1:colcon.colcon_core.package_discovery:discover_packages(colcon_meta) discover
[0.350s] Level 1:colcon.colcon_core.package_discovery:discover_packages(recursive) discover
[0.350s] INFO:colcon.colcon_core.package_discovery:Crawling recursively for packages in '/home/loq/roboracer_ws'
[0.350s] Level 1:colcon.colcon_core.package_identification:_identify(.) by extensions ['ignore', 'ignore_ament_install']
[0.350s] Level 1:colcon.colcon_core.package_identification:_identify(.) by extension 'ignore'
[0.350s] Level 1:colcon.colcon_core.package_identification:_identify(.) by extension 'ignore_ament_install'
[0.351s] Level 1:colcon.colcon_core.package_identification:_identify(.) by extensions ['colcon_pkg']
[0.351s] Level 1:colcon.colcon_core.package_identification:_identify(.) by extension 'colcon_pkg'
[0.351s] Level 1:colcon.colcon_core.package_identification:_identify(.) by extensions ['colcon_meta']
[0.351s] Level 1:colcon.colcon_core.package_identification:_identify(.) by extension 'colcon_meta'
[0.351s] Level 1:colcon.colcon_core.package_identification:_identify(.) by extensions ['ros']
[0.351s] Level 1:colcon.colcon_core.package_identification:_identify(.) by extension 'ros'
[0.364s] Level 1:colcon.colcon_core.package_identification:_identify(.) by extensions ['cmake', 'python']
[0.364s] Level 1:colcon.colcon_core.package_identification:_identify(.) by extension 'cmake'
[0.364s] Level 1:colcon.colcon_core.package_identification:_identify(.) by extension 'python'
[0.364s] Level 1:colcon.colcon_core.package_identification:_identify(.) by extensions ['python_setup_py']
[0.364s] Level 1:colcon.colcon_core.package_identification:_identify(.) by extension 'python_setup_py'
[0.364s] Level 1:colcon.colcon_core.package_identification:_identify(build) by extensions ['ignore', 'ignore_ament_install']
[0.364s] Level 1:colcon.colcon_core.package_identification:_identify(build) by extension 'ignore'
[0.364s] Level 1:colcon.colcon_core.package_identification:_identify(build) ignored
[0.364s] Level 1:colcon.colcon_core.package_identification:_identify(install) by extensions ['ignore', 'ignore_ament_install']
[0.365s] Level 1:colcon.colcon_core.package_identification:_identify(install) by extension 'ignore'
[0.365s] Level 1:colcon.colcon_core.package_identification:_identify(install) ignored
[0.365s] Level 1:colcon.colcon_core.package_identification:_identify(log) by extensions ['ignore', 'ignore_ament_install']
[0.365s] Level 1:colcon.colcon_core.package_identification:_identify(log) by extension 'ignore'
[0.365s] Level 1:colcon.colcon_core.package_identification:_identify(log) ignored
[0.365s] Level 1:colcon.colcon_core.package_identification:_identify(src) by extensions ['ignore', 'ignore_ament_install']
[0.365s] Level 1:colcon.colcon_core.package_identification:_identify(src) by extension 'ignore'
[0.365s] Level 1:colcon.colcon_core.package_identification:_identify(src) by extension 'ignore_ament_install'
[0.365s] Level 1:colcon.colcon_core.package_identification:_identify(src) by extensions ['colcon_pkg']
[0.365s] Level 1:colcon.colcon_core.package_identification:_identify(src) by extension 'colcon_pkg'
[0.365s] Level 1:colcon.colcon_core.package_identification:_identify(src) by extensions ['colcon_meta']
[0.365s] Level 1:colcon.colcon_core.package_identification:_identify(src) by extension 'colcon_meta'
[0.365s] Level 1:colcon.colcon_core.package_identification:_identify(src) by extensions ['ros']
[0.365s] Level 1:colcon.colcon_core.package_identification:_identify(src) by extension 'ros'
[0.365s] Level 1:colcon.colcon_core.package_identification:_identify(src) by extensions ['cmake', 'python']
[0.365s] Level 1:colcon.colcon_core.package_identification:_identify(src) by extension 'cmake'
[0.366s] Level 1:colcon.colcon_core.package_identification:_identify(src) by extension 'python'
[0.366s] Level 1:colcon.colcon_core.package_identification:_identify(src) by extensions ['python_setup_py']
[0.366s] Level 1:colcon.colcon_core.package_identification:_identify(src) by extension 'python_setup_py'
[0.366s] Level 1:colcon.colcon_core.package_identification:_identify(src/build) by extensions ['ignore', 'ignore_ament_install']
[0.366s] Level 1:colcon.colcon_core.package_identification:_identify(src/build) by extension 'ignore'
[0.366s] Level 1:colcon.colcon_core.package_identification:_identify(src/build) ignored
[0.366s] Level 1:colcon.colcon_core.package_identification:_identify(src/install) by extensions ['ignore', 'ignore_ament_install']
[0.366s] Level 1:colcon.colcon_core.package_identification:_identify(src/install) by extension 'ignore'
[0.366s] Level 1:colcon.colcon_core.package_identification:_identify(src/install) ignored
[0.366s] Level 1:colcon.colcon_core.package_identification:_identify(src/log) by extensions ['ignore', 'ignore_ament_install']
[0.366s] Level 1:colcon.colcon_core.package_identification:_identify(src/log) by extension 'ignore'
[0.366s] Level 1:colcon.colcon_core.package_identification:_identify(src/log) ignored
[0.366s] Level 1:colcon.colcon_core.package_identification:_identify(src/roboracer_controller) by extensions ['ignore', 'ignore_ament_install']
[0.366s] Level 1:colcon.colcon_core.package_identification:_identify(src/roboracer_controller) by extension 'ignore'
[0.367s] Level 1:colcon.colcon_core.package_identification:_identify(src/roboracer_controller) by extension 'ignore_ament_install'
[0.367s] Level 1:colcon.colcon_core.package_identification:_identify(src/roboracer_controller) by extensions ['colcon_pkg']
[0.367s] Level 1:colcon.colcon_core.package_identification:_identify(src/roboracer_controller) by extension 'colcon_pkg'
[0.367s] Level 1:colcon.colcon_core.package_identification:_identify(src/roboracer_controller) by extensions ['colcon_meta']
[0.367s] Level 1:colcon.colcon_core.package_identification:_identify(src/roboracer_controller) by extension 'colcon_meta'
[0.367s] Level 1:colcon.colcon_core.package_identification:_identify(src/roboracer_controller) by extensions ['ros']
[0.367s] Level 1:colcon.colcon_core.package_identification:_identify(src/roboracer_controller) by extension 'ros'
[0.381s] DEBUG:colcon.colcon_core.package_identification:Package 'src/roboracer_controller' with type 'ros.ament_cmake' and name 'roboracer_controller'
[0.381s] Level 1:colcon.colcon_core.package_identification:_identify(src/roboracer_description) by extensions ['ignore', 'ignore_ament_install']
[0.381s] Level 1:colcon.colcon_core.package_identification:_identify(src/roboracer_description) by extension 'ignore'
[0.381s] Level 1:colcon.colcon_core.package_identification:_identify(src/roboracer_description) by extension 'ignore_ament_install'
[0.381s] Level 1:colcon.colcon_core.package_identification:_identify(src/roboracer_description) by extensions ['colcon_pkg']
[0.381s] Level 1:colcon.colcon_core.package_identification:_identify(src/roboracer_description) by extension 'colcon_pkg'
[0.381s] Level 1:colcon.colcon_core.package_identification:_identify(src/roboracer_description) by extensions ['colcon_meta']
[0.381s] Level 1:colcon.colcon_core.package_identification:_identify(src/roboracer_description) by extension 'colcon_meta'
[0.381s] Level 1:colcon.colcon_core.package_identification:_identify(src/roboracer_description) by extensions ['ros']
[0.381s] Level 1:colcon.colcon_core.package_identification:_identify(src/roboracer_description) by extension 'ros'
[0.384s] DEBUG:colcon.colcon_core.package_identification:Package 'src/roboracer_description' with type 'ros.ament_cmake' and name 'roboracer_description'
[0.384s] Level 1:colcon.colcon_core.package_identification:_identify(src/roboracer_localization) by extensions ['ignore', 'ignore_ament_install']
[0.384s] Level 1:colcon.colcon_core.package_identification:_identify(src/roboracer_localization) by extension 'ignore'
[0.384s] Level 1:colcon.colcon_core.package_identification:_identify(src/roboracer_localization) by extension 'ignore_ament_install'
[0.385s] Level 1:colcon.colcon_core.package_identification:_identify(src/roboracer_localization) by extensions ['colcon_pkg']
[0.385s] Level 1:colcon.colcon_core.package_identification:_identify(src/roboracer_localization) by extension 'colcon_pkg'
[0.385s] Level 1:colcon.colcon_core.package_identification:_identify(src/roboracer_localization) by extensions ['colcon_meta']
[0.385s] Level 1:colcon.colcon_core.package_identification:_identify(src/roboracer_localization) by extension 'colcon_meta'
[0.385s] Level 1:colcon.colcon_core.package_identification:_identify(src/roboracer_localization) by extensions ['ros']
[0.385s] Level 1:colcon.colcon_core.package_identification:_identify(src/roboracer_localization) by extension 'ros'
[0.386s] DEBUG:colcon.colcon_core.package_identification:Package 'src/roboracer_localization' with type 'ros.ament_cmake' and name 'roboracer_localization'
[0.386s] Level 1:colcon.colcon_core.package_identification:_identify(src/roboracer_py) by extensions ['ignore', 'ignore_ament_install']
[0.386s] Level 1:colcon.colcon_core.package_identification:_identify(src/roboracer_py) by extension 'ignore'
[0.386s] Level 1:colcon.colcon_core.package_identification:_identify(src/roboracer_py) by extension 'ignore_ament_install'
[0.386s] Level 1:colcon.colcon_core.package_identification:_identify(src/roboracer_py) by extensions ['colcon_pkg']
[0.386s] Level 1:colcon.colcon_core.package_identification:_identify(src/roboracer_py) by extension 'colcon_pkg'
[0.386s] Level 1:colcon.colcon_core.package_identification:_identify(src/roboracer_py) by extensions ['colcon_meta']
[0.386s] Level 1:colcon.colcon_core.package_identification:_identify(src/roboracer_py) by extension 'colcon_meta'
[0.386s] Level 1:colcon.colcon_core.package_identification:_identify(src/roboracer_py) by extensions ['ros']
[0.386s] Level 1:colcon.colcon_core.package_identification:_identify(src/roboracer_py) by extension 'ros'
[0.387s] DEBUG:colcon.colcon_core.package_identification:Package 'src/roboracer_py' with type 'ros.ament_python' and name 'roboracer_py'
[0.387s] Level 1:colcon.colcon_core.package_identification:_identify(src/roboracer_visual_odom) by extensions ['ignore', 'ignore_ament_install']
[0.387s] Level 1:colcon.colcon_core.package_identification:_identify(src/roboracer_visual_odom) by extension 'ignore'
[0.388s] Level 1:colcon.colcon_core.package_identification:_identify(src/roboracer_visual_odom) by extension 'ignore_ament_install'
[0.388s] Level 1:colcon.colcon_core.package_identification:_identify(src/roboracer_visual_odom) by extensions ['colcon_pkg']
[0.388s] Level 1:colcon.colcon_core.package_identification:_identify(src/roboracer_visual_odom) by extension 'colcon_pkg'
[0.388s] Level 1:colcon.colcon_core.package_identification:_identify(src/roboracer_visual_odom) by extensions ['colcon_meta']
[0.388s] Level 1:colcon.colcon_core.package_identification:_identify(src/roboracer_visual_odom) by extension 'colcon_meta'
[0.388s] Level 1:colcon.colcon_core.package_identification:_identify(src/roboracer_visual_odom) by extensions ['ros']
[0.388s] Level 1:colcon.colcon_core.package_identification:_identify(src/roboracer_visual_odom) by extension 'ros'
[0.389s] DEBUG:colcon.colcon_core.package_identification:Package 'src/roboracer_visual_odom' with type 'ros.ament_cmake' and name 'roboracer_visual_odom'
[0.389s] Level 1:colcon.colcon_core.package_identification:_identify(src/roboracer_yolov8_detector) by extensions ['ignore', 'ignore_ament_install']
[0.389s] Level 1:colcon.colcon_core.package_identification:_identify(src/roboracer_yolov8_detector) by extension 'ignore'
[0.389s] Level 1:colcon.colcon_core.package_identification:_identify(src/roboracer_yolov8_detector) by extension 'ignore_ament_install'
[0.389s] Level 1:colcon.colcon_core.package_identification:_identify(src/roboracer_yolov8_detector) by extensions ['colcon_pkg']
[0.389s] Level 1:colcon.colcon_core.package_identification:_identify(src/roboracer_yolov8_detector) by extension 'colcon_pkg'
[0.389s] Level 1:colcon.colcon_core.package_identification:_identify(src/roboracer_yolov8_detector) by extensions ['colcon_meta']
[0.389s] Level 1:colcon.colcon_core.package_identification:_identify(src/roboracer_yolov8_detector) by extension 'colcon_meta'
[0.389s] Level 1:colcon.colcon_core.package_identification:_identify(src/roboracer_yolov8_detector) by extensions ['ros']
[0.389s] Level 1:colcon.colcon_core.package_identification:_identify(src/roboracer_yolov8_detector) by extension 'ros'
[0.390s] DEBUG:colcon.colcon_core.package_identification:Package 'src/roboracer_yolov8_detector' with type 'ros.ament_python' and name 'roboracer_yolov8_detector'
[0.390s] Level 1:colcon.colcon_core.package_discovery:discover_packages(recursive) using defaults
[0.390s] Level 1:colcon.colcon_core.package_discovery:discover_packages(ignore) discover
[0.390s] Level 1:colcon.colcon_core.package_discovery:discover_packages(ignore) using defaults
[0.390s] Level 1:colcon.colcon_core.package_discovery:discover_packages(path) discover
[0.390s] Level 1:colcon.colcon_core.package_discovery:discover_packages(path) using defaults
[0.414s] Level 1:colcon.colcon_core.package_discovery:discover_packages(prefix_path) check parameters
[0.414s] Level 1:colcon.colcon_core.package_discovery:discover_packages(prefix_path) discover
[0.417s] DEBUG:colcon.colcon_installed_package_information.package_discovery:Found 6 installed packages in /home/loq/roboracer_ws/install
[0.418s] DEBUG:colcon.colcon_installed_package_information.package_discovery:Found 5 installed packages in /home/loq/bumperbot_ws/install
[0.418s] DEBUG:colcon.colcon_installed_package_information.package_discovery:Found 4 installed packages in /home/loq/ros2_action_ws/install
[0.419s] DEBUG:colcon.colcon_installed_package_information.package_discovery:Found 3 installed packages in /home/loq/turtlebot3_ws/install
[0.419s] DEBUG:colcon.colcon_installed_package_information.package_discovery:Found 2 installed packages in /home/loq/drivingcar_ws/install
[0.420s] DEBUG:colcon.colcon_installed_package_information.package_discovery:Found 5 installed packages in /home/loq/Downloads/ros2-ackermann-vehicle-gz-sim-harmonic-nav2-main/install
[0.422s] DEBUG:colcon.colcon_installed_package_information.package_discovery:Found 351 installed packages in /opt/ros/humble
[0.424s] Level 1:colcon.colcon_core.package_discovery:discover_packages(prefix_path) using defaults
[0.474s] Level 5:colcon.colcon_core.verb:set package 'roboracer_controller' build argument 'cmake_args' from command line to 'None'
[0.474s] Level 5:colcon.colcon_core.verb:set package 'roboracer_controller' build argument 'cmake_target' from command line to 'None'
[0.474s] Level 5:colcon.colcon_core.verb:set package 'roboracer_controller' build argument 'cmake_target_skip_unavailable' from command line to 'False'
[0.474s] Level 5:colcon.colcon_core.verb:set package 'roboracer_controller' build argument 'cmake_clean_cache' from command line to 'False'
[0.474s] Level 5:colcon.colcon_core.verb:set package 'roboracer_controller' build argument 'cmake_clean_first' from command line to 'False'
[0.474s] Level 5:colcon.colcon_core.verb:set package 'roboracer_controller' build argument 'cmake_force_configure' from command line to 'False'
[0.474s] Level 5:colcon.colcon_core.verb:set package 'roboracer_controller' build argument 'ament_cmake_args' from command line to 'None'
[0.474s] Level 5:colcon.colcon_core.verb:set package 'roboracer_controller' build argument 'catkin_cmake_args' from command line to 'None'
[0.474s] Level 5:colcon.colcon_core.verb:set package 'roboracer_controller' build argument 'catkin_skip_building_tests' from command line to 'False'
[0.474s] DEBUG:colcon.colcon_core.verb:Building package 'roboracer_controller' with the following arguments: {'ament_cmake_args': None, 'build_base': '/home/loq/roboracer_ws/build/roboracer_controller', 'catkin_cmake_args': None, 'catkin_skip_building_tests': False, 'cmake_args': None, 'cmake_clean_cache': False, 'cmake_clean_first': False, 'cmake_force_configure': False, 'cmake_target': None, 'cmake_target_skip_unavailable': False, 'install_base': '/home/loq/roboracer_ws/install/roboracer_controller', 'merge_install': False, 'path': '/home/loq/roboracer_ws/src/roboracer_controller', 'symlink_install': False, 'test_result_base': None}
[0.474s] Level 5:colcon.colcon_core.verb:set package 'roboracer_description' build argument 'cmake_args' from command line to 'None'
[0.474s] Level 5:colcon.colcon_core.verb:set package 'roboracer_description' build argument 'cmake_target' from command line to 'None'
[0.474s] Level 5:colcon.colcon_core.verb:set package 'roboracer_description' build argument 'cmake_target_skip_unavailable' from command line to 'False'
[0.474s] Level 5:colcon.colcon_core.verb:set package 'roboracer_description' build argument 'cmake_clean_cache' from command line to 'False'
[0.474s] Level 5:colcon.colcon_core.verb:set package 'roboracer_description' build argument 'cmake_clean_first' from command line to 'False'
[0.475s] Level 5:colcon.colcon_core.verb:set package 'roboracer_description' build argument 'cmake_force_configure' from command line to 'False'
[0.475s] Level 5:colcon.colcon_core.verb:set package 'roboracer_description' build argument 'ament_cmake_args' from command line to 'None'
[0.475s] Level 5:colcon.colcon_core.verb:set package 'roboracer_description' build argument 'catkin_cmake_args' from command line to 'None'
[0.475s] Level 5:colcon.colcon_core.verb:set package 'roboracer_description' build argument 'catkin_skip_building_tests' from command line to 'False'
[0.475s] DEBUG:colcon.colcon_core.verb:Building package 'roboracer_description' with the following arguments: {'ament_cmake_args': None, 'build_base': '/home/loq/roboracer_ws/build/roboracer_description', 'catkin_cmake_args': None, 'catkin_skip_building_tests': False, 'cmake_args': None, 'cmake_clean_cache': False, 'cmake_clean_first': False, 'cmake_force_configure': False, 'cmake_target': None, 'cmake_target_skip_unavailable': False, 'install_base': '/home/loq/roboracer_ws/install/roboracer_description', 'merge_install': False, 'path': '/home/loq/roboracer_ws/src/roboracer_description', 'symlink_install': False, 'test_result_base': None}
[0.475s] Level 5:colcon.colcon_core.verb:set package 'roboracer_localization' build argument 'cmake_args' from command line to 'None'
[0.475s] Level 5:colcon.colcon_core.verb:set package 'roboracer_localization' build argument 'cmake_target' from command line to 'None'
[0.475s] Level 5:colcon.colcon_core.verb:set package 'roboracer_localization' build argument 'cmake_target_skip_unavailable' from command line to 'False'
[0.475s] Level 5:colcon.colcon_core.verb:set package 'roboracer_localization' build argument 'cmake_clean_cache' from command line to 'False'
[0.475s] Level 5:colcon.colcon_core.verb:set package 'roboracer_localization' build argument 'cmake_clean_first' from command line to 'False'
[0.475s] Level 5:colcon.colcon_core.verb:set package 'roboracer_localization' build argument 'cmake_force_configure' from command line to 'False'
[0.475s] Level 5:colcon.colcon_core.verb:set package 'roboracer_localization' build argument 'ament_cmake_args' from command line to 'None'
[0.475s] Level 5:colcon.colcon_core.verb:set package 'roboracer_localization' build argument 'catkin_cmake_args' from command line to 'None'
[0.475s] Level 5:colcon.colcon_core.verb:set package 'roboracer_localization' build argument 'catkin_skip_building_tests' from command line to 'False'
[0.475s] DEBUG:colcon.colcon_core.verb:Building package 'roboracer_localization' with the following arguments: {'ament_cmake_args': None, 'build_base': '/home/loq/roboracer_ws/build/roboracer_localization', 'catkin_cmake_args': None, 'catkin_skip_building_tests': False, 'cmake_args': None, 'cmake_clean_cache': False, 'cmake_clean_first': False, 'cmake_force_configure': False, 'cmake_target': None, 'cmake_target_skip_unavailable': False, 'install_base': '/home/loq/roboracer_ws/install/roboracer_localization', 'merge_install': False, 'path': '/home/loq/roboracer_ws/src/roboracer_localization', 'symlink_install': False, 'test_result_base': None}
[0.476s] Level 5:colcon.colcon_core.verb:set package 'roboracer_py' build argument 'cmake_args' from command line to 'None'
[0.476s] Level 5:colcon.colcon_core.verb:set package 'roboracer_py' build argument 'cmake_target' from command line to 'None'
[0.476s] Level 5:colcon.colcon_core.verb:set package 'roboracer_py' build argument 'cmake_target_skip_unavailable' from command line to 'False'
[0.476s] Level 5:colcon.colcon_core.verb:set package 'roboracer_py' build argument 'cmake_clean_cache' from command line to 'False'
[0.476s] Level 5:colcon.colcon_core.verb:set package 'roboracer_py' build argument 'cmake_clean_first' from command line to 'False'
[0.476s] Level 5:colcon.colcon_core.verb:set package 'roboracer_py' build argument 'cmake_force_configure' from command line to 'False'
[0.476s] Level 5:colcon.colcon_core.verb:set package 'roboracer_py' build argument 'ament_cmake_args' from command line to 'None'
[0.476s] Level 5:colcon.colcon_core.verb:set package 'roboracer_py' build argument 'catkin_cmake_args' from command line to 'None'
[0.476s] Level 5:colcon.colcon_core.verb:set package 'roboracer_py' build argument 'catkin_skip_building_tests' from command line to 'False'
[0.476s] DEBUG:colcon.colcon_core.verb:Building package 'roboracer_py' with the following arguments: {'ament_cmake_args': None, 'build_base': '/home/loq/roboracer_ws/build/roboracer_py', 'catkin_cmake_args': None, 'catkin_skip_building_tests': False, 'cmake_args': None, 'cmake_clean_cache': False, 'cmake_clean_first': False, 'cmake_force_configure': False, 'cmake_target': None, 'cmake_target_skip_unavailable': False, 'install_base': '/home/loq/roboracer_ws/install/roboracer_py', 'merge_install': False, 'path': '/home/loq/roboracer_ws/src/roboracer_py', 'symlink_install': False, 'test_result_base': None}
[0.476s] Level 5:colcon.colcon_core.verb:set package 'roboracer_visual_odom' build argument 'cmake_args' from command line to 'None'
[0.476s] Level 5:colcon.colcon_core.verb:set package 'roboracer_visual_odom' build argument 'cmake_target' from command line to 'None'
[0.476s] Level 5:colcon.colcon_core.verb:set package 'roboracer_visual_odom' build argument 'cmake_target_skip_unavailable' from command line to 'False'
[0.476s] Level 5:colcon.colcon_core.verb:set package 'roboracer_visual_odom' build argument 'cmake_clean_cache' from command line to 'False'
[0.476s] Level 5:colcon.colcon_core.verb:set package 'roboracer_visual_odom' build argument 'cmake_clean_first' from command line to 'False'
[0.476s] Level 5:colcon.colcon_core.verb:set package 'roboracer_visual_odom' build argument 'cmake_force_configure' from command line to 'False'
[0.476s] Level 5:colcon.colcon_core.verb:set package 'roboracer_visual_odom' build argument 'ament_cmake_args' from command line to 'None'
[0.476s] Level 5:colcon.colcon_core.verb:set package 'roboracer_visual_odom' build argument 'catkin_cmake_args' from command line to 'None'
[0.476s] Level 5:colcon.colcon_core.verb:set package 'roboracer_visual_odom' build argument 'catkin_skip_building_tests' from command line to 'False'
[0.476s] DEBUG:colcon.colcon_core.verb:Building package 'roboracer_visual_odom' with the following arguments: {'ament_cmake_args': None, 'build_base': '/home/loq/roboracer_ws/build/roboracer_visual_odom', 'catkin_cmake_args': None, 'catkin_skip_building_tests': False, 'cmake_args': None, 'cmake_clean_cache': False, 'cmake_clean_first': False, 'cmake_force_configure': False, 'cmake_target': None, 'cmake_target_skip_unavailable': False, 'install_base': '/home/loq/roboracer_ws/install/roboracer_visual_odom', 'merge_install': False, 'path': '/home/loq/roboracer_ws/src/roboracer_visual_odom', 'symlink_install': False, 'test_result_base': None}
[0.477s] Level 5:colcon.colcon_core.verb:set package 'roboracer_yolov8_detector' build argument 'cmake_args' from command line to 'None'
[0.477s] Level 5:colcon.colcon_core.verb:set package 'roboracer_yolov8_detector' build argument 'cmake_target' from command line to 'None'
[0.477s] Level 5:colcon.colcon_core.verb:set package 'roboracer_yolov8_detector' build argument 'cmake_target_skip_unavailable' from command line to 'False'
[0.477s] Level 5:colcon.colcon_core.verb:set package 'roboracer_yolov8_detector' build argument 'cmake_clean_cache' from command line to 'False'
[0.477s] Level 5:colcon.colcon_core.verb:set package 'roboracer_yolov8_detector' build argument 'cmake_clean_first' from command line to 'False'
[0.477s] Level 5:colcon.colcon_core.verb:set package 'roboracer_yolov8_detector' build argument 'cmake_force_configure' from command line to 'False'
[0.477s] Level 5:colcon.colcon_core.verb:set package 'roboracer_yolov8_detector' build argument 'ament_cmake_args' from command line to 'None'
[0.477s] Level 5:colcon.colcon_core.verb:set package 'roboracer_yolov8_detector' build argument 'catkin_cmake_args' from command line to 'None'
[0.477s] Level 5:colcon.colcon_core.verb:set package 'roboracer_yolov8_detector' build argument 'catkin_skip_building_tests' from command line to 'False'
[0.477s] DEBUG:colcon.colcon_core.verb:Building package 'roboracer_yolov8_detector' with the following arguments: {'ament_cmake_args': None, 'build_base': '/home/loq/roboracer_ws/build/roboracer_yolov8_detector', 'catkin_cmake_args': None, 'catkin_skip_building_tests': False, 'cmake_args': None, 'cmake_clean_cache': False, 'cmake_clean_first': False, 'cmake_force_configure': False, 'cmake_target': None, 'cmake_target_skip_unavailable': False, 'install_base': '/home/loq/roboracer_ws/install/roboracer_yolov8_detector', 'merge_install': False, 'path': '/home/loq/roboracer_ws/src/roboracer_yolov8_detector', 'symlink_install': False, 'test_result_base': None}
[0.477s] INFO:colcon.colcon_core.executor:Executing jobs using 'parallel' executor
[0.478s] DEBUG:colcon.colcon_parallel_executor.executor.parallel:run_until_complete
[0.479s] INFO:colcon.colcon_ros.task.ament_cmake.build:Building ROS package in '/home/loq/roboracer_ws/src/roboracer_controller' with build type 'ament_cmake'
[0.479s] INFO:colcon.colcon_cmake.task.cmake.build:Building CMake package in '/home/loq/roboracer_ws/src/roboracer_controller'
[0.481s] INFO:colcon.colcon_core.plugin_system:Skipping extension 'colcon_core.shell.bat': Not used on non-Windows systems
[0.482s] INFO:colcon.colcon_core.shell:Skip shell extension 'powershell' for command environment: Not usable outside of PowerShell
[0.482s] DEBUG:colcon.colcon_core.shell:Skip shell extension 'dsv' for command environment
[0.489s] INFO:colcon.colcon_ros.task.ament_cmake.build:Building ROS package in '/home/loq/roboracer_ws/src/roboracer_description' with build type 'ament_cmake'
[0.489s] INFO:colcon.colcon_cmake.task.cmake.build:Building CMake package in '/home/loq/roboracer_ws/src/roboracer_description'
[0.490s] INFO:colcon.colcon_core.shell:Skip shell extension 'powershell' for command environment: Not usable outside of PowerShell
[0.490s] DEBUG:colcon.colcon_core.shell:Skip shell extension 'dsv' for command environment
[0.497s] INFO:colcon.colcon_ros.task.ament_cmake.build:Building ROS package in '/home/loq/roboracer_ws/src/roboracer_localization' with build type 'ament_cmake'
[0.497s] INFO:colcon.colcon_cmake.task.cmake.build:Building CMake package in '/home/loq/roboracer_ws/src/roboracer_localization'
[0.498s] INFO:colcon.colcon_core.shell:Skip shell extension 'powershell' for command environment: Not usable outside of PowerShell
[0.498s] DEBUG:colcon.colcon_core.shell:Skip shell extension 'dsv' for command environment
[0.505s] INFO:colcon.colcon_ros.task.ament_python.build:Building ROS package in '/home/loq/roboracer_ws/src/roboracer_py' with build type 'ament_python'
[0.505s] Level 1:colcon.colcon_core.shell:create_environment_hook('roboracer_py', 'ament_prefix_path')
[0.505s] INFO:colcon.colcon_core.shell:Creating environment hook '/home/loq/roboracer_ws/install/roboracer_py/share/roboracer_py/hook/ament_prefix_path.ps1'
[0.506s] INFO:colcon.colcon_core.shell:Creating environment descriptor '/home/loq/roboracer_ws/install/roboracer_py/share/roboracer_py/hook/ament_prefix_path.dsv'
[0.506s] INFO:colcon.colcon_core.shell:Creating environment hook '/home/loq/roboracer_ws/install/roboracer_py/share/roboracer_py/hook/ament_prefix_path.sh'
[0.507s] INFO:colcon.colcon_core.shell:Skip shell extension 'powershell' for command environment: Not usable outside of PowerShell
[0.507s] DEBUG:colcon.colcon_core.shell:Skip shell extension 'dsv' for command environment
[0.514s] INFO:colcon.colcon_ros.task.ament_cmake.build:Building ROS package in '/home/loq/roboracer_ws/src/roboracer_visual_odom' with build type 'ament_cmake'
[0.515s] INFO:colcon.colcon_cmake.task.cmake.build:Building CMake package in '/home/loq/roboracer_ws/src/roboracer_visual_odom'
[0.515s] INFO:colcon.colcon_core.shell:Skip shell extension 'powershell' for command environment: Not usable outside of PowerShell
[0.515s] DEBUG:colcon.colcon_core.shell:Skip shell extension 'dsv' for command environment
[0.522s] INFO:colcon.colcon_ros.task.ament_python.build:Building ROS package in '/home/loq/roboracer_ws/src/roboracer_yolov8_detector' with build type 'ament_python'
[0.522s] Level 1:colcon.colcon_core.shell:create_environment_hook('roboracer_yolov8_detector', 'ament_prefix_path')
[0.522s] INFO:colcon.colcon_core.shell:Creating environment hook '/home/loq/roboracer_ws/install/roboracer_yolov8_detector/share/roboracer_yolov8_detector/hook/ament_prefix_path.ps1'
[0.523s] INFO:colcon.colcon_core.shell:Creating environment descriptor '/home/loq/roboracer_ws/install/roboracer_yolov8_detector/share/roboracer_yolov8_detector/hook/ament_prefix_path.dsv'
[0.523s] INFO:colcon.colcon_core.shell:Creating environment hook '/home/loq/roboracer_ws/install/roboracer_yolov8_detector/share/roboracer_yolov8_detector/hook/ament_prefix_path.sh'
[0.524s] INFO:colcon.colcon_core.shell:Skip shell extension 'powershell' for command environment: Not usable outside of PowerShell
[0.524s] DEBUG:colcon.colcon_core.shell:Skip shell extension 'dsv' for command environment
[0.538s] DEBUG:colcon.colcon_core.event_handler.log_command:Invoking command in '/home/loq/roboracer_ws/build/roboracer_controller': CMAKE_PREFIX_PATH=${CMAKE_PREFIX_PATH}:/home/loq/drivingcar_ws/install/self_driving_car_pkg:/home/loq/bumperbot_ws/install/bumperbot_py_example:/home/loq/roboracer_ws/install/roboracer_yolov8_detector:/home/loq/roboracer_ws/install/roboracer_py:/home/loq/ros2_action_ws/install/lifecycle_py:/home/loq/ros2_action_ws/install/action_py:/opt/ros/humble /usr/bin/cmake /home/loq/roboracer_ws/src/roboracer_controller -DCMAKE_INSTALL_PREFIX=/home/loq/roboracer_ws/install/roboracer_controller
[0.541s] DEBUG:colcon.colcon_core.event_handler.log_command:Invoking command in '/home/loq/roboracer_ws/build/roboracer_description': CMAKE_PREFIX_PATH=${CMAKE_PREFIX_PATH}:/home/loq/drivingcar_ws/install/self_driving_car_pkg:/home/loq/bumperbot_ws/install/bumperbot_py_example:/home/loq/roboracer_ws/install/roboracer_yolov8_detector:/home/loq/roboracer_ws/install/roboracer_py:/home/loq/ros2_action_ws/install/lifecycle_py:/home/loq/ros2_action_ws/install/action_py:/opt/ros/humble /usr/bin/cmake /home/loq/roboracer_ws/src/roboracer_description -DCMAKE_INSTALL_PREFIX=/home/loq/roboracer_ws/install/roboracer_description
[0.544s] DEBUG:colcon.colcon_core.event_handler.log_command:Invoking command in '/home/loq/roboracer_ws/build/roboracer_localization': CMAKE_PREFIX_PATH=${CMAKE_PREFIX_PATH}:/home/loq/drivingcar_ws/install/self_driving_car_pkg:/home/loq/bumperbot_ws/install/bumperbot_py_example:/home/loq/roboracer_ws/install/roboracer_yolov8_detector:/home/loq/roboracer_ws/install/roboracer_py:/home/loq/ros2_action_ws/install/lifecycle_py:/home/loq/ros2_action_ws/install/action_py:/opt/ros/humble /usr/bin/cmake /home/loq/roboracer_ws/src/roboracer_localization -DCMAKE_INSTALL_PREFIX=/home/loq/roboracer_ws/install/roboracer_localization
[0.796s] INFO:colcon.colcon_core.task.python.build:Building Python package in '/home/loq/roboracer_ws/src/roboracer_py'
[0.797s] INFO:colcon.colcon_core.shell:Skip shell extension 'powershell' for command environment: Not usable outside of PowerShell
[0.797s] DEBUG:colcon.colcon_core.shell:Skip shell extension 'dsv' for command environment
[0.806s] DEBUG:colcon.colcon_core.event_handler.log_command:Invoking command in '/home/loq/roboracer_ws/build/roboracer_visual_odom': CMAKE_PREFIX_PATH=${CMAKE_PREFIX_PATH}:/home/loq/drivingcar_ws/install/self_driving_car_pkg:/home/loq/bumperbot_ws/install/bumperbot_py_example:/home/loq/roboracer_ws/install/roboracer_yolov8_detector:/home/loq/roboracer_ws/install/roboracer_py:/home/loq/ros2_action_ws/install/lifecycle_py:/home/loq/ros2_action_ws/install/action_py:/opt/ros/humble /usr/bin/cmake /home/loq/roboracer_ws/src/roboracer_visual_odom -DCMAKE_INSTALL_PREFIX=/home/loq/roboracer_ws/install/roboracer_visual_odom
[1.050s] INFO:colcon.colcon_core.task.python.build:Building Python package in '/home/loq/roboracer_ws/src/roboracer_yolov8_detector'
[1.050s] INFO:colcon.colcon_core.shell:Skip shell extension 'powershell' for command environment: Not usable outside of PowerShell
[1.050s] DEBUG:colcon.colcon_core.shell:Skip shell extension 'dsv' for command environment
[1.056s] DEBUG:colcon.colcon_core.event_handler.log_command:Invoked command in '/home/loq/roboracer_ws/build/roboracer_description' returned '0': CMAKE_PREFIX_PATH=${CMAKE_PREFIX_PATH}:/home/loq/drivingcar_ws/install/self_driving_car_pkg:/home/loq/bumperbot_ws/install/bumperbot_py_example:/home/loq/roboracer_ws/install/roboracer_yolov8_detector:/home/loq/roboracer_ws/install/roboracer_py:/home/loq/ros2_action_ws/install/lifecycle_py:/home/loq/ros2_action_ws/install/action_py:/opt/ros/humble /usr/bin/cmake /home/loq/roboracer_ws/src/roboracer_description -DCMAKE_INSTALL_PREFIX=/home/loq/roboracer_ws/install/roboracer_description
[1.058s] DEBUG:colcon.colcon_core.event_handler.log_command:Invoking command in '/home/loq/roboracer_ws/build/roboracer_description': CMAKE_PREFIX_PATH=${CMAKE_PREFIX_PATH}:/home/loq/drivingcar_ws/install/self_driving_car_pkg:/home/loq/bumperbot_ws/install/bumperbot_py_example:/home/loq/roboracer_ws/install/roboracer_yolov8_detector:/home/loq/roboracer_ws/install/roboracer_py:/home/loq/ros2_action_ws/install/lifecycle_py:/home/loq/ros2_action_ws/install/action_py:/opt/ros/humble /usr/bin/cmake --build /home/loq/roboracer_ws/build/roboracer_description -- -j8 -l8
[1.060s] DEBUG:colcon.colcon_core.event_handler.log_command:Invoked command in '/home/loq/roboracer_ws/build/roboracer_localization' returned '0': CMAKE_PREFIX_PATH=${CMAKE_PREFIX_PATH}:/home/loq/drivingcar_ws/install/self_driving_car_pkg:/home/loq/bumperbot_ws/install/bumperbot_py_example:/home/loq/roboracer_ws/install/roboracer_yolov8_detector:/home/loq/roboracer_ws/install/roboracer_py:/home/loq/ros2_action_ws/install/lifecycle_py:/home/loq/ros2_action_ws/install/action_py:/opt/ros/humble /usr/bin/cmake /home/loq/roboracer_ws/src/roboracer_localization -DCMAKE_INSTALL_PREFIX=/home/loq/roboracer_ws/install/roboracer_localization
[1.062s] DEBUG:colcon.colcon_core.event_handler.log_command:Invoking command in '/home/loq/roboracer_ws/build/roboracer_localization': CMAKE_PREFIX_PATH=${CMAKE_PREFIX_PATH}:/home/loq/drivingcar_ws/install/self_driving_car_pkg:/home/loq/bumperbot_ws/install/bumperbot_py_example:/home/loq/roboracer_ws/install/roboracer_yolov8_detector:/home/loq/roboracer_ws/install/roboracer_py:/home/loq/ros2_action_ws/install/lifecycle_py:/home/loq/ros2_action_ws/install/action_py:/opt/ros/humble /usr/bin/cmake --build /home/loq/roboracer_ws/build/roboracer_localization -- -j8 -l8
[1.062s] DEBUG:colcon.colcon_core.event_handler.log_command:Invoked command in '/home/loq/roboracer_ws/build/roboracer_controller' returned '0': CMAKE_PREFIX_PATH=${CMAKE_PREFIX_PATH}:/home/loq/drivingcar_ws/install/self_driving_car_pkg:/home/loq/bumperbot_ws/install/bumperbot_py_example:/home/loq/roboracer_ws/install/roboracer_yolov8_detector:/home/loq/roboracer_ws/install/roboracer_py:/home/loq/ros2_action_ws/install/lifecycle_py:/home/loq/ros2_action_ws/install/action_py:/opt/ros/humble /usr/bin/cmake /home/loq/roboracer_ws/src/roboracer_controller -DCMAKE_INSTALL_PREFIX=/home/loq/roboracer_ws/install/roboracer_controller
[1.064s] DEBUG:colcon.colcon_core.event_handler.log_command:Invoking command in '/home/loq/roboracer_ws/build/roboracer_controller': CMAKE_PREFIX_PATH=${CMAKE_PREFIX_PATH}:/home/loq/drivingcar_ws/install/self_driving_car_pkg:/home/loq/bumperbot_ws/install/bumperbot_py_example:/home/loq/roboracer_ws/install/roboracer_yolov8_detector:/home/loq/roboracer_ws/install/roboracer_py:/home/loq/ros2_action_ws/install/lifecycle_py:/home/loq/ros2_action_ws/install/action_py:/opt/ros/humble /usr/bin/cmake --build /home/loq/roboracer_ws/build/roboracer_controller -- -j8 -l8
[1.096s] DEBUG:colcon.colcon_core.event_handler.log_command:Invoked command in '/home/loq/roboracer_ws/build/roboracer_description' returned '0': CMAKE_PREFIX_PATH=${CMAKE_PREFIX_PATH}:/home/loq/drivingcar_ws/install/self_driving_car_pkg:/home/loq/bumperbot_ws/install/bumperbot_py_example:/home/loq/roboracer_ws/install/roboracer_yolov8_detector:/home/loq/roboracer_ws/install/roboracer_py:/home/loq/ros2_action_ws/install/lifecycle_py:/home/loq/ros2_action_ws/install/action_py:/opt/ros/humble /usr/bin/cmake --build /home/loq/roboracer_ws/build/roboracer_description -- -j8 -l8
[1.108s] DEBUG:colcon.colcon_core.event_handler.log_command:Invoking command in '/home/loq/roboracer_ws/build/roboracer_description': CMAKE_PREFIX_PATH=${CMAKE_PREFIX_PATH}:/home/loq/drivingcar_ws/install/self_driving_car_pkg:/home/loq/bumperbot_ws/install/bumperbot_py_example:/home/loq/roboracer_ws/install/roboracer_yolov8_detector:/home/loq/roboracer_ws/install/roboracer_py:/home/loq/ros2_action_ws/install/lifecycle_py:/home/loq/ros2_action_ws/install/action_py:/opt/ros/humble /usr/bin/cmake --install /home/loq/roboracer_ws/build/roboracer_description
[1.109s] DEBUG:colcon.colcon_core.event_handler.log_command:Invoked command in '/home/loq/roboracer_ws/build/roboracer_localization' returned '0': CMAKE_PREFIX_PATH=${CMAKE_PREFIX_PATH}:/home/loq/drivingcar_ws/install/self_driving_car_pkg:/home/loq/bumperbot_ws/install/bumperbot_py_example:/home/loq/roboracer_ws/install/roboracer_yolov8_detector:/home/loq/roboracer_ws/install/roboracer_py:/home/loq/ros2_action_ws/install/lifecycle_py:/home/loq/ros2_action_ws/install/action_py:/opt/ros/humble /usr/bin/cmake --build /home/loq/roboracer_ws/build/roboracer_localization -- -j8 -l8
[1.111s] DEBUG:colcon.colcon_core.event_handler.log_command:Invoking command in '/home/loq/roboracer_ws/build/roboracer_localization': CMAKE_PREFIX_PATH=${CMAKE_PREFIX_PATH}:/home/loq/drivingcar_ws/install/self_driving_car_pkg:/home/loq/bumperbot_ws/install/bumperbot_py_example:/home/loq/roboracer_ws/install/roboracer_yolov8_detector:/home/loq/roboracer_ws/install/roboracer_py:/home/loq/ros2_action_ws/install/lifecycle_py:/home/loq/ros2_action_ws/install/action_py:/opt/ros/humble /usr/bin/cmake --install /home/loq/roboracer_ws/build/roboracer_localization
[1.114s] DEBUG:colcon.colcon_core.event_handler.log_command:Invoked command in '/home/loq/roboracer_ws/build/roboracer_controller' returned '0': CMAKE_PREFIX_PATH=${CMAKE_PREFIX_PATH}:/home/loq/drivingcar_ws/install/self_driving_car_pkg:/home/loq/bumperbot_ws/install/bumperbot_py_example:/home/loq/roboracer_ws/install/roboracer_yolov8_detector:/home/loq/roboracer_ws/install/roboracer_py:/home/loq/ros2_action_ws/install/lifecycle_py:/home/loq/ros2_action_ws/install/action_py:/opt/ros/humble /usr/bin/cmake --build /home/loq/roboracer_ws/build/roboracer_controller -- -j8 -l8
[1.116s] DEBUG:colcon.colcon_core.event_handler.log_command:Invoking command in '/home/loq/roboracer_ws/build/roboracer_controller': CMAKE_PREFIX_PATH=${CMAKE_PREFIX_PATH}:/home/loq/drivingcar_ws/install/self_driving_car_pkg:/home/loq/bumperbot_ws/install/bumperbot_py_example:/home/loq/roboracer_ws/install/roboracer_yolov8_detector:/home/loq/roboracer_ws/install/roboracer_py:/home/loq/ros2_action_ws/install/lifecycle_py:/home/loq/ros2_action_ws/install/action_py:/opt/ros/humble /usr/bin/cmake --install /home/loq/roboracer_ws/build/roboracer_controller
[1.141s] Level 1:colcon.colcon_core.environment:create_environment_scripts_only(roboracer_localization)
[1.141s] DEBUG:colcon.colcon_core.event_handler.log_command:Invoked command in '/home/loq/roboracer_ws/build/roboracer_localization' returned '0': CMAKE_PREFIX_PATH=${CMAKE_PREFIX_PATH}:/home/loq/drivingcar_ws/install/self_driving_car_pkg:/home/loq/bumperbot_ws/install/bumperbot_py_example:/home/loq/roboracer_ws/install/roboracer_yolov8_detector:/home/loq/roboracer_ws/install/roboracer_py:/home/loq/ros2_action_ws/install/lifecycle_py:/home/loq/ros2_action_ws/install/action_py:/opt/ros/humble /usr/bin/cmake --install /home/loq/roboracer_ws/build/roboracer_localization
[1.148s] Level 1:colcon.colcon_core.environment:checking '/home/loq/roboracer_ws/install/roboracer_localization' for CMake module files
[1.150s] Level 1:colcon.colcon_core.environment:checking '/home/loq/roboracer_ws/install/roboracer_localization' for CMake config files
[1.152s] Level 1:colcon.colcon_core.shell:create_environment_hook('roboracer_localization', 'cmake_prefix_path')
[1.153s] INFO:colcon.colcon_core.shell:Creating environment hook '/home/loq/roboracer_ws/install/roboracer_localization/share/roboracer_localization/hook/cmake_prefix_path.ps1'
[1.154s] INFO:colcon.colcon_core.shell:Creating environment descriptor '/home/loq/roboracer_ws/install/roboracer_localization/share/roboracer_localization/hook/cmake_prefix_path.dsv'
[1.156s] INFO:colcon.colcon_core.shell:Creating environment hook '/home/loq/roboracer_ws/install/roboracer_localization/share/roboracer_localization/hook/cmake_prefix_path.sh'
[1.157s] Level 1:colcon.colcon_core.environment:checking '/home/loq/roboracer_ws/install/roboracer_localization/lib'
[1.157s] Level 1:colcon.colcon_core.environment:checking '/home/loq/roboracer_ws/install/roboracer_localization/bin'
[1.157s] Level 1:colcon.colcon_core.environment:checking '/home/loq/roboracer_ws/install/roboracer_localization/lib/pkgconfig/roboracer_localization.pc'
[1.158s] Level 1:colcon.colcon_core.environment:checking '/home/loq/roboracer_ws/install/roboracer_localization/lib/python3.10/site-packages'
[1.159s] Level 1:colcon.colcon_core.environment:checking '/home/loq/roboracer_ws/install/roboracer_localization/bin'
[1.159s] INFO:colcon.colcon_core.shell:Creating package script '/home/loq/roboracer_ws/install/roboracer_localization/share/roboracer_localization/package.ps1'
[1.160s] INFO:colcon.colcon_core.shell:Creating package descriptor '/home/loq/roboracer_ws/install/roboracer_localization/share/roboracer_localization/package.dsv'
[1.161s] INFO:colcon.colcon_core.shell:Creating package script '/home/loq/roboracer_ws/install/roboracer_localization/share/roboracer_localization/package.sh'
[1.162s] INFO:colcon.colcon_core.shell:Creating package script '/home/loq/roboracer_ws/install/roboracer_localization/share/roboracer_localization/package.bash'
[1.163s] INFO:colcon.colcon_core.shell:Creating package script '/home/loq/roboracer_ws/install/roboracer_localization/share/roboracer_localization/package.zsh'
[1.164s] Level 1:colcon.colcon_core.environment:create_file_with_runtime_dependencies(/home/loq/roboracer_ws/install/roboracer_localization/share/colcon-core/packages/roboracer_localization)
[1.167s] Level 1:colcon.colcon_core.environment:create_environment_scripts_only(roboracer_localization)
[1.167s] Level 1:colcon.colcon_core.environment:checking '/home/loq/roboracer_ws/install/roboracer_localization' for CMake module files
[1.170s] Level 1:colcon.colcon_core.environment:checking '/home/loq/roboracer_ws/install/roboracer_localization' for CMake config files
[1.173s] Level 1:colcon.colcon_core.shell:create_environment_hook('roboracer_localization', 'cmake_prefix_path')
[1.174s] INFO:colcon.colcon_core.shell:Creating environment hook '/home/loq/roboracer_ws/install/roboracer_localization/share/roboracer_localization/hook/cmake_prefix_path.ps1'
[1.175s] INFO:colcon.colcon_core.shell:Creating environment descriptor '/home/loq/roboracer_ws/install/roboracer_localization/share/roboracer_localization/hook/cmake_prefix_path.dsv'
[1.176s] INFO:colcon.colcon_core.shell:Creating environment hook '/home/loq/roboracer_ws/install/roboracer_localization/share/roboracer_localization/hook/cmake_prefix_path.sh'
[1.179s] Level 1:colcon.colcon_core.environment:checking '/home/loq/roboracer_ws/install/roboracer_localization/lib'
[1.180s] Level 1:colcon.colcon_core.environment:checking '/home/loq/roboracer_ws/install/roboracer_localization/bin'
[1.180s] Level 1:colcon.colcon_core.environment:checking '/home/loq/roboracer_ws/install/roboracer_localization/lib/pkgconfig/roboracer_localization.pc'
[1.180s] Level 1:colcon.colcon_core.environment:checking '/home/loq/roboracer_ws/install/roboracer_localization/lib/python3.10/site-packages'
[1.180s] Level 1:colcon.colcon_core.environment:checking '/home/loq/roboracer_ws/install/roboracer_localization/bin'
[1.181s] INFO:colcon.colcon_core.shell:Creating package script '/home/loq/roboracer_ws/install/roboracer_localization/share/roboracer_localization/package.ps1'
[1.182s] INFO:colcon.colcon_core.shell:Creating package descriptor '/home/loq/roboracer_ws/install/roboracer_localization/share/roboracer_localization/package.dsv'
[1.183s] INFO:colcon.colcon_core.shell:Creating package script '/home/loq/roboracer_ws/install/roboracer_localization/share/roboracer_localization/package.sh'
[1.185s] INFO:colcon.colcon_core.shell:Creating package script '/home/loq/roboracer_ws/install/roboracer_localization/share/roboracer_localization/package.bash'
[1.186s] INFO:colcon.colcon_core.shell:Creating package script '/home/loq/roboracer_ws/install/roboracer_localization/share/roboracer_localization/package.zsh'
[1.188s] Level 1:colcon.colcon_core.environment:create_file_with_runtime_dependencies(/home/loq/roboracer_ws/install/roboracer_localization/share/colcon-core/packages/roboracer_localization)
[1.191s] Level 1:colcon.colcon_core.environment:create_environment_scripts_only(roboracer_controller)
[1.191s] Level 1:colcon.colcon_core.environment:checking '/home/loq/roboracer_ws/install/roboracer_controller' for CMake module files
[1.198s] Level 1:colcon.colcon_core.environment:checking '/home/loq/roboracer_ws/install/roboracer_controller' for CMake config files
[1.201s] Level 1:colcon.colcon_core.shell:create_environment_hook('roboracer_controller', 'cmake_prefix_path')
[1.201s] INFO:colcon.colcon_core.shell:Creating environment hook '/home/loq/roboracer_ws/install/roboracer_controller/share/roboracer_controller/hook/cmake_prefix_path.ps1'
[1.203s] INFO:colcon.colcon_core.shell:Creating environment descriptor '/home/loq/roboracer_ws/install/roboracer_controller/share/roboracer_controller/hook/cmake_prefix_path.dsv'
[1.205s] INFO:colcon.colcon_core.shell:Creating environment hook '/home/loq/roboracer_ws/install/roboracer_controller/share/roboracer_controller/hook/cmake_prefix_path.sh'
[1.206s] Level 1:colcon.colcon_core.environment:checking '/home/loq/roboracer_ws/install/roboracer_controller/lib'
[1.207s] Level 1:colcon.colcon_core.environment:checking '/home/loq/roboracer_ws/install/roboracer_controller/bin'
[1.207s] Level 1:colcon.colcon_core.environment:checking '/home/loq/roboracer_ws/install/roboracer_controller/lib/pkgconfig/roboracer_controller.pc'
[1.207s] Level 1:colcon.colcon_core.environment:checking '/home/loq/roboracer_ws/install/roboracer_controller/lib/python3.10/site-packages'
[1.207s] Level 1:colcon.colcon_core.environment:checking '/home/loq/roboracer_ws/install/roboracer_controller/bin'
[1.208s] INFO:colcon.colcon_core.shell:Creating package script '/home/loq/roboracer_ws/install/roboracer_controller/share/roboracer_controller/package.ps1'
[1.209s] INFO:colcon.colcon_core.shell:Creating package descriptor '/home/loq/roboracer_ws/install/roboracer_controller/share/roboracer_controller/package.dsv'
[1.210s] INFO:colcon.colcon_core.shell:Creating package script '/home/loq/roboracer_ws/install/roboracer_controller/share/roboracer_controller/package.sh'
[1.210s] DEBUG:colcon.colcon_core.event_handler.log_command:Invoked command in '/home/loq/roboracer_ws/build/roboracer_controller' returned '0': CMAKE_PREFIX_PATH=${CMAKE_PREFIX_PATH}:/home/loq/drivingcar_ws/install/self_driving_car_pkg:/home/loq/bumperbot_ws/install/bumperbot_py_example:/home/loq/roboracer_ws/install/roboracer_yolov8_detector:/home/loq/roboracer_ws/install/roboracer_py:/home/loq/ros2_action_ws/install/lifecycle_py:/home/loq/ros2_action_ws/install/action_py:/opt/ros/humble /usr/bin/cmake --install /home/loq/roboracer_ws/build/roboracer_controller
[1.211s] INFO:colcon.colcon_core.shell:Creating package script '/home/loq/roboracer_ws/install/roboracer_controller/share/roboracer_controller/package.bash'
[1.213s] INFO:colcon.colcon_core.shell:Creating package script '/home/loq/roboracer_ws/install/roboracer_controller/share/roboracer_controller/package.zsh'
[1.215s] Level 1:colcon.colcon_core.environment:create_file_with_runtime_dependencies(/home/loq/roboracer_ws/install/roboracer_controller/share/colcon-core/packages/roboracer_controller)
[1.218s] Level 1:colcon.colcon_core.environment:create_environment_scripts_only(roboracer_controller)
[1.218s] Level 1:colcon.colcon_core.environment:checking '/home/loq/roboracer_ws/install/roboracer_controller' for CMake module files
[1.221s] Level 1:colcon.colcon_core.environment:checking '/home/loq/roboracer_ws/install/roboracer_controller' for CMake config files
[1.222s] Level 1:colcon.colcon_core.shell:create_environment_hook('roboracer_controller', 'cmake_prefix_path')
[1.222s] INFO:colcon.colcon_core.shell:Creating environment hook '/home/loq/roboracer_ws/install/roboracer_controller/share/roboracer_controller/hook/cmake_prefix_path.ps1'
[1.222s] INFO:colcon.colcon_core.shell:Creating environment descriptor '/home/loq/roboracer_ws/install/roboracer_controller/share/roboracer_controller/hook/cmake_prefix_path.dsv'
[1.223s] INFO:colcon.colcon_core.shell:Creating environment hook '/home/loq/roboracer_ws/install/roboracer_controller/share/roboracer_controller/hook/cmake_prefix_path.sh'
[1.223s] Level 1:colcon.colcon_core.environment:checking '/home/loq/roboracer_ws/install/roboracer_controller/lib'
[1.223s] Level 1:colcon.colcon_core.environment:checking '/home/loq/roboracer_ws/install/roboracer_controller/bin'
[1.223s] Level 1:colcon.colcon_core.environment:checking '/home/loq/roboracer_ws/install/roboracer_controller/lib/pkgconfig/roboracer_controller.pc'
[1.223s] Level 1:colcon.colcon_core.environment:checking '/home/loq/roboracer_ws/install/roboracer_controller/lib/python3.10/site-packages'
[1.224s] Level 1:colcon.colcon_core.environment:checking '/home/loq/roboracer_ws/install/roboracer_controller/bin'
[1.224s] INFO:colcon.colcon_core.shell:Creating package script '/home/loq/roboracer_ws/install/roboracer_controller/share/roboracer_controller/package.ps1'
[1.224s] INFO:colcon.colcon_core.shell:Creating package descriptor '/home/loq/roboracer_ws/install/roboracer_controller/share/roboracer_controller/package.dsv'
[1.224s] INFO:colcon.colcon_core.shell:Creating package script '/home/loq/roboracer_ws/install/roboracer_controller/share/roboracer_controller/package.sh'
[1.225s] INFO:colcon.colcon_core.shell:Creating package script '/home/loq/roboracer_ws/install/roboracer_controller/share/roboracer_controller/package.bash'
[1.225s] INFO:colcon.colcon_core.shell:Creating package script '/home/loq/roboracer_ws/install/roboracer_controller/share/roboracer_controller/package.zsh'
[1.225s] Level 1:colcon.colcon_core.environment:create_file_with_runtime_dependencies(/home/loq/roboracer_ws/install/roboracer_controller/share/colcon-core/packages/roboracer_controller)
[1.226s] Level 1:colcon.colcon_core.environment:create_environment_scripts_only(roboracer_description)
[1.227s] Level 1:colcon.colcon_core.environment:checking '/home/loq/roboracer_ws/install/roboracer_description' for CMake module files
[1.228s] DEBUG:colcon.colcon_core.event_handler.log_command:Invoked command in '/home/loq/roboracer_ws/build/roboracer_description' returned '0': CMAKE_PREFIX_PATH=${CMAKE_PREFIX_PATH}:/home/loq/drivingcar_ws/install/self_driving_car_pkg:/home/loq/bumperbot_ws/install/bumperbot_py_example:/home/loq/roboracer_ws/install/roboracer_yolov8_detector:/home/loq/roboracer_ws/install/roboracer_py:/home/loq/ros2_action_ws/install/lifecycle_py:/home/loq/ros2_action_ws/install/action_py:/opt/ros/humble /usr/bin/cmake --install /home/loq/roboracer_ws/build/roboracer_description
[1.228s] Level 1:colcon.colcon_core.environment:checking '/home/loq/roboracer_ws/install/roboracer_description' for CMake config files
[1.245s] Level 1:colcon.colcon_core.shell:create_environment_hook('roboracer_description', 'cmake_prefix_path')
[1.246s] INFO:colcon.colcon_core.shell:Creating environment hook '/home/loq/roboracer_ws/install/roboracer_description/share/roboracer_description/hook/cmake_prefix_path.ps1'
[1.246s] INFO:colcon.colcon_core.shell:Creating environment descriptor '/home/loq/roboracer_ws/install/roboracer_description/share/roboracer_description/hook/cmake_prefix_path.dsv'
[1.247s] INFO:colcon.colcon_core.shell:Creating environment hook '/home/loq/roboracer_ws/install/roboracer_description/share/roboracer_description/hook/cmake_prefix_path.sh'
[1.247s] Level 1:colcon.colcon_core.environment:checking '/home/loq/roboracer_ws/install/roboracer_description/bin'
[1.247s] Level 1:colcon.colcon_core.environment:checking '/home/loq/roboracer_ws/install/roboracer_description/lib/pkgconfig/roboracer_description.pc'
[1.247s] Level 1:colcon.colcon_core.environment:checking '/home/loq/roboracer_ws/install/roboracer_description/lib/python3.10/site-packages'
[1.248s] Level 1:colcon.colcon_core.environment:checking '/home/loq/roboracer_ws/install/roboracer_description/bin'
[1.248s] INFO:colcon.colcon_core.shell:Creating package script '/home/loq/roboracer_ws/install/roboracer_description/share/roboracer_description/package.ps1'
[1.248s] INFO:colcon.colcon_core.shell:Creating package descriptor '/home/loq/roboracer_ws/install/roboracer_description/share/roboracer_description/package.dsv'
[1.249s] INFO:colcon.colcon_core.shell:Creating package script '/home/loq/roboracer_ws/install/roboracer_description/share/roboracer_description/package.sh'
[1.249s] INFO:colcon.colcon_core.shell:Creating package script '/home/loq/roboracer_ws/install/roboracer_description/share/roboracer_description/package.bash'
[1.250s] INFO:colcon.colcon_core.shell:Creating package script '/home/loq/roboracer_ws/install/roboracer_description/share/roboracer_description/package.zsh'
[1.250s] Level 1:colcon.colcon_core.environment:create_file_with_runtime_dependencies(/home/loq/roboracer_ws/install/roboracer_description/share/colcon-core/packages/roboracer_description)
[1.251s] Level 1:colcon.colcon_core.environment:create_environment_scripts_only(roboracer_description)
[1.251s] Level 1:colcon.colcon_core.environment:checking '/home/loq/roboracer_ws/install/roboracer_description' for CMake module files
[1.251s] Level 1:colcon.colcon_core.environment:checking '/home/loq/roboracer_ws/install/roboracer_description' for CMake config files
[1.267s] Level 1:colcon.colcon_core.shell:create_environment_hook('roboracer_description', 'cmake_prefix_path')
[1.268s] INFO:colcon.colcon_core.shell:Creating environment hook '/home/loq/roboracer_ws/install/roboracer_description/share/roboracer_description/hook/cmake_prefix_path.ps1'
[1.268s] INFO:colcon.colcon_core.shell:Creating environment descriptor '/home/loq/roboracer_ws/install/roboracer_description/share/roboracer_description/hook/cmake_prefix_path.dsv'
[1.269s] INFO:colcon.colcon_core.shell:Creating environment hook '/home/loq/roboracer_ws/install/roboracer_description/share/roboracer_description/hook/cmake_prefix_path.sh'
[1.269s] Level 1:colcon.colcon_core.environment:checking '/home/loq/roboracer_ws/install/roboracer_description/bin'
[1.269s] Level 1:colcon.colcon_core.environment:checking '/home/loq/roboracer_ws/install/roboracer_description/lib/pkgconfig/roboracer_description.pc'
[1.270s] Level 1:colcon.colcon_core.environment:checking '/home/loq/roboracer_ws/install/roboracer_description/lib/python3.10/site-packages'
[1.270s] Level 1:colcon.colcon_core.environment:checking '/home/loq/roboracer_ws/install/roboracer_description/bin'
[1.270s] INFO:colcon.colcon_core.shell:Creating package script '/home/loq/roboracer_ws/install/roboracer_description/share/roboracer_description/package.ps1'
[1.271s] INFO:colcon.colcon_core.shell:Creating package descriptor '/home/loq/roboracer_ws/install/roboracer_description/share/roboracer_description/package.dsv'
[1.271s] INFO:colcon.colcon_core.shell:Creating package script '/home/loq/roboracer_ws/install/roboracer_description/share/roboracer_description/package.sh'
[1.271s] INFO:colcon.colcon_core.shell:Creating package script '/home/loq/roboracer_ws/install/roboracer_description/share/roboracer_description/package.bash'
[1.272s] INFO:colcon.colcon_core.shell:Creating package script '/home/loq/roboracer_ws/install/roboracer_description/share/roboracer_description/package.zsh'
[1.272s] Level 1:colcon.colcon_core.environment:create_file_with_runtime_dependencies(/home/loq/roboracer_ws/install/roboracer_description/share/colcon-core/packages/roboracer_description)
[1.432s] DEBUG:colcon.colcon_core.event_handler.log_command:Invoking command in '/home/loq/roboracer_ws/build/roboracer_py': PYTHONPATH=/home/loq/roboracer_ws/build/roboracer_py/prefix_override:/usr/lib/python3/dist-packages/colcon_core/task/python/colcon_distutils_commands:/home/loq/roboracer_ws/install/roboracer_py/lib/python3.10/site-packages:${PYTHONPATH} /usr/bin/python3 -W ignore:setup.py install is deprecated -W ignore:easy_install command is deprecated setup.py develop --uninstall --editable --build-directory /home/loq/roboracer_ws/build/roboracer_py/build
[1.447s] DEBUG:colcon.colcon_core.event_handler.log_command:Invoking command in '/home/loq/roboracer_ws/build/roboracer_yolov8_detector': PYTHONPATH=/home/loq/roboracer_ws/build/roboracer_yolov8_detector/prefix_override:/usr/lib/python3/dist-packages/colcon_core/task/python/colcon_distutils_commands:/home/loq/roboracer_ws/install/roboracer_yolov8_detector/lib/python3.10/site-packages:${PYTHONPATH} /usr/bin/python3 -W ignore:setup.py install is deprecated -W ignore:easy_install command is deprecated setup.py develop --uninstall --editable --build-directory /home/loq/roboracer_ws/build/roboracer_yolov8_detector/build
[1.872s] DEBUG:colcon.colcon_core.event_handler.log_command:Invoked command in '/home/loq/roboracer_ws/build/roboracer_py' returned '0': PYTHONPATH=/home/loq/roboracer_ws/build/roboracer_py/prefix_override:/usr/lib/python3/dist-packages/colcon_core/task/python/colcon_distutils_commands:/home/loq/roboracer_ws/install/roboracer_py/lib/python3.10/site-packages:${PYTHONPATH} /usr/bin/python3 -W ignore:setup.py install is deprecated -W ignore:easy_install command is deprecated setup.py develop --uninstall --editable --build-directory /home/loq/roboracer_ws/build/roboracer_py/build
[1.873s] DEBUG:colcon.colcon_core.event_handler.log_command:Invoking command in '/home/loq/roboracer_ws/src/roboracer_py': PYTHONPATH=/home/loq/roboracer_ws/build/roboracer_py/prefix_override:/usr/lib/python3/dist-packages/colcon_core/task/python/colcon_distutils_commands:/home/loq/roboracer_ws/install/roboracer_py/lib/python3.10/site-packages:${PYTHONPATH} /usr/bin/python3 -W ignore:setup.py install is deprecated -W ignore:easy_install command is deprecated setup.py egg_info --egg-base ../../build/roboracer_py build --build-base /home/loq/roboracer_ws/build/roboracer_py/build install --record /home/loq/roboracer_ws/build/roboracer_py/install.log --single-version-externally-managed install_data --force
[1.887s] DEBUG:colcon.colcon_core.event_handler.log_command:Invoked command in '/home/loq/roboracer_ws/build/roboracer_yolov8_detector' returned '0': PYTHONPATH=/home/loq/roboracer_ws/build/roboracer_yolov8_detector/prefix_override:/usr/lib/python3/dist-packages/colcon_core/task/python/colcon_distutils_commands:/home/loq/roboracer_ws/install/roboracer_yolov8_detector/lib/python3.10/site-packages:${PYTHONPATH} /usr/bin/python3 -W ignore:setup.py install is deprecated -W ignore:easy_install command is deprecated setup.py develop --uninstall --editable --build-directory /home/loq/roboracer_ws/build/roboracer_yolov8_detector/build
[1.889s] DEBUG:colcon.colcon_core.event_handler.log_command:Invoking command in '/home/loq/roboracer_ws/src/roboracer_yolov8_detector': PYTHONPATH=/home/loq/roboracer_ws/build/roboracer_yolov8_detector/prefix_override:/usr/lib/python3/dist-packages/colcon_core/task/python/colcon_distutils_commands:/home/loq/roboracer_ws/install/roboracer_yolov8_detector/lib/python3.10/site-packages:${PYTHONPATH} /usr/bin/python3 -W ignore:setup.py install is deprecated -W ignore:easy_install command is deprecated setup.py egg_info --egg-base ../../build/roboracer_yolov8_detector build --build-base /home/loq/roboracer_ws/build/roboracer_yolov8_detector/build install --record /home/loq/roboracer_ws/build/roboracer_yolov8_detector/install.log --single-version-externally-managed install_data --force
[2.150s] Level 1:colcon.colcon_core.environment:checking '/home/loq/roboracer_ws/install/roboracer_py' for CMake module files
[2.150s] DEBUG:colcon.colcon_core.event_handler.log_command:Invoked command in '/home/loq/roboracer_ws/src/roboracer_py' returned '0': PYTHONPATH=/home/loq/roboracer_ws/build/roboracer_py/prefix_override:/usr/lib/python3/dist-packages/colcon_core/task/python/colcon_distutils_commands:/home/loq/roboracer_ws/install/roboracer_py/lib/python3.10/site-packages:${PYTHONPATH} /usr/bin/python3 -W ignore:setup.py install is deprecated -W ignore:easy_install command is deprecated setup.py egg_info --egg-base ../../build/roboracer_py build --build-base /home/loq/roboracer_ws/build/roboracer_py/build install --record /home/loq/roboracer_ws/build/roboracer_py/install.log --single-version-externally-managed install_data --force
[2.150s] Level 1:colcon.colcon_core.environment:checking '/home/loq/roboracer_ws/install/roboracer_py' for CMake config files
[2.151s] Level 1:colcon.colcon_core.environment:checking '/home/loq/roboracer_ws/install/roboracer_py/lib'
[2.151s] Level 1:colcon.colcon_core.environment:checking '/home/loq/roboracer_ws/install/roboracer_py/bin'
[2.151s] Level 1:colcon.colcon_core.environment:checking '/home/loq/roboracer_ws/install/roboracer_py/lib/pkgconfig/roboracer_py.pc'
[2.151s] Level 1:colcon.colcon_core.environment:checking '/home/loq/roboracer_ws/install/roboracer_py/lib/python3.10/site-packages'
[2.151s] Level 1:colcon.colcon_core.shell:create_environment_hook('roboracer_py', 'pythonpath')
[2.152s] INFO:colcon.colcon_core.shell:Creating environment hook '/home/loq/roboracer_ws/install/roboracer_py/share/roboracer_py/hook/pythonpath.ps1'
[2.152s] INFO:colcon.colcon_core.shell:Creating environment descriptor '/home/loq/roboracer_ws/install/roboracer_py/share/roboracer_py/hook/pythonpath.dsv'
[2.153s] INFO:colcon.colcon_core.shell:Creating environment hook '/home/loq/roboracer_ws/install/roboracer_py/share/roboracer_py/hook/pythonpath.sh'
[2.153s] Level 1:colcon.colcon_core.environment:checking '/home/loq/roboracer_ws/install/roboracer_py/bin'
[2.153s] Level 1:colcon.colcon_core.environment:create_environment_scripts_only(roboracer_py)
[2.154s] INFO:colcon.colcon_core.shell:Creating package script '/home/loq/roboracer_ws/install/roboracer_py/share/roboracer_py/package.ps1'
[2.154s] INFO:colcon.colcon_core.shell:Creating package descriptor '/home/loq/roboracer_ws/install/roboracer_py/share/roboracer_py/package.dsv'
[2.155s] INFO:colcon.colcon_core.shell:Creating package script '/home/loq/roboracer_ws/install/roboracer_py/share/roboracer_py/package.sh'
[2.155s] INFO:colcon.colcon_core.shell:Creating package script '/home/loq/roboracer_ws/install/roboracer_py/share/roboracer_py/package.bash'
[2.155s] INFO:colcon.colcon_core.shell:Creating package script '/home/loq/roboracer_ws/install/roboracer_py/share/roboracer_py/package.zsh'
[2.156s] Level 1:colcon.colcon_core.environment:create_file_with_runtime_dependencies(/home/loq/roboracer_ws/install/roboracer_py/share/colcon-core/packages/roboracer_py)
[2.164s] Level 1:colcon.colcon_core.environment:checking '/home/loq/roboracer_ws/install/roboracer_yolov8_detector' for CMake module files
[2.165s] DEBUG:colcon.colcon_core.event_handler.log_command:Invoked command in '/home/loq/roboracer_ws/src/roboracer_yolov8_detector' returned '0': PYTHONPATH=/home/loq/roboracer_ws/build/roboracer_yolov8_detector/prefix_override:/usr/lib/python3/dist-packages/colcon_core/task/python/colcon_distutils_commands:/home/loq/roboracer_ws/install/roboracer_yolov8_detector/lib/python3.10/site-packages:${PYTHONPATH} /usr/bin/python3 -W ignore:setup.py install is deprecated -W ignore:easy_install command is deprecated setup.py egg_info --egg-base ../../build/roboracer_yolov8_detector build --build-base /home/loq/roboracer_ws/build/roboracer_yolov8_detector/build install --record /home/loq/roboracer_ws/build/roboracer_yolov8_detector/install.log --single-version-externally-managed install_data --force
[2.165s] Level 1:colcon.colcon_core.environment:checking '/home/loq/roboracer_ws/install/roboracer_yolov8_detector' for CMake config files
[2.165s] Level 1:colcon.colcon_core.environment:checking '/home/loq/roboracer_ws/install/roboracer_yolov8_detector/lib'
[2.165s] Level 1:colcon.colcon_core.environment:checking '/home/loq/roboracer_ws/install/roboracer_yolov8_detector/bin'
[2.165s] Level 1:colcon.colcon_core.environment:checking '/home/loq/roboracer_ws/install/roboracer_yolov8_detector/lib/pkgconfig/roboracer_yolov8_detector.pc'
[2.166s] Level 1:colcon.colcon_core.environment:checking '/home/loq/roboracer_ws/install/roboracer_yolov8_detector/lib/python3.10/site-packages'
[2.166s] Level 1:colcon.colcon_core.shell:create_environment_hook('roboracer_yolov8_detector', 'pythonpath')
[2.166s] INFO:colcon.colcon_core.shell:Creating environment hook '/home/loq/roboracer_ws/install/roboracer_yolov8_detector/share/roboracer_yolov8_detector/hook/pythonpath.ps1'
[2.166s] INFO:colcon.colcon_core.shell:Creating environment descriptor '/home/loq/roboracer_ws/install/roboracer_yolov8_detector/share/roboracer_yolov8_detector/hook/pythonpath.dsv'
[2.167s] INFO:colcon.colcon_core.shell:Creating environment hook '/home/loq/roboracer_ws/install/roboracer_yolov8_detector/share/roboracer_yolov8_detector/hook/pythonpath.sh'
[2.167s] Level 1:colcon.colcon_core.environment:checking '/home/loq/roboracer_ws/install/roboracer_yolov8_detector/bin'
[2.167s] Level 1:colcon.colcon_core.environment:create_environment_scripts_only(roboracer_yolov8_detector)
[2.167s] INFO:colcon.colcon_core.shell:Creating package script '/home/loq/roboracer_ws/install/roboracer_yolov8_detector/share/roboracer_yolov8_detector/package.ps1'
[2.168s] INFO:colcon.colcon_core.shell:Creating package descriptor '/home/loq/roboracer_ws/install/roboracer_yolov8_detector/share/roboracer_yolov8_detector/package.dsv'
[2.168s] INFO:colcon.colcon_core.shell:Creating package script '/home/loq/roboracer_ws/install/roboracer_yolov8_detector/share/roboracer_yolov8_detector/package.sh'
[2.168s] INFO:colcon.colcon_core.shell:Creating package script '/home/loq/roboracer_ws/install/roboracer_yolov8_detector/share/roboracer_yolov8_detector/package.bash'
[2.169s] INFO:colcon.colcon_core.shell:Creating package script '/home/loq/roboracer_ws/install/roboracer_yolov8_detector/share/roboracer_yolov8_detector/package.zsh'
[2.169s] Level 1:colcon.colcon_core.environment:create_file_with_runtime_dependencies(/home/loq/roboracer_ws/install/roboracer_yolov8_detector/share/colcon-core/packages/roboracer_yolov8_detector)
[2.309s] DEBUG:colcon.colcon_core.event_handler.log_command:Invoked command in '/home/loq/roboracer_ws/build/roboracer_visual_odom' returned '0': CMAKE_PREFIX_PATH=${CMAKE_PREFIX_PATH}:/home/loq/drivingcar_ws/install/self_driving_car_pkg:/home/loq/bumperbot_ws/install/bumperbot_py_example:/home/loq/roboracer_ws/install/roboracer_yolov8_detector:/home/loq/roboracer_ws/install/roboracer_py:/home/loq/ros2_action_ws/install/lifecycle_py:/home/loq/ros2_action_ws/install/action_py:/opt/ros/humble /usr/bin/cmake /home/loq/roboracer_ws/src/roboracer_visual_odom -DCMAKE_INSTALL_PREFIX=/home/loq/roboracer_ws/install/roboracer_visual_odom
[2.310s] DEBUG:colcon.colcon_core.event_handler.log_command:Invoking command in '/home/loq/roboracer_ws/build/roboracer_visual_odom': CMAKE_PREFIX_PATH=${CMAKE_PREFIX_PATH}:/home/loq/drivingcar_ws/install/self_driving_car_pkg:/home/loq/bumperbot_ws/install/bumperbot_py_example:/home/loq/roboracer_ws/install/roboracer_yolov8_detector:/home/loq/roboracer_ws/install/roboracer_py:/home/loq/ros2_action_ws/install/lifecycle_py:/home/loq/ros2_action_ws/install/action_py:/opt/ros/humble /usr/bin/cmake --build /home/loq/roboracer_ws/build/roboracer_visual_odom -- -j8 -l8
[2.396s] DEBUG:colcon.colcon_core.event_handler.log_command:Invoked command in '/home/loq/roboracer_ws/build/roboracer_visual_odom' returned '0': CMAKE_PREFIX_PATH=${CMAKE_PREFIX_PATH}:/home/loq/drivingcar_ws/install/self_driving_car_pkg:/home/loq/bumperbot_ws/install/bumperbot_py_example:/home/loq/roboracer_ws/install/roboracer_yolov8_detector:/home/loq/roboracer_ws/install/roboracer_py:/home/loq/ros2_action_ws/install/lifecycle_py:/home/loq/ros2_action_ws/install/action_py:/opt/ros/humble /usr/bin/cmake --build /home/loq/roboracer_ws/build/roboracer_visual_odom -- -j8 -l8
[2.397s] DEBUG:colcon.colcon_core.event_handler.log_command:Invoking command in '/home/loq/roboracer_ws/build/roboracer_visual_odom': CMAKE_PREFIX_PATH=${CMAKE_PREFIX_PATH}:/home/loq/drivingcar_ws/install/self_driving_car_pkg:/home/loq/bumperbot_ws/install/bumperbot_py_example:/home/loq/roboracer_ws/install/roboracer_yolov8_detector:/home/loq/roboracer_ws/install/roboracer_py:/home/loq/ros2_action_ws/install/lifecycle_py:/home/loq/ros2_action_ws/install/action_py:/opt/ros/humble /usr/bin/cmake --install /home/loq/roboracer_ws/build/roboracer_visual_odom
[2.418s] Level 1:colcon.colcon_core.environment:create_environment_scripts_only(roboracer_visual_odom)
[2.418s] Level 1:colcon.colcon_core.environment:checking '/home/loq/roboracer_ws/install/roboracer_visual_odom' for CMake module files
[2.418s] DEBUG:colcon.colcon_core.event_handler.log_command:Invoked command in '/home/loq/roboracer_ws/build/roboracer_visual_odom' returned '0': CMAKE_PREFIX_PATH=${CMAKE_PREFIX_PATH}:/home/loq/drivingcar_ws/install/self_driving_car_pkg:/home/loq/bumperbot_ws/install/bumperbot_py_example:/home/loq/roboracer_ws/install/roboracer_yolov8_detector:/home/loq/roboracer_ws/install/roboracer_py:/home/loq/ros2_action_ws/install/lifecycle_py:/home/loq/ros2_action_ws/install/action_py:/opt/ros/humble /usr/bin/cmake --install /home/loq/roboracer_ws/build/roboracer_visual_odom
[2.419s] Level 1:colcon.colcon_core.environment:checking '/home/loq/roboracer_ws/install/roboracer_visual_odom' for CMake config files
[2.419s] Level 1:colcon.colcon_core.shell:create_environment_hook('roboracer_visual_odom', 'cmake_prefix_path')
[2.419s] INFO:colcon.colcon_core.shell:Creating environment hook '/home/loq/roboracer_ws/install/roboracer_visual_odom/share/roboracer_visual_odom/hook/cmake_prefix_path.ps1'
[2.419s] INFO:colcon.colcon_core.shell:Creating environment descriptor '/home/loq/roboracer_ws/install/roboracer_visual_odom/share/roboracer_visual_odom/hook/cmake_prefix_path.dsv'
[2.420s] INFO:colcon.colcon_core.shell:Creating environment hook '/home/loq/roboracer_ws/install/roboracer_visual_odom/share/roboracer_visual_odom/hook/cmake_prefix_path.sh'
[2.420s] Level 1:colcon.colcon_core.environment:checking '/home/loq/roboracer_ws/install/roboracer_visual_odom/lib'
[2.420s] Level 1:colcon.colcon_core.environment:checking '/home/loq/roboracer_ws/install/roboracer_visual_odom/bin'
[2.420s] Level 1:colcon.colcon_core.environment:checking '/home/loq/roboracer_ws/install/roboracer_visual_odom/lib/pkgconfig/roboracer_visual_odom.pc'
[2.420s] Level 1:colcon.colcon_core.environment:checking '/home/loq/roboracer_ws/install/roboracer_visual_odom/lib/python3.10/site-packages'
[2.421s] Level 1:colcon.colcon_core.environment:checking '/home/loq/roboracer_ws/install/roboracer_visual_odom/bin'
[2.421s] INFO:colcon.colcon_core.shell:Creating package script '/home/loq/roboracer_ws/install/roboracer_visual_odom/share/roboracer_visual_odom/package.ps1'
[2.421s] INFO:colcon.colcon_core.shell:Creating package descriptor '/home/loq/roboracer_ws/install/roboracer_visual_odom/share/roboracer_visual_odom/package.dsv'
[2.421s] INFO:colcon.colcon_core.shell:Creating package script '/home/loq/roboracer_ws/install/roboracer_visual_odom/share/roboracer_visual_odom/package.sh'
[2.422s] INFO:colcon.colcon_core.shell:Creating package script '/home/loq/roboracer_ws/install/roboracer_visual_odom/share/roboracer_visual_odom/package.bash'
[2.422s] INFO:colcon.colcon_core.shell:Creating package script '/home/loq/roboracer_ws/install/roboracer_visual_odom/share/roboracer_visual_odom/package.zsh'
[2.422s] Level 1:colcon.colcon_core.environment:create_file_with_runtime_dependencies(/home/loq/roboracer_ws/install/roboracer_visual_odom/share/colcon-core/packages/roboracer_visual_odom)
[2.423s] Level 1:colcon.colcon_core.environment:create_environment_scripts_only(roboracer_visual_odom)
[2.423s] Level 1:colcon.colcon_core.environment:checking '/home/loq/roboracer_ws/install/roboracer_visual_odom' for CMake module files
[2.423s] Level 1:colcon.colcon_core.environment:checking '/home/loq/roboracer_ws/install/roboracer_visual_odom' for CMake config files
[2.423s] Level 1:colcon.colcon_core.shell:create_environment_hook('roboracer_visual_odom', 'cmake_prefix_path')
[2.423s] INFO:colcon.colcon_core.shell:Creating environment hook '/home/loq/roboracer_ws/install/roboracer_visual_odom/share/roboracer_visual_odom/hook/cmake_prefix_path.ps1'
[2.424s] INFO:colcon.colcon_core.shell:Creating environment descriptor '/home/loq/roboracer_ws/install/roboracer_visual_odom/share/roboracer_visual_odom/hook/cmake_prefix_path.dsv'
[2.424s] INFO:colcon.colcon_core.shell:Creating environment hook '/home/loq/roboracer_ws/install/roboracer_visual_odom/share/roboracer_visual_odom/hook/cmake_prefix_path.sh'
[2.424s] Level 1:colcon.colcon_core.environment:checking '/home/loq/roboracer_ws/install/roboracer_visual_odom/lib'
[2.424s] Level 1:colcon.colcon_core.environment:checking '/home/loq/roboracer_ws/install/roboracer_visual_odom/bin'
[2.424s] Level 1:colcon.colcon_core.environment:checking '/home/loq/roboracer_ws/install/roboracer_visual_odom/lib/pkgconfig/roboracer_visual_odom.pc'
[2.425s] Level 1:colcon.colcon_core.environment:checking '/home/loq/roboracer_ws/install/roboracer_visual_odom/lib/python3.10/site-packages'
[2.425s] Level 1:colcon.colcon_core.environment:checking '/home/loq/roboracer_ws/install/roboracer_visual_odom/bin'
[2.425s] INFO:colcon.colcon_core.shell:Creating package script '/home/loq/roboracer_ws/install/roboracer_visual_odom/share/roboracer_visual_odom/package.ps1'
[2.425s] INFO:colcon.colcon_core.shell:Creating package descriptor '/home/loq/roboracer_ws/install/roboracer_visual_odom/share/roboracer_visual_odom/package.dsv'
[2.425s] INFO:colcon.colcon_core.shell:Creating package script '/home/loq/roboracer_ws/install/roboracer_visual_odom/share/roboracer_visual_odom/package.sh'
[2.426s] INFO:colcon.colcon_core.shell:Creating package script '/home/loq/roboracer_ws/install/roboracer_visual_odom/share/roboracer_visual_odom/package.bash'
[2.426s] INFO:colcon.colcon_core.shell:Creating package script '/home/loq/roboracer_ws/install/roboracer_visual_odom/share/roboracer_visual_odom/package.zsh'
[2.426s] Level 1:colcon.colcon_core.environment:create_file_with_runtime_dependencies(/home/loq/roboracer_ws/install/roboracer_visual_odom/share/colcon-core/packages/roboracer_visual_odom)
[2.426s] DEBUG:colcon.colcon_parallel_executor.executor.parallel:closing loop
[2.427s] DEBUG:colcon.colcon_parallel_executor.executor.parallel:loop closed
[2.427s] DEBUG:colcon.colcon_parallel_executor.executor.parallel:run_until_complete finished with '0'
[2.427s] DEBUG:colcon.colcon_core.event_reactor:joining thread
[2.432s] INFO:colcon.colcon_core.plugin_system:Skipping extension 'colcon_notification.desktop_notification.terminal_notifier': Not used on non-Darwin systems
[2.432s] INFO:colcon.colcon_core.plugin_system:Skipping extension 'colcon_notification.desktop_notification.win32': Not used on non-Windows systems
[2.432s] INFO:colcon.colcon_notification.desktop_notification:Sending desktop notification using 'notify2'
[2.440s] DEBUG:colcon.colcon_core.event_reactor:joined thread
[2.441s] INFO:colcon.colcon_core.shell:Creating prefix script '/home/loq/roboracer_ws/install/local_setup.ps1'
[2.442s] INFO:colcon.colcon_core.shell:Creating prefix util module '/home/loq/roboracer_ws/install/_local_setup_util_ps1.py'
[2.443s] INFO:colcon.colcon_core.shell:Creating prefix chain script '/home/loq/roboracer_ws/install/setup.ps1'
[2.445s] INFO:colcon.colcon_core.shell:Creating prefix script '/home/loq/roboracer_ws/install/local_setup.sh'
[2.445s] INFO:colcon.colcon_core.shell:Creating prefix util module '/home/loq/roboracer_ws/install/_local_setup_util_sh.py'
[2.446s] INFO:colcon.colcon_core.shell:Creating prefix chain script '/home/loq/roboracer_ws/install/setup.sh'
[2.447s] INFO:colcon.colcon_core.shell:Creating prefix script '/home/loq/roboracer_ws/install/local_setup.bash'
[2.448s] INFO:colcon.colcon_core.shell:Creating prefix chain script '/home/loq/roboracer_ws/install/setup.bash'
[2.449s] INFO:colcon.colcon_core.shell:Creating prefix script '/home/loq/roboracer_ws/install/local_setup.zsh'
[2.449s] INFO:colcon.colcon_core.shell:Creating prefix chain script '/home/loq/roboracer_ws/install/setup.zsh'
