[0.014s] Invoking command in '/home/dev/roboracer_ws/build/vesc_driver': AMENT_PREFIX_PATH=/home/dev/roboracer_ws/install/serial_driver:/home/dev/roboracer_ws/install/io_context:/home/dev/roboracer_ws/install/vesc_msgs:/home/dev/roboracer_ws/install/asio_cmake_module:${AMENT_PREFIX_PATH} CMAKE_PREFIX_PATH=/home/dev/roboracer_ws/install/serial_driver:/home/dev/roboracer_ws/install/io_context:/opt/ros/humble:/home/dev/roboracer_ws/install/vesc_msgs:/home/dev/roboracer_ws/install/asio_cmake_module LD_LIBRARY_PATH=/home/dev/roboracer_ws/install/serial_driver/lib:/home/dev/roboracer_ws/install/io_context/lib:/home/dev/roboracer_ws/install/vesc_msgs/lib:${LD_LIBRARY_PATH} PYTHONPATH=/home/dev/roboracer_ws/install/vesc_msgs/local/lib/python3.10/dist-packages:${PYTHONPATH} /usr/local/bin/cmake --build /home/dev/roboracer_ws/build/vesc_driver -- -j8 -l8
[0.118s] [ 20%] Built target vesc_driver_node
[0.125s] [ 70%] Built target vesc_driver
[0.139s] [100%] Built target vesc_device_namer
[0.144s] Invoked command in '/home/dev/roboracer_ws/build/vesc_driver' returned '0': AMENT_PREFIX_PATH=/home/dev/roboracer_ws/install/serial_driver:/home/dev/roboracer_ws/install/io_context:/home/dev/roboracer_ws/install/vesc_msgs:/home/dev/roboracer_ws/install/asio_cmake_module:${AMENT_PREFIX_PATH} CMAKE_PREFIX_PATH=/home/dev/roboracer_ws/install/serial_driver:/home/dev/roboracer_ws/install/io_context:/opt/ros/humble:/home/dev/roboracer_ws/install/vesc_msgs:/home/dev/roboracer_ws/install/asio_cmake_module LD_LIBRARY_PATH=/home/dev/roboracer_ws/install/serial_driver/lib:/home/dev/roboracer_ws/install/io_context/lib:/home/dev/roboracer_ws/install/vesc_msgs/lib:${LD_LIBRARY_PATH} PYTHONPATH=/home/dev/roboracer_ws/install/vesc_msgs/local/lib/python3.10/dist-packages:${PYTHONPATH} /usr/local/bin/cmake --build /home/dev/roboracer_ws/build/vesc_driver -- -j8 -l8
[0.146s] Invoking command in '/home/dev/roboracer_ws/build/vesc_driver': AMENT_PREFIX_PATH=/home/dev/roboracer_ws/install/serial_driver:/home/dev/roboracer_ws/install/io_context:/home/dev/roboracer_ws/install/vesc_msgs:/home/dev/roboracer_ws/install/asio_cmake_module:${AMENT_PREFIX_PATH} CMAKE_PREFIX_PATH=/home/dev/roboracer_ws/install/serial_driver:/home/dev/roboracer_ws/install/io_context:/opt/ros/humble:/home/dev/roboracer_ws/install/vesc_msgs:/home/dev/roboracer_ws/install/asio_cmake_module LD_LIBRARY_PATH=/home/dev/roboracer_ws/install/serial_driver/lib:/home/dev/roboracer_ws/install/io_context/lib:/home/dev/roboracer_ws/install/vesc_msgs/lib:${LD_LIBRARY_PATH} PYTHONPATH=/home/dev/roboracer_ws/install/vesc_msgs/local/lib/python3.10/dist-packages:${PYTHONPATH} /usr/local/bin/cmake --install /home/dev/roboracer_ws/build/vesc_driver
[0.210s] -- Install configuration: ""
[0.210s] -- Up-to-date: /home/dev/roboracer_ws/install/vesc_driver/lib/vesc_driver/vesc_driver_node
[0.210s] -- Up-to-date: /home/dev/roboracer_ws/install/vesc_driver/include
[0.210s] -- Up-to-date: /home/dev/roboracer_ws/install/vesc_driver/include/vesc_driver
[0.211s] -- Up-to-date: /home/dev/roboracer_ws/install/vesc_driver/include/vesc_driver/crc.hpp
[0.211s] -- Up-to-date: /home/dev/roboracer_ws/install/vesc_driver/include/vesc_driver/datatypes.hpp
[0.211s] -- Up-to-date: /home/dev/roboracer_ws/install/vesc_driver/include/vesc_driver/vesc_packet.hpp
[0.211s] -- Up-to-date: /home/dev/roboracer_ws/install/vesc_driver/include/vesc_driver/vesc_packet_factory.hpp
[0.211s] -- Up-to-date: /home/dev/roboracer_ws/install/vesc_driver/include/vesc_driver/vesc_driver.hpp
[0.211s] -- Up-to-date: /home/dev/roboracer_ws/install/vesc_driver/include/vesc_driver/vesc_interface.hpp
[0.211s] -- Up-to-date: /home/dev/roboracer_ws/install/vesc_driver/include/vesc_driver/vesc_device_uuid_lookup.hpp
[0.211s] -- Up-to-date: /home/dev/roboracer_ws/install/vesc_driver/share/vesc_driver/environment/library_path.sh
[0.211s] -- Up-to-date: /home/dev/roboracer_ws/install/vesc_driver/share/vesc_driver/environment/library_path.dsv
[0.211s] -- Up-to-date: /home/dev/roboracer_ws/install/vesc_driver/lib/libvesc_driver.so
[0.211s] -- Up-to-date: /home/dev/roboracer_ws/install/vesc_driver/lib/vesc_driver/vesc_device_namer
[0.211s] -- Up-to-date: /home/dev/roboracer_ws/install/vesc_driver/share/vesc_driver/launch
[0.211s] -- Up-to-date: /home/dev/roboracer_ws/install/vesc_driver/share/vesc_driver/launch/vesc_driver_node.launch.py
[0.212s] -- Up-to-date: /home/dev/roboracer_ws/install/vesc_driver/share/vesc_driver/params
[0.212s] -- Up-to-date: /home/dev/roboracer_ws/install/vesc_driver/share/vesc_driver/params/vesc_config.yaml
[0.212s] -- Up-to-date: /home/dev/roboracer_ws/install/vesc_driver/share/ament_index/resource_index/package_run_dependencies/vesc_driver
[0.212s] -- Up-to-date: /home/dev/roboracer_ws/install/vesc_driver/share/ament_index/resource_index/parent_prefix_path/vesc_driver
[0.212s] -- Up-to-date: /home/dev/roboracer_ws/install/vesc_driver/share/vesc_driver/environment/ament_prefix_path.sh
[0.212s] -- Up-to-date: /home/dev/roboracer_ws/install/vesc_driver/share/vesc_driver/environment/ament_prefix_path.dsv
[0.212s] -- Up-to-date: /home/dev/roboracer_ws/install/vesc_driver/share/vesc_driver/environment/path.sh
[0.212s] -- Up-to-date: /home/dev/roboracer_ws/install/vesc_driver/share/vesc_driver/environment/path.dsv
[0.212s] -- Up-to-date: /home/dev/roboracer_ws/install/vesc_driver/share/vesc_driver/local_setup.bash
[0.212s] -- Up-to-date: /home/dev/roboracer_ws/install/vesc_driver/share/vesc_driver/local_setup.sh
[0.212s] -- Up-to-date: /home/dev/roboracer_ws/install/vesc_driver/share/vesc_driver/local_setup.zsh
[0.212s] -- Up-to-date: /home/dev/roboracer_ws/install/vesc_driver/share/vesc_driver/local_setup.dsv
[0.212s] -- Installing: /home/dev/roboracer_ws/install/vesc_driver/share/vesc_driver/package.dsv
[0.213s] -- Up-to-date: /home/dev/roboracer_ws/install/vesc_driver/share/ament_index/resource_index/packages/vesc_driver
[0.213s] -- Up-to-date: /home/dev/roboracer_ws/install/vesc_driver/share/ament_index/resource_index/rclcpp_components/vesc_driver
[0.213s] -- Up-to-date: /home/dev/roboracer_ws/install/vesc_driver/share/vesc_driver/cmake/ament_cmake_export_dependencies-extras.cmake
[0.213s] -- Up-to-date: /home/dev/roboracer_ws/install/vesc_driver/share/vesc_driver/cmake/ament_cmake_export_include_directories-extras.cmake
[0.213s] -- Up-to-date: /home/dev/roboracer_ws/install/vesc_driver/share/vesc_driver/cmake/ament_cmake_export_libraries-extras.cmake
[0.213s] -- Up-to-date: /home/dev/roboracer_ws/install/vesc_driver/share/vesc_driver/cmake/vesc_driverConfig.cmake
[0.213s] -- Up-to-date: /home/dev/roboracer_ws/install/vesc_driver/share/vesc_driver/cmake/vesc_driverConfig-version.cmake
[0.213s] -- Up-to-date: /home/dev/roboracer_ws/install/vesc_driver/share/vesc_driver/package.xml
[0.215s] Invoked command in '/home/dev/roboracer_ws/build/vesc_driver' returned '0': AMENT_PREFIX_PATH=/home/dev/roboracer_ws/install/serial_driver:/home/dev/roboracer_ws/install/io_context:/home/dev/roboracer_ws/install/vesc_msgs:/home/dev/roboracer_ws/install/asio_cmake_module:${AMENT_PREFIX_PATH} CMAKE_PREFIX_PATH=/home/dev/roboracer_ws/install/serial_driver:/home/dev/roboracer_ws/install/io_context:/opt/ros/humble:/home/dev/roboracer_ws/install/vesc_msgs:/home/dev/roboracer_ws/install/asio_cmake_module LD_LIBRARY_PATH=/home/dev/roboracer_ws/install/serial_driver/lib:/home/dev/roboracer_ws/install/io_context/lib:/home/dev/roboracer_ws/install/vesc_msgs/lib:${LD_LIBRARY_PATH} PYTHONPATH=/home/dev/roboracer_ws/install/vesc_msgs/local/lib/python3.10/dist-packages:${PYTHONPATH} /usr/local/bin/cmake --install /home/dev/roboracer_ws/build/vesc_driver
