[0.127s] DEBUG:colcon:Command line arguments: ['/usr/bin/colcon', 'build', '--symlink-install']
[0.127s] DEBUG:colcon:Parsed command line arguments: Namespace(log_base=None, log_level=None, verb_name='build', build_base='build', install_base='install', merge_install=False, symlink_install=True, test_result_base=None, continue_on_error=False, executor='parallel', parallel_workers=8, event_handlers=None, ignore_user_meta=False, metas=['./colcon.meta'], base_paths=['.'], packages_ignore=None, packages_ignore_regex=None, paths=None, packages_up_to=None, packages_up_to_regex=None, packages_above=None, packages_above_and_dependencies=None, packages_above_depth=None, packages_select_by_dep=None, packages_skip_by_dep=None, packages_skip_up_to=None, packages_select_build_failed=False, packages_skip_build_finished=False, packages_select_test_failures=False, packages_skip_test_passed=False, packages_select=None, packages_skip=None, packages_select_regex=None, packages_skip_regex=None, packages_start=None, packages_end=None, allow_overriding=[], cmake_args=None, cmake_target=None, cmake_target_skip_unavailable=False, cmake_clean_cache=False, cmake_clean_first=False, cmake_force_configure=False, ament_cmake_args=None, catkin_cmake_args=None, catkin_skip_building_tests=False, verb_parser=<colcon_defaults.argument_parser.defaults.DefaultArgumentsDecorator object at 0x72f877b38880>, verb_extension=<colcon_core.verb.build.BuildVerb object at 0x72f877ca5c90>, main=<bound method BuildVerb.main of <colcon_core.verb.build.BuildVerb object at 0x72f877ca5c90>>)
[0.345s] Level 1:colcon.colcon_core.package_discovery:discover_packages(colcon_meta) check parameters
[0.345s] Level 1:colcon.colcon_core.package_discovery:discover_packages(recursive) check parameters
[0.345s] Level 1:colcon.colcon_core.package_discovery:discover_packages(ignore) check parameters
[0.345s] Level 1:colcon.colcon_core.package_discovery:discover_packages(path) check parameters
[0.345s] Level 1:colcon.colcon_core.package_discovery:discover_packages(colcon_meta) discover
[0.345s] Level 1:colcon.colcon_core.package_discovery:discover_packages(recursive) discover
[0.345s] INFO:colcon.colcon_core.package_discovery:Crawling recursively for packages in '/home/loq/roboracer_ws'
[0.345s] Level 1:colcon.colcon_core.package_identification:_identify(.) by extensions ['ignore', 'ignore_ament_install']
[0.346s] Level 1:colcon.colcon_core.package_identification:_identify(.) by extension 'ignore'
[0.346s] Level 1:colcon.colcon_core.package_identification:_identify(.) by extension 'ignore_ament_install'
[0.346s] Level 1:colcon.colcon_core.package_identification:_identify(.) by extensions ['colcon_pkg']
[0.346s] Level 1:colcon.colcon_core.package_identification:_identify(.) by extension 'colcon_pkg'
[0.346s] Level 1:colcon.colcon_core.package_identification:_identify(.) by extensions ['colcon_meta']
[0.346s] Level 1:colcon.colcon_core.package_identification:_identify(.) by extension 'colcon_meta'
[0.346s] Level 1:colcon.colcon_core.package_identification:_identify(.) by extensions ['ros']
[0.346s] Level 1:colcon.colcon_core.package_identification:_identify(.) by extension 'ros'
[0.368s] Level 1:colcon.colcon_core.package_identification:_identify(.) by extensions ['cmake', 'python']
[0.369s] Level 1:colcon.colcon_core.package_identification:_identify(.) by extension 'cmake'
[0.369s] Level 1:colcon.colcon_core.package_identification:_identify(.) by extension 'python'
[0.369s] Level 1:colcon.colcon_core.package_identification:_identify(.) by extensions ['python_setup_py']
[0.369s] Level 1:colcon.colcon_core.package_identification:_identify(.) by extension 'python_setup_py'
[0.369s] Level 1:colcon.colcon_core.package_identification:_identify(build) by extensions ['ignore', 'ignore_ament_install']
[0.369s] Level 1:colcon.colcon_core.package_identification:_identify(build) by extension 'ignore'
[0.369s] Level 1:colcon.colcon_core.package_identification:_identify(build) ignored
[0.369s] Level 1:colcon.colcon_core.package_identification:_identify(install) by extensions ['ignore', 'ignore_ament_install']
[0.369s] Level 1:colcon.colcon_core.package_identification:_identify(install) by extension 'ignore'
[0.369s] Level 1:colcon.colcon_core.package_identification:_identify(install) ignored
[0.369s] Level 1:colcon.colcon_core.package_identification:_identify(log) by extensions ['ignore', 'ignore_ament_install']
[0.370s] Level 1:colcon.colcon_core.package_identification:_identify(log) by extension 'ignore'
[0.370s] Level 1:colcon.colcon_core.package_identification:_identify(log) ignored
[0.370s] Level 1:colcon.colcon_core.package_identification:_identify(src) by extensions ['ignore', 'ignore_ament_install']
[0.370s] Level 1:colcon.colcon_core.package_identification:_identify(src) by extension 'ignore'
[0.370s] Level 1:colcon.colcon_core.package_identification:_identify(src) by extension 'ignore_ament_install'
[0.370s] Level 1:colcon.colcon_core.package_identification:_identify(src) by extensions ['colcon_pkg']
[0.370s] Level 1:colcon.colcon_core.package_identification:_identify(src) by extension 'colcon_pkg'
[0.370s] Level 1:colcon.colcon_core.package_identification:_identify(src) by extensions ['colcon_meta']
[0.370s] Level 1:colcon.colcon_core.package_identification:_identify(src) by extension 'colcon_meta'
[0.370s] Level 1:colcon.colcon_core.package_identification:_identify(src) by extensions ['ros']
[0.370s] Level 1:colcon.colcon_core.package_identification:_identify(src) by extension 'ros'
[0.370s] Level 1:colcon.colcon_core.package_identification:_identify(src) by extensions ['cmake', 'python']
[0.370s] Level 1:colcon.colcon_core.package_identification:_identify(src) by extension 'cmake'
[0.370s] Level 1:colcon.colcon_core.package_identification:_identify(src) by extension 'python'
[0.370s] Level 1:colcon.colcon_core.package_identification:_identify(src) by extensions ['python_setup_py']
[0.370s] Level 1:colcon.colcon_core.package_identification:_identify(src) by extension 'python_setup_py'
[0.370s] Level 1:colcon.colcon_core.package_identification:_identify(src/build) by extensions ['ignore', 'ignore_ament_install']
[0.371s] Level 1:colcon.colcon_core.package_identification:_identify(src/build) by extension 'ignore'
[0.371s] Level 1:colcon.colcon_core.package_identification:_identify(src/build) ignored
[0.371s] Level 1:colcon.colcon_core.package_identification:_identify(src/install) by extensions ['ignore', 'ignore_ament_install']
[0.371s] Level 1:colcon.colcon_core.package_identification:_identify(src/install) by extension 'ignore'
[0.371s] Level 1:colcon.colcon_core.package_identification:_identify(src/install) ignored
[0.371s] Level 1:colcon.colcon_core.package_identification:_identify(src/log) by extensions ['ignore', 'ignore_ament_install']
[0.371s] Level 1:colcon.colcon_core.package_identification:_identify(src/log) by extension 'ignore'
[0.371s] Level 1:colcon.colcon_core.package_identification:_identify(src/log) ignored
[0.371s] Level 1:colcon.colcon_core.package_identification:_identify(src/roboracer_controller) by extensions ['ignore', 'ignore_ament_install']
[0.371s] Level 1:colcon.colcon_core.package_identification:_identify(src/roboracer_controller) by extension 'ignore'
[0.371s] Level 1:colcon.colcon_core.package_identification:_identify(src/roboracer_controller) by extension 'ignore_ament_install'
[0.371s] Level 1:colcon.colcon_core.package_identification:_identify(src/roboracer_controller) by extensions ['colcon_pkg']
[0.371s] Level 1:colcon.colcon_core.package_identification:_identify(src/roboracer_controller) by extension 'colcon_pkg'
[0.372s] Level 1:colcon.colcon_core.package_identification:_identify(src/roboracer_controller) by extensions ['colcon_meta']
[0.372s] Level 1:colcon.colcon_core.package_identification:_identify(src/roboracer_controller) by extension 'colcon_meta'
[0.372s] Level 1:colcon.colcon_core.package_identification:_identify(src/roboracer_controller) by extensions ['ros']
[0.372s] Level 1:colcon.colcon_core.package_identification:_identify(src/roboracer_controller) by extension 'ros'
[0.375s] DEBUG:colcon.colcon_core.package_identification:Package 'src/roboracer_controller' with type 'ros.ament_cmake' and name 'roboracer_controller'
[0.375s] Level 1:colcon.colcon_core.package_identification:_identify(src/roboracer_description) by extensions ['ignore', 'ignore_ament_install']
[0.375s] Level 1:colcon.colcon_core.package_identification:_identify(src/roboracer_description) by extension 'ignore'
[0.375s] Level 1:colcon.colcon_core.package_identification:_identify(src/roboracer_description) by extension 'ignore_ament_install'
[0.375s] Level 1:colcon.colcon_core.package_identification:_identify(src/roboracer_description) by extensions ['colcon_pkg']
[0.375s] Level 1:colcon.colcon_core.package_identification:_identify(src/roboracer_description) by extension 'colcon_pkg'
[0.375s] Level 1:colcon.colcon_core.package_identification:_identify(src/roboracer_description) by extensions ['colcon_meta']
[0.375s] Level 1:colcon.colcon_core.package_identification:_identify(src/roboracer_description) by extension 'colcon_meta'
[0.375s] Level 1:colcon.colcon_core.package_identification:_identify(src/roboracer_description) by extensions ['ros']
[0.375s] Level 1:colcon.colcon_core.package_identification:_identify(src/roboracer_description) by extension 'ros'
[0.378s] DEBUG:colcon.colcon_core.package_identification:Package 'src/roboracer_description' with type 'ros.ament_cmake' and name 'roboracer_description'
[0.378s] Level 1:colcon.colcon_core.package_identification:_identify(src/roboracer_localization) by extensions ['ignore', 'ignore_ament_install']
[0.378s] Level 1:colcon.colcon_core.package_identification:_identify(src/roboracer_localization) by extension 'ignore'
[0.378s] Level 1:colcon.colcon_core.package_identification:_identify(src/roboracer_localization) by extension 'ignore_ament_install'
[0.378s] Level 1:colcon.colcon_core.package_identification:_identify(src/roboracer_localization) by extensions ['colcon_pkg']
[0.378s] Level 1:colcon.colcon_core.package_identification:_identify(src/roboracer_localization) by extension 'colcon_pkg'
[0.378s] Level 1:colcon.colcon_core.package_identification:_identify(src/roboracer_localization) by extensions ['colcon_meta']
[0.378s] Level 1:colcon.colcon_core.package_identification:_identify(src/roboracer_localization) by extension 'colcon_meta'
[0.378s] Level 1:colcon.colcon_core.package_identification:_identify(src/roboracer_localization) by extensions ['ros']
[0.378s] Level 1:colcon.colcon_core.package_identification:_identify(src/roboracer_localization) by extension 'ros'
[0.379s] DEBUG:colcon.colcon_core.package_identification:Package 'src/roboracer_localization' with type 'ros.ament_cmake' and name 'roboracer_localization'
[0.379s] Level 1:colcon.colcon_core.package_identification:_identify(src/roboracer_py) by extensions ['ignore', 'ignore_ament_install']
[0.379s] Level 1:colcon.colcon_core.package_identification:_identify(src/roboracer_py) by extension 'ignore'
[0.380s] Level 1:colcon.colcon_core.package_identification:_identify(src/roboracer_py) by extension 'ignore_ament_install'
[0.380s] Level 1:colcon.colcon_core.package_identification:_identify(src/roboracer_py) by extensions ['colcon_pkg']
[0.380s] Level 1:colcon.colcon_core.package_identification:_identify(src/roboracer_py) by extension 'colcon_pkg'
[0.380s] Level 1:colcon.colcon_core.package_identification:_identify(src/roboracer_py) by extensions ['colcon_meta']
[0.380s] Level 1:colcon.colcon_core.package_identification:_identify(src/roboracer_py) by extension 'colcon_meta'
[0.380s] Level 1:colcon.colcon_core.package_identification:_identify(src/roboracer_py) by extensions ['ros']
[0.380s] Level 1:colcon.colcon_core.package_identification:_identify(src/roboracer_py) by extension 'ros'
[0.381s] DEBUG:colcon.colcon_core.package_identification:Package 'src/roboracer_py' with type 'ros.ament_python' and name 'roboracer_py'
[0.381s] Level 1:colcon.colcon_core.package_identification:_identify(src/roboracer_visual_odom) by extensions ['ignore', 'ignore_ament_install']
[0.381s] Level 1:colcon.colcon_core.package_identification:_identify(src/roboracer_visual_odom) by extension 'ignore'
[0.381s] Level 1:colcon.colcon_core.package_identification:_identify(src/roboracer_visual_odom) by extension 'ignore_ament_install'
[0.381s] Level 1:colcon.colcon_core.package_identification:_identify(src/roboracer_visual_odom) by extensions ['colcon_pkg']
[0.381s] Level 1:colcon.colcon_core.package_identification:_identify(src/roboracer_visual_odom) by extension 'colcon_pkg'
[0.381s] Level 1:colcon.colcon_core.package_identification:_identify(src/roboracer_visual_odom) by extensions ['colcon_meta']
[0.381s] Level 1:colcon.colcon_core.package_identification:_identify(src/roboracer_visual_odom) by extension 'colcon_meta'
[0.381s] Level 1:colcon.colcon_core.package_identification:_identify(src/roboracer_visual_odom) by extensions ['ros']
[0.381s] Level 1:colcon.colcon_core.package_identification:_identify(src/roboracer_visual_odom) by extension 'ros'
[0.382s] DEBUG:colcon.colcon_core.package_identification:Package 'src/roboracer_visual_odom' with type 'ros.ament_cmake' and name 'roboracer_visual_odom'
[0.382s] Level 1:colcon.colcon_core.package_identification:_identify(src/roboracer_yolov8_detector) by extensions ['ignore', 'ignore_ament_install']
[0.382s] Level 1:colcon.colcon_core.package_identification:_identify(src/roboracer_yolov8_detector) by extension 'ignore'
[0.382s] Level 1:colcon.colcon_core.package_identification:_identify(src/roboracer_yolov8_detector) by extension 'ignore_ament_install'
[0.382s] Level 1:colcon.colcon_core.package_identification:_identify(src/roboracer_yolov8_detector) by extensions ['colcon_pkg']
[0.382s] Level 1:colcon.colcon_core.package_identification:_identify(src/roboracer_yolov8_detector) by extension 'colcon_pkg'
[0.383s] Level 1:colcon.colcon_core.package_identification:_identify(src/roboracer_yolov8_detector) by extensions ['colcon_meta']
[0.383s] Level 1:colcon.colcon_core.package_identification:_identify(src/roboracer_yolov8_detector) by extension 'colcon_meta'
[0.383s] Level 1:colcon.colcon_core.package_identification:_identify(src/roboracer_yolov8_detector) by extensions ['ros']
[0.383s] Level 1:colcon.colcon_core.package_identification:_identify(src/roboracer_yolov8_detector) by extension 'ros'
[0.383s] DEBUG:colcon.colcon_core.package_identification:Package 'src/roboracer_yolov8_detector' with type 'ros.ament_python' and name 'roboracer_yolov8_detector'
[0.383s] Level 1:colcon.colcon_core.package_discovery:discover_packages(recursive) using defaults
[0.383s] Level 1:colcon.colcon_core.package_discovery:discover_packages(ignore) discover
[0.384s] Level 1:colcon.colcon_core.package_discovery:discover_packages(ignore) using defaults
[0.384s] Level 1:colcon.colcon_core.package_discovery:discover_packages(path) discover
[0.384s] Level 1:colcon.colcon_core.package_discovery:discover_packages(path) using defaults
[0.407s] Level 1:colcon.colcon_core.package_discovery:discover_packages(prefix_path) check parameters
[0.407s] Level 1:colcon.colcon_core.package_discovery:discover_packages(prefix_path) discover
[0.411s] DEBUG:colcon.colcon_installed_package_information.package_discovery:Found 6 installed packages in /home/loq/roboracer_ws/install
[0.412s] DEBUG:colcon.colcon_installed_package_information.package_discovery:Found 5 installed packages in /home/loq/bumperbot_ws/install
[0.412s] DEBUG:colcon.colcon_installed_package_information.package_discovery:Found 4 installed packages in /home/loq/ros2_action_ws/install
[0.413s] DEBUG:colcon.colcon_installed_package_information.package_discovery:Found 3 installed packages in /home/loq/turtlebot3_ws/install
[0.413s] DEBUG:colcon.colcon_installed_package_information.package_discovery:Found 2 installed packages in /home/loq/drivingcar_ws/install
[0.414s] DEBUG:colcon.colcon_installed_package_information.package_discovery:Found 5 installed packages in /home/loq/Downloads/ros2-ackermann-vehicle-gz-sim-harmonic-nav2-main/install
[0.416s] DEBUG:colcon.colcon_installed_package_information.package_discovery:Found 351 installed packages in /opt/ros/humble
[0.417s] Level 1:colcon.colcon_core.package_discovery:discover_packages(prefix_path) using defaults
[0.466s] Level 5:colcon.colcon_core.verb:set package 'roboracer_controller' build argument 'cmake_args' from command line to 'None'
[0.466s] Level 5:colcon.colcon_core.verb:set package 'roboracer_controller' build argument 'cmake_target' from command line to 'None'
[0.466s] Level 5:colcon.colcon_core.verb:set package 'roboracer_controller' build argument 'cmake_target_skip_unavailable' from command line to 'False'
[0.466s] Level 5:colcon.colcon_core.verb:set package 'roboracer_controller' build argument 'cmake_clean_cache' from command line to 'False'
[0.466s] Level 5:colcon.colcon_core.verb:set package 'roboracer_controller' build argument 'cmake_clean_first' from command line to 'False'
[0.466s] Level 5:colcon.colcon_core.verb:set package 'roboracer_controller' build argument 'cmake_force_configure' from command line to 'False'
[0.466s] Level 5:colcon.colcon_core.verb:set package 'roboracer_controller' build argument 'ament_cmake_args' from command line to 'None'
[0.466s] Level 5:colcon.colcon_core.verb:set package 'roboracer_controller' build argument 'catkin_cmake_args' from command line to 'None'
[0.466s] Level 5:colcon.colcon_core.verb:set package 'roboracer_controller' build argument 'catkin_skip_building_tests' from command line to 'False'
[0.466s] DEBUG:colcon.colcon_core.verb:Building package 'roboracer_controller' with the following arguments: {'ament_cmake_args': None, 'build_base': '/home/loq/roboracer_ws/build/roboracer_controller', 'catkin_cmake_args': None, 'catkin_skip_building_tests': False, 'cmake_args': None, 'cmake_clean_cache': False, 'cmake_clean_first': False, 'cmake_force_configure': False, 'cmake_target': None, 'cmake_target_skip_unavailable': False, 'install_base': '/home/loq/roboracer_ws/install/roboracer_controller', 'merge_install': False, 'path': '/home/loq/roboracer_ws/src/roboracer_controller', 'symlink_install': True, 'test_result_base': None}
[0.466s] Level 5:colcon.colcon_core.verb:set package 'roboracer_description' build argument 'cmake_args' from command line to 'None'
[0.466s] Level 5:colcon.colcon_core.verb:set package 'roboracer_description' build argument 'cmake_target' from command line to 'None'
[0.466s] Level 5:colcon.colcon_core.verb:set package 'roboracer_description' build argument 'cmake_target_skip_unavailable' from command line to 'False'
[0.466s] Level 5:colcon.colcon_core.verb:set package 'roboracer_description' build argument 'cmake_clean_cache' from command line to 'False'
[0.466s] Level 5:colcon.colcon_core.verb:set package 'roboracer_description' build argument 'cmake_clean_first' from command line to 'False'
[0.466s] Level 5:colcon.colcon_core.verb:set package 'roboracer_description' build argument 'cmake_force_configure' from command line to 'False'
[0.466s] Level 5:colcon.colcon_core.verb:set package 'roboracer_description' build argument 'ament_cmake_args' from command line to 'None'
[0.466s] Level 5:colcon.colcon_core.verb:set package 'roboracer_description' build argument 'catkin_cmake_args' from command line to 'None'
[0.466s] Level 5:colcon.colcon_core.verb:set package 'roboracer_description' build argument 'catkin_skip_building_tests' from command line to 'False'
[0.466s] DEBUG:colcon.colcon_core.verb:Building package 'roboracer_description' with the following arguments: {'ament_cmake_args': None, 'build_base': '/home/loq/roboracer_ws/build/roboracer_description', 'catkin_cmake_args': None, 'catkin_skip_building_tests': False, 'cmake_args': None, 'cmake_clean_cache': False, 'cmake_clean_first': False, 'cmake_force_configure': False, 'cmake_target': None, 'cmake_target_skip_unavailable': False, 'install_base': '/home/loq/roboracer_ws/install/roboracer_description', 'merge_install': False, 'path': '/home/loq/roboracer_ws/src/roboracer_description', 'symlink_install': True, 'test_result_base': None}
[0.467s] Level 5:colcon.colcon_core.verb:set package 'roboracer_localization' build argument 'cmake_args' from command line to 'None'
[0.467s] Level 5:colcon.colcon_core.verb:set package 'roboracer_localization' build argument 'cmake_target' from command line to 'None'
[0.467s] Level 5:colcon.colcon_core.verb:set package 'roboracer_localization' build argument 'cmake_target_skip_unavailable' from command line to 'False'
[0.467s] Level 5:colcon.colcon_core.verb:set package 'roboracer_localization' build argument 'cmake_clean_cache' from command line to 'False'
[0.467s] Level 5:colcon.colcon_core.verb:set package 'roboracer_localization' build argument 'cmake_clean_first' from command line to 'False'
[0.467s] Level 5:colcon.colcon_core.verb:set package 'roboracer_localization' build argument 'cmake_force_configure' from command line to 'False'
[0.467s] Level 5:colcon.colcon_core.verb:set package 'roboracer_localization' build argument 'ament_cmake_args' from command line to 'None'
[0.467s] Level 5:colcon.colcon_core.verb:set package 'roboracer_localization' build argument 'catkin_cmake_args' from command line to 'None'
[0.467s] Level 5:colcon.colcon_core.verb:set package 'roboracer_localization' build argument 'catkin_skip_building_tests' from command line to 'False'
[0.467s] DEBUG:colcon.colcon_core.verb:Building package 'roboracer_localization' with the following arguments: {'ament_cmake_args': None, 'build_base': '/home/loq/roboracer_ws/build/roboracer_localization', 'catkin_cmake_args': None, 'catkin_skip_building_tests': False, 'cmake_args': None, 'cmake_clean_cache': False, 'cmake_clean_first': False, 'cmake_force_configure': False, 'cmake_target': None, 'cmake_target_skip_unavailable': False, 'install_base': '/home/loq/roboracer_ws/install/roboracer_localization', 'merge_install': False, 'path': '/home/loq/roboracer_ws/src/roboracer_localization', 'symlink_install': True, 'test_result_base': None}
[0.467s] Level 5:colcon.colcon_core.verb:set package 'roboracer_py' build argument 'cmake_args' from command line to 'None'
[0.467s] Level 5:colcon.colcon_core.verb:set package 'roboracer_py' build argument 'cmake_target' from command line to 'None'
[0.468s] Level 5:colcon.colcon_core.verb:set package 'roboracer_py' build argument 'cmake_target_skip_unavailable' from command line to 'False'
[0.468s] Level 5:colcon.colcon_core.verb:set package 'roboracer_py' build argument 'cmake_clean_cache' from command line to 'False'
[0.468s] Level 5:colcon.colcon_core.verb:set package 'roboracer_py' build argument 'cmake_clean_first' from command line to 'False'
[0.468s] Level 5:colcon.colcon_core.verb:set package 'roboracer_py' build argument 'cmake_force_configure' from command line to 'False'
[0.468s] Level 5:colcon.colcon_core.verb:set package 'roboracer_py' build argument 'ament_cmake_args' from command line to 'None'
[0.468s] Level 5:colcon.colcon_core.verb:set package 'roboracer_py' build argument 'catkin_cmake_args' from command line to 'None'
[0.468s] Level 5:colcon.colcon_core.verb:set package 'roboracer_py' build argument 'catkin_skip_building_tests' from command line to 'False'
[0.468s] DEBUG:colcon.colcon_core.verb:Building package 'roboracer_py' with the following arguments: {'ament_cmake_args': None, 'build_base': '/home/loq/roboracer_ws/build/roboracer_py', 'catkin_cmake_args': None, 'catkin_skip_building_tests': False, 'cmake_args': None, 'cmake_clean_cache': False, 'cmake_clean_first': False, 'cmake_force_configure': False, 'cmake_target': None, 'cmake_target_skip_unavailable': False, 'install_base': '/home/loq/roboracer_ws/install/roboracer_py', 'merge_install': False, 'path': '/home/loq/roboracer_ws/src/roboracer_py', 'symlink_install': True, 'test_result_base': None}
[0.468s] Level 5:colcon.colcon_core.verb:set package 'roboracer_visual_odom' build argument 'cmake_args' from command line to 'None'
[0.468s] Level 5:colcon.colcon_core.verb:set package 'roboracer_visual_odom' build argument 'cmake_target' from command line to 'None'
[0.468s] Level 5:colcon.colcon_core.verb:set package 'roboracer_visual_odom' build argument 'cmake_target_skip_unavailable' from command line to 'False'
[0.468s] Level 5:colcon.colcon_core.verb:set package 'roboracer_visual_odom' build argument 'cmake_clean_cache' from command line to 'False'
[0.468s] Level 5:colcon.colcon_core.verb:set package 'roboracer_visual_odom' build argument 'cmake_clean_first' from command line to 'False'
[0.468s] Level 5:colcon.colcon_core.verb:set package 'roboracer_visual_odom' build argument 'cmake_force_configure' from command line to 'False'
[0.468s] Level 5:colcon.colcon_core.verb:set package 'roboracer_visual_odom' build argument 'ament_cmake_args' from command line to 'None'
[0.468s] Level 5:colcon.colcon_core.verb:set package 'roboracer_visual_odom' build argument 'catkin_cmake_args' from command line to 'None'
[0.468s] Level 5:colcon.colcon_core.verb:set package 'roboracer_visual_odom' build argument 'catkin_skip_building_tests' from command line to 'False'
[0.468s] DEBUG:colcon.colcon_core.verb:Building package 'roboracer_visual_odom' with the following arguments: {'ament_cmake_args': None, 'build_base': '/home/loq/roboracer_ws/build/roboracer_visual_odom', 'catkin_cmake_args': None, 'catkin_skip_building_tests': False, 'cmake_args': None, 'cmake_clean_cache': False, 'cmake_clean_first': False, 'cmake_force_configure': False, 'cmake_target': None, 'cmake_target_skip_unavailable': False, 'install_base': '/home/loq/roboracer_ws/install/roboracer_visual_odom', 'merge_install': False, 'path': '/home/loq/roboracer_ws/src/roboracer_visual_odom', 'symlink_install': True, 'test_result_base': None}
[0.469s] Level 5:colcon.colcon_core.verb:set package 'roboracer_yolov8_detector' build argument 'cmake_args' from command line to 'None'
[0.469s] Level 5:colcon.colcon_core.verb:set package 'roboracer_yolov8_detector' build argument 'cmake_target' from command line to 'None'
[0.469s] Level 5:colcon.colcon_core.verb:set package 'roboracer_yolov8_detector' build argument 'cmake_target_skip_unavailable' from command line to 'False'
[0.469s] Level 5:colcon.colcon_core.verb:set package 'roboracer_yolov8_detector' build argument 'cmake_clean_cache' from command line to 'False'
[0.469s] Level 5:colcon.colcon_core.verb:set package 'roboracer_yolov8_detector' build argument 'cmake_clean_first' from command line to 'False'
[0.469s] Level 5:colcon.colcon_core.verb:set package 'roboracer_yolov8_detector' build argument 'cmake_force_configure' from command line to 'False'
[0.469s] Level 5:colcon.colcon_core.verb:set package 'roboracer_yolov8_detector' build argument 'ament_cmake_args' from command line to 'None'
[0.469s] Level 5:colcon.colcon_core.verb:set package 'roboracer_yolov8_detector' build argument 'catkin_cmake_args' from command line to 'None'
[0.469s] Level 5:colcon.colcon_core.verb:set package 'roboracer_yolov8_detector' build argument 'catkin_skip_building_tests' from command line to 'False'
[0.469s] DEBUG:colcon.colcon_core.verb:Building package 'roboracer_yolov8_detector' with the following arguments: {'ament_cmake_args': None, 'build_base': '/home/loq/roboracer_ws/build/roboracer_yolov8_detector', 'catkin_cmake_args': None, 'catkin_skip_building_tests': False, 'cmake_args': None, 'cmake_clean_cache': False, 'cmake_clean_first': False, 'cmake_force_configure': False, 'cmake_target': None, 'cmake_target_skip_unavailable': False, 'install_base': '/home/loq/roboracer_ws/install/roboracer_yolov8_detector', 'merge_install': False, 'path': '/home/loq/roboracer_ws/src/roboracer_yolov8_detector', 'symlink_install': True, 'test_result_base': None}
[0.469s] INFO:colcon.colcon_core.executor:Executing jobs using 'parallel' executor
[0.470s] DEBUG:colcon.colcon_parallel_executor.executor.parallel:run_until_complete
[0.470s] INFO:colcon.colcon_ros.task.ament_cmake.build:Building ROS package in '/home/loq/roboracer_ws/src/roboracer_controller' with build type 'ament_cmake'
[0.471s] INFO:colcon.colcon_cmake.task.cmake.build:Building CMake package in '/home/loq/roboracer_ws/src/roboracer_controller'
[0.473s] INFO:colcon.colcon_core.plugin_system:Skipping extension 'colcon_core.shell.bat': Not used on non-Windows systems
[0.473s] INFO:colcon.colcon_core.shell:Skip shell extension 'powershell' for command environment: Not usable outside of PowerShell
[0.473s] DEBUG:colcon.colcon_core.shell:Skip shell extension 'dsv' for command environment
[0.481s] INFO:colcon.colcon_ros.task.ament_cmake.build:Building ROS package in '/home/loq/roboracer_ws/src/roboracer_description' with build type 'ament_cmake'
[0.481s] INFO:colcon.colcon_cmake.task.cmake.build:Building CMake package in '/home/loq/roboracer_ws/src/roboracer_description'
[0.481s] INFO:colcon.colcon_core.shell:Skip shell extension 'powershell' for command environment: Not usable outside of PowerShell
[0.481s] DEBUG:colcon.colcon_core.shell:Skip shell extension 'dsv' for command environment
[0.488s] INFO:colcon.colcon_ros.task.ament_cmake.build:Building ROS package in '/home/loq/roboracer_ws/src/roboracer_localization' with build type 'ament_cmake'
[0.489s] INFO:colcon.colcon_cmake.task.cmake.build:Building CMake package in '/home/loq/roboracer_ws/src/roboracer_localization'
[0.489s] INFO:colcon.colcon_core.shell:Skip shell extension 'powershell' for command environment: Not usable outside of PowerShell
[0.489s] DEBUG:colcon.colcon_core.shell:Skip shell extension 'dsv' for command environment
[0.496s] INFO:colcon.colcon_ros.task.ament_python.build:Building ROS package in '/home/loq/roboracer_ws/src/roboracer_py' with build type 'ament_python'
[0.496s] Level 1:colcon.colcon_core.shell:create_environment_hook('roboracer_py', 'ament_prefix_path')
[0.497s] INFO:colcon.colcon_core.shell:Creating environment hook '/home/loq/roboracer_ws/install/roboracer_py/share/roboracer_py/hook/ament_prefix_path.ps1'
[0.497s] INFO:colcon.colcon_core.shell:Creating environment descriptor '/home/loq/roboracer_ws/install/roboracer_py/share/roboracer_py/hook/ament_prefix_path.dsv'
[0.498s] INFO:colcon.colcon_core.shell:Creating environment hook '/home/loq/roboracer_ws/install/roboracer_py/share/roboracer_py/hook/ament_prefix_path.sh'
[0.499s] INFO:colcon.colcon_core.shell:Skip shell extension 'powershell' for command environment: Not usable outside of PowerShell
[0.499s] DEBUG:colcon.colcon_core.shell:Skip shell extension 'dsv' for command environment
[0.506s] INFO:colcon.colcon_ros.task.ament_cmake.build:Building ROS package in '/home/loq/roboracer_ws/src/roboracer_visual_odom' with build type 'ament_cmake'
[0.507s] INFO:colcon.colcon_cmake.task.cmake.build:Building CMake package in '/home/loq/roboracer_ws/src/roboracer_visual_odom'
[0.507s] INFO:colcon.colcon_core.shell:Skip shell extension 'powershell' for command environment: Not usable outside of PowerShell
[0.507s] DEBUG:colcon.colcon_core.shell:Skip shell extension 'dsv' for command environment
[0.514s] INFO:colcon.colcon_ros.task.ament_python.build:Building ROS package in '/home/loq/roboracer_ws/src/roboracer_yolov8_detector' with build type 'ament_python'
[0.514s] Level 1:colcon.colcon_core.shell:create_environment_hook('roboracer_yolov8_detector', 'ament_prefix_path')
[0.515s] INFO:colcon.colcon_core.shell:Creating environment hook '/home/loq/roboracer_ws/install/roboracer_yolov8_detector/share/roboracer_yolov8_detector/hook/ament_prefix_path.ps1'
[0.515s] INFO:colcon.colcon_core.shell:Creating environment descriptor '/home/loq/roboracer_ws/install/roboracer_yolov8_detector/share/roboracer_yolov8_detector/hook/ament_prefix_path.dsv'
[0.516s] INFO:colcon.colcon_core.shell:Creating environment hook '/home/loq/roboracer_ws/install/roboracer_yolov8_detector/share/roboracer_yolov8_detector/hook/ament_prefix_path.sh'
[0.516s] INFO:colcon.colcon_core.shell:Skip shell extension 'powershell' for command environment: Not usable outside of PowerShell
[0.516s] DEBUG:colcon.colcon_core.shell:Skip shell extension 'dsv' for command environment
[0.530s] DEBUG:colcon.colcon_core.event_handler.log_command:Invoking command in '/home/loq/roboracer_ws/build/roboracer_controller': CMAKE_PREFIX_PATH=${CMAKE_PREFIX_PATH}:/home/loq/drivingcar_ws/install/self_driving_car_pkg:/home/loq/bumperbot_ws/install/bumperbot_py_example:/home/loq/roboracer_ws/install/roboracer_yolov8_detector:/home/loq/roboracer_ws/install/roboracer_py:/home/loq/ros2_action_ws/install/lifecycle_py:/home/loq/ros2_action_ws/install/action_py:/opt/ros/humble /usr/bin/cmake --build /home/loq/roboracer_ws/build/roboracer_controller -- -j8 -l8
[0.534s] DEBUG:colcon.colcon_core.event_handler.log_command:Invoking command in '/home/loq/roboracer_ws/build/roboracer_description': CMAKE_PREFIX_PATH=${CMAKE_PREFIX_PATH}:/home/loq/drivingcar_ws/install/self_driving_car_pkg:/home/loq/bumperbot_ws/install/bumperbot_py_example:/home/loq/roboracer_ws/install/roboracer_yolov8_detector:/home/loq/roboracer_ws/install/roboracer_py:/home/loq/ros2_action_ws/install/lifecycle_py:/home/loq/ros2_action_ws/install/action_py:/opt/ros/humble /usr/bin/cmake --build /home/loq/roboracer_ws/build/roboracer_description -- -j8 -l8
[0.537s] DEBUG:colcon.colcon_core.event_handler.log_command:Invoking command in '/home/loq/roboracer_ws/build/roboracer_localization': CMAKE_PREFIX_PATH=${CMAKE_PREFIX_PATH}:/home/loq/drivingcar_ws/install/self_driving_car_pkg:/home/loq/bumperbot_ws/install/bumperbot_py_example:/home/loq/roboracer_ws/install/roboracer_yolov8_detector:/home/loq/roboracer_ws/install/roboracer_py:/home/loq/ros2_action_ws/install/lifecycle_py:/home/loq/ros2_action_ws/install/action_py:/opt/ros/humble /usr/bin/cmake --build /home/loq/roboracer_ws/build/roboracer_localization -- -j8 -l8
[0.784s] INFO:colcon.colcon_core.task.python.build:Building Python package in '/home/loq/roboracer_ws/src/roboracer_py'
[0.785s] INFO:colcon.colcon_core.shell:Skip shell extension 'powershell' for command environment: Not usable outside of PowerShell
[0.785s] DEBUG:colcon.colcon_core.shell:Skip shell extension 'dsv' for command environment
[0.793s] DEBUG:colcon.colcon_core.event_handler.log_command:Invoking command in '/home/loq/roboracer_ws/build/roboracer_visual_odom': CMAKE_PREFIX_PATH=${CMAKE_PREFIX_PATH}:/home/loq/drivingcar_ws/install/self_driving_car_pkg:/home/loq/bumperbot_ws/install/bumperbot_py_example:/home/loq/roboracer_ws/install/roboracer_yolov8_detector:/home/loq/roboracer_ws/install/roboracer_py:/home/loq/ros2_action_ws/install/lifecycle_py:/home/loq/ros2_action_ws/install/action_py:/opt/ros/humble /usr/bin/cmake --build /home/loq/roboracer_ws/build/roboracer_visual_odom -- -j8 -l8
[0.795s] DEBUG:colcon.colcon_core.event_handler.log_command:Invoked command in '/home/loq/roboracer_ws/build/roboracer_description' returned '0': CMAKE_PREFIX_PATH=${CMAKE_PREFIX_PATH}:/home/loq/drivingcar_ws/install/self_driving_car_pkg:/home/loq/bumperbot_ws/install/bumperbot_py_example:/home/loq/roboracer_ws/install/roboracer_yolov8_detector:/home/loq/roboracer_ws/install/roboracer_py:/home/loq/ros2_action_ws/install/lifecycle_py:/home/loq/ros2_action_ws/install/action_py:/opt/ros/humble /usr/bin/cmake --build /home/loq/roboracer_ws/build/roboracer_description -- -j8 -l8
[0.806s] DEBUG:colcon.colcon_core.event_handler.log_command:Invoking command in '/home/loq/roboracer_ws/build/roboracer_description': CMAKE_PREFIX_PATH=${CMAKE_PREFIX_PATH}:/home/loq/drivingcar_ws/install/self_driving_car_pkg:/home/loq/bumperbot_ws/install/bumperbot_py_example:/home/loq/roboracer_ws/install/roboracer_yolov8_detector:/home/loq/roboracer_ws/install/roboracer_py:/home/loq/ros2_action_ws/install/lifecycle_py:/home/loq/ros2_action_ws/install/action_py:/opt/ros/humble /usr/bin/cmake --install /home/loq/roboracer_ws/build/roboracer_description
[0.806s] DEBUG:colcon.colcon_core.event_handler.log_command:Invoked command in '/home/loq/roboracer_ws/build/roboracer_controller' returned '0': CMAKE_PREFIX_PATH=${CMAKE_PREFIX_PATH}:/home/loq/drivingcar_ws/install/self_driving_car_pkg:/home/loq/bumperbot_ws/install/bumperbot_py_example:/home/loq/roboracer_ws/install/roboracer_yolov8_detector:/home/loq/roboracer_ws/install/roboracer_py:/home/loq/ros2_action_ws/install/lifecycle_py:/home/loq/ros2_action_ws/install/action_py:/opt/ros/humble /usr/bin/cmake --build /home/loq/roboracer_ws/build/roboracer_controller -- -j8 -l8
[0.808s] DEBUG:colcon.colcon_core.event_handler.log_command:Invoking command in '/home/loq/roboracer_ws/build/roboracer_controller': CMAKE_PREFIX_PATH=${CMAKE_PREFIX_PATH}:/home/loq/drivingcar_ws/install/self_driving_car_pkg:/home/loq/bumperbot_ws/install/bumperbot_py_example:/home/loq/roboracer_ws/install/roboracer_yolov8_detector:/home/loq/roboracer_ws/install/roboracer_py:/home/loq/ros2_action_ws/install/lifecycle_py:/home/loq/ros2_action_ws/install/action_py:/opt/ros/humble /usr/bin/cmake --install /home/loq/roboracer_ws/build/roboracer_controller
[1.034s] INFO:colcon.colcon_core.task.python.build:Building Python package in '/home/loq/roboracer_ws/src/roboracer_yolov8_detector'
[1.034s] INFO:colcon.colcon_core.shell:Skip shell extension 'powershell' for command environment: Not usable outside of PowerShell
[1.034s] DEBUG:colcon.colcon_core.shell:Skip shell extension 'dsv' for command environment
[1.040s] DEBUG:colcon.colcon_core.event_handler.log_command:Invoked command in '/home/loq/roboracer_ws/build/roboracer_localization' returned '0': CMAKE_PREFIX_PATH=${CMAKE_PREFIX_PATH}:/home/loq/drivingcar_ws/install/self_driving_car_pkg:/home/loq/bumperbot_ws/install/bumperbot_py_example:/home/loq/roboracer_ws/install/roboracer_yolov8_detector:/home/loq/roboracer_ws/install/roboracer_py:/home/loq/ros2_action_ws/install/lifecycle_py:/home/loq/ros2_action_ws/install/action_py:/opt/ros/humble /usr/bin/cmake --build /home/loq/roboracer_ws/build/roboracer_localization -- -j8 -l8
[1.041s] DEBUG:colcon.colcon_core.event_handler.log_command:Invoking command in '/home/loq/roboracer_ws/build/roboracer_localization': CMAKE_PREFIX_PATH=${CMAKE_PREFIX_PATH}:/home/loq/drivingcar_ws/install/self_driving_car_pkg:/home/loq/bumperbot_ws/install/bumperbot_py_example:/home/loq/roboracer_ws/install/roboracer_yolov8_detector:/home/loq/roboracer_ws/install/roboracer_py:/home/loq/ros2_action_ws/install/lifecycle_py:/home/loq/ros2_action_ws/install/action_py:/opt/ros/humble /usr/bin/cmake --install /home/loq/roboracer_ws/build/roboracer_localization
[1.048s] Level 1:colcon.colcon_core.environment:create_environment_scripts_only(roboracer_controller)
[1.060s] Level 1:colcon.colcon_core.environment:checking '/home/loq/roboracer_ws/install/roboracer_controller' for CMake module files
[1.064s] Level 1:colcon.colcon_core.environment:checking '/home/loq/roboracer_ws/install/roboracer_controller' for CMake config files
[1.067s] Level 1:colcon.colcon_core.shell:create_environment_hook('roboracer_controller', 'cmake_prefix_path')
[1.067s] INFO:colcon.colcon_core.shell:Creating environment hook '/home/loq/roboracer_ws/install/roboracer_controller/share/roboracer_controller/hook/cmake_prefix_path.ps1'
[1.068s] INFO:colcon.colcon_core.shell:Creating environment descriptor '/home/loq/roboracer_ws/install/roboracer_controller/share/roboracer_controller/hook/cmake_prefix_path.dsv'
[1.069s] INFO:colcon.colcon_core.shell:Creating environment hook '/home/loq/roboracer_ws/install/roboracer_controller/share/roboracer_controller/hook/cmake_prefix_path.sh'
[1.070s] DEBUG:colcon.colcon_core.event_handler.log_command:Invoked command in '/home/loq/roboracer_ws/build/roboracer_controller' returned '0': CMAKE_PREFIX_PATH=${CMAKE_PREFIX_PATH}:/home/loq/drivingcar_ws/install/self_driving_car_pkg:/home/loq/bumperbot_ws/install/bumperbot_py_example:/home/loq/roboracer_ws/install/roboracer_yolov8_detector:/home/loq/roboracer_ws/install/roboracer_py:/home/loq/ros2_action_ws/install/lifecycle_py:/home/loq/ros2_action_ws/install/action_py:/opt/ros/humble /usr/bin/cmake --install /home/loq/roboracer_ws/build/roboracer_controller
[1.071s] Level 1:colcon.colcon_core.environment:checking '/home/loq/roboracer_ws/install/roboracer_controller/lib'
[1.071s] Level 1:colcon.colcon_core.environment:checking '/home/loq/roboracer_ws/install/roboracer_controller/bin'
[1.071s] Level 1:colcon.colcon_core.environment:checking '/home/loq/roboracer_ws/install/roboracer_controller/lib/pkgconfig/roboracer_controller.pc'
[1.071s] Level 1:colcon.colcon_core.environment:checking '/home/loq/roboracer_ws/install/roboracer_controller/lib/python3.10/site-packages'
[1.072s] Level 1:colcon.colcon_core.environment:checking '/home/loq/roboracer_ws/install/roboracer_controller/bin'
[1.072s] INFO:colcon.colcon_core.shell:Creating package script '/home/loq/roboracer_ws/install/roboracer_controller/share/roboracer_controller/package.ps1'
[1.074s] INFO:colcon.colcon_core.shell:Creating package descriptor '/home/loq/roboracer_ws/install/roboracer_controller/share/roboracer_controller/package.dsv'
[1.076s] INFO:colcon.colcon_core.shell:Creating package script '/home/loq/roboracer_ws/install/roboracer_controller/share/roboracer_controller/package.sh'
[1.078s] INFO:colcon.colcon_core.shell:Creating package script '/home/loq/roboracer_ws/install/roboracer_controller/share/roboracer_controller/package.bash'
[1.080s] INFO:colcon.colcon_core.shell:Creating package script '/home/loq/roboracer_ws/install/roboracer_controller/share/roboracer_controller/package.zsh'
[1.081s] Level 1:colcon.colcon_core.environment:create_file_with_runtime_dependencies(/home/loq/roboracer_ws/install/roboracer_controller/share/colcon-core/packages/roboracer_controller)
[1.082s] Level 1:colcon.colcon_core.environment:create_environment_scripts_only(roboracer_controller)
[1.083s] Level 1:colcon.colcon_core.environment:checking '/home/loq/roboracer_ws/install/roboracer_controller' for CMake module files
[1.084s] Level 1:colcon.colcon_core.environment:checking '/home/loq/roboracer_ws/install/roboracer_controller' for CMake config files
[1.086s] Level 1:colcon.colcon_core.shell:create_environment_hook('roboracer_controller', 'cmake_prefix_path')
[1.086s] INFO:colcon.colcon_core.shell:Creating environment hook '/home/loq/roboracer_ws/install/roboracer_controller/share/roboracer_controller/hook/cmake_prefix_path.ps1'
[1.086s] INFO:colcon.colcon_core.shell:Creating environment descriptor '/home/loq/roboracer_ws/install/roboracer_controller/share/roboracer_controller/hook/cmake_prefix_path.dsv'
[1.087s] INFO:colcon.colcon_core.shell:Creating environment hook '/home/loq/roboracer_ws/install/roboracer_controller/share/roboracer_controller/hook/cmake_prefix_path.sh'
[1.088s] Level 1:colcon.colcon_core.environment:checking '/home/loq/roboracer_ws/install/roboracer_controller/lib'
[1.088s] Level 1:colcon.colcon_core.environment:checking '/home/loq/roboracer_ws/install/roboracer_controller/bin'
[1.088s] Level 1:colcon.colcon_core.environment:checking '/home/loq/roboracer_ws/install/roboracer_controller/lib/pkgconfig/roboracer_controller.pc'
[1.089s] Level 1:colcon.colcon_core.environment:checking '/home/loq/roboracer_ws/install/roboracer_controller/lib/python3.10/site-packages'
[1.089s] Level 1:colcon.colcon_core.environment:checking '/home/loq/roboracer_ws/install/roboracer_controller/bin'
[1.089s] INFO:colcon.colcon_core.shell:Creating package script '/home/loq/roboracer_ws/install/roboracer_controller/share/roboracer_controller/package.ps1'
[1.090s] INFO:colcon.colcon_core.shell:Creating package descriptor '/home/loq/roboracer_ws/install/roboracer_controller/share/roboracer_controller/package.dsv'
[1.090s] INFO:colcon.colcon_core.shell:Creating package script '/home/loq/roboracer_ws/install/roboracer_controller/share/roboracer_controller/package.sh'
[1.091s] INFO:colcon.colcon_core.shell:Creating package script '/home/loq/roboracer_ws/install/roboracer_controller/share/roboracer_controller/package.bash'
[1.092s] INFO:colcon.colcon_core.shell:Creating package script '/home/loq/roboracer_ws/install/roboracer_controller/share/roboracer_controller/package.zsh'
[1.092s] Level 1:colcon.colcon_core.environment:create_file_with_runtime_dependencies(/home/loq/roboracer_ws/install/roboracer_controller/share/colcon-core/packages/roboracer_controller)
[1.097s] Level 1:colcon.colcon_core.environment:create_environment_scripts_only(roboracer_localization)
[1.098s] Level 1:colcon.colcon_core.environment:checking '/home/loq/roboracer_ws/install/roboracer_localization' for CMake module files
[1.103s] Level 1:colcon.colcon_core.environment:checking '/home/loq/roboracer_ws/install/roboracer_localization' for CMake config files
[1.106s] Level 1:colcon.colcon_core.shell:create_environment_hook('roboracer_localization', 'cmake_prefix_path')
[1.107s] INFO:colcon.colcon_core.shell:Creating environment hook '/home/loq/roboracer_ws/install/roboracer_localization/share/roboracer_localization/hook/cmake_prefix_path.ps1'
[1.108s] INFO:colcon.colcon_core.shell:Creating environment descriptor '/home/loq/roboracer_ws/install/roboracer_localization/share/roboracer_localization/hook/cmake_prefix_path.dsv'
[1.110s] INFO:colcon.colcon_core.shell:Creating environment hook '/home/loq/roboracer_ws/install/roboracer_localization/share/roboracer_localization/hook/cmake_prefix_path.sh'
[1.112s] Level 1:colcon.colcon_core.environment:checking '/home/loq/roboracer_ws/install/roboracer_localization/lib'
[1.112s] Level 1:colcon.colcon_core.environment:checking '/home/loq/roboracer_ws/install/roboracer_localization/bin'
[1.113s] Level 1:colcon.colcon_core.environment:checking '/home/loq/roboracer_ws/install/roboracer_localization/lib/pkgconfig/roboracer_localization.pc'
[1.113s] Level 1:colcon.colcon_core.environment:checking '/home/loq/roboracer_ws/install/roboracer_localization/lib/python3.10/site-packages'
[1.113s] Level 1:colcon.colcon_core.environment:checking '/home/loq/roboracer_ws/install/roboracer_localization/bin'
[1.113s] INFO:colcon.colcon_core.shell:Creating package script '/home/loq/roboracer_ws/install/roboracer_localization/share/roboracer_localization/package.ps1'
[1.114s] INFO:colcon.colcon_core.shell:Creating package descriptor '/home/loq/roboracer_ws/install/roboracer_localization/share/roboracer_localization/package.dsv'
[1.116s] INFO:colcon.colcon_core.shell:Creating package script '/home/loq/roboracer_ws/install/roboracer_localization/share/roboracer_localization/package.sh'
[1.118s] INFO:colcon.colcon_core.shell:Creating package script '/home/loq/roboracer_ws/install/roboracer_localization/share/roboracer_localization/package.bash'
[1.120s] INFO:colcon.colcon_core.shell:Creating package script '/home/loq/roboracer_ws/install/roboracer_localization/share/roboracer_localization/package.zsh'
[1.121s] Level 1:colcon.colcon_core.environment:create_file_with_runtime_dependencies(/home/loq/roboracer_ws/install/roboracer_localization/share/colcon-core/packages/roboracer_localization)
[1.123s] Level 1:colcon.colcon_core.environment:create_environment_scripts_only(roboracer_localization)
[1.124s] Level 1:colcon.colcon_core.environment:checking '/home/loq/roboracer_ws/install/roboracer_localization' for CMake module files
[1.125s] Level 1:colcon.colcon_core.environment:checking '/home/loq/roboracer_ws/install/roboracer_localization' for CMake config files
[1.126s] Level 1:colcon.colcon_core.shell:create_environment_hook('roboracer_localization', 'cmake_prefix_path')
[1.127s] INFO:colcon.colcon_core.shell:Creating environment hook '/home/loq/roboracer_ws/install/roboracer_localization/share/roboracer_localization/hook/cmake_prefix_path.ps1'
[1.129s] DEBUG:colcon.colcon_core.event_handler.log_command:Invoked command in '/home/loq/roboracer_ws/build/roboracer_localization' returned '0': CMAKE_PREFIX_PATH=${CMAKE_PREFIX_PATH}:/home/loq/drivingcar_ws/install/self_driving_car_pkg:/home/loq/bumperbot_ws/install/bumperbot_py_example:/home/loq/roboracer_ws/install/roboracer_yolov8_detector:/home/loq/roboracer_ws/install/roboracer_py:/home/loq/ros2_action_ws/install/lifecycle_py:/home/loq/ros2_action_ws/install/action_py:/opt/ros/humble /usr/bin/cmake --install /home/loq/roboracer_ws/build/roboracer_localization
[1.132s] INFO:colcon.colcon_core.shell:Creating environment descriptor '/home/loq/roboracer_ws/install/roboracer_localization/share/roboracer_localization/hook/cmake_prefix_path.dsv'
[1.133s] INFO:colcon.colcon_core.shell:Creating environment hook '/home/loq/roboracer_ws/install/roboracer_localization/share/roboracer_localization/hook/cmake_prefix_path.sh'
[1.135s] Level 1:colcon.colcon_core.environment:checking '/home/loq/roboracer_ws/install/roboracer_localization/lib'
[1.136s] Level 1:colcon.colcon_core.environment:checking '/home/loq/roboracer_ws/install/roboracer_localization/bin'
[1.136s] Level 1:colcon.colcon_core.environment:checking '/home/loq/roboracer_ws/install/roboracer_localization/lib/pkgconfig/roboracer_localization.pc'
[1.136s] Level 1:colcon.colcon_core.environment:checking '/home/loq/roboracer_ws/install/roboracer_localization/lib/python3.10/site-packages'
[1.137s] Level 1:colcon.colcon_core.environment:checking '/home/loq/roboracer_ws/install/roboracer_localization/bin'
[1.137s] INFO:colcon.colcon_core.shell:Creating package script '/home/loq/roboracer_ws/install/roboracer_localization/share/roboracer_localization/package.ps1'
[1.139s] INFO:colcon.colcon_core.shell:Creating package descriptor '/home/loq/roboracer_ws/install/roboracer_localization/share/roboracer_localization/package.dsv'
[1.140s] INFO:colcon.colcon_core.shell:Creating package script '/home/loq/roboracer_ws/install/roboracer_localization/share/roboracer_localization/package.sh'
[1.140s] INFO:colcon.colcon_core.shell:Creating package script '/home/loq/roboracer_ws/install/roboracer_localization/share/roboracer_localization/package.bash'
[1.141s] INFO:colcon.colcon_core.shell:Creating package script '/home/loq/roboracer_ws/install/roboracer_localization/share/roboracer_localization/package.zsh'
[1.141s] Level 1:colcon.colcon_core.environment:create_file_with_runtime_dependencies(/home/loq/roboracer_ws/install/roboracer_localization/share/colcon-core/packages/roboracer_localization)
[1.142s] Level 1:colcon.colcon_core.environment:create_environment_scripts_only(roboracer_description)
[1.142s] Level 1:colcon.colcon_core.environment:checking '/home/loq/roboracer_ws/install/roboracer_description' for CMake module files
[1.143s] DEBUG:colcon.colcon_core.event_handler.log_command:Invoked command in '/home/loq/roboracer_ws/build/roboracer_description' returned '0': CMAKE_PREFIX_PATH=${CMAKE_PREFIX_PATH}:/home/loq/drivingcar_ws/install/self_driving_car_pkg:/home/loq/bumperbot_ws/install/bumperbot_py_example:/home/loq/roboracer_ws/install/roboracer_yolov8_detector:/home/loq/roboracer_ws/install/roboracer_py:/home/loq/ros2_action_ws/install/lifecycle_py:/home/loq/ros2_action_ws/install/action_py:/opt/ros/humble /usr/bin/cmake --install /home/loq/roboracer_ws/build/roboracer_description
[1.143s] Level 1:colcon.colcon_core.environment:checking '/home/loq/roboracer_ws/install/roboracer_description' for CMake config files
[1.152s] Level 1:colcon.colcon_core.shell:create_environment_hook('roboracer_description', 'cmake_prefix_path')
[1.153s] INFO:colcon.colcon_core.shell:Creating environment hook '/home/loq/roboracer_ws/install/roboracer_description/share/roboracer_description/hook/cmake_prefix_path.ps1'
[1.153s] INFO:colcon.colcon_core.shell:Creating environment descriptor '/home/loq/roboracer_ws/install/roboracer_description/share/roboracer_description/hook/cmake_prefix_path.dsv'
[1.154s] INFO:colcon.colcon_core.shell:Creating environment hook '/home/loq/roboracer_ws/install/roboracer_description/share/roboracer_description/hook/cmake_prefix_path.sh'
[1.154s] Level 1:colcon.colcon_core.environment:checking '/home/loq/roboracer_ws/install/roboracer_description/bin'
[1.154s] Level 1:colcon.colcon_core.environment:checking '/home/loq/roboracer_ws/install/roboracer_description/lib/pkgconfig/roboracer_description.pc'
[1.154s] Level 1:colcon.colcon_core.environment:checking '/home/loq/roboracer_ws/install/roboracer_description/lib/python3.10/site-packages'
[1.155s] Level 1:colcon.colcon_core.environment:checking '/home/loq/roboracer_ws/install/roboracer_description/bin'
[1.155s] INFO:colcon.colcon_core.shell:Creating package script '/home/loq/roboracer_ws/install/roboracer_description/share/roboracer_description/package.ps1'
[1.155s] INFO:colcon.colcon_core.shell:Creating package descriptor '/home/loq/roboracer_ws/install/roboracer_description/share/roboracer_description/package.dsv'
[1.156s] INFO:colcon.colcon_core.shell:Creating package script '/home/loq/roboracer_ws/install/roboracer_description/share/roboracer_description/package.sh'
[1.156s] INFO:colcon.colcon_core.shell:Creating package script '/home/loq/roboracer_ws/install/roboracer_description/share/roboracer_description/package.bash'
[1.156s] INFO:colcon.colcon_core.shell:Creating package script '/home/loq/roboracer_ws/install/roboracer_description/share/roboracer_description/package.zsh'
[1.156s] Level 1:colcon.colcon_core.environment:create_file_with_runtime_dependencies(/home/loq/roboracer_ws/install/roboracer_description/share/colcon-core/packages/roboracer_description)
[1.157s] Level 1:colcon.colcon_core.environment:create_environment_scripts_only(roboracer_description)
[1.157s] Level 1:colcon.colcon_core.environment:checking '/home/loq/roboracer_ws/install/roboracer_description' for CMake module files
[1.157s] Level 1:colcon.colcon_core.environment:checking '/home/loq/roboracer_ws/install/roboracer_description' for CMake config files
[1.168s] Level 1:colcon.colcon_core.shell:create_environment_hook('roboracer_description', 'cmake_prefix_path')
[1.168s] INFO:colcon.colcon_core.shell:Creating environment hook '/home/loq/roboracer_ws/install/roboracer_description/share/roboracer_description/hook/cmake_prefix_path.ps1'
[1.168s] INFO:colcon.colcon_core.shell:Creating environment descriptor '/home/loq/roboracer_ws/install/roboracer_description/share/roboracer_description/hook/cmake_prefix_path.dsv'
[1.169s] INFO:colcon.colcon_core.shell:Creating environment hook '/home/loq/roboracer_ws/install/roboracer_description/share/roboracer_description/hook/cmake_prefix_path.sh'
[1.169s] Level 1:colcon.colcon_core.environment:checking '/home/loq/roboracer_ws/install/roboracer_description/bin'
[1.169s] Level 1:colcon.colcon_core.environment:checking '/home/loq/roboracer_ws/install/roboracer_description/lib/pkgconfig/roboracer_description.pc'
[1.169s] Level 1:colcon.colcon_core.environment:checking '/home/loq/roboracer_ws/install/roboracer_description/lib/python3.10/site-packages'
[1.170s] Level 1:colcon.colcon_core.environment:checking '/home/loq/roboracer_ws/install/roboracer_description/bin'
[1.170s] INFO:colcon.colcon_core.shell:Creating package script '/home/loq/roboracer_ws/install/roboracer_description/share/roboracer_description/package.ps1'
[1.170s] INFO:colcon.colcon_core.shell:Creating package descriptor '/home/loq/roboracer_ws/install/roboracer_description/share/roboracer_description/package.dsv'
[1.171s] INFO:colcon.colcon_core.shell:Creating package script '/home/loq/roboracer_ws/install/roboracer_description/share/roboracer_description/package.sh'
[1.171s] INFO:colcon.colcon_core.shell:Creating package script '/home/loq/roboracer_ws/install/roboracer_description/share/roboracer_description/package.bash'
[1.171s] INFO:colcon.colcon_core.shell:Creating package script '/home/loq/roboracer_ws/install/roboracer_description/share/roboracer_description/package.zsh'
[1.172s] Level 1:colcon.colcon_core.environment:create_file_with_runtime_dependencies(/home/loq/roboracer_ws/install/roboracer_description/share/colcon-core/packages/roboracer_description)
[1.380s] DEBUG:colcon.colcon_core.event_handler.log_command:Invoking command in '/home/loq/roboracer_ws/build/roboracer_py': PYTHONPATH=/home/loq/roboracer_ws/build/roboracer_py/prefix_override:/usr/lib/python3/dist-packages/colcon_core/task/python/colcon_distutils_commands:/home/loq/roboracer_ws/install/roboracer_py/lib/python3.10/site-packages:${PYTHONPATH} /usr/bin/python3 -W ignore:setup.py install is deprecated -W ignore:easy_install command is deprecated setup.py develop --editable --build-directory /home/loq/roboracer_ws/build/roboracer_py/build --no-deps symlink_data
[1.413s] DEBUG:colcon.colcon_core.event_handler.log_command:Invoking command in '/home/loq/roboracer_ws/build/roboracer_yolov8_detector': PYTHONPATH=/home/loq/roboracer_ws/build/roboracer_yolov8_detector/prefix_override:/usr/lib/python3/dist-packages/colcon_core/task/python/colcon_distutils_commands:/home/loq/roboracer_ws/install/roboracer_yolov8_detector/lib/python3.10/site-packages:${PYTHONPATH} /usr/bin/python3 -W ignore:setup.py install is deprecated -W ignore:easy_install command is deprecated setup.py develop --editable --build-directory /home/loq/roboracer_ws/build/roboracer_yolov8_detector/build --no-deps symlink_data
[1.816s] Level 1:colcon.colcon_core.shell:create_environment_hook('roboracer_py', 'pythonpath_develop')
[1.817s] INFO:colcon.colcon_core.shell:Creating environment hook '/home/loq/roboracer_ws/build/roboracer_py/share/roboracer_py/hook/pythonpath_develop.ps1'
[1.817s] DEBUG:colcon.colcon_core.event_handler.log_command:Invoked command in '/home/loq/roboracer_ws/build/roboracer_py' returned '0': PYTHONPATH=/home/loq/roboracer_ws/build/roboracer_py/prefix_override:/usr/lib/python3/dist-packages/colcon_core/task/python/colcon_distutils_commands:/home/loq/roboracer_ws/install/roboracer_py/lib/python3.10/site-packages:${PYTHONPATH} /usr/bin/python3 -W ignore:setup.py install is deprecated -W ignore:easy_install command is deprecated setup.py develop --editable --build-directory /home/loq/roboracer_ws/build/roboracer_py/build --no-deps symlink_data
[1.817s] INFO:colcon.colcon_core.shell:Creating environment descriptor '/home/loq/roboracer_ws/build/roboracer_py/share/roboracer_py/hook/pythonpath_develop.dsv'
[1.818s] INFO:colcon.colcon_core.shell:Creating environment hook '/home/loq/roboracer_ws/build/roboracer_py/share/roboracer_py/hook/pythonpath_develop.sh'
[1.818s] Level 1:colcon.colcon_core.environment:checking '/home/loq/roboracer_ws/install/roboracer_py' for CMake module files
[1.818s] Level 1:colcon.colcon_core.environment:checking '/home/loq/roboracer_ws/install/roboracer_py' for CMake config files
[1.819s] Level 1:colcon.colcon_core.environment:checking '/home/loq/roboracer_ws/install/roboracer_py/lib'
[1.819s] Level 1:colcon.colcon_core.environment:checking '/home/loq/roboracer_ws/install/roboracer_py/bin'
[1.819s] Level 1:colcon.colcon_core.environment:checking '/home/loq/roboracer_ws/install/roboracer_py/lib/pkgconfig/roboracer_py.pc'
[1.819s] Level 1:colcon.colcon_core.environment:checking '/home/loq/roboracer_ws/install/roboracer_py/lib/python3.10/site-packages'
[1.819s] Level 1:colcon.colcon_core.shell:create_environment_hook('roboracer_py', 'pythonpath')
[1.819s] INFO:colcon.colcon_core.shell:Creating environment hook '/home/loq/roboracer_ws/install/roboracer_py/share/roboracer_py/hook/pythonpath.ps1'
[1.820s] INFO:colcon.colcon_core.shell:Creating environment descriptor '/home/loq/roboracer_ws/install/roboracer_py/share/roboracer_py/hook/pythonpath.dsv'
[1.820s] INFO:colcon.colcon_core.shell:Creating environment hook '/home/loq/roboracer_ws/install/roboracer_py/share/roboracer_py/hook/pythonpath.sh'
[1.820s] Level 1:colcon.colcon_core.environment:checking '/home/loq/roboracer_ws/install/roboracer_py/bin'
[1.820s] Level 1:colcon.colcon_core.environment:create_environment_scripts_only(roboracer_py)
[1.821s] INFO:colcon.colcon_core.shell:Creating package script '/home/loq/roboracer_ws/install/roboracer_py/share/roboracer_py/package.ps1'
[1.821s] INFO:colcon.colcon_core.shell:Creating package descriptor '/home/loq/roboracer_ws/install/roboracer_py/share/roboracer_py/package.dsv'
[1.821s] INFO:colcon.colcon_core.shell:Creating package script '/home/loq/roboracer_ws/install/roboracer_py/share/roboracer_py/package.sh'
[1.822s] INFO:colcon.colcon_core.shell:Creating package script '/home/loq/roboracer_ws/install/roboracer_py/share/roboracer_py/package.bash'
[1.822s] INFO:colcon.colcon_core.shell:Creating package script '/home/loq/roboracer_ws/install/roboracer_py/share/roboracer_py/package.zsh'
[1.822s] Level 1:colcon.colcon_core.environment:create_file_with_runtime_dependencies(/home/loq/roboracer_ws/install/roboracer_py/share/colcon-core/packages/roboracer_py)
[1.844s] Level 1:colcon.colcon_core.shell:create_environment_hook('roboracer_yolov8_detector', 'pythonpath_develop')
[1.845s] INFO:colcon.colcon_core.shell:Creating environment hook '/home/loq/roboracer_ws/build/roboracer_yolov8_detector/share/roboracer_yolov8_detector/hook/pythonpath_develop.ps1'
[1.845s] DEBUG:colcon.colcon_core.event_handler.log_command:Invoked command in '/home/loq/roboracer_ws/build/roboracer_yolov8_detector' returned '0': PYTHONPATH=/home/loq/roboracer_ws/build/roboracer_yolov8_detector/prefix_override:/usr/lib/python3/dist-packages/colcon_core/task/python/colcon_distutils_commands:/home/loq/roboracer_ws/install/roboracer_yolov8_detector/lib/python3.10/site-packages:${PYTHONPATH} /usr/bin/python3 -W ignore:setup.py install is deprecated -W ignore:easy_install command is deprecated setup.py develop --editable --build-directory /home/loq/roboracer_ws/build/roboracer_yolov8_detector/build --no-deps symlink_data
[1.846s] INFO:colcon.colcon_core.shell:Creating environment descriptor '/home/loq/roboracer_ws/build/roboracer_yolov8_detector/share/roboracer_yolov8_detector/hook/pythonpath_develop.dsv'
[1.846s] INFO:colcon.colcon_core.shell:Creating environment hook '/home/loq/roboracer_ws/build/roboracer_yolov8_detector/share/roboracer_yolov8_detector/hook/pythonpath_develop.sh'
[1.846s] Level 1:colcon.colcon_core.environment:checking '/home/loq/roboracer_ws/install/roboracer_yolov8_detector' for CMake module files
[1.847s] Level 1:colcon.colcon_core.environment:checking '/home/loq/roboracer_ws/install/roboracer_yolov8_detector' for CMake config files
[1.847s] Level 1:colcon.colcon_core.environment:checking '/home/loq/roboracer_ws/install/roboracer_yolov8_detector/lib'
[1.847s] Level 1:colcon.colcon_core.environment:checking '/home/loq/roboracer_ws/install/roboracer_yolov8_detector/bin'
[1.847s] Level 1:colcon.colcon_core.environment:checking '/home/loq/roboracer_ws/install/roboracer_yolov8_detector/lib/pkgconfig/roboracer_yolov8_detector.pc'
[1.847s] Level 1:colcon.colcon_core.environment:checking '/home/loq/roboracer_ws/install/roboracer_yolov8_detector/lib/python3.10/site-packages'
[1.847s] Level 1:colcon.colcon_core.shell:create_environment_hook('roboracer_yolov8_detector', 'pythonpath')
[1.848s] INFO:colcon.colcon_core.shell:Creating environment hook '/home/loq/roboracer_ws/install/roboracer_yolov8_detector/share/roboracer_yolov8_detector/hook/pythonpath.ps1'
[1.848s] INFO:colcon.colcon_core.shell:Creating environment descriptor '/home/loq/roboracer_ws/install/roboracer_yolov8_detector/share/roboracer_yolov8_detector/hook/pythonpath.dsv'
[1.848s] INFO:colcon.colcon_core.shell:Creating environment hook '/home/loq/roboracer_ws/install/roboracer_yolov8_detector/share/roboracer_yolov8_detector/hook/pythonpath.sh'
[1.849s] Level 1:colcon.colcon_core.environment:checking '/home/loq/roboracer_ws/install/roboracer_yolov8_detector/bin'
[1.849s] Level 1:colcon.colcon_core.environment:create_environment_scripts_only(roboracer_yolov8_detector)
[1.849s] INFO:colcon.colcon_core.shell:Creating package script '/home/loq/roboracer_ws/install/roboracer_yolov8_detector/share/roboracer_yolov8_detector/package.ps1'
[1.849s] INFO:colcon.colcon_core.shell:Creating package descriptor '/home/loq/roboracer_ws/install/roboracer_yolov8_detector/share/roboracer_yolov8_detector/package.dsv'
[1.850s] INFO:colcon.colcon_core.shell:Creating package script '/home/loq/roboracer_ws/install/roboracer_yolov8_detector/share/roboracer_yolov8_detector/package.sh'
[1.850s] INFO:colcon.colcon_core.shell:Creating package script '/home/loq/roboracer_ws/install/roboracer_yolov8_detector/share/roboracer_yolov8_detector/package.bash'
[1.850s] INFO:colcon.colcon_core.shell:Creating package script '/home/loq/roboracer_ws/install/roboracer_yolov8_detector/share/roboracer_yolov8_detector/package.zsh'
[1.851s] Level 1:colcon.colcon_core.environment:create_file_with_runtime_dependencies(/home/loq/roboracer_ws/install/roboracer_yolov8_detector/share/colcon-core/packages/roboracer_yolov8_detector)
[22.613s] DEBUG:colcon.colcon_core.event_handler.log_command:Invoked command in '/home/loq/roboracer_ws/build/roboracer_visual_odom' returned '0': CMAKE_PREFIX_PATH=${CMAKE_PREFIX_PATH}:/home/loq/drivingcar_ws/install/self_driving_car_pkg:/home/loq/bumperbot_ws/install/bumperbot_py_example:/home/loq/roboracer_ws/install/roboracer_yolov8_detector:/home/loq/roboracer_ws/install/roboracer_py:/home/loq/ros2_action_ws/install/lifecycle_py:/home/loq/ros2_action_ws/install/action_py:/opt/ros/humble /usr/bin/cmake --build /home/loq/roboracer_ws/build/roboracer_visual_odom -- -j8 -l8
[22.615s] DEBUG:colcon.colcon_core.event_handler.log_command:Invoking command in '/home/loq/roboracer_ws/build/roboracer_visual_odom': CMAKE_PREFIX_PATH=${CMAKE_PREFIX_PATH}:/home/loq/drivingcar_ws/install/self_driving_car_pkg:/home/loq/bumperbot_ws/install/bumperbot_py_example:/home/loq/roboracer_ws/install/roboracer_yolov8_detector:/home/loq/roboracer_ws/install/roboracer_py:/home/loq/ros2_action_ws/install/lifecycle_py:/home/loq/ros2_action_ws/install/action_py:/opt/ros/humble /usr/bin/cmake --install /home/loq/roboracer_ws/build/roboracer_visual_odom
[22.635s] Level 1:colcon.colcon_core.environment:create_environment_scripts_only(roboracer_visual_odom)
[22.635s] Level 1:colcon.colcon_core.environment:checking '/home/loq/roboracer_ws/install/roboracer_visual_odom' for CMake module files
[22.635s] DEBUG:colcon.colcon_core.event_handler.log_command:Invoked command in '/home/loq/roboracer_ws/build/roboracer_visual_odom' returned '0': CMAKE_PREFIX_PATH=${CMAKE_PREFIX_PATH}:/home/loq/drivingcar_ws/install/self_driving_car_pkg:/home/loq/bumperbot_ws/install/bumperbot_py_example:/home/loq/roboracer_ws/install/roboracer_yolov8_detector:/home/loq/roboracer_ws/install/roboracer_py:/home/loq/ros2_action_ws/install/lifecycle_py:/home/loq/ros2_action_ws/install/action_py:/opt/ros/humble /usr/bin/cmake --install /home/loq/roboracer_ws/build/roboracer_visual_odom
[22.636s] Level 1:colcon.colcon_core.environment:checking '/home/loq/roboracer_ws/install/roboracer_visual_odom' for CMake config files
[22.636s] Level 1:colcon.colcon_core.shell:create_environment_hook('roboracer_visual_odom', 'cmake_prefix_path')
[22.636s] INFO:colcon.colcon_core.shell:Creating environment hook '/home/loq/roboracer_ws/install/roboracer_visual_odom/share/roboracer_visual_odom/hook/cmake_prefix_path.ps1'
[22.636s] INFO:colcon.colcon_core.shell:Creating environment descriptor '/home/loq/roboracer_ws/install/roboracer_visual_odom/share/roboracer_visual_odom/hook/cmake_prefix_path.dsv'
[22.637s] INFO:colcon.colcon_core.shell:Creating environment hook '/home/loq/roboracer_ws/install/roboracer_visual_odom/share/roboracer_visual_odom/hook/cmake_prefix_path.sh'
[22.637s] Level 1:colcon.colcon_core.environment:checking '/home/loq/roboracer_ws/install/roboracer_visual_odom/lib'
[22.637s] Level 1:colcon.colcon_core.environment:checking '/home/loq/roboracer_ws/install/roboracer_visual_odom/bin'
[22.637s] Level 1:colcon.colcon_core.environment:checking '/home/loq/roboracer_ws/install/roboracer_visual_odom/lib/pkgconfig/roboracer_visual_odom.pc'
[22.637s] Level 1:colcon.colcon_core.environment:checking '/home/loq/roboracer_ws/install/roboracer_visual_odom/lib/python3.10/site-packages'
[22.637s] Level 1:colcon.colcon_core.environment:checking '/home/loq/roboracer_ws/install/roboracer_visual_odom/bin'
[22.638s] INFO:colcon.colcon_core.shell:Creating package script '/home/loq/roboracer_ws/install/roboracer_visual_odom/share/roboracer_visual_odom/package.ps1'
[22.638s] INFO:colcon.colcon_core.shell:Creating package descriptor '/home/loq/roboracer_ws/install/roboracer_visual_odom/share/roboracer_visual_odom/package.dsv'
[22.638s] INFO:colcon.colcon_core.shell:Creating package script '/home/loq/roboracer_ws/install/roboracer_visual_odom/share/roboracer_visual_odom/package.sh'
[22.639s] INFO:colcon.colcon_core.shell:Creating package script '/home/loq/roboracer_ws/install/roboracer_visual_odom/share/roboracer_visual_odom/package.bash'
[22.639s] INFO:colcon.colcon_core.shell:Creating package script '/home/loq/roboracer_ws/install/roboracer_visual_odom/share/roboracer_visual_odom/package.zsh'
[22.639s] Level 1:colcon.colcon_core.environment:create_file_with_runtime_dependencies(/home/loq/roboracer_ws/install/roboracer_visual_odom/share/colcon-core/packages/roboracer_visual_odom)
[22.639s] Level 1:colcon.colcon_core.environment:create_environment_scripts_only(roboracer_visual_odom)
[22.640s] Level 1:colcon.colcon_core.environment:checking '/home/loq/roboracer_ws/install/roboracer_visual_odom' for CMake module files
[22.640s] Level 1:colcon.colcon_core.environment:checking '/home/loq/roboracer_ws/install/roboracer_visual_odom' for CMake config files
[22.640s] Level 1:colcon.colcon_core.shell:create_environment_hook('roboracer_visual_odom', 'cmake_prefix_path')
[22.640s] INFO:colcon.colcon_core.shell:Creating environment hook '/home/loq/roboracer_ws/install/roboracer_visual_odom/share/roboracer_visual_odom/hook/cmake_prefix_path.ps1'
[22.641s] INFO:colcon.colcon_core.shell:Creating environment descriptor '/home/loq/roboracer_ws/install/roboracer_visual_odom/share/roboracer_visual_odom/hook/cmake_prefix_path.dsv'
[22.641s] INFO:colcon.colcon_core.shell:Creating environment hook '/home/loq/roboracer_ws/install/roboracer_visual_odom/share/roboracer_visual_odom/hook/cmake_prefix_path.sh'
[22.641s] Level 1:colcon.colcon_core.environment:checking '/home/loq/roboracer_ws/install/roboracer_visual_odom/lib'
[22.641s] Level 1:colcon.colcon_core.environment:checking '/home/loq/roboracer_ws/install/roboracer_visual_odom/bin'
[22.641s] Level 1:colcon.colcon_core.environment:checking '/home/loq/roboracer_ws/install/roboracer_visual_odom/lib/pkgconfig/roboracer_visual_odom.pc'
[22.641s] Level 1:colcon.colcon_core.environment:checking '/home/loq/roboracer_ws/install/roboracer_visual_odom/lib/python3.10/site-packages'
[22.642s] Level 1:colcon.colcon_core.environment:checking '/home/loq/roboracer_ws/install/roboracer_visual_odom/bin'
[22.642s] INFO:colcon.colcon_core.shell:Creating package script '/home/loq/roboracer_ws/install/roboracer_visual_odom/share/roboracer_visual_odom/package.ps1'
[22.642s] INFO:colcon.colcon_core.shell:Creating package descriptor '/home/loq/roboracer_ws/install/roboracer_visual_odom/share/roboracer_visual_odom/package.dsv'
[22.643s] INFO:colcon.colcon_core.shell:Creating package script '/home/loq/roboracer_ws/install/roboracer_visual_odom/share/roboracer_visual_odom/package.sh'
[22.643s] INFO:colcon.colcon_core.shell:Creating package script '/home/loq/roboracer_ws/install/roboracer_visual_odom/share/roboracer_visual_odom/package.bash'
[22.643s] INFO:colcon.colcon_core.shell:Creating package script '/home/loq/roboracer_ws/install/roboracer_visual_odom/share/roboracer_visual_odom/package.zsh'
[22.644s] Level 1:colcon.colcon_core.environment:create_file_with_runtime_dependencies(/home/loq/roboracer_ws/install/roboracer_visual_odom/share/colcon-core/packages/roboracer_visual_odom)
[22.644s] DEBUG:colcon.colcon_parallel_executor.executor.parallel:closing loop
[22.644s] DEBUG:colcon.colcon_parallel_executor.executor.parallel:loop closed
[22.644s] DEBUG:colcon.colcon_parallel_executor.executor.parallel:run_until_complete finished with '0'
[22.644s] DEBUG:colcon.colcon_core.event_reactor:joining thread
[22.650s] INFO:colcon.colcon_core.plugin_system:Skipping extension 'colcon_notification.desktop_notification.terminal_notifier': Not used on non-Darwin systems
[22.650s] INFO:colcon.colcon_core.plugin_system:Skipping extension 'colcon_notification.desktop_notification.win32': Not used on non-Windows systems
[22.650s] INFO:colcon.colcon_notification.desktop_notification:Sending desktop notification using 'notify2'
[22.659s] DEBUG:colcon.colcon_core.event_reactor:joined thread
[22.660s] INFO:colcon.colcon_core.shell:Creating prefix script '/home/loq/roboracer_ws/install/local_setup.ps1'
[22.661s] INFO:colcon.colcon_core.shell:Creating prefix util module '/home/loq/roboracer_ws/install/_local_setup_util_ps1.py'
[22.662s] INFO:colcon.colcon_core.shell:Creating prefix chain script '/home/loq/roboracer_ws/install/setup.ps1'
[22.664s] INFO:colcon.colcon_core.shell:Creating prefix script '/home/loq/roboracer_ws/install/local_setup.sh'
[22.664s] INFO:colcon.colcon_core.shell:Creating prefix util module '/home/loq/roboracer_ws/install/_local_setup_util_sh.py'
[22.665s] INFO:colcon.colcon_core.shell:Creating prefix chain script '/home/loq/roboracer_ws/install/setup.sh'
[22.666s] INFO:colcon.colcon_core.shell:Creating prefix script '/home/loq/roboracer_ws/install/local_setup.bash'
[22.667s] INFO:colcon.colcon_core.shell:Creating prefix chain script '/home/loq/roboracer_ws/install/setup.bash'
[22.668s] INFO:colcon.colcon_core.shell:Creating prefix script '/home/loq/roboracer_ws/install/local_setup.zsh'
[22.669s] INFO:colcon.colcon_core.shell:Creating prefix chain script '/home/loq/roboracer_ws/install/setup.zsh'
