[0.084s] DEBUG:colcon:Command line arguments: ['/usr/bin/colcon', 'build', '--symlink-install']
[0.084s] DEBUG:colcon:Parsed command line arguments: Namespace(log_base=None, log_level=None, verb_name='build', build_base='build', install_base='install', merge_install=False, symlink_install=True, test_result_base=None, continue_on_error=False, executor='parallel', parallel_workers=8, event_handlers=None, ignore_user_meta=False, metas=['./colcon.meta'], base_paths=['.'], packages_ignore=None, packages_ignore_regex=None, paths=None, packages_up_to=None, packages_up_to_regex=None, packages_above=None, packages_above_and_dependencies=None, packages_above_depth=None, packages_select_by_dep=None, packages_skip_by_dep=None, packages_skip_up_to=None, packages_select_build_failed=False, packages_skip_build_finished=False, packages_select_test_failures=False, packages_skip_test_passed=False, packages_select=None, packages_skip=None, packages_select_regex=None, packages_skip_regex=None, packages_start=None, packages_end=None, allow_overriding=[], cmake_args=None, cmake_target=None, cmake_target_skip_unavailable=False, cmake_clean_cache=False, cmake_clean_first=False, cmake_force_configure=False, ament_cmake_args=None, catkin_cmake_args=None, catkin_skip_building_tests=False, verb_parser=<colcon_defaults.argument_parser.defaults.DefaultArgumentsDecorator object at 0x7ed9c4598370>, verb_extension=<colcon_core.verb.build.BuildVerb object at 0x7ed9c46b9780>, main=<bound method BuildVerb.main of <colcon_core.verb.build.BuildVerb object at 0x7ed9c46b9780>>)
[0.230s] Level 1:colcon.colcon_core.package_discovery:discover_packages(colcon_meta) check parameters
[0.230s] Level 1:colcon.colcon_core.package_discovery:discover_packages(recursive) check parameters
[0.230s] Level 1:colcon.colcon_core.package_discovery:discover_packages(ignore) check parameters
[0.230s] Level 1:colcon.colcon_core.package_discovery:discover_packages(path) check parameters
[0.230s] Level 1:colcon.colcon_core.package_discovery:discover_packages(colcon_meta) discover
[0.230s] Level 1:colcon.colcon_core.package_discovery:discover_packages(recursive) discover
[0.230s] INFO:colcon.colcon_core.package_discovery:Crawling recursively for packages in '/home/loq/roboracer_ws'
[0.231s] Level 1:colcon.colcon_core.package_identification:_identify(.) by extensions ['ignore', 'ignore_ament_install']
[0.231s] Level 1:colcon.colcon_core.package_identification:_identify(.) by extension 'ignore'
[0.231s] Level 1:colcon.colcon_core.package_identification:_identify(.) by extension 'ignore_ament_install'
[0.231s] Level 1:colcon.colcon_core.package_identification:_identify(.) by extensions ['colcon_pkg']
[0.231s] Level 1:colcon.colcon_core.package_identification:_identify(.) by extension 'colcon_pkg'
[0.231s] Level 1:colcon.colcon_core.package_identification:_identify(.) by extensions ['colcon_meta']
[0.231s] Level 1:colcon.colcon_core.package_identification:_identify(.) by extension 'colcon_meta'
[0.231s] Level 1:colcon.colcon_core.package_identification:_identify(.) by extensions ['ros']
[0.231s] Level 1:colcon.colcon_core.package_identification:_identify(.) by extension 'ros'
[0.240s] Level 1:colcon.colcon_core.package_identification:_identify(.) by extensions ['cmake', 'python']
[0.240s] Level 1:colcon.colcon_core.package_identification:_identify(.) by extension 'cmake'
[0.240s] Level 1:colcon.colcon_core.package_identification:_identify(.) by extension 'python'
[0.240s] Level 1:colcon.colcon_core.package_identification:_identify(.) by extensions ['python_setup_py']
[0.240s] Level 1:colcon.colcon_core.package_identification:_identify(.) by extension 'python_setup_py'
[0.240s] Level 1:colcon.colcon_core.package_identification:_identify(build) by extensions ['ignore', 'ignore_ament_install']
[0.240s] Level 1:colcon.colcon_core.package_identification:_identify(build) by extension 'ignore'
[0.240s] Level 1:colcon.colcon_core.package_identification:_identify(build) ignored
[0.240s] Level 1:colcon.colcon_core.package_identification:_identify(install) by extensions ['ignore', 'ignore_ament_install']
[0.240s] Level 1:colcon.colcon_core.package_identification:_identify(install) by extension 'ignore'
[0.240s] Level 1:colcon.colcon_core.package_identification:_identify(install) ignored
[0.240s] Level 1:colcon.colcon_core.package_identification:_identify(log) by extensions ['ignore', 'ignore_ament_install']
[0.240s] Level 1:colcon.colcon_core.package_identification:_identify(log) by extension 'ignore'
[0.240s] Level 1:colcon.colcon_core.package_identification:_identify(log) ignored
[0.240s] Level 1:colcon.colcon_core.package_identification:_identify(src) by extensions ['ignore', 'ignore_ament_install']
[0.240s] Level 1:colcon.colcon_core.package_identification:_identify(src) by extension 'ignore'
[0.240s] Level 1:colcon.colcon_core.package_identification:_identify(src) by extension 'ignore_ament_install'
[0.240s] Level 1:colcon.colcon_core.package_identification:_identify(src) by extensions ['colcon_pkg']
[0.241s] Level 1:colcon.colcon_core.package_identification:_identify(src) by extension 'colcon_pkg'
[0.241s] Level 1:colcon.colcon_core.package_identification:_identify(src) by extensions ['colcon_meta']
[0.241s] Level 1:colcon.colcon_core.package_identification:_identify(src) by extension 'colcon_meta'
[0.241s] Level 1:colcon.colcon_core.package_identification:_identify(src) by extensions ['ros']
[0.241s] Level 1:colcon.colcon_core.package_identification:_identify(src) by extension 'ros'
[0.241s] Level 1:colcon.colcon_core.package_identification:_identify(src) by extensions ['cmake', 'python']
[0.241s] Level 1:colcon.colcon_core.package_identification:_identify(src) by extension 'cmake'
[0.241s] Level 1:colcon.colcon_core.package_identification:_identify(src) by extension 'python'
[0.241s] Level 1:colcon.colcon_core.package_identification:_identify(src) by extensions ['python_setup_py']
[0.241s] Level 1:colcon.colcon_core.package_identification:_identify(src) by extension 'python_setup_py'
[0.241s] Level 1:colcon.colcon_core.package_identification:_identify(src/build) by extensions ['ignore', 'ignore_ament_install']
[0.241s] Level 1:colcon.colcon_core.package_identification:_identify(src/build) by extension 'ignore'
[0.241s] Level 1:colcon.colcon_core.package_identification:_identify(src/build) ignored
[0.241s] Level 1:colcon.colcon_core.package_identification:_identify(src/install) by extensions ['ignore', 'ignore_ament_install']
[0.241s] Level 1:colcon.colcon_core.package_identification:_identify(src/install) by extension 'ignore'
[0.241s] Level 1:colcon.colcon_core.package_identification:_identify(src/install) ignored
[0.241s] Level 1:colcon.colcon_core.package_identification:_identify(src/log) by extensions ['ignore', 'ignore_ament_install']
[0.241s] Level 1:colcon.colcon_core.package_identification:_identify(src/log) by extension 'ignore'
[0.241s] Level 1:colcon.colcon_core.package_identification:_identify(src/log) ignored
[0.241s] Level 1:colcon.colcon_core.package_identification:_identify(src/roboracer_controller) by extensions ['ignore', 'ignore_ament_install']
[0.241s] Level 1:colcon.colcon_core.package_identification:_identify(src/roboracer_controller) by extension 'ignore'
[0.241s] Level 1:colcon.colcon_core.package_identification:_identify(src/roboracer_controller) by extension 'ignore_ament_install'
[0.241s] Level 1:colcon.colcon_core.package_identification:_identify(src/roboracer_controller) by extensions ['colcon_pkg']
[0.241s] Level 1:colcon.colcon_core.package_identification:_identify(src/roboracer_controller) by extension 'colcon_pkg'
[0.242s] Level 1:colcon.colcon_core.package_identification:_identify(src/roboracer_controller) by extensions ['colcon_meta']
[0.242s] Level 1:colcon.colcon_core.package_identification:_identify(src/roboracer_controller) by extension 'colcon_meta'
[0.242s] Level 1:colcon.colcon_core.package_identification:_identify(src/roboracer_controller) by extensions ['ros']
[0.242s] Level 1:colcon.colcon_core.package_identification:_identify(src/roboracer_controller) by extension 'ros'
[0.253s] DEBUG:colcon.colcon_core.package_identification:Package 'src/roboracer_controller' with type 'ros.ament_cmake' and name 'roboracer_controller'
[0.254s] Level 1:colcon.colcon_core.package_identification:_identify(src/roboracer_description) by extensions ['ignore', 'ignore_ament_install']
[0.254s] Level 1:colcon.colcon_core.package_identification:_identify(src/roboracer_description) by extension 'ignore'
[0.254s] Level 1:colcon.colcon_core.package_identification:_identify(src/roboracer_description) by extension 'ignore_ament_install'
[0.254s] Level 1:colcon.colcon_core.package_identification:_identify(src/roboracer_description) by extensions ['colcon_pkg']
[0.254s] Level 1:colcon.colcon_core.package_identification:_identify(src/roboracer_description) by extension 'colcon_pkg'
[0.254s] Level 1:colcon.colcon_core.package_identification:_identify(src/roboracer_description) by extensions ['colcon_meta']
[0.254s] Level 1:colcon.colcon_core.package_identification:_identify(src/roboracer_description) by extension 'colcon_meta'
[0.254s] Level 1:colcon.colcon_core.package_identification:_identify(src/roboracer_description) by extensions ['ros']
[0.254s] Level 1:colcon.colcon_core.package_identification:_identify(src/roboracer_description) by extension 'ros'
[0.256s] DEBUG:colcon.colcon_core.package_identification:Package 'src/roboracer_description' with type 'ros.ament_cmake' and name 'roboracer_description'
[0.256s] Level 1:colcon.colcon_core.package_identification:_identify(src/roboracer_localization) by extensions ['ignore', 'ignore_ament_install']
[0.256s] Level 1:colcon.colcon_core.package_identification:_identify(src/roboracer_localization) by extension 'ignore'
[0.256s] Level 1:colcon.colcon_core.package_identification:_identify(src/roboracer_localization) by extension 'ignore_ament_install'
[0.256s] Level 1:colcon.colcon_core.package_identification:_identify(src/roboracer_localization) by extensions ['colcon_pkg']
[0.256s] Level 1:colcon.colcon_core.package_identification:_identify(src/roboracer_localization) by extension 'colcon_pkg'
[0.256s] Level 1:colcon.colcon_core.package_identification:_identify(src/roboracer_localization) by extensions ['colcon_meta']
[0.256s] Level 1:colcon.colcon_core.package_identification:_identify(src/roboracer_localization) by extension 'colcon_meta'
[0.256s] Level 1:colcon.colcon_core.package_identification:_identify(src/roboracer_localization) by extensions ['ros']
[0.256s] Level 1:colcon.colcon_core.package_identification:_identify(src/roboracer_localization) by extension 'ros'
[0.257s] DEBUG:colcon.colcon_core.package_identification:Package 'src/roboracer_localization' with type 'ros.ament_cmake' and name 'roboracer_localization'
[0.257s] Level 1:colcon.colcon_core.package_identification:_identify(src/roboracer_py) by extensions ['ignore', 'ignore_ament_install']
[0.257s] Level 1:colcon.colcon_core.package_identification:_identify(src/roboracer_py) by extension 'ignore'
[0.257s] Level 1:colcon.colcon_core.package_identification:_identify(src/roboracer_py) by extension 'ignore_ament_install'
[0.257s] Level 1:colcon.colcon_core.package_identification:_identify(src/roboracer_py) by extensions ['colcon_pkg']
[0.257s] Level 1:colcon.colcon_core.package_identification:_identify(src/roboracer_py) by extension 'colcon_pkg'
[0.257s] Level 1:colcon.colcon_core.package_identification:_identify(src/roboracer_py) by extensions ['colcon_meta']
[0.257s] Level 1:colcon.colcon_core.package_identification:_identify(src/roboracer_py) by extension 'colcon_meta'
[0.257s] Level 1:colcon.colcon_core.package_identification:_identify(src/roboracer_py) by extensions ['ros']
[0.257s] Level 1:colcon.colcon_core.package_identification:_identify(src/roboracer_py) by extension 'ros'
[0.258s] DEBUG:colcon.colcon_core.package_identification:Package 'src/roboracer_py' with type 'ros.ament_python' and name 'roboracer_py'
[0.258s] Level 1:colcon.colcon_core.package_identification:_identify(src/roboracer_visual_odom) by extensions ['ignore', 'ignore_ament_install']
[0.258s] Level 1:colcon.colcon_core.package_identification:_identify(src/roboracer_visual_odom) by extension 'ignore'
[0.258s] Level 1:colcon.colcon_core.package_identification:_identify(src/roboracer_visual_odom) by extension 'ignore_ament_install'
[0.258s] Level 1:colcon.colcon_core.package_identification:_identify(src/roboracer_visual_odom) by extensions ['colcon_pkg']
[0.258s] Level 1:colcon.colcon_core.package_identification:_identify(src/roboracer_visual_odom) by extension 'colcon_pkg'
[0.258s] Level 1:colcon.colcon_core.package_identification:_identify(src/roboracer_visual_odom) by extensions ['colcon_meta']
[0.258s] Level 1:colcon.colcon_core.package_identification:_identify(src/roboracer_visual_odom) by extension 'colcon_meta'
[0.258s] Level 1:colcon.colcon_core.package_identification:_identify(src/roboracer_visual_odom) by extensions ['ros']
[0.258s] Level 1:colcon.colcon_core.package_identification:_identify(src/roboracer_visual_odom) by extension 'ros'
[0.259s] DEBUG:colcon.colcon_core.package_identification:Package 'src/roboracer_visual_odom' with type 'ros.ament_cmake' and name 'roboracer_visual_odom'
[0.259s] Level 1:colcon.colcon_core.package_identification:_identify(src/roboracer_yolov8_detector) by extensions ['ignore', 'ignore_ament_install']
[0.259s] Level 1:colcon.colcon_core.package_identification:_identify(src/roboracer_yolov8_detector) by extension 'ignore'
[0.259s] Level 1:colcon.colcon_core.package_identification:_identify(src/roboracer_yolov8_detector) by extension 'ignore_ament_install'
[0.259s] Level 1:colcon.colcon_core.package_identification:_identify(src/roboracer_yolov8_detector) by extensions ['colcon_pkg']
[0.259s] Level 1:colcon.colcon_core.package_identification:_identify(src/roboracer_yolov8_detector) by extension 'colcon_pkg'
[0.259s] Level 1:colcon.colcon_core.package_identification:_identify(src/roboracer_yolov8_detector) by extensions ['colcon_meta']
[0.259s] Level 1:colcon.colcon_core.package_identification:_identify(src/roboracer_yolov8_detector) by extension 'colcon_meta'
[0.259s] Level 1:colcon.colcon_core.package_identification:_identify(src/roboracer_yolov8_detector) by extensions ['ros']
[0.259s] Level 1:colcon.colcon_core.package_identification:_identify(src/roboracer_yolov8_detector) by extension 'ros'
[0.259s] DEBUG:colcon.colcon_core.package_identification:Package 'src/roboracer_yolov8_detector' with type 'ros.ament_python' and name 'roboracer_yolov8_detector'
[0.259s] Level 1:colcon.colcon_core.package_discovery:discover_packages(recursive) using defaults
[0.259s] Level 1:colcon.colcon_core.package_discovery:discover_packages(ignore) discover
[0.260s] Level 1:colcon.colcon_core.package_discovery:discover_packages(ignore) using defaults
[0.260s] Level 1:colcon.colcon_core.package_discovery:discover_packages(path) discover
[0.260s] Level 1:colcon.colcon_core.package_discovery:discover_packages(path) using defaults
[0.275s] Level 1:colcon.colcon_core.package_discovery:discover_packages(prefix_path) check parameters
[0.275s] Level 1:colcon.colcon_core.package_discovery:discover_packages(prefix_path) discover
[0.277s] DEBUG:colcon.colcon_installed_package_information.package_discovery:Found 6 installed packages in /home/loq/roboracer_ws/install
[0.278s] DEBUG:colcon.colcon_installed_package_information.package_discovery:Found 5 installed packages in /home/loq/bumperbot_ws/install
[0.278s] DEBUG:colcon.colcon_installed_package_information.package_discovery:Found 4 installed packages in /home/loq/ros2_action_ws/install
[0.278s] DEBUG:colcon.colcon_installed_package_information.package_discovery:Found 3 installed packages in /home/loq/turtlebot3_ws/install
[0.279s] DEBUG:colcon.colcon_installed_package_information.package_discovery:Found 2 installed packages in /home/loq/drivingcar_ws/install
[0.279s] DEBUG:colcon.colcon_installed_package_information.package_discovery:Found 5 installed packages in /home/loq/Downloads/ros2-ackermann-vehicle-gz-sim-harmonic-nav2-main/install
[0.280s] DEBUG:colcon.colcon_installed_package_information.package_discovery:Found 351 installed packages in /opt/ros/humble
[0.282s] Level 1:colcon.colcon_core.package_discovery:discover_packages(prefix_path) using defaults
[0.315s] Level 5:colcon.colcon_core.verb:set package 'roboracer_controller' build argument 'cmake_args' from command line to 'None'
[0.315s] Level 5:colcon.colcon_core.verb:set package 'roboracer_controller' build argument 'cmake_target' from command line to 'None'
[0.315s] Level 5:colcon.colcon_core.verb:set package 'roboracer_controller' build argument 'cmake_target_skip_unavailable' from command line to 'False'
[0.315s] Level 5:colcon.colcon_core.verb:set package 'roboracer_controller' build argument 'cmake_clean_cache' from command line to 'False'
[0.315s] Level 5:colcon.colcon_core.verb:set package 'roboracer_controller' build argument 'cmake_clean_first' from command line to 'False'
[0.315s] Level 5:colcon.colcon_core.verb:set package 'roboracer_controller' build argument 'cmake_force_configure' from command line to 'False'
[0.315s] Level 5:colcon.colcon_core.verb:set package 'roboracer_controller' build argument 'ament_cmake_args' from command line to 'None'
[0.315s] Level 5:colcon.colcon_core.verb:set package 'roboracer_controller' build argument 'catkin_cmake_args' from command line to 'None'
[0.315s] Level 5:colcon.colcon_core.verb:set package 'roboracer_controller' build argument 'catkin_skip_building_tests' from command line to 'False'
[0.315s] DEBUG:colcon.colcon_core.verb:Building package 'roboracer_controller' with the following arguments: {'ament_cmake_args': None, 'build_base': '/home/loq/roboracer_ws/build/roboracer_controller', 'catkin_cmake_args': None, 'catkin_skip_building_tests': False, 'cmake_args': None, 'cmake_clean_cache': False, 'cmake_clean_first': False, 'cmake_force_configure': False, 'cmake_target': None, 'cmake_target_skip_unavailable': False, 'install_base': '/home/loq/roboracer_ws/install/roboracer_controller', 'merge_install': False, 'path': '/home/loq/roboracer_ws/src/roboracer_controller', 'symlink_install': True, 'test_result_base': None}
[0.315s] Level 5:colcon.colcon_core.verb:set package 'roboracer_description' build argument 'cmake_args' from command line to 'None'
[0.315s] Level 5:colcon.colcon_core.verb:set package 'roboracer_description' build argument 'cmake_target' from command line to 'None'
[0.315s] Level 5:colcon.colcon_core.verb:set package 'roboracer_description' build argument 'cmake_target_skip_unavailable' from command line to 'False'
[0.315s] Level 5:colcon.colcon_core.verb:set package 'roboracer_description' build argument 'cmake_clean_cache' from command line to 'False'
[0.315s] Level 5:colcon.colcon_core.verb:set package 'roboracer_description' build argument 'cmake_clean_first' from command line to 'False'
[0.315s] Level 5:colcon.colcon_core.verb:set package 'roboracer_description' build argument 'cmake_force_configure' from command line to 'False'
[0.315s] Level 5:colcon.colcon_core.verb:set package 'roboracer_description' build argument 'ament_cmake_args' from command line to 'None'
[0.315s] Level 5:colcon.colcon_core.verb:set package 'roboracer_description' build argument 'catkin_cmake_args' from command line to 'None'
[0.315s] Level 5:colcon.colcon_core.verb:set package 'roboracer_description' build argument 'catkin_skip_building_tests' from command line to 'False'
[0.316s] DEBUG:colcon.colcon_core.verb:Building package 'roboracer_description' with the following arguments: {'ament_cmake_args': None, 'build_base': '/home/loq/roboracer_ws/build/roboracer_description', 'catkin_cmake_args': None, 'catkin_skip_building_tests': False, 'cmake_args': None, 'cmake_clean_cache': False, 'cmake_clean_first': False, 'cmake_force_configure': False, 'cmake_target': None, 'cmake_target_skip_unavailable': False, 'install_base': '/home/loq/roboracer_ws/install/roboracer_description', 'merge_install': False, 'path': '/home/loq/roboracer_ws/src/roboracer_description', 'symlink_install': True, 'test_result_base': None}
[0.316s] Level 5:colcon.colcon_core.verb:set package 'roboracer_localization' build argument 'cmake_args' from command line to 'None'
[0.316s] Level 5:colcon.colcon_core.verb:set package 'roboracer_localization' build argument 'cmake_target' from command line to 'None'
[0.316s] Level 5:colcon.colcon_core.verb:set package 'roboracer_localization' build argument 'cmake_target_skip_unavailable' from command line to 'False'
[0.316s] Level 5:colcon.colcon_core.verb:set package 'roboracer_localization' build argument 'cmake_clean_cache' from command line to 'False'
[0.316s] Level 5:colcon.colcon_core.verb:set package 'roboracer_localization' build argument 'cmake_clean_first' from command line to 'False'
[0.316s] Level 5:colcon.colcon_core.verb:set package 'roboracer_localization' build argument 'cmake_force_configure' from command line to 'False'
[0.316s] Level 5:colcon.colcon_core.verb:set package 'roboracer_localization' build argument 'ament_cmake_args' from command line to 'None'
[0.316s] Level 5:colcon.colcon_core.verb:set package 'roboracer_localization' build argument 'catkin_cmake_args' from command line to 'None'
[0.316s] Level 5:colcon.colcon_core.verb:set package 'roboracer_localization' build argument 'catkin_skip_building_tests' from command line to 'False'
[0.316s] DEBUG:colcon.colcon_core.verb:Building package 'roboracer_localization' with the following arguments: {'ament_cmake_args': None, 'build_base': '/home/loq/roboracer_ws/build/roboracer_localization', 'catkin_cmake_args': None, 'catkin_skip_building_tests': False, 'cmake_args': None, 'cmake_clean_cache': False, 'cmake_clean_first': False, 'cmake_force_configure': False, 'cmake_target': None, 'cmake_target_skip_unavailable': False, 'install_base': '/home/loq/roboracer_ws/install/roboracer_localization', 'merge_install': False, 'path': '/home/loq/roboracer_ws/src/roboracer_localization', 'symlink_install': True, 'test_result_base': None}
[0.316s] Level 5:colcon.colcon_core.verb:set package 'roboracer_py' build argument 'cmake_args' from command line to 'None'
[0.316s] Level 5:colcon.colcon_core.verb:set package 'roboracer_py' build argument 'cmake_target' from command line to 'None'
[0.316s] Level 5:colcon.colcon_core.verb:set package 'roboracer_py' build argument 'cmake_target_skip_unavailable' from command line to 'False'
[0.316s] Level 5:colcon.colcon_core.verb:set package 'roboracer_py' build argument 'cmake_clean_cache' from command line to 'False'
[0.316s] Level 5:colcon.colcon_core.verb:set package 'roboracer_py' build argument 'cmake_clean_first' from command line to 'False'
[0.316s] Level 5:colcon.colcon_core.verb:set package 'roboracer_py' build argument 'cmake_force_configure' from command line to 'False'
[0.316s] Level 5:colcon.colcon_core.verb:set package 'roboracer_py' build argument 'ament_cmake_args' from command line to 'None'
[0.316s] Level 5:colcon.colcon_core.verb:set package 'roboracer_py' build argument 'catkin_cmake_args' from command line to 'None'
[0.316s] Level 5:colcon.colcon_core.verb:set package 'roboracer_py' build argument 'catkin_skip_building_tests' from command line to 'False'
[0.316s] DEBUG:colcon.colcon_core.verb:Building package 'roboracer_py' with the following arguments: {'ament_cmake_args': None, 'build_base': '/home/loq/roboracer_ws/build/roboracer_py', 'catkin_cmake_args': None, 'catkin_skip_building_tests': False, 'cmake_args': None, 'cmake_clean_cache': False, 'cmake_clean_first': False, 'cmake_force_configure': False, 'cmake_target': None, 'cmake_target_skip_unavailable': False, 'install_base': '/home/loq/roboracer_ws/install/roboracer_py', 'merge_install': False, 'path': '/home/loq/roboracer_ws/src/roboracer_py', 'symlink_install': True, 'test_result_base': None}
[0.317s] Level 5:colcon.colcon_core.verb:set package 'roboracer_visual_odom' build argument 'cmake_args' from command line to 'None'
[0.317s] Level 5:colcon.colcon_core.verb:set package 'roboracer_visual_odom' build argument 'cmake_target' from command line to 'None'
[0.317s] Level 5:colcon.colcon_core.verb:set package 'roboracer_visual_odom' build argument 'cmake_target_skip_unavailable' from command line to 'False'
[0.317s] Level 5:colcon.colcon_core.verb:set package 'roboracer_visual_odom' build argument 'cmake_clean_cache' from command line to 'False'
[0.317s] Level 5:colcon.colcon_core.verb:set package 'roboracer_visual_odom' build argument 'cmake_clean_first' from command line to 'False'
[0.317s] Level 5:colcon.colcon_core.verb:set package 'roboracer_visual_odom' build argument 'cmake_force_configure' from command line to 'False'
[0.317s] Level 5:colcon.colcon_core.verb:set package 'roboracer_visual_odom' build argument 'ament_cmake_args' from command line to 'None'
[0.317s] Level 5:colcon.colcon_core.verb:set package 'roboracer_visual_odom' build argument 'catkin_cmake_args' from command line to 'None'
[0.317s] Level 5:colcon.colcon_core.verb:set package 'roboracer_visual_odom' build argument 'catkin_skip_building_tests' from command line to 'False'
[0.317s] DEBUG:colcon.colcon_core.verb:Building package 'roboracer_visual_odom' with the following arguments: {'ament_cmake_args': None, 'build_base': '/home/loq/roboracer_ws/build/roboracer_visual_odom', 'catkin_cmake_args': None, 'catkin_skip_building_tests': False, 'cmake_args': None, 'cmake_clean_cache': False, 'cmake_clean_first': False, 'cmake_force_configure': False, 'cmake_target': None, 'cmake_target_skip_unavailable': False, 'install_base': '/home/loq/roboracer_ws/install/roboracer_visual_odom', 'merge_install': False, 'path': '/home/loq/roboracer_ws/src/roboracer_visual_odom', 'symlink_install': True, 'test_result_base': None}
[0.317s] Level 5:colcon.colcon_core.verb:set package 'roboracer_yolov8_detector' build argument 'cmake_args' from command line to 'None'
[0.317s] Level 5:colcon.colcon_core.verb:set package 'roboracer_yolov8_detector' build argument 'cmake_target' from command line to 'None'
[0.317s] Level 5:colcon.colcon_core.verb:set package 'roboracer_yolov8_detector' build argument 'cmake_target_skip_unavailable' from command line to 'False'
[0.317s] Level 5:colcon.colcon_core.verb:set package 'roboracer_yolov8_detector' build argument 'cmake_clean_cache' from command line to 'False'
[0.317s] Level 5:colcon.colcon_core.verb:set package 'roboracer_yolov8_detector' build argument 'cmake_clean_first' from command line to 'False'
[0.317s] Level 5:colcon.colcon_core.verb:set package 'roboracer_yolov8_detector' build argument 'cmake_force_configure' from command line to 'False'
[0.317s] Level 5:colcon.colcon_core.verb:set package 'roboracer_yolov8_detector' build argument 'ament_cmake_args' from command line to 'None'
[0.317s] Level 5:colcon.colcon_core.verb:set package 'roboracer_yolov8_detector' build argument 'catkin_cmake_args' from command line to 'None'
[0.317s] Level 5:colcon.colcon_core.verb:set package 'roboracer_yolov8_detector' build argument 'catkin_skip_building_tests' from command line to 'False'
[0.317s] DEBUG:colcon.colcon_core.verb:Building package 'roboracer_yolov8_detector' with the following arguments: {'ament_cmake_args': None, 'build_base': '/home/loq/roboracer_ws/build/roboracer_yolov8_detector', 'catkin_cmake_args': None, 'catkin_skip_building_tests': False, 'cmake_args': None, 'cmake_clean_cache': False, 'cmake_clean_first': False, 'cmake_force_configure': False, 'cmake_target': None, 'cmake_target_skip_unavailable': False, 'install_base': '/home/loq/roboracer_ws/install/roboracer_yolov8_detector', 'merge_install': False, 'path': '/home/loq/roboracer_ws/src/roboracer_yolov8_detector', 'symlink_install': True, 'test_result_base': None}
[0.317s] INFO:colcon.colcon_core.executor:Executing jobs using 'parallel' executor
[0.318s] DEBUG:colcon.colcon_parallel_executor.executor.parallel:run_until_complete
[0.319s] INFO:colcon.colcon_ros.task.ament_cmake.build:Building ROS package in '/home/loq/roboracer_ws/src/roboracer_controller' with build type 'ament_cmake'
[0.319s] INFO:colcon.colcon_cmake.task.cmake.build:Building CMake package in '/home/loq/roboracer_ws/src/roboracer_controller'
[0.320s] INFO:colcon.colcon_core.plugin_system:Skipping extension 'colcon_core.shell.bat': Not used on non-Windows systems
[0.320s] INFO:colcon.colcon_core.shell:Skip shell extension 'powershell' for command environment: Not usable outside of PowerShell
[0.320s] DEBUG:colcon.colcon_core.shell:Skip shell extension 'dsv' for command environment
[0.325s] INFO:colcon.colcon_ros.task.ament_cmake.build:Building ROS package in '/home/loq/roboracer_ws/src/roboracer_description' with build type 'ament_cmake'
[0.325s] INFO:colcon.colcon_cmake.task.cmake.build:Building CMake package in '/home/loq/roboracer_ws/src/roboracer_description'
[0.326s] INFO:colcon.colcon_core.shell:Skip shell extension 'powershell' for command environment: Not usable outside of PowerShell
[0.326s] DEBUG:colcon.colcon_core.shell:Skip shell extension 'dsv' for command environment
[0.330s] INFO:colcon.colcon_ros.task.ament_cmake.build:Building ROS package in '/home/loq/roboracer_ws/src/roboracer_localization' with build type 'ament_cmake'
[0.331s] INFO:colcon.colcon_cmake.task.cmake.build:Building CMake package in '/home/loq/roboracer_ws/src/roboracer_localization'
[0.331s] INFO:colcon.colcon_core.shell:Skip shell extension 'powershell' for command environment: Not usable outside of PowerShell
[0.331s] DEBUG:colcon.colcon_core.shell:Skip shell extension 'dsv' for command environment
[0.337s] INFO:colcon.colcon_ros.task.ament_python.build:Building ROS package in '/home/loq/roboracer_ws/src/roboracer_py' with build type 'ament_python'
[0.337s] Level 1:colcon.colcon_core.shell:create_environment_hook('roboracer_py', 'ament_prefix_path')
[0.337s] INFO:colcon.colcon_core.shell:Creating environment hook '/home/loq/roboracer_ws/install/roboracer_py/share/roboracer_py/hook/ament_prefix_path.ps1'
[0.338s] INFO:colcon.colcon_core.shell:Creating environment descriptor '/home/loq/roboracer_ws/install/roboracer_py/share/roboracer_py/hook/ament_prefix_path.dsv'
[0.338s] INFO:colcon.colcon_core.shell:Creating environment hook '/home/loq/roboracer_ws/install/roboracer_py/share/roboracer_py/hook/ament_prefix_path.sh'
[0.339s] INFO:colcon.colcon_core.shell:Skip shell extension 'powershell' for command environment: Not usable outside of PowerShell
[0.339s] DEBUG:colcon.colcon_core.shell:Skip shell extension 'dsv' for command environment
[0.343s] INFO:colcon.colcon_ros.task.ament_cmake.build:Building ROS package in '/home/loq/roboracer_ws/src/roboracer_visual_odom' with build type 'ament_cmake'
[0.343s] INFO:colcon.colcon_cmake.task.cmake.build:Building CMake package in '/home/loq/roboracer_ws/src/roboracer_visual_odom'
[0.344s] INFO:colcon.colcon_core.shell:Skip shell extension 'powershell' for command environment: Not usable outside of PowerShell
[0.344s] DEBUG:colcon.colcon_core.shell:Skip shell extension 'dsv' for command environment
[0.349s] INFO:colcon.colcon_ros.task.ament_python.build:Building ROS package in '/home/loq/roboracer_ws/src/roboracer_yolov8_detector' with build type 'ament_python'
[0.349s] Level 1:colcon.colcon_core.shell:create_environment_hook('roboracer_yolov8_detector', 'ament_prefix_path')
[0.349s] INFO:colcon.colcon_core.shell:Creating environment hook '/home/loq/roboracer_ws/install/roboracer_yolov8_detector/share/roboracer_yolov8_detector/hook/ament_prefix_path.ps1'
[0.350s] INFO:colcon.colcon_core.shell:Creating environment descriptor '/home/loq/roboracer_ws/install/roboracer_yolov8_detector/share/roboracer_yolov8_detector/hook/ament_prefix_path.dsv'
[0.350s] INFO:colcon.colcon_core.shell:Creating environment hook '/home/loq/roboracer_ws/install/roboracer_yolov8_detector/share/roboracer_yolov8_detector/hook/ament_prefix_path.sh'
[0.350s] INFO:colcon.colcon_core.shell:Skip shell extension 'powershell' for command environment: Not usable outside of PowerShell
[0.350s] DEBUG:colcon.colcon_core.shell:Skip shell extension 'dsv' for command environment
[0.359s] DEBUG:colcon.colcon_core.event_handler.log_command:Invoking command in '/home/loq/roboracer_ws/build/roboracer_controller': CMAKE_PREFIX_PATH=${CMAKE_PREFIX_PATH}:/home/loq/drivingcar_ws/install/self_driving_car_pkg:/home/loq/bumperbot_ws/install/bumperbot_py_example:/home/loq/roboracer_ws/install/roboracer_yolov8_detector:/home/loq/roboracer_ws/install/roboracer_py:/home/loq/ros2_action_ws/install/lifecycle_py:/home/loq/ros2_action_ws/install/action_py:/opt/ros/humble /usr/bin/cmake /home/loq/roboracer_ws/src/roboracer_controller -DAMENT_CMAKE_SYMLINK_INSTALL=1 -DCMAKE_INSTALL_PREFIX=/home/loq/roboracer_ws/install/roboracer_controller
[0.361s] DEBUG:colcon.colcon_core.event_handler.log_command:Invoking command in '/home/loq/roboracer_ws/build/roboracer_description': CMAKE_PREFIX_PATH=${CMAKE_PREFIX_PATH}:/home/loq/drivingcar_ws/install/self_driving_car_pkg:/home/loq/bumperbot_ws/install/bumperbot_py_example:/home/loq/roboracer_ws/install/roboracer_yolov8_detector:/home/loq/roboracer_ws/install/roboracer_py:/home/loq/ros2_action_ws/install/lifecycle_py:/home/loq/ros2_action_ws/install/action_py:/opt/ros/humble /usr/bin/cmake /home/loq/roboracer_ws/src/roboracer_description -DAMENT_CMAKE_SYMLINK_INSTALL=1 -DCMAKE_INSTALL_PREFIX=/home/loq/roboracer_ws/install/roboracer_description
[0.364s] DEBUG:colcon.colcon_core.event_handler.log_command:Invoking command in '/home/loq/roboracer_ws/build/roboracer_localization': CMAKE_PREFIX_PATH=${CMAKE_PREFIX_PATH}:/home/loq/drivingcar_ws/install/self_driving_car_pkg:/home/loq/bumperbot_ws/install/bumperbot_py_example:/home/loq/roboracer_ws/install/roboracer_yolov8_detector:/home/loq/roboracer_ws/install/roboracer_py:/home/loq/ros2_action_ws/install/lifecycle_py:/home/loq/ros2_action_ws/install/action_py:/opt/ros/humble /usr/bin/cmake /home/loq/roboracer_ws/src/roboracer_localization -DAMENT_CMAKE_SYMLINK_INSTALL=1 -DCMAKE_INSTALL_PREFIX=/home/loq/roboracer_ws/install/roboracer_localization
[0.601s] INFO:colcon.colcon_core.task.python.build:Building Python package in '/home/loq/roboracer_ws/src/roboracer_py'
[0.601s] INFO:colcon.colcon_core.shell:Skip shell extension 'powershell' for command environment: Not usable outside of PowerShell
[0.601s] DEBUG:colcon.colcon_core.shell:Skip shell extension 'dsv' for command environment
[0.610s] DEBUG:colcon.colcon_core.event_handler.log_command:Invoking command in '/home/loq/roboracer_ws/build/roboracer_visual_odom': CMAKE_PREFIX_PATH=${CMAKE_PREFIX_PATH}:/home/loq/drivingcar_ws/install/self_driving_car_pkg:/home/loq/bumperbot_ws/install/bumperbot_py_example:/home/loq/roboracer_ws/install/roboracer_yolov8_detector:/home/loq/roboracer_ws/install/roboracer_py:/home/loq/ros2_action_ws/install/lifecycle_py:/home/loq/ros2_action_ws/install/action_py:/opt/ros/humble /usr/bin/cmake /home/loq/roboracer_ws/src/roboracer_visual_odom -DAMENT_CMAKE_SYMLINK_INSTALL=1 -DCMAKE_INSTALL_PREFIX=/home/loq/roboracer_ws/install/roboracer_visual_odom
[0.849s] INFO:colcon.colcon_core.task.python.build:Building Python package in '/home/loq/roboracer_ws/src/roboracer_yolov8_detector'
[0.849s] INFO:colcon.colcon_core.shell:Skip shell extension 'powershell' for command environment: Not usable outside of PowerShell
[0.849s] DEBUG:colcon.colcon_core.shell:Skip shell extension 'dsv' for command environment
[0.856s] DEBUG:colcon.colcon_core.event_handler.log_command:Invoked command in '/home/loq/roboracer_ws/build/roboracer_description' returned '0': CMAKE_PREFIX_PATH=${CMAKE_PREFIX_PATH}:/home/loq/drivingcar_ws/install/self_driving_car_pkg:/home/loq/bumperbot_ws/install/bumperbot_py_example:/home/loq/roboracer_ws/install/roboracer_yolov8_detector:/home/loq/roboracer_ws/install/roboracer_py:/home/loq/ros2_action_ws/install/lifecycle_py:/home/loq/ros2_action_ws/install/action_py:/opt/ros/humble /usr/bin/cmake /home/loq/roboracer_ws/src/roboracer_description -DAMENT_CMAKE_SYMLINK_INSTALL=1 -DCMAKE_INSTALL_PREFIX=/home/loq/roboracer_ws/install/roboracer_description
[0.858s] DEBUG:colcon.colcon_core.event_handler.log_command:Invoking command in '/home/loq/roboracer_ws/build/roboracer_description': CMAKE_PREFIX_PATH=${CMAKE_PREFIX_PATH}:/home/loq/drivingcar_ws/install/self_driving_car_pkg:/home/loq/bumperbot_ws/install/bumperbot_py_example:/home/loq/roboracer_ws/install/roboracer_yolov8_detector:/home/loq/roboracer_ws/install/roboracer_py:/home/loq/ros2_action_ws/install/lifecycle_py:/home/loq/ros2_action_ws/install/action_py:/opt/ros/humble /usr/bin/cmake --build /home/loq/roboracer_ws/build/roboracer_description -- -j8 -l8
[0.861s] DEBUG:colcon.colcon_core.event_handler.log_command:Invoked command in '/home/loq/roboracer_ws/build/roboracer_localization' returned '0': CMAKE_PREFIX_PATH=${CMAKE_PREFIX_PATH}:/home/loq/drivingcar_ws/install/self_driving_car_pkg:/home/loq/bumperbot_ws/install/bumperbot_py_example:/home/loq/roboracer_ws/install/roboracer_yolov8_detector:/home/loq/roboracer_ws/install/roboracer_py:/home/loq/ros2_action_ws/install/lifecycle_py:/home/loq/ros2_action_ws/install/action_py:/opt/ros/humble /usr/bin/cmake /home/loq/roboracer_ws/src/roboracer_localization -DAMENT_CMAKE_SYMLINK_INSTALL=1 -DCMAKE_INSTALL_PREFIX=/home/loq/roboracer_ws/install/roboracer_localization
[0.863s] DEBUG:colcon.colcon_core.event_handler.log_command:Invoking command in '/home/loq/roboracer_ws/build/roboracer_localization': CMAKE_PREFIX_PATH=${CMAKE_PREFIX_PATH}:/home/loq/drivingcar_ws/install/self_driving_car_pkg:/home/loq/bumperbot_ws/install/bumperbot_py_example:/home/loq/roboracer_ws/install/roboracer_yolov8_detector:/home/loq/roboracer_ws/install/roboracer_py:/home/loq/ros2_action_ws/install/lifecycle_py:/home/loq/ros2_action_ws/install/action_py:/opt/ros/humble /usr/bin/cmake --build /home/loq/roboracer_ws/build/roboracer_localization -- -j8 -l8
[0.911s] DEBUG:colcon.colcon_core.event_handler.log_command:Invoked command in '/home/loq/roboracer_ws/build/roboracer_description' returned '0': CMAKE_PREFIX_PATH=${CMAKE_PREFIX_PATH}:/home/loq/drivingcar_ws/install/self_driving_car_pkg:/home/loq/bumperbot_ws/install/bumperbot_py_example:/home/loq/roboracer_ws/install/roboracer_yolov8_detector:/home/loq/roboracer_ws/install/roboracer_py:/home/loq/ros2_action_ws/install/lifecycle_py:/home/loq/ros2_action_ws/install/action_py:/opt/ros/humble /usr/bin/cmake --build /home/loq/roboracer_ws/build/roboracer_description -- -j8 -l8
[0.924s] DEBUG:colcon.colcon_core.event_handler.log_command:Invoking command in '/home/loq/roboracer_ws/build/roboracer_description': CMAKE_PREFIX_PATH=${CMAKE_PREFIX_PATH}:/home/loq/drivingcar_ws/install/self_driving_car_pkg:/home/loq/bumperbot_ws/install/bumperbot_py_example:/home/loq/roboracer_ws/install/roboracer_yolov8_detector:/home/loq/roboracer_ws/install/roboracer_py:/home/loq/ros2_action_ws/install/lifecycle_py:/home/loq/ros2_action_ws/install/action_py:/opt/ros/humble /usr/bin/cmake --install /home/loq/roboracer_ws/build/roboracer_description
[0.925s] DEBUG:colcon.colcon_core.event_handler.log_command:Invoked command in '/home/loq/roboracer_ws/build/roboracer_localization' returned '0': CMAKE_PREFIX_PATH=${CMAKE_PREFIX_PATH}:/home/loq/drivingcar_ws/install/self_driving_car_pkg:/home/loq/bumperbot_ws/install/bumperbot_py_example:/home/loq/roboracer_ws/install/roboracer_yolov8_detector:/home/loq/roboracer_ws/install/roboracer_py:/home/loq/ros2_action_ws/install/lifecycle_py:/home/loq/ros2_action_ws/install/action_py:/opt/ros/humble /usr/bin/cmake --build /home/loq/roboracer_ws/build/roboracer_localization -- -j8 -l8
[0.929s] DEBUG:colcon.colcon_core.event_handler.log_command:Invoking command in '/home/loq/roboracer_ws/build/roboracer_localization': CMAKE_PREFIX_PATH=${CMAKE_PREFIX_PATH}:/home/loq/drivingcar_ws/install/self_driving_car_pkg:/home/loq/bumperbot_ws/install/bumperbot_py_example:/home/loq/roboracer_ws/install/roboracer_yolov8_detector:/home/loq/roboracer_ws/install/roboracer_py:/home/loq/ros2_action_ws/install/lifecycle_py:/home/loq/ros2_action_ws/install/action_py:/opt/ros/humble /usr/bin/cmake --install /home/loq/roboracer_ws/build/roboracer_localization
[0.958s] Level 1:colcon.colcon_core.environment:create_environment_scripts_only(roboracer_localization)
[0.960s] DEBUG:colcon.colcon_core.event_handler.log_command:Invoked command in '/home/loq/roboracer_ws/build/roboracer_localization' returned '0': CMAKE_PREFIX_PATH=${CMAKE_PREFIX_PATH}:/home/loq/drivingcar_ws/install/self_driving_car_pkg:/home/loq/bumperbot_ws/install/bumperbot_py_example:/home/loq/roboracer_ws/install/roboracer_yolov8_detector:/home/loq/roboracer_ws/install/roboracer_py:/home/loq/ros2_action_ws/install/lifecycle_py:/home/loq/ros2_action_ws/install/action_py:/opt/ros/humble /usr/bin/cmake --install /home/loq/roboracer_ws/build/roboracer_localization
[0.962s] Level 1:colcon.colcon_core.environment:checking '/home/loq/roboracer_ws/install/roboracer_localization' for CMake module files
[0.962s] Level 1:colcon.colcon_core.environment:checking '/home/loq/roboracer_ws/install/roboracer_localization' for CMake config files
[0.962s] Level 1:colcon.colcon_core.shell:create_environment_hook('roboracer_localization', 'cmake_prefix_path')
[0.963s] INFO:colcon.colcon_core.shell:Creating environment hook '/home/loq/roboracer_ws/install/roboracer_localization/share/roboracer_localization/hook/cmake_prefix_path.ps1'
[0.966s] INFO:colcon.colcon_core.shell:Creating environment descriptor '/home/loq/roboracer_ws/install/roboracer_localization/share/roboracer_localization/hook/cmake_prefix_path.dsv'
[0.967s] INFO:colcon.colcon_core.shell:Creating environment hook '/home/loq/roboracer_ws/install/roboracer_localization/share/roboracer_localization/hook/cmake_prefix_path.sh'
[0.968s] Level 1:colcon.colcon_core.environment:checking '/home/loq/roboracer_ws/install/roboracer_localization/lib'
[0.968s] Level 1:colcon.colcon_core.environment:checking '/home/loq/roboracer_ws/install/roboracer_localization/bin'
[0.968s] Level 1:colcon.colcon_core.environment:checking '/home/loq/roboracer_ws/install/roboracer_localization/lib/pkgconfig/roboracer_localization.pc'
[0.968s] Level 1:colcon.colcon_core.environment:checking '/home/loq/roboracer_ws/install/roboracer_localization/lib/python3.10/site-packages'
[0.968s] Level 1:colcon.colcon_core.environment:checking '/home/loq/roboracer_ws/install/roboracer_localization/bin'
[0.969s] INFO:colcon.colcon_core.shell:Creating package script '/home/loq/roboracer_ws/install/roboracer_localization/share/roboracer_localization/package.ps1'
[0.970s] INFO:colcon.colcon_core.shell:Creating package descriptor '/home/loq/roboracer_ws/install/roboracer_localization/share/roboracer_localization/package.dsv'
[0.970s] INFO:colcon.colcon_core.shell:Creating package script '/home/loq/roboracer_ws/install/roboracer_localization/share/roboracer_localization/package.sh'
[0.971s] INFO:colcon.colcon_core.shell:Creating package script '/home/loq/roboracer_ws/install/roboracer_localization/share/roboracer_localization/package.bash'
[0.973s] INFO:colcon.colcon_core.shell:Creating package script '/home/loq/roboracer_ws/install/roboracer_localization/share/roboracer_localization/package.zsh'
[0.976s] Level 1:colcon.colcon_core.environment:create_file_with_runtime_dependencies(/home/loq/roboracer_ws/install/roboracer_localization/share/colcon-core/packages/roboracer_localization)
[0.980s] Level 1:colcon.colcon_core.environment:create_environment_scripts_only(roboracer_localization)
[0.981s] Level 1:colcon.colcon_core.environment:checking '/home/loq/roboracer_ws/install/roboracer_localization' for CMake module files
[0.983s] Level 1:colcon.colcon_core.environment:checking '/home/loq/roboracer_ws/install/roboracer_localization' for CMake config files
[0.983s] Level 1:colcon.colcon_core.shell:create_environment_hook('roboracer_localization', 'cmake_prefix_path')
[0.983s] INFO:colcon.colcon_core.shell:Creating environment hook '/home/loq/roboracer_ws/install/roboracer_localization/share/roboracer_localization/hook/cmake_prefix_path.ps1'
[0.984s] INFO:colcon.colcon_core.shell:Creating environment descriptor '/home/loq/roboracer_ws/install/roboracer_localization/share/roboracer_localization/hook/cmake_prefix_path.dsv'
[0.984s] INFO:colcon.colcon_core.shell:Creating environment hook '/home/loq/roboracer_ws/install/roboracer_localization/share/roboracer_localization/hook/cmake_prefix_path.sh'
[0.986s] Level 1:colcon.colcon_core.environment:checking '/home/loq/roboracer_ws/install/roboracer_localization/lib'
[0.986s] Level 1:colcon.colcon_core.environment:checking '/home/loq/roboracer_ws/install/roboracer_localization/bin'
[0.986s] Level 1:colcon.colcon_core.environment:checking '/home/loq/roboracer_ws/install/roboracer_localization/lib/pkgconfig/roboracer_localization.pc'
[0.987s] Level 1:colcon.colcon_core.environment:checking '/home/loq/roboracer_ws/install/roboracer_localization/lib/python3.10/site-packages'
[0.987s] Level 1:colcon.colcon_core.environment:checking '/home/loq/roboracer_ws/install/roboracer_localization/bin'
[0.988s] INFO:colcon.colcon_core.shell:Creating package script '/home/loq/roboracer_ws/install/roboracer_localization/share/roboracer_localization/package.ps1'
[0.988s] INFO:colcon.colcon_core.shell:Creating package descriptor '/home/loq/roboracer_ws/install/roboracer_localization/share/roboracer_localization/package.dsv'
[0.989s] INFO:colcon.colcon_core.shell:Creating package script '/home/loq/roboracer_ws/install/roboracer_localization/share/roboracer_localization/package.sh'
[0.990s] INFO:colcon.colcon_core.shell:Creating package script '/home/loq/roboracer_ws/install/roboracer_localization/share/roboracer_localization/package.bash'
[0.991s] INFO:colcon.colcon_core.shell:Creating package script '/home/loq/roboracer_ws/install/roboracer_localization/share/roboracer_localization/package.zsh'
[0.992s] Level 1:colcon.colcon_core.environment:create_file_with_runtime_dependencies(/home/loq/roboracer_ws/install/roboracer_localization/share/colcon-core/packages/roboracer_localization)
[0.995s] DEBUG:colcon.colcon_core.event_handler.log_command:Invoked command in '/home/loq/roboracer_ws/build/roboracer_controller' returned '0': CMAKE_PREFIX_PATH=${CMAKE_PREFIX_PATH}:/home/loq/drivingcar_ws/install/self_driving_car_pkg:/home/loq/bumperbot_ws/install/bumperbot_py_example:/home/loq/roboracer_ws/install/roboracer_yolov8_detector:/home/loq/roboracer_ws/install/roboracer_py:/home/loq/ros2_action_ws/install/lifecycle_py:/home/loq/ros2_action_ws/install/action_py:/opt/ros/humble /usr/bin/cmake /home/loq/roboracer_ws/src/roboracer_controller -DAMENT_CMAKE_SYMLINK_INSTALL=1 -DCMAKE_INSTALL_PREFIX=/home/loq/roboracer_ws/install/roboracer_controller
[0.997s] DEBUG:colcon.colcon_core.event_handler.log_command:Invoking command in '/home/loq/roboracer_ws/build/roboracer_controller': CMAKE_PREFIX_PATH=${CMAKE_PREFIX_PATH}:/home/loq/drivingcar_ws/install/self_driving_car_pkg:/home/loq/bumperbot_ws/install/bumperbot_py_example:/home/loq/roboracer_ws/install/roboracer_yolov8_detector:/home/loq/roboracer_ws/install/roboracer_py:/home/loq/ros2_action_ws/install/lifecycle_py:/home/loq/ros2_action_ws/install/action_py:/opt/ros/humble /usr/bin/cmake --build /home/loq/roboracer_ws/build/roboracer_controller -- -j8 -l8
[1.055s] DEBUG:colcon.colcon_core.event_handler.log_command:Invoked command in '/home/loq/roboracer_ws/build/roboracer_controller' returned '0': CMAKE_PREFIX_PATH=${CMAKE_PREFIX_PATH}:/home/loq/drivingcar_ws/install/self_driving_car_pkg:/home/loq/bumperbot_ws/install/bumperbot_py_example:/home/loq/roboracer_ws/install/roboracer_yolov8_detector:/home/loq/roboracer_ws/install/roboracer_py:/home/loq/ros2_action_ws/install/lifecycle_py:/home/loq/ros2_action_ws/install/action_py:/opt/ros/humble /usr/bin/cmake --build /home/loq/roboracer_ws/build/roboracer_controller -- -j8 -l8
[1.059s] DEBUG:colcon.colcon_core.event_handler.log_command:Invoking command in '/home/loq/roboracer_ws/build/roboracer_controller': CMAKE_PREFIX_PATH=${CMAKE_PREFIX_PATH}:/home/loq/drivingcar_ws/install/self_driving_car_pkg:/home/loq/bumperbot_ws/install/bumperbot_py_example:/home/loq/roboracer_ws/install/roboracer_yolov8_detector:/home/loq/roboracer_ws/install/roboracer_py:/home/loq/ros2_action_ws/install/lifecycle_py:/home/loq/ros2_action_ws/install/action_py:/opt/ros/humble /usr/bin/cmake --install /home/loq/roboracer_ws/build/roboracer_controller
[1.073s] Level 1:colcon.colcon_core.environment:create_environment_scripts_only(roboracer_description)
[1.074s] Level 1:colcon.colcon_core.environment:checking '/home/loq/roboracer_ws/install/roboracer_description' for CMake module files
[1.074s] DEBUG:colcon.colcon_core.event_handler.log_command:Invoked command in '/home/loq/roboracer_ws/build/roboracer_description' returned '0': CMAKE_PREFIX_PATH=${CMAKE_PREFIX_PATH}:/home/loq/drivingcar_ws/install/self_driving_car_pkg:/home/loq/bumperbot_ws/install/bumperbot_py_example:/home/loq/roboracer_ws/install/roboracer_yolov8_detector:/home/loq/roboracer_ws/install/roboracer_py:/home/loq/ros2_action_ws/install/lifecycle_py:/home/loq/ros2_action_ws/install/action_py:/opt/ros/humble /usr/bin/cmake --install /home/loq/roboracer_ws/build/roboracer_description
[1.075s] Level 1:colcon.colcon_core.environment:checking '/home/loq/roboracer_ws/install/roboracer_description' for CMake config files
[1.092s] Level 1:colcon.colcon_core.shell:create_environment_hook('roboracer_description', 'cmake_prefix_path')
[1.092s] INFO:colcon.colcon_core.shell:Creating environment hook '/home/loq/roboracer_ws/install/roboracer_description/share/roboracer_description/hook/cmake_prefix_path.ps1'
[1.093s] INFO:colcon.colcon_core.shell:Creating environment descriptor '/home/loq/roboracer_ws/install/roboracer_description/share/roboracer_description/hook/cmake_prefix_path.dsv'
[1.093s] INFO:colcon.colcon_core.shell:Creating environment hook '/home/loq/roboracer_ws/install/roboracer_description/share/roboracer_description/hook/cmake_prefix_path.sh'
[1.094s] Level 1:colcon.colcon_core.environment:checking '/home/loq/roboracer_ws/install/roboracer_description/bin'
[1.094s] Level 1:colcon.colcon_core.environment:checking '/home/loq/roboracer_ws/install/roboracer_description/lib/pkgconfig/roboracer_description.pc'
[1.094s] Level 1:colcon.colcon_core.environment:checking '/home/loq/roboracer_ws/install/roboracer_description/lib/python3.10/site-packages'
[1.094s] Level 1:colcon.colcon_core.environment:checking '/home/loq/roboracer_ws/install/roboracer_description/bin'
[1.095s] INFO:colcon.colcon_core.shell:Creating package script '/home/loq/roboracer_ws/install/roboracer_description/share/roboracer_description/package.ps1'
[1.095s] INFO:colcon.colcon_core.shell:Creating package descriptor '/home/loq/roboracer_ws/install/roboracer_description/share/roboracer_description/package.dsv'
[1.096s] INFO:colcon.colcon_core.shell:Creating package script '/home/loq/roboracer_ws/install/roboracer_description/share/roboracer_description/package.sh'
[1.096s] INFO:colcon.colcon_core.shell:Creating package script '/home/loq/roboracer_ws/install/roboracer_description/share/roboracer_description/package.bash'
[1.097s] INFO:colcon.colcon_core.shell:Creating package script '/home/loq/roboracer_ws/install/roboracer_description/share/roboracer_description/package.zsh'
[1.097s] Level 1:colcon.colcon_core.environment:create_file_with_runtime_dependencies(/home/loq/roboracer_ws/install/roboracer_description/share/colcon-core/packages/roboracer_description)
[1.098s] Level 1:colcon.colcon_core.environment:create_environment_scripts_only(roboracer_description)
[1.098s] Level 1:colcon.colcon_core.environment:checking '/home/loq/roboracer_ws/install/roboracer_description' for CMake module files
[1.098s] Level 1:colcon.colcon_core.environment:checking '/home/loq/roboracer_ws/install/roboracer_description' for CMake config files
[1.114s] Level 1:colcon.colcon_core.shell:create_environment_hook('roboracer_description', 'cmake_prefix_path')
[1.115s] INFO:colcon.colcon_core.shell:Creating environment hook '/home/loq/roboracer_ws/install/roboracer_description/share/roboracer_description/hook/cmake_prefix_path.ps1'
[1.115s] INFO:colcon.colcon_core.shell:Creating environment descriptor '/home/loq/roboracer_ws/install/roboracer_description/share/roboracer_description/hook/cmake_prefix_path.dsv'
[1.116s] INFO:colcon.colcon_core.shell:Creating environment hook '/home/loq/roboracer_ws/install/roboracer_description/share/roboracer_description/hook/cmake_prefix_path.sh'
[1.116s] Level 1:colcon.colcon_core.environment:checking '/home/loq/roboracer_ws/install/roboracer_description/bin'
[1.116s] Level 1:colcon.colcon_core.environment:checking '/home/loq/roboracer_ws/install/roboracer_description/lib/pkgconfig/roboracer_description.pc'
[1.117s] Level 1:colcon.colcon_core.environment:checking '/home/loq/roboracer_ws/install/roboracer_description/lib/python3.10/site-packages'
[1.117s] Level 1:colcon.colcon_core.environment:checking '/home/loq/roboracer_ws/install/roboracer_description/bin'
[1.117s] INFO:colcon.colcon_core.shell:Creating package script '/home/loq/roboracer_ws/install/roboracer_description/share/roboracer_description/package.ps1'
[1.118s] INFO:colcon.colcon_core.shell:Creating package descriptor '/home/loq/roboracer_ws/install/roboracer_description/share/roboracer_description/package.dsv'
[1.118s] INFO:colcon.colcon_core.shell:Creating package script '/home/loq/roboracer_ws/install/roboracer_description/share/roboracer_description/package.sh'
[1.119s] INFO:colcon.colcon_core.shell:Creating package script '/home/loq/roboracer_ws/install/roboracer_description/share/roboracer_description/package.bash'
[1.120s] INFO:colcon.colcon_core.shell:Creating package script '/home/loq/roboracer_ws/install/roboracer_description/share/roboracer_description/package.zsh'
[1.120s] Level 1:colcon.colcon_core.environment:create_file_with_runtime_dependencies(/home/loq/roboracer_ws/install/roboracer_description/share/colcon-core/packages/roboracer_description)
[1.121s] Level 1:colcon.colcon_core.environment:create_environment_scripts_only(roboracer_controller)
[1.121s] Level 1:colcon.colcon_core.environment:checking '/home/loq/roboracer_ws/install/roboracer_controller' for CMake module files
[1.122s] DEBUG:colcon.colcon_core.event_handler.log_command:Invoked command in '/home/loq/roboracer_ws/build/roboracer_controller' returned '0': CMAKE_PREFIX_PATH=${CMAKE_PREFIX_PATH}:/home/loq/drivingcar_ws/install/self_driving_car_pkg:/home/loq/bumperbot_ws/install/bumperbot_py_example:/home/loq/roboracer_ws/install/roboracer_yolov8_detector:/home/loq/roboracer_ws/install/roboracer_py:/home/loq/ros2_action_ws/install/lifecycle_py:/home/loq/ros2_action_ws/install/action_py:/opt/ros/humble /usr/bin/cmake --install /home/loq/roboracer_ws/build/roboracer_controller
[1.122s] Level 1:colcon.colcon_core.environment:checking '/home/loq/roboracer_ws/install/roboracer_controller' for CMake config files
[1.123s] Level 1:colcon.colcon_core.shell:create_environment_hook('roboracer_controller', 'cmake_prefix_path')
[1.123s] INFO:colcon.colcon_core.shell:Creating environment hook '/home/loq/roboracer_ws/install/roboracer_controller/share/roboracer_controller/hook/cmake_prefix_path.ps1'
[1.124s] INFO:colcon.colcon_core.shell:Creating environment descriptor '/home/loq/roboracer_ws/install/roboracer_controller/share/roboracer_controller/hook/cmake_prefix_path.dsv'
[1.124s] INFO:colcon.colcon_core.shell:Creating environment hook '/home/loq/roboracer_ws/install/roboracer_controller/share/roboracer_controller/hook/cmake_prefix_path.sh'
[1.124s] Level 1:colcon.colcon_core.environment:checking '/home/loq/roboracer_ws/install/roboracer_controller/lib'
[1.124s] Level 1:colcon.colcon_core.environment:checking '/home/loq/roboracer_ws/install/roboracer_controller/bin'
[1.124s] Level 1:colcon.colcon_core.environment:checking '/home/loq/roboracer_ws/install/roboracer_controller/lib/pkgconfig/roboracer_controller.pc'
[1.125s] Level 1:colcon.colcon_core.environment:checking '/home/loq/roboracer_ws/install/roboracer_controller/lib/python3.10/site-packages'
[1.125s] Level 1:colcon.colcon_core.environment:checking '/home/loq/roboracer_ws/install/roboracer_controller/bin'
[1.125s] INFO:colcon.colcon_core.shell:Creating package script '/home/loq/roboracer_ws/install/roboracer_controller/share/roboracer_controller/package.ps1'
[1.125s] INFO:colcon.colcon_core.shell:Creating package descriptor '/home/loq/roboracer_ws/install/roboracer_controller/share/roboracer_controller/package.dsv'
[1.126s] INFO:colcon.colcon_core.shell:Creating package script '/home/loq/roboracer_ws/install/roboracer_controller/share/roboracer_controller/package.sh'
[1.126s] INFO:colcon.colcon_core.shell:Creating package script '/home/loq/roboracer_ws/install/roboracer_controller/share/roboracer_controller/package.bash'
[1.126s] INFO:colcon.colcon_core.shell:Creating package script '/home/loq/roboracer_ws/install/roboracer_controller/share/roboracer_controller/package.zsh'
[1.126s] Level 1:colcon.colcon_core.environment:create_file_with_runtime_dependencies(/home/loq/roboracer_ws/install/roboracer_controller/share/colcon-core/packages/roboracer_controller)
[1.127s] Level 1:colcon.colcon_core.environment:create_environment_scripts_only(roboracer_controller)
[1.127s] Level 1:colcon.colcon_core.environment:checking '/home/loq/roboracer_ws/install/roboracer_controller' for CMake module files
[1.127s] Level 1:colcon.colcon_core.environment:checking '/home/loq/roboracer_ws/install/roboracer_controller' for CMake config files
[1.128s] Level 1:colcon.colcon_core.shell:create_environment_hook('roboracer_controller', 'cmake_prefix_path')
[1.128s] INFO:colcon.colcon_core.shell:Creating environment hook '/home/loq/roboracer_ws/install/roboracer_controller/share/roboracer_controller/hook/cmake_prefix_path.ps1'
[1.128s] INFO:colcon.colcon_core.shell:Creating environment descriptor '/home/loq/roboracer_ws/install/roboracer_controller/share/roboracer_controller/hook/cmake_prefix_path.dsv'
[1.128s] INFO:colcon.colcon_core.shell:Creating environment hook '/home/loq/roboracer_ws/install/roboracer_controller/share/roboracer_controller/hook/cmake_prefix_path.sh'
[1.129s] Level 1:colcon.colcon_core.environment:checking '/home/loq/roboracer_ws/install/roboracer_controller/lib'
[1.129s] Level 1:colcon.colcon_core.environment:checking '/home/loq/roboracer_ws/install/roboracer_controller/bin'
[1.129s] Level 1:colcon.colcon_core.environment:checking '/home/loq/roboracer_ws/install/roboracer_controller/lib/pkgconfig/roboracer_controller.pc'
[1.129s] Level 1:colcon.colcon_core.environment:checking '/home/loq/roboracer_ws/install/roboracer_controller/lib/python3.10/site-packages'
[1.129s] Level 1:colcon.colcon_core.environment:checking '/home/loq/roboracer_ws/install/roboracer_controller/bin'
[1.129s] INFO:colcon.colcon_core.shell:Creating package script '/home/loq/roboracer_ws/install/roboracer_controller/share/roboracer_controller/package.ps1'
[1.130s] INFO:colcon.colcon_core.shell:Creating package descriptor '/home/loq/roboracer_ws/install/roboracer_controller/share/roboracer_controller/package.dsv'
[1.130s] INFO:colcon.colcon_core.shell:Creating package script '/home/loq/roboracer_ws/install/roboracer_controller/share/roboracer_controller/package.sh'
[1.131s] INFO:colcon.colcon_core.shell:Creating package script '/home/loq/roboracer_ws/install/roboracer_controller/share/roboracer_controller/package.bash'
[1.131s] INFO:colcon.colcon_core.shell:Creating package script '/home/loq/roboracer_ws/install/roboracer_controller/share/roboracer_controller/package.zsh'
[1.131s] Level 1:colcon.colcon_core.environment:create_file_with_runtime_dependencies(/home/loq/roboracer_ws/install/roboracer_controller/share/colcon-core/packages/roboracer_controller)
[1.240s] DEBUG:colcon.colcon_core.task.python.build:While undoing a previous installation files outside the Python library path are being ignored: /home/loq/roboracer_ws/install/roboracer_py/share/ament_index/resource_index/packages/roboracer_py
[1.240s] DEBUG:colcon.colcon_core.task.python.build:While undoing a previous installation files outside the Python library path are being ignored: /home/loq/roboracer_ws/install/roboracer_py/share/roboracer_py/package.xml
[1.241s] DEBUG:colcon.colcon_core.task.python.build:While undoing a previous installation files outside the Python library path are being ignored: /home/loq/roboracer_ws/install/roboracer_py/lib/roboracer_py/disparity_extender
[1.241s] DEBUG:colcon.colcon_core.task.python.build:While undoing a previous installation files outside the Python library path are being ignored: /home/loq/roboracer_ws/install/roboracer_py/lib/roboracer_py/gap_follow
[1.243s] DEBUG:colcon.colcon_core.event_handler.log_command:Invoking command in '/home/loq/roboracer_ws/build/roboracer_py': PYTHONPATH=/home/loq/roboracer_ws/build/roboracer_py/prefix_override:/usr/lib/python3/dist-packages/colcon_core/task/python/colcon_distutils_commands:/home/loq/roboracer_ws/install/roboracer_py/lib/python3.10/site-packages:${PYTHONPATH} /usr/bin/python3 -W ignore:setup.py install is deprecated -W ignore:easy_install command is deprecated setup.py develop --editable --build-directory /home/loq/roboracer_ws/build/roboracer_py/build --no-deps symlink_data --force
[1.255s] DEBUG:colcon.colcon_core.task.python.build:While undoing a previous installation files outside the Python library path are being ignored: /home/loq/roboracer_ws/install/roboracer_yolov8_detector/share/ament_index/resource_index/packages/roboracer_yolov8_detector
[1.255s] DEBUG:colcon.colcon_core.task.python.build:While undoing a previous installation files outside the Python library path are being ignored: /home/loq/roboracer_ws/install/roboracer_yolov8_detector/share/roboracer_yolov8_detector/package.xml
[1.256s] DEBUG:colcon.colcon_core.task.python.build:While undoing a previous installation files outside the Python library path are being ignored: /home/loq/roboracer_ws/install/roboracer_yolov8_detector/lib/roboracer_yolov8_detector/detection_3d_node
[1.256s] DEBUG:colcon.colcon_core.task.python.build:While undoing a previous installation files outside the Python library path are being ignored: /home/loq/roboracer_ws/install/roboracer_yolov8_detector/lib/roboracer_yolov8_detector/yolov8_detection_node
[1.258s] DEBUG:colcon.colcon_core.event_handler.log_command:Invoking command in '/home/loq/roboracer_ws/build/roboracer_yolov8_detector': PYTHONPATH=/home/loq/roboracer_ws/build/roboracer_yolov8_detector/prefix_override:/usr/lib/python3/dist-packages/colcon_core/task/python/colcon_distutils_commands:/home/loq/roboracer_ws/install/roboracer_yolov8_detector/lib/python3.10/site-packages:${PYTHONPATH} /usr/bin/python3 -W ignore:setup.py install is deprecated -W ignore:easy_install command is deprecated setup.py develop --editable --build-directory /home/loq/roboracer_ws/build/roboracer_yolov8_detector/build --no-deps symlink_data --force
[1.690s] Level 1:colcon.colcon_core.shell:create_environment_hook('roboracer_py', 'pythonpath_develop')
[1.690s] INFO:colcon.colcon_core.shell:Creating environment hook '/home/loq/roboracer_ws/build/roboracer_py/share/roboracer_py/hook/pythonpath_develop.ps1'
[1.690s] DEBUG:colcon.colcon_core.event_handler.log_command:Invoked command in '/home/loq/roboracer_ws/build/roboracer_py' returned '0': PYTHONPATH=/home/loq/roboracer_ws/build/roboracer_py/prefix_override:/usr/lib/python3/dist-packages/colcon_core/task/python/colcon_distutils_commands:/home/loq/roboracer_ws/install/roboracer_py/lib/python3.10/site-packages:${PYTHONPATH} /usr/bin/python3 -W ignore:setup.py install is deprecated -W ignore:easy_install command is deprecated setup.py develop --editable --build-directory /home/loq/roboracer_ws/build/roboracer_py/build --no-deps symlink_data --force
[1.691s] INFO:colcon.colcon_core.shell:Creating environment descriptor '/home/loq/roboracer_ws/build/roboracer_py/share/roboracer_py/hook/pythonpath_develop.dsv'
[1.691s] INFO:colcon.colcon_core.shell:Creating environment hook '/home/loq/roboracer_ws/build/roboracer_py/share/roboracer_py/hook/pythonpath_develop.sh'
[1.692s] Level 1:colcon.colcon_core.environment:checking '/home/loq/roboracer_ws/install/roboracer_py' for CMake module files
[1.692s] Level 1:colcon.colcon_core.environment:checking '/home/loq/roboracer_ws/install/roboracer_py' for CMake config files
[1.693s] Level 1:colcon.colcon_core.environment:checking '/home/loq/roboracer_ws/install/roboracer_py/lib'
[1.693s] Level 1:colcon.colcon_core.environment:checking '/home/loq/roboracer_ws/install/roboracer_py/bin'
[1.693s] Level 1:colcon.colcon_core.environment:checking '/home/loq/roboracer_ws/install/roboracer_py/lib/pkgconfig/roboracer_py.pc'
[1.693s] Level 1:colcon.colcon_core.environment:checking '/home/loq/roboracer_ws/install/roboracer_py/lib/python3.10/site-packages'
[1.693s] Level 1:colcon.colcon_core.shell:create_environment_hook('roboracer_py', 'pythonpath')
[1.693s] INFO:colcon.colcon_core.shell:Creating environment hook '/home/loq/roboracer_ws/install/roboracer_py/share/roboracer_py/hook/pythonpath.ps1'
[1.694s] INFO:colcon.colcon_core.shell:Creating environment descriptor '/home/loq/roboracer_ws/install/roboracer_py/share/roboracer_py/hook/pythonpath.dsv'
[1.694s] INFO:colcon.colcon_core.shell:Creating environment hook '/home/loq/roboracer_ws/install/roboracer_py/share/roboracer_py/hook/pythonpath.sh'
[1.695s] Level 1:colcon.colcon_core.environment:checking '/home/loq/roboracer_ws/install/roboracer_py/bin'
[1.695s] Level 1:colcon.colcon_core.environment:create_environment_scripts_only(roboracer_py)
[1.695s] INFO:colcon.colcon_core.shell:Creating package script '/home/loq/roboracer_ws/install/roboracer_py/share/roboracer_py/package.ps1'
[1.696s] INFO:colcon.colcon_core.shell:Creating package descriptor '/home/loq/roboracer_ws/install/roboracer_py/share/roboracer_py/package.dsv'
[1.696s] INFO:colcon.colcon_core.shell:Creating package script '/home/loq/roboracer_ws/install/roboracer_py/share/roboracer_py/package.sh'
[1.696s] INFO:colcon.colcon_core.shell:Creating package script '/home/loq/roboracer_ws/install/roboracer_py/share/roboracer_py/package.bash'
[1.697s] INFO:colcon.colcon_core.shell:Creating package script '/home/loq/roboracer_ws/install/roboracer_py/share/roboracer_py/package.zsh'
[1.697s] Level 1:colcon.colcon_core.environment:create_file_with_runtime_dependencies(/home/loq/roboracer_ws/install/roboracer_py/share/colcon-core/packages/roboracer_py)
[1.698s] Level 1:colcon.colcon_core.shell:create_environment_hook('roboracer_yolov8_detector', 'pythonpath_develop')
[1.698s] INFO:colcon.colcon_core.shell:Creating environment hook '/home/loq/roboracer_ws/build/roboracer_yolov8_detector/share/roboracer_yolov8_detector/hook/pythonpath_develop.ps1'
[1.698s] DEBUG:colcon.colcon_core.event_handler.log_command:Invoked command in '/home/loq/roboracer_ws/build/roboracer_yolov8_detector' returned '0': PYTHONPATH=/home/loq/roboracer_ws/build/roboracer_yolov8_detector/prefix_override:/usr/lib/python3/dist-packages/colcon_core/task/python/colcon_distutils_commands:/home/loq/roboracer_ws/install/roboracer_yolov8_detector/lib/python3.10/site-packages:${PYTHONPATH} /usr/bin/python3 -W ignore:setup.py install is deprecated -W ignore:easy_install command is deprecated setup.py develop --editable --build-directory /home/loq/roboracer_ws/build/roboracer_yolov8_detector/build --no-deps symlink_data --force
[1.699s] INFO:colcon.colcon_core.shell:Creating environment descriptor '/home/loq/roboracer_ws/build/roboracer_yolov8_detector/share/roboracer_yolov8_detector/hook/pythonpath_develop.dsv'
[1.699s] INFO:colcon.colcon_core.shell:Creating environment hook '/home/loq/roboracer_ws/build/roboracer_yolov8_detector/share/roboracer_yolov8_detector/hook/pythonpath_develop.sh'
[1.699s] Level 1:colcon.colcon_core.environment:checking '/home/loq/roboracer_ws/install/roboracer_yolov8_detector' for CMake module files
[1.700s] Level 1:colcon.colcon_core.environment:checking '/home/loq/roboracer_ws/install/roboracer_yolov8_detector' for CMake config files
[1.700s] Level 1:colcon.colcon_core.environment:checking '/home/loq/roboracer_ws/install/roboracer_yolov8_detector/lib'
[1.700s] Level 1:colcon.colcon_core.environment:checking '/home/loq/roboracer_ws/install/roboracer_yolov8_detector/bin'
[1.700s] Level 1:colcon.colcon_core.environment:checking '/home/loq/roboracer_ws/install/roboracer_yolov8_detector/lib/pkgconfig/roboracer_yolov8_detector.pc'
[1.700s] Level 1:colcon.colcon_core.environment:checking '/home/loq/roboracer_ws/install/roboracer_yolov8_detector/lib/python3.10/site-packages'
[1.700s] Level 1:colcon.colcon_core.shell:create_environment_hook('roboracer_yolov8_detector', 'pythonpath')
[1.701s] INFO:colcon.colcon_core.shell:Creating environment hook '/home/loq/roboracer_ws/install/roboracer_yolov8_detector/share/roboracer_yolov8_detector/hook/pythonpath.ps1'
[1.701s] INFO:colcon.colcon_core.shell:Creating environment descriptor '/home/loq/roboracer_ws/install/roboracer_yolov8_detector/share/roboracer_yolov8_detector/hook/pythonpath.dsv'
[1.701s] INFO:colcon.colcon_core.shell:Creating environment hook '/home/loq/roboracer_ws/install/roboracer_yolov8_detector/share/roboracer_yolov8_detector/hook/pythonpath.sh'
[1.702s] Level 1:colcon.colcon_core.environment:checking '/home/loq/roboracer_ws/install/roboracer_yolov8_detector/bin'
[1.702s] Level 1:colcon.colcon_core.environment:create_environment_scripts_only(roboracer_yolov8_detector)
[1.702s] INFO:colcon.colcon_core.shell:Creating package script '/home/loq/roboracer_ws/install/roboracer_yolov8_detector/share/roboracer_yolov8_detector/package.ps1'
[1.702s] INFO:colcon.colcon_core.shell:Creating package descriptor '/home/loq/roboracer_ws/install/roboracer_yolov8_detector/share/roboracer_yolov8_detector/package.dsv'
[1.703s] INFO:colcon.colcon_core.shell:Creating package script '/home/loq/roboracer_ws/install/roboracer_yolov8_detector/share/roboracer_yolov8_detector/package.sh'
[1.703s] INFO:colcon.colcon_core.shell:Creating package script '/home/loq/roboracer_ws/install/roboracer_yolov8_detector/share/roboracer_yolov8_detector/package.bash'
[1.703s] INFO:colcon.colcon_core.shell:Creating package script '/home/loq/roboracer_ws/install/roboracer_yolov8_detector/share/roboracer_yolov8_detector/package.zsh'
[1.704s] Level 1:colcon.colcon_core.environment:create_file_with_runtime_dependencies(/home/loq/roboracer_ws/install/roboracer_yolov8_detector/share/colcon-core/packages/roboracer_yolov8_detector)
[2.217s] DEBUG:colcon.colcon_core.event_handler.log_command:Invoked command in '/home/loq/roboracer_ws/build/roboracer_visual_odom' returned '0': CMAKE_PREFIX_PATH=${CMAKE_PREFIX_PATH}:/home/loq/drivingcar_ws/install/self_driving_car_pkg:/home/loq/bumperbot_ws/install/bumperbot_py_example:/home/loq/roboracer_ws/install/roboracer_yolov8_detector:/home/loq/roboracer_ws/install/roboracer_py:/home/loq/ros2_action_ws/install/lifecycle_py:/home/loq/ros2_action_ws/install/action_py:/opt/ros/humble /usr/bin/cmake /home/loq/roboracer_ws/src/roboracer_visual_odom -DAMENT_CMAKE_SYMLINK_INSTALL=1 -DCMAKE_INSTALL_PREFIX=/home/loq/roboracer_ws/install/roboracer_visual_odom
[2.219s] DEBUG:colcon.colcon_core.event_handler.log_command:Invoking command in '/home/loq/roboracer_ws/build/roboracer_visual_odom': CMAKE_PREFIX_PATH=${CMAKE_PREFIX_PATH}:/home/loq/drivingcar_ws/install/self_driving_car_pkg:/home/loq/bumperbot_ws/install/bumperbot_py_example:/home/loq/roboracer_ws/install/roboracer_yolov8_detector:/home/loq/roboracer_ws/install/roboracer_py:/home/loq/ros2_action_ws/install/lifecycle_py:/home/loq/ros2_action_ws/install/action_py:/opt/ros/humble /usr/bin/cmake --build /home/loq/roboracer_ws/build/roboracer_visual_odom -- -j8 -l8
[2.302s] DEBUG:colcon.colcon_core.event_handler.log_command:Invoked command in '/home/loq/roboracer_ws/build/roboracer_visual_odom' returned '0': CMAKE_PREFIX_PATH=${CMAKE_PREFIX_PATH}:/home/loq/drivingcar_ws/install/self_driving_car_pkg:/home/loq/bumperbot_ws/install/bumperbot_py_example:/home/loq/roboracer_ws/install/roboracer_yolov8_detector:/home/loq/roboracer_ws/install/roboracer_py:/home/loq/ros2_action_ws/install/lifecycle_py:/home/loq/ros2_action_ws/install/action_py:/opt/ros/humble /usr/bin/cmake --build /home/loq/roboracer_ws/build/roboracer_visual_odom -- -j8 -l8
[2.303s] DEBUG:colcon.colcon_core.event_handler.log_command:Invoking command in '/home/loq/roboracer_ws/build/roboracer_visual_odom': CMAKE_PREFIX_PATH=${CMAKE_PREFIX_PATH}:/home/loq/drivingcar_ws/install/self_driving_car_pkg:/home/loq/bumperbot_ws/install/bumperbot_py_example:/home/loq/roboracer_ws/install/roboracer_yolov8_detector:/home/loq/roboracer_ws/install/roboracer_py:/home/loq/ros2_action_ws/install/lifecycle_py:/home/loq/ros2_action_ws/install/action_py:/opt/ros/humble /usr/bin/cmake --install /home/loq/roboracer_ws/build/roboracer_visual_odom
[2.322s] Level 1:colcon.colcon_core.environment:create_environment_scripts_only(roboracer_visual_odom)
[2.322s] Level 1:colcon.colcon_core.environment:checking '/home/loq/roboracer_ws/install/roboracer_visual_odom' for CMake module files
[2.323s] DEBUG:colcon.colcon_core.event_handler.log_command:Invoked command in '/home/loq/roboracer_ws/build/roboracer_visual_odom' returned '0': CMAKE_PREFIX_PATH=${CMAKE_PREFIX_PATH}:/home/loq/drivingcar_ws/install/self_driving_car_pkg:/home/loq/bumperbot_ws/install/bumperbot_py_example:/home/loq/roboracer_ws/install/roboracer_yolov8_detector:/home/loq/roboracer_ws/install/roboracer_py:/home/loq/ros2_action_ws/install/lifecycle_py:/home/loq/ros2_action_ws/install/action_py:/opt/ros/humble /usr/bin/cmake --install /home/loq/roboracer_ws/build/roboracer_visual_odom
[2.323s] Level 1:colcon.colcon_core.environment:checking '/home/loq/roboracer_ws/install/roboracer_visual_odom' for CMake config files
[2.323s] Level 1:colcon.colcon_core.shell:create_environment_hook('roboracer_visual_odom', 'cmake_prefix_path')
[2.323s] INFO:colcon.colcon_core.shell:Creating environment hook '/home/loq/roboracer_ws/install/roboracer_visual_odom/share/roboracer_visual_odom/hook/cmake_prefix_path.ps1'
[2.324s] INFO:colcon.colcon_core.shell:Creating environment descriptor '/home/loq/roboracer_ws/install/roboracer_visual_odom/share/roboracer_visual_odom/hook/cmake_prefix_path.dsv'
[2.324s] INFO:colcon.colcon_core.shell:Creating environment hook '/home/loq/roboracer_ws/install/roboracer_visual_odom/share/roboracer_visual_odom/hook/cmake_prefix_path.sh'
[2.324s] Level 1:colcon.colcon_core.environment:checking '/home/loq/roboracer_ws/install/roboracer_visual_odom/lib'
[2.324s] Level 1:colcon.colcon_core.environment:checking '/home/loq/roboracer_ws/install/roboracer_visual_odom/bin'
[2.324s] Level 1:colcon.colcon_core.environment:checking '/home/loq/roboracer_ws/install/roboracer_visual_odom/lib/pkgconfig/roboracer_visual_odom.pc'
[2.325s] Level 1:colcon.colcon_core.environment:checking '/home/loq/roboracer_ws/install/roboracer_visual_odom/lib/python3.10/site-packages'
[2.325s] Level 1:colcon.colcon_core.environment:checking '/home/loq/roboracer_ws/install/roboracer_visual_odom/bin'
[2.325s] INFO:colcon.colcon_core.shell:Creating package script '/home/loq/roboracer_ws/install/roboracer_visual_odom/share/roboracer_visual_odom/package.ps1'
[2.325s] INFO:colcon.colcon_core.shell:Creating package descriptor '/home/loq/roboracer_ws/install/roboracer_visual_odom/share/roboracer_visual_odom/package.dsv'
[2.326s] INFO:colcon.colcon_core.shell:Creating package script '/home/loq/roboracer_ws/install/roboracer_visual_odom/share/roboracer_visual_odom/package.sh'
[2.326s] INFO:colcon.colcon_core.shell:Creating package script '/home/loq/roboracer_ws/install/roboracer_visual_odom/share/roboracer_visual_odom/package.bash'
[2.326s] INFO:colcon.colcon_core.shell:Creating package script '/home/loq/roboracer_ws/install/roboracer_visual_odom/share/roboracer_visual_odom/package.zsh'
[2.326s] Level 1:colcon.colcon_core.environment:create_file_with_runtime_dependencies(/home/loq/roboracer_ws/install/roboracer_visual_odom/share/colcon-core/packages/roboracer_visual_odom)
[2.327s] Level 1:colcon.colcon_core.environment:create_environment_scripts_only(roboracer_visual_odom)
[2.327s] Level 1:colcon.colcon_core.environment:checking '/home/loq/roboracer_ws/install/roboracer_visual_odom' for CMake module files
[2.327s] Level 1:colcon.colcon_core.environment:checking '/home/loq/roboracer_ws/install/roboracer_visual_odom' for CMake config files
[2.327s] Level 1:colcon.colcon_core.shell:create_environment_hook('roboracer_visual_odom', 'cmake_prefix_path')
[2.328s] INFO:colcon.colcon_core.shell:Creating environment hook '/home/loq/roboracer_ws/install/roboracer_visual_odom/share/roboracer_visual_odom/hook/cmake_prefix_path.ps1'
[2.328s] INFO:colcon.colcon_core.shell:Creating environment descriptor '/home/loq/roboracer_ws/install/roboracer_visual_odom/share/roboracer_visual_odom/hook/cmake_prefix_path.dsv'
[2.328s] INFO:colcon.colcon_core.shell:Creating environment hook '/home/loq/roboracer_ws/install/roboracer_visual_odom/share/roboracer_visual_odom/hook/cmake_prefix_path.sh'
[2.328s] Level 1:colcon.colcon_core.environment:checking '/home/loq/roboracer_ws/install/roboracer_visual_odom/lib'
[2.329s] Level 1:colcon.colcon_core.environment:checking '/home/loq/roboracer_ws/install/roboracer_visual_odom/bin'
[2.329s] Level 1:colcon.colcon_core.environment:checking '/home/loq/roboracer_ws/install/roboracer_visual_odom/lib/pkgconfig/roboracer_visual_odom.pc'
[2.329s] Level 1:colcon.colcon_core.environment:checking '/home/loq/roboracer_ws/install/roboracer_visual_odom/lib/python3.10/site-packages'
[2.329s] Level 1:colcon.colcon_core.environment:checking '/home/loq/roboracer_ws/install/roboracer_visual_odom/bin'
[2.329s] INFO:colcon.colcon_core.shell:Creating package script '/home/loq/roboracer_ws/install/roboracer_visual_odom/share/roboracer_visual_odom/package.ps1'
[2.329s] INFO:colcon.colcon_core.shell:Creating package descriptor '/home/loq/roboracer_ws/install/roboracer_visual_odom/share/roboracer_visual_odom/package.dsv'
[2.330s] INFO:colcon.colcon_core.shell:Creating package script '/home/loq/roboracer_ws/install/roboracer_visual_odom/share/roboracer_visual_odom/package.sh'
[2.330s] INFO:colcon.colcon_core.shell:Creating package script '/home/loq/roboracer_ws/install/roboracer_visual_odom/share/roboracer_visual_odom/package.bash'
[2.330s] INFO:colcon.colcon_core.shell:Creating package script '/home/loq/roboracer_ws/install/roboracer_visual_odom/share/roboracer_visual_odom/package.zsh'
[2.331s] Level 1:colcon.colcon_core.environment:create_file_with_runtime_dependencies(/home/loq/roboracer_ws/install/roboracer_visual_odom/share/colcon-core/packages/roboracer_visual_odom)
[2.331s] DEBUG:colcon.colcon_parallel_executor.executor.parallel:closing loop
[2.331s] DEBUG:colcon.colcon_parallel_executor.executor.parallel:loop closed
[2.331s] DEBUG:colcon.colcon_parallel_executor.executor.parallel:run_until_complete finished with '0'
[2.331s] DEBUG:colcon.colcon_core.event_reactor:joining thread
[2.336s] INFO:colcon.colcon_core.plugin_system:Skipping extension 'colcon_notification.desktop_notification.terminal_notifier': Not used on non-Darwin systems
[2.336s] INFO:colcon.colcon_core.plugin_system:Skipping extension 'colcon_notification.desktop_notification.win32': Not used on non-Windows systems
[2.336s] INFO:colcon.colcon_notification.desktop_notification:Sending desktop notification using 'notify2'
[2.347s] DEBUG:colcon.colcon_core.event_reactor:joined thread
[2.348s] INFO:colcon.colcon_core.shell:Creating prefix script '/home/loq/roboracer_ws/install/local_setup.ps1'
[2.348s] INFO:colcon.colcon_core.shell:Creating prefix util module '/home/loq/roboracer_ws/install/_local_setup_util_ps1.py'
[2.349s] INFO:colcon.colcon_core.shell:Creating prefix chain script '/home/loq/roboracer_ws/install/setup.ps1'
[2.351s] INFO:colcon.colcon_core.shell:Creating prefix script '/home/loq/roboracer_ws/install/local_setup.sh'
[2.351s] INFO:colcon.colcon_core.shell:Creating prefix util module '/home/loq/roboracer_ws/install/_local_setup_util_sh.py'
[2.352s] INFO:colcon.colcon_core.shell:Creating prefix chain script '/home/loq/roboracer_ws/install/setup.sh'
[2.353s] INFO:colcon.colcon_core.shell:Creating prefix script '/home/loq/roboracer_ws/install/local_setup.bash'
[2.354s] INFO:colcon.colcon_core.shell:Creating prefix chain script '/home/loq/roboracer_ws/install/setup.bash'
[2.355s] INFO:colcon.colcon_core.shell:Creating prefix script '/home/loq/roboracer_ws/install/local_setup.zsh'
[2.356s] INFO:colcon.colcon_core.shell:Creating prefix chain script '/home/loq/roboracer_ws/install/setup.zsh'
