[1.028s] Invoking command in '/home/loq/roboracer_ws/roboracer_dissertation/roboracer_project/roboracer_ws/src/roboracer_py': PYTHONPATH=/home/loq/roboracer_ws/roboracer_dissertation/build/roboracer_py/prefix_override:/usr/lib/python3/dist-packages/colcon_core/task/python/colcon_distutils_commands:/home/loq/roboracer_ws/roboracer_dissertation/install/roboracer_py/lib/python3.10/site-packages:${PYTHONPATH} /usr/bin/python3 -W ignore:setup.py install is deprecated -W ignore:easy_install command is deprecated setup.py egg_info --egg-base ../../../../build/roboracer_py build --build-base /home/loq/roboracer_ws/roboracer_dissertation/build/roboracer_py/build install --record /home/loq/roboracer_ws/roboracer_dissertation/build/roboracer_py/install.log --single-version-externally-managed install_data
[1.245s] running egg_info
[1.246s] writing ../../../../build/roboracer_py/roboracer_py.egg-info/PKG-INFO
[1.246s] writing dependency_links to ../../../../build/roboracer_py/roboracer_py.egg-info/dependency_links.txt
[1.246s] writing entry points to ../../../../build/roboracer_py/roboracer_py.egg-info/entry_points.txt
[1.247s] writing requirements to ../../../../build/roboracer_py/roboracer_py.egg-info/requires.txt
[1.247s] writing top-level names to ../../../../build/roboracer_py/roboracer_py.egg-info/top_level.txt
[1.248s] reading manifest file '../../../../build/roboracer_py/roboracer_py.egg-info/SOURCES.txt'
[1.249s] writing manifest file '../../../../build/roboracer_py/roboracer_py.egg-info/SOURCES.txt'
[1.249s] running build
[1.249s] running build_py
[1.250s] running install
[1.250s] running install_lib
[1.251s] running install_data
[1.251s] running install_egg_info
[1.253s] removing '/home/loq/roboracer_ws/roboracer_dissertation/install/roboracer_py/lib/python3.10/site-packages/roboracer_py-0.0.0-py3.10.egg-info' (and everything under it)
[1.253s] Copying ../../../../build/roboracer_py/roboracer_py.egg-info to /home/loq/roboracer_ws/roboracer_dissertation/install/roboracer_py/lib/python3.10/site-packages/roboracer_py-0.0.0-py3.10.egg-info
[1.254s] running install_scripts
[1.271s] Installing disparity_extender script to /home/loq/roboracer_ws/roboracer_dissertation/install/roboracer_py/lib/roboracer_py
[1.272s] Installing gap_follow script to /home/loq/roboracer_ws/roboracer_dissertation/install/roboracer_py/lib/roboracer_py
[1.272s] writing list of installed files to '/home/loq/roboracer_ws/roboracer_dissertation/build/roboracer_py/install.log'
