[0mCMake Deprecation Warning at CMakeLists.txt:1 (cmake_minimum_required):
  Compatibility with CMake < 3.10 will be removed from a future version of
  CMake.

  Update the VERSION argument <min> value.  Or, use the <min>...<max> syntax
  to tell CMake that the project requires at least <min> but has been updated
  to work with policies introduced by <max> or earlier.

[0m
[33mCMake Warning (dev) at /usr/lib/x86_64-linux-gnu/cmake/pcl/PCLConfig.cmake:146 (find_package):
  Policy CMP0144 is not set: find_package uses upper-case <PACKAGENAME>_ROOT
  variables.  Run "cmake --help-policy CMP0144" for policy details.  Use the
  cmake_policy command to set the policy and suppress this warning.

  CMake variable EIGEN_ROOT is set to:

    /usr/include/eigen3

  For compatibility, find_package is ignoring the variable, but code in a
  .cmake module might still use it.
Call Stack (most recent call first):
  /usr/lib/x86_64-linux-gnu/cmake/pcl/PCLConfig.cmake:299 (find_eigen)
  /usr/lib/x86_64-linux-gnu/cmake/pcl/PCLConfig.cmake:543 (find_external_library)
  CMakeLists.txt:20 (find_package)
This warning is for project developers.  Use -Wno-dev to suppress it.
[0m
[33mCMake Warning (dev) at /usr/lib/x86_64-linux-gnu/cmake/pcl/PCLConfig.cmake:128 (find_package):
  Policy CMP0167 is not set: The FindBoost module is removed.  Run "cmake
  --help-policy CMP0167" for policy details.  Use the cmake_policy command to
  set the policy and suppress this warning.

Call Stack (most recent call first):
  /usr/lib/x86_64-linux-gnu/cmake/pcl/PCLConfig.cmake:297 (find_boost)
  /usr/lib/x86_64-linux-gnu/cmake/pcl/PCLConfig.cmake:543 (find_external_library)
  CMakeLists.txt:20 (find_package)
This warning is for project developers.  Use -Wno-dev to suppress it.
[0m
[33mCMake Warning (dev) at /usr/lib/x86_64-linux-gnu/cmake/pcl/Modules/FindFLANN.cmake:44 (find_package):
  Policy CMP0144 is not set: find_package uses upper-case <PACKAGENAME>_ROOT
  variables.  Run "cmake --help-policy CMP0144" for policy details.  Use the
  cmake_policy command to set the policy and suppress this warning.

  CMake variable FLANN_ROOT is set to:

    /usr

  For compatibility, find_package is ignoring the variable, but code in a
  .cmake module might still use it.
Call Stack (most recent call first):
  /usr/lib/x86_64-linux-gnu/cmake/pcl/PCLConfig.cmake:256 (find_package)
  /usr/lib/x86_64-linux-gnu/cmake/pcl/PCLConfig.cmake:301 (find_flann)
  /usr/lib/x86_64-linux-gnu/cmake/pcl/PCLConfig.cmake:543 (find_external_library)
  CMakeLists.txt:20 (find_package)
This warning is for project developers.  Use -Wno-dev to suppress it.
[0m
[0m** WARNING ** io features related to pcap will be disabled[0m
[33mCMake Warning (dev) at /usr/lib/x86_64-linux-gnu/cmake/pcl/PCLConfig.cmake:128 (find_package):
  Policy CMP0167 is not set: The FindBoost module is removed.  Run "cmake
  --help-policy CMP0167" for policy details.  Use the cmake_policy command to
  set the policy and suppress this warning.

Call Stack (most recent call first):
  /usr/lib/x86_64-linux-gnu/cmake/pcl/PCLConfig.cmake:297 (find_boost)
  /usr/lib/x86_64-linux-gnu/cmake/pcl/PCLConfig.cmake:543 (find_external_library)
  CMakeLists.txt:20 (find_package)
This warning is for project developers.  Use -Wno-dev to suppress it.
[0m
In file included from [01m[K/usr/local/ORB_SLAM3/Thirdparty/g2o/g2o/types/types_six_dof_expmap.h:37[m[K,
                 from [01m[K/usr/local/ORB_SLAM3/include/Converter.h:26[m[K,
                 from [01m[K/usr/local/ORB_SLAM3/include/Frame.h:33[m[K,
                 from [01m[K/usr/local/ORB_SLAM3/include/KeyFrame.h:28[m[K,
                 from [01m[K/usr/local/ORB_SLAM3/include/MapPoint.h:23[m[K,
                 from [01m[K/usr/local/ORB_SLAM3/include/FrameDrawer.h:24[m[K,
                 from [01m[K/usr/local/ORB_SLAM3/include/Viewer.h:23[m[K,
                 from [01m[K/usr/local/ORB_SLAM3/include/Tracking.h:26[m[K,
                 from [01m[K/usr/local/ORB_SLAM3/include/System.h:31[m[K,
                 from [01m[K/home/dev/roboracer_ws/src/roboracer_visual_odom/src/visual_odom.cpp:16[m[K:
[01m[K/usr/local/ORB_SLAM3/Thirdparty/g2o/g2o/types/../core/base_vertex.h:62:74:[m[K [01;35m[Kwarning: [m[K‘[01m[KEigen::AlignedBit[m[K’ is deprecated [[01;35m[K-Wdeprecated-declarations[m[K]
   62 |     typedef Eigen::Map<Matrix<double, D, D>, Matrix<double,D,D>::Flags & [01;35m[KAlignedBit[m[K ? Aligned : Unaligned >  HessianBlockType;
      |                                                                          [01;35m[K^~~~~~~~~~[m[K
In file included from [01m[K/usr/include/eigen3/Eigen/Core:161[m[K,
                 from [01m[K/usr/include/eigen3/Eigen/Dense:1[m[K,
                 from [01m[K/home/dev/roboracer_ws/src/roboracer_visual_odom/src/visual_odom.cpp:12[m[K:
[01m[K/usr/include/eigen3/Eigen/src/Core/util/Constants.h:167:37:[m[K [01;36m[Knote: [m[Kdeclared here
  167 | EIGEN_DEPRECATED const unsigned int [01;36m[KAlignedBit[m[K = 0x80;
      |                                     [01;36m[K^~~~~~~~~~[m[K
In file included from [01m[K/usr/local/ORB_SLAM3/Thirdparty/g2o/g2o/types/types_six_dof_expmap.h:38[m[K,
                 from [01m[K/usr/local/ORB_SLAM3/include/Converter.h:26[m[K,
                 from [01m[K/usr/local/ORB_SLAM3/include/Frame.h:33[m[K,
                 from [01m[K/usr/local/ORB_SLAM3/include/KeyFrame.h:28[m[K,
                 from [01m[K/usr/local/ORB_SLAM3/include/MapPoint.h:23[m[K,
                 from [01m[K/usr/local/ORB_SLAM3/include/FrameDrawer.h:24[m[K,
                 from [01m[K/usr/local/ORB_SLAM3/include/Viewer.h:23[m[K,
                 from [01m[K/usr/local/ORB_SLAM3/include/Tracking.h:26[m[K,
                 from [01m[K/usr/local/ORB_SLAM3/include/System.h:31[m[K,
                 from [01m[K/home/dev/roboracer_ws/src/roboracer_visual_odom/src/visual_odom.cpp:16[m[K:
[01m[K/usr/local/ORB_SLAM3/Thirdparty/g2o/g2o/types/../core/base_binary_edge.h:59:82:[m[K [01;35m[Kwarning: [m[K‘[01m[KEigen::AlignedBit[m[K’ is deprecated [[01;35m[K-Wdeprecated-declarations[m[K]
   59 |       typedef Eigen::Map<Matrix<double, Di, Dj>, Matrix<double, Di, Dj>::Flags & [01;35m[KAlignedBit[m[K ? Aligned : Unaligned > HessianBlockType;
      |                                                                                  [01;35m[K^~~~~~~~~~[m[K
In file included from [01m[K/usr/include/eigen3/Eigen/Core:161[m[K,
                 from [01m[K/usr/include/eigen3/Eigen/Dense:1[m[K,
                 from [01m[K/home/dev/roboracer_ws/src/roboracer_visual_odom/src/visual_odom.cpp:12[m[K:
[01m[K/usr/include/eigen3/Eigen/src/Core/util/Constants.h:167:37:[m[K [01;36m[Knote: [m[Kdeclared here
  167 | EIGEN_DEPRECATED const unsigned int [01;36m[KAlignedBit[m[K = 0x80;
      |                                     [01;36m[K^~~~~~~~~~[m[K
In file included from [01m[K/usr/local/ORB_SLAM3/Thirdparty/g2o/g2o/types/types_six_dof_expmap.h:38[m[K,
                 from [01m[K/usr/local/ORB_SLAM3/include/Converter.h:26[m[K,
                 from [01m[K/usr/local/ORB_SLAM3/include/Frame.h:33[m[K,
                 from [01m[K/usr/local/ORB_SLAM3/include/KeyFrame.h:28[m[K,
                 from [01m[K/usr/local/ORB_SLAM3/include/MapPoint.h:23[m[K,
                 from [01m[K/usr/local/ORB_SLAM3/include/FrameDrawer.h:24[m[K,
                 from [01m[K/usr/local/ORB_SLAM3/include/Viewer.h:23[m[K,
                 from [01m[K/usr/local/ORB_SLAM3/include/Tracking.h:26[m[K,
                 from [01m[K/usr/local/ORB_SLAM3/include/System.h:31[m[K,
                 from [01m[K/home/dev/roboracer_ws/src/roboracer_visual_odom/src/visual_odom.cpp:16[m[K:
[01m[K/usr/local/ORB_SLAM3/Thirdparty/g2o/g2o/types/../core/base_binary_edge.h:60:82:[m[K [01;35m[Kwarning: [m[K‘[01m[KEigen::AlignedBit[m[K’ is deprecated [[01;35m[K-Wdeprecated-declarations[m[K]
   60 |       typedef Eigen::Map<Matrix<double, Dj, Di>, Matrix<double, Dj, Di>::Flags & [01;35m[KAlignedBit[m[K ? Aligned : Unaligned > HessianBlockTransposedType;
      |                                                                                  [01;35m[K^~~~~~~~~~[m[K
In file included from [01m[K/usr/include/eigen3/Eigen/Core:161[m[K,
                 from [01m[K/usr/include/eigen3/Eigen/Dense:1[m[K,
                 from [01m[K/home/dev/roboracer_ws/src/roboracer_visual_odom/src/visual_odom.cpp:12[m[K:
[01m[K/usr/include/eigen3/Eigen/src/Core/util/Constants.h:167:37:[m[K [01;36m[Knote: [m[Kdeclared here
  167 | EIGEN_DEPRECATED const unsigned int [01;36m[KAlignedBit[m[K = 0x80;
      |                                     [01;36m[K^~~~~~~~~~[m[K
In file included from [01m[K/usr/local/ORB_SLAM3/Thirdparty/g2o/g2o/types/types_six_dof_expmap.h:37[m[K,
                 from [01m[K/usr/local/ORB_SLAM3/include/Converter.h:26[m[K,
                 from [01m[K/usr/local/ORB_SLAM3/include/Frame.h:33[m[K,
                 from [01m[K/usr/local/ORB_SLAM3/include/KeyFrame.h:28[m[K,
                 from [01m[K/usr/local/ORB_SLAM3/include/MapPoint.h:23[m[K,
                 from [01m[K/usr/local/ORB_SLAM3/include/FrameDrawer.h:24[m[K,
                 from [01m[K/usr/local/ORB_SLAM3/include/Viewer.h:23[m[K,
                 from [01m[K/usr/local/ORB_SLAM3/include/Tracking.h:26[m[K,
                 from [01m[K/usr/local/ORB_SLAM3/include/System.h:31[m[K,
                 from [01m[K/home/dev/roboracer_ws/src/roboracer_visual_odom/src/visual_odom.cpp:16[m[K:
/usr/local/ORB_SLAM3/Thirdparty/g2o/g2o/types/../core/base_vertex.h: In instantiation of ‘[01m[Kclass g2o::BaseVertex<3, Eigen::Matrix<double, 3, 1> >[m[K’:
[01m[K/usr/local/ORB_SLAM3/Thirdparty/g2o/g2o/types/types_sba.h:40:35:[m[K   required from here
[01m[K/usr/local/ORB_SLAM3/Thirdparty/g2o/g2o/types/../core/base_vertex.h:62:72:[m[K [01;35m[Kwarning: [m[K‘[01m[KEigen::AlignedBit[m[K’ is deprecated [[01;35m[K-Wdeprecated-declarations[m[K]
   62 |     typedef Eigen::Map<Matrix<double, D, D>, Matrix<double,D,D>::[01;35m[KFlags & AlignedBit[m[K ? Aligned : Unaligned >  HessianBlockType;
      |                                                                  [01;35m[K~~~~~~^~~~~~~~~~~~[m[K
In file included from [01m[K/usr/include/eigen3/Eigen/Core:161[m[K,
                 from [01m[K/usr/include/eigen3/Eigen/Dense:1[m[K,
                 from [01m[K/home/dev/roboracer_ws/src/roboracer_visual_odom/src/visual_odom.cpp:12[m[K:
[01m[K/usr/include/eigen3/Eigen/src/Core/util/Constants.h:167:37:[m[K [01;36m[Knote: [m[Kdeclared here
  167 | EIGEN_DEPRECATED const unsigned int [01;36m[KAlignedBit[m[K = 0x80;
      |                                     [01;36m[K^~~~~~~~~~[m[K
In file included from [01m[K/usr/local/ORB_SLAM3/Thirdparty/g2o/g2o/types/types_six_dof_expmap.h:37[m[K,
                 from [01m[K/usr/local/ORB_SLAM3/include/Converter.h:26[m[K,
                 from [01m[K/usr/local/ORB_SLAM3/include/Frame.h:33[m[K,
                 from [01m[K/usr/local/ORB_SLAM3/include/KeyFrame.h:28[m[K,
                 from [01m[K/usr/local/ORB_SLAM3/include/MapPoint.h:23[m[K,
                 from [01m[K/usr/local/ORB_SLAM3/include/FrameDrawer.h:24[m[K,
                 from [01m[K/usr/local/ORB_SLAM3/include/Viewer.h:23[m[K,
                 from [01m[K/usr/local/ORB_SLAM3/include/Tracking.h:26[m[K,
                 from [01m[K/usr/local/ORB_SLAM3/include/System.h:31[m[K,
                 from [01m[K/home/dev/roboracer_ws/src/roboracer_visual_odom/src/visual_odom.cpp:16[m[K:
/usr/local/ORB_SLAM3/Thirdparty/g2o/g2o/types/../core/base_vertex.h: In instantiation of ‘[01m[Kclass g2o::BaseVertex<6, g2o::SE3Quat>[m[K’:
[01m[K/usr/local/ORB_SLAM3/Thirdparty/g2o/g2o/types/types_six_dof_expmap.h:59:33:[m[K   required from here
[01m[K/usr/local/ORB_SLAM3/Thirdparty/g2o/g2o/types/../core/base_vertex.h:62:72:[m[K [01;35m[Kwarning: [m[K‘[01m[KEigen::AlignedBit[m[K’ is deprecated [[01;35m[K-Wdeprecated-declarations[m[K]
   62 |     typedef Eigen::Map<Matrix<double, D, D>, Matrix<double,D,D>::[01;35m[KFlags & AlignedBit[m[K ? Aligned : Unaligned >  HessianBlockType;
      |                                                                  [01;35m[K~~~~~~^~~~~~~~~~~~[m[K
In file included from [01m[K/usr/include/eigen3/Eigen/Core:161[m[K,
                 from [01m[K/usr/include/eigen3/Eigen/Dense:1[m[K,
                 from [01m[K/home/dev/roboracer_ws/src/roboracer_visual_odom/src/visual_odom.cpp:12[m[K:
[01m[K/usr/include/eigen3/Eigen/src/Core/util/Constants.h:167:37:[m[K [01;36m[Knote: [m[Kdeclared here
  167 | EIGEN_DEPRECATED const unsigned int [01;36m[KAlignedBit[m[K = 0x80;
      |                                     [01;36m[K^~~~~~~~~~[m[K
In file included from [01m[K/usr/local/ORB_SLAM3/Thirdparty/g2o/g2o/types/types_six_dof_expmap.h:38[m[K,
                 from [01m[K/usr/local/ORB_SLAM3/include/Converter.h:26[m[K,
                 from [01m[K/usr/local/ORB_SLAM3/include/Frame.h:33[m[K,
                 from [01m[K/usr/local/ORB_SLAM3/include/KeyFrame.h:28[m[K,
                 from [01m[K/usr/local/ORB_SLAM3/include/MapPoint.h:23[m[K,
                 from [01m[K/usr/local/ORB_SLAM3/include/FrameDrawer.h:24[m[K,
                 from [01m[K/usr/local/ORB_SLAM3/include/Viewer.h:23[m[K,
                 from [01m[K/usr/local/ORB_SLAM3/include/Tracking.h:26[m[K,
                 from [01m[K/usr/local/ORB_SLAM3/include/System.h:31[m[K,
                 from [01m[K/home/dev/roboracer_ws/src/roboracer_visual_odom/src/visual_odom.cpp:16[m[K:
/usr/local/ORB_SLAM3/Thirdparty/g2o/g2o/types/../core/base_binary_edge.h: In instantiation of ‘[01m[Kclass g2o::BaseBinaryEdge<6, g2o::SE3Quat, g2o::VertexSE3Expmap, g2o::VertexSE3Expmap>[m[K’:
[01m[K/usr/local/ORB_SLAM3/Thirdparty/g2o/g2o/types/types_six_dof_expmap.h:83:24:[m[K   required from here
[01m[K/usr/local/ORB_SLAM3/Thirdparty/g2o/g2o/types/../core/base_binary_edge.h:59:80:[m[K [01;35m[Kwarning: [m[K‘[01m[KEigen::AlignedBit[m[K’ is deprecated [[01;35m[K-Wdeprecated-declarations[m[K]
   59 |       typedef Eigen::Map<Matrix<double, Di, Dj>, Matrix<double, Di, Dj>::[01;35m[KFlags & AlignedBit[m[K ? Aligned : Unaligned > HessianBlockType;
      |                                                                          [01;35m[K~~~~~~^~~~~~~~~~~~[m[K
In file included from [01m[K/usr/include/eigen3/Eigen/Core:161[m[K,
                 from [01m[K/usr/include/eigen3/Eigen/Dense:1[m[K,
                 from [01m[K/home/dev/roboracer_ws/src/roboracer_visual_odom/src/visual_odom.cpp:12[m[K:
[01m[K/usr/include/eigen3/Eigen/src/Core/util/Constants.h:167:37:[m[K [01;36m[Knote: [m[Kdeclared here
  167 | EIGEN_DEPRECATED const unsigned int [01;36m[KAlignedBit[m[K = 0x80;
      |                                     [01;36m[K^~~~~~~~~~[m[K
In file included from [01m[K/usr/local/ORB_SLAM3/Thirdparty/g2o/g2o/types/types_six_dof_expmap.h:38[m[K,
                 from [01m[K/usr/local/ORB_SLAM3/include/Converter.h:26[m[K,
                 from [01m[K/usr/local/ORB_SLAM3/include/Frame.h:33[m[K,
                 from [01m[K/usr/local/ORB_SLAM3/include/KeyFrame.h:28[m[K,
                 from [01m[K/usr/local/ORB_SLAM3/include/MapPoint.h:23[m[K,
                 from [01m[K/usr/local/ORB_SLAM3/include/FrameDrawer.h:24[m[K,
                 from [01m[K/usr/local/ORB_SLAM3/include/Viewer.h:23[m[K,
                 from [01m[K/usr/local/ORB_SLAM3/include/Tracking.h:26[m[K,
                 from [01m[K/usr/local/ORB_SLAM3/include/System.h:31[m[K,
                 from [01m[K/home/dev/roboracer_ws/src/roboracer_visual_odom/src/visual_odom.cpp:16[m[K:
[01m[K/usr/local/ORB_SLAM3/Thirdparty/g2o/g2o/types/../core/base_binary_edge.h:60:80:[m[K [01;35m[Kwarning: [m[K‘[01m[KEigen::AlignedBit[m[K’ is deprecated [[01;35m[K-Wdeprecated-declarations[m[K]
   60 |       typedef Eigen::Map<Matrix<double, Dj, Di>, Matrix<double, Dj, Di>::[01;35m[KFlags & AlignedBit[m[K ? Aligned : Unaligned > HessianBlockTransposedType;
      |                                                                          [01;35m[K~~~~~~^~~~~~~~~~~~[m[K
In file included from [01m[K/usr/include/eigen3/Eigen/Core:161[m[K,
                 from [01m[K/usr/include/eigen3/Eigen/Dense:1[m[K,
                 from [01m[K/home/dev/roboracer_ws/src/roboracer_visual_odom/src/visual_odom.cpp:12[m[K:
[01m[K/usr/include/eigen3/Eigen/src/Core/util/Constants.h:167:37:[m[K [01;36m[Knote: [m[Kdeclared here
  167 | EIGEN_DEPRECATED const unsigned int [01;36m[KAlignedBit[m[K = 0x80;
      |                                     [01;36m[K^~~~~~~~~~[m[K
In file included from [01m[K/usr/local/ORB_SLAM3/Thirdparty/g2o/g2o/types/types_six_dof_expmap.h:38[m[K,
                 from [01m[K/usr/local/ORB_SLAM3/include/Converter.h:26[m[K,
                 from [01m[K/usr/local/ORB_SLAM3/include/Frame.h:33[m[K,
                 from [01m[K/usr/local/ORB_SLAM3/include/KeyFrame.h:28[m[K,
                 from [01m[K/usr/local/ORB_SLAM3/include/MapPoint.h:23[m[K,
                 from [01m[K/usr/local/ORB_SLAM3/include/FrameDrawer.h:24[m[K,
                 from [01m[K/usr/local/ORB_SLAM3/include/Viewer.h:23[m[K,
                 from [01m[K/usr/local/ORB_SLAM3/include/Tracking.h:26[m[K,
                 from [01m[K/usr/local/ORB_SLAM3/include/System.h:31[m[K,
                 from [01m[K/home/dev/roboracer_ws/src/roboracer_visual_odom/src/visual_odom.cpp:16[m[K:
/usr/local/ORB_SLAM3/Thirdparty/g2o/g2o/types/../core/base_binary_edge.h: In instantiation of ‘[01m[Kclass g2o::BaseBinaryEdge<2, Eigen::Matrix<double, 2, 1>, g2o::VertexSBAPointXYZ, g2o::VertexSE3Expmap>[m[K’:
[01m[K/usr/local/ORB_SLAM3/Thirdparty/g2o/g2o/types/types_six_dof_expmap.h:114:35:[m[K   required from here
[01m[K/usr/local/ORB_SLAM3/Thirdparty/g2o/g2o/types/../core/base_binary_edge.h:59:80:[m[K [01;35m[Kwarning: [m[K‘[01m[KEigen::AlignedBit[m[K’ is deprecated [[01;35m[K-Wdeprecated-declarations[m[K]
   59 |       typedef Eigen::Map<Matrix<double, Di, Dj>, Matrix<double, Di, Dj>::[01;35m[KFlags & AlignedBit[m[K ? Aligned : Unaligned > HessianBlockType;
      |                                                                          [01;35m[K~~~~~~^~~~~~~~~~~~[m[K
In file included from [01m[K/usr/include/eigen3/Eigen/Core:161[m[K,
                 from [01m[K/usr/include/eigen3/Eigen/Dense:1[m[K,
                 from [01m[K/home/dev/roboracer_ws/src/roboracer_visual_odom/src/visual_odom.cpp:12[m[K:
[01m[K/usr/include/eigen3/Eigen/src/Core/util/Constants.h:167:37:[m[K [01;36m[Knote: [m[Kdeclared here
  167 | EIGEN_DEPRECATED const unsigned int [01;36m[KAlignedBit[m[K = 0x80;
      |                                     [01;36m[K^~~~~~~~~~[m[K
In file included from [01m[K/usr/local/ORB_SLAM3/Thirdparty/g2o/g2o/types/types_six_dof_expmap.h:38[m[K,
                 from [01m[K/usr/local/ORB_SLAM3/include/Converter.h:26[m[K,
                 from [01m[K/usr/local/ORB_SLAM3/include/Frame.h:33[m[K,
                 from [01m[K/usr/local/ORB_SLAM3/include/KeyFrame.h:28[m[K,
                 from [01m[K/usr/local/ORB_SLAM3/include/MapPoint.h:23[m[K,
                 from [01m[K/usr/local/ORB_SLAM3/include/FrameDrawer.h:24[m[K,
                 from [01m[K/usr/local/ORB_SLAM3/include/Viewer.h:23[m[K,
                 from [01m[K/usr/local/ORB_SLAM3/include/Tracking.h:26[m[K,
                 from [01m[K/usr/local/ORB_SLAM3/include/System.h:31[m[K,
                 from [01m[K/home/dev/roboracer_ws/src/roboracer_visual_odom/src/visual_odom.cpp:16[m[K:
[01m[K/usr/local/ORB_SLAM3/Thirdparty/g2o/g2o/types/../core/base_binary_edge.h:60:80:[m[K [01;35m[Kwarning: [m[K‘[01m[KEigen::AlignedBit[m[K’ is deprecated [[01;35m[K-Wdeprecated-declarations[m[K]
   60 |       typedef Eigen::Map<Matrix<double, Dj, Di>, Matrix<double, Dj, Di>::[01;35m[KFlags & AlignedBit[m[K ? Aligned : Unaligned > HessianBlockTransposedType;
      |                                                                          [01;35m[K~~~~~~^~~~~~~~~~~~[m[K
In file included from [01m[K/usr/include/eigen3/Eigen/Core:161[m[K,
                 from [01m[K/usr/include/eigen3/Eigen/Dense:1[m[K,
                 from [01m[K/home/dev/roboracer_ws/src/roboracer_visual_odom/src/visual_odom.cpp:12[m[K:
[01m[K/usr/include/eigen3/Eigen/src/Core/util/Constants.h:167:37:[m[K [01;36m[Knote: [m[Kdeclared here
  167 | EIGEN_DEPRECATED const unsigned int [01;36m[KAlignedBit[m[K = 0x80;
      |                                     [01;36m[K^~~~~~~~~~[m[K
In file included from [01m[K/usr/local/ORB_SLAM3/Thirdparty/g2o/g2o/types/types_six_dof_expmap.h:38[m[K,
                 from [01m[K/usr/local/ORB_SLAM3/include/Converter.h:26[m[K,
                 from [01m[K/usr/local/ORB_SLAM3/include/Frame.h:33[m[K,
                 from [01m[K/usr/local/ORB_SLAM3/include/KeyFrame.h:28[m[K,
                 from [01m[K/usr/local/ORB_SLAM3/include/MapPoint.h:23[m[K,
                 from [01m[K/usr/local/ORB_SLAM3/include/FrameDrawer.h:24[m[K,
                 from [01m[K/usr/local/ORB_SLAM3/include/Viewer.h:23[m[K,
                 from [01m[K/usr/local/ORB_SLAM3/include/Tracking.h:26[m[K,
                 from [01m[K/usr/local/ORB_SLAM3/include/System.h:31[m[K,
                 from [01m[K/home/dev/roboracer_ws/src/roboracer_visual_odom/src/visual_odom.cpp:16[m[K:
/usr/local/ORB_SLAM3/Thirdparty/g2o/g2o/types/../core/base_binary_edge.h: In instantiation of ‘[01m[Kclass g2o::BaseBinaryEdge<3, Eigen::Matrix<double, 3, 1>, g2o::VertexSBAPointXYZ, g2o::VertexSE3Expmap>[m[K’:
[01m[K/usr/local/ORB_SLAM3/Thirdparty/g2o/g2o/types/types_six_dof_expmap.h:146:41:[m[K   required from here
[01m[K/usr/local/ORB_SLAM3/Thirdparty/g2o/g2o/types/../core/base_binary_edge.h:59:80:[m[K [01;35m[Kwarning: [m[K‘[01m[KEigen::AlignedBit[m[K’ is deprecated [[01;35m[K-Wdeprecated-declarations[m[K]
   59 |       typedef Eigen::Map<Matrix<double, Di, Dj>, Matrix<double, Di, Dj>::[01;35m[KFlags & AlignedBit[m[K ? Aligned : Unaligned > HessianBlockType;
      |                                                                          [01;35m[K~~~~~~^~~~~~~~~~~~[m[K
In file included from [01m[K/usr/include/eigen3/Eigen/Core:161[m[K,
                 from [01m[K/usr/include/eigen3/Eigen/Dense:1[m[K,
                 from [01m[K/home/dev/roboracer_ws/src/roboracer_visual_odom/src/visual_odom.cpp:12[m[K:
[01m[K/usr/include/eigen3/Eigen/src/Core/util/Constants.h:167:37:[m[K [01;36m[Knote: [m[Kdeclared here
  167 | EIGEN_DEPRECATED const unsigned int [01;36m[KAlignedBit[m[K = 0x80;
      |                                     [01;36m[K^~~~~~~~~~[m[K
In file included from [01m[K/usr/local/ORB_SLAM3/Thirdparty/g2o/g2o/types/types_six_dof_expmap.h:38[m[K,
                 from [01m[K/usr/local/ORB_SLAM3/include/Converter.h:26[m[K,
                 from [01m[K/usr/local/ORB_SLAM3/include/Frame.h:33[m[K,
                 from [01m[K/usr/local/ORB_SLAM3/include/KeyFrame.h:28[m[K,
                 from [01m[K/usr/local/ORB_SLAM3/include/MapPoint.h:23[m[K,
                 from [01m[K/usr/local/ORB_SLAM3/include/FrameDrawer.h:24[m[K,
                 from [01m[K/usr/local/ORB_SLAM3/include/Viewer.h:23[m[K,
                 from [01m[K/usr/local/ORB_SLAM3/include/Tracking.h:26[m[K,
                 from [01m[K/usr/local/ORB_SLAM3/include/System.h:31[m[K,
                 from [01m[K/home/dev/roboracer_ws/src/roboracer_visual_odom/src/visual_odom.cpp:16[m[K:
[01m[K/usr/local/ORB_SLAM3/Thirdparty/g2o/g2o/types/../core/base_binary_edge.h:60:80:[m[K [01;35m[Kwarning: [m[K‘[01m[KEigen::AlignedBit[m[K’ is deprecated [[01;35m[K-Wdeprecated-declarations[m[K]
   60 |       typedef Eigen::Map<Matrix<double, Dj, Di>, Matrix<double, Dj, Di>::[01;35m[KFlags & AlignedBit[m[K ? Aligned : Unaligned > HessianBlockTransposedType;
      |                                                                          [01;35m[K~~~~~~^~~~~~~~~~~~[m[K
In file included from [01m[K/usr/include/eigen3/Eigen/Core:161[m[K,
                 from [01m[K/usr/include/eigen3/Eigen/Dense:1[m[K,
                 from [01m[K/home/dev/roboracer_ws/src/roboracer_visual_odom/src/visual_odom.cpp:12[m[K:
[01m[K/usr/include/eigen3/Eigen/src/Core/util/Constants.h:167:37:[m[K [01;36m[Knote: [m[Kdeclared here
  167 | EIGEN_DEPRECATED const unsigned int [01;36m[KAlignedBit[m[K = 0x80;
      |                                     [01;36m[K^~~~~~~~~~[m[K
In file included from [01m[K/usr/local/ORB_SLAM3/Thirdparty/g2o/g2o/types/types_six_dof_expmap.h:37[m[K,
                 from [01m[K/usr/local/ORB_SLAM3/include/Converter.h:26[m[K,
                 from [01m[K/usr/local/ORB_SLAM3/include/Frame.h:33[m[K,
                 from [01m[K/usr/local/ORB_SLAM3/include/KeyFrame.h:28[m[K,
                 from [01m[K/usr/local/ORB_SLAM3/include/MapPoint.h:23[m[K,
                 from [01m[K/usr/local/ORB_SLAM3/include/FrameDrawer.h:24[m[K,
                 from [01m[K/usr/local/ORB_SLAM3/include/Viewer.h:23[m[K,
                 from [01m[K/usr/local/ORB_SLAM3/include/Tracking.h:26[m[K,
                 from [01m[K/usr/local/ORB_SLAM3/include/System.h:31[m[K,
                 from [01m[K/home/dev/roboracer_ws/src/roboracer_visual_odom/src/visual_odom.cpp:16[m[K:
/usr/local/ORB_SLAM3/Thirdparty/g2o/g2o/types/../core/base_vertex.h: In instantiation of ‘[01m[Kclass g2o::BaseVertex<7, g2o::Sim3>[m[K’:
[01m[K/usr/local/ORB_SLAM3/Thirdparty/g2o/g2o/types/types_seven_dof_expmap.h:48:35:[m[K   required from here
[01m[K/usr/local/ORB_SLAM3/Thirdparty/g2o/g2o/types/../core/base_vertex.h:62:72:[m[K [01;35m[Kwarning: [m[K‘[01m[KEigen::AlignedBit[m[K’ is deprecated [[01;35m[K-Wdeprecated-declarations[m[K]
   62 |     typedef Eigen::Map<Matrix<double, D, D>, Matrix<double,D,D>::[01;35m[KFlags & AlignedBit[m[K ? Aligned : Unaligned >  HessianBlockType;
      |                                                                  [01;35m[K~~~~~~^~~~~~~~~~~~[m[K
In file included from [01m[K/usr/include/eigen3/Eigen/Core:161[m[K,
                 from [01m[K/usr/include/eigen3/Eigen/Dense:1[m[K,
                 from [01m[K/home/dev/roboracer_ws/src/roboracer_visual_odom/src/visual_odom.cpp:12[m[K:
[01m[K/usr/include/eigen3/Eigen/src/Core/util/Constants.h:167:37:[m[K [01;36m[Knote: [m[Kdeclared here
  167 | EIGEN_DEPRECATED const unsigned int [01;36m[KAlignedBit[m[K = 0x80;
      |                                     [01;36m[K^~~~~~~~~~[m[K
In file included from [01m[K/usr/local/ORB_SLAM3/Thirdparty/g2o/g2o/types/types_six_dof_expmap.h:38[m[K,
                 from [01m[K/usr/local/ORB_SLAM3/include/Converter.h:26[m[K,
                 from [01m[K/usr/local/ORB_SLAM3/include/Frame.h:33[m[K,
                 from [01m[K/usr/local/ORB_SLAM3/include/KeyFrame.h:28[m[K,
                 from [01m[K/usr/local/ORB_SLAM3/include/MapPoint.h:23[m[K,
                 from [01m[K/usr/local/ORB_SLAM3/include/FrameDrawer.h:24[m[K,
                 from [01m[K/usr/local/ORB_SLAM3/include/Viewer.h:23[m[K,
                 from [01m[K/usr/local/ORB_SLAM3/include/Tracking.h:26[m[K,
                 from [01m[K/usr/local/ORB_SLAM3/include/System.h:31[m[K,
                 from [01m[K/home/dev/roboracer_ws/src/roboracer_visual_odom/src/visual_odom.cpp:16[m[K:
/usr/local/ORB_SLAM3/Thirdparty/g2o/g2o/types/../core/base_binary_edge.h: In instantiation of ‘[01m[Kclass g2o::BaseBinaryEdge<7, g2o::Sim3, g2o::VertexSim3Expmap, g2o::VertexSim3Expmap>[m[K’:
[01m[K/usr/local/ORB_SLAM3/Thirdparty/g2o/g2o/types/types_seven_dof_expmap.h:99:27:[m[K   required from here
[01m[K/usr/local/ORB_SLAM3/Thirdparty/g2o/g2o/types/../core/base_binary_edge.h:59:80:[m[K [01;35m[Kwarning: [m[K‘[01m[KEigen::AlignedBit[m[K’ is deprecated [[01;35m[K-Wdeprecated-declarations[m[K]
   59 |       typedef Eigen::Map<Matrix<double, Di, Dj>, Matrix<double, Di, Dj>::[01;35m[KFlags & AlignedBit[m[K ? Aligned : Unaligned > HessianBlockType;
      |                                                                          [01;35m[K~~~~~~^~~~~~~~~~~~[m[K
In file included from [01m[K/usr/include/eigen3/Eigen/Core:161[m[K,
                 from [01m[K/usr/include/eigen3/Eigen/Dense:1[m[K,
                 from [01m[K/home/dev/roboracer_ws/src/roboracer_visual_odom/src/visual_odom.cpp:12[m[K:
[01m[K/usr/include/eigen3/Eigen/src/Core/util/Constants.h:167:37:[m[K [01;36m[Knote: [m[Kdeclared here
  167 | EIGEN_DEPRECATED const unsigned int [01;36m[KAlignedBit[m[K = 0x80;
      |                                     [01;36m[K^~~~~~~~~~[m[K
In file included from [01m[K/usr/local/ORB_SLAM3/Thirdparty/g2o/g2o/types/types_six_dof_expmap.h:38[m[K,
                 from [01m[K/usr/local/ORB_SLAM3/include/Converter.h:26[m[K,
                 from [01m[K/usr/local/ORB_SLAM3/include/Frame.h:33[m[K,
                 from [01m[K/usr/local/ORB_SLAM3/include/KeyFrame.h:28[m[K,
                 from [01m[K/usr/local/ORB_SLAM3/include/MapPoint.h:23[m[K,
                 from [01m[K/usr/local/ORB_SLAM3/include/FrameDrawer.h:24[m[K,
                 from [01m[K/usr/local/ORB_SLAM3/include/Viewer.h:23[m[K,
                 from [01m[K/usr/local/ORB_SLAM3/include/Tracking.h:26[m[K,
                 from [01m[K/usr/local/ORB_SLAM3/include/System.h:31[m[K,
                 from [01m[K/home/dev/roboracer_ws/src/roboracer_visual_odom/src/visual_odom.cpp:16[m[K:
[01m[K/usr/local/ORB_SLAM3/Thirdparty/g2o/g2o/types/../core/base_binary_edge.h:60:80:[m[K [01;35m[Kwarning: [m[K‘[01m[KEigen::AlignedBit[m[K’ is deprecated [[01;35m[K-Wdeprecated-declarations[m[K]
   60 |       typedef Eigen::Map<Matrix<double, Dj, Di>, Matrix<double, Dj, Di>::[01;35m[KFlags & AlignedBit[m[K ? Aligned : Unaligned > HessianBlockTransposedType;
      |                                                                          [01;35m[K~~~~~~^~~~~~~~~~~~[m[K
In file included from [01m[K/usr/include/eigen3/Eigen/Core:161[m[K,
                 from [01m[K/usr/include/eigen3/Eigen/Dense:1[m[K,
                 from [01m[K/home/dev/roboracer_ws/src/roboracer_visual_odom/src/visual_odom.cpp:12[m[K:
[01m[K/usr/include/eigen3/Eigen/src/Core/util/Constants.h:167:37:[m[K [01;36m[Knote: [m[Kdeclared here
  167 | EIGEN_DEPRECATED const unsigned int [01;36m[KAlignedBit[m[K = 0x80;
      |                                     [01;36m[K^~~~~~~~~~[m[K
In file included from [01m[K/usr/local/ORB_SLAM3/Thirdparty/g2o/g2o/types/types_six_dof_expmap.h:38[m[K,
                 from [01m[K/usr/local/ORB_SLAM3/include/Converter.h:26[m[K,
                 from [01m[K/usr/local/ORB_SLAM3/include/Frame.h:33[m[K,
                 from [01m[K/usr/local/ORB_SLAM3/include/KeyFrame.h:28[m[K,
                 from [01m[K/usr/local/ORB_SLAM3/include/MapPoint.h:23[m[K,
                 from [01m[K/usr/local/ORB_SLAM3/include/FrameDrawer.h:24[m[K,
                 from [01m[K/usr/local/ORB_SLAM3/include/Viewer.h:23[m[K,
                 from [01m[K/usr/local/ORB_SLAM3/include/Tracking.h:26[m[K,
                 from [01m[K/usr/local/ORB_SLAM3/include/System.h:31[m[K,
                 from [01m[K/home/dev/roboracer_ws/src/roboracer_visual_odom/src/visual_odom.cpp:16[m[K:
/usr/local/ORB_SLAM3/Thirdparty/g2o/g2o/types/../core/base_binary_edge.h: In instantiation of ‘[01m[Kclass g2o::BaseBinaryEdge<2, Eigen::Matrix<double, 2, 1>, g2o::VertexSBAPointXYZ, g2o::VertexSim3Expmap>[m[K’:
[01m[K/usr/local/ORB_SLAM3/Thirdparty/g2o/g2o/types/types_seven_dof_expmap.h:130:36:[m[K   required from here
[01m[K/usr/local/ORB_SLAM3/Thirdparty/g2o/g2o/types/../core/base_binary_edge.h:59:80:[m[K [01;35m[Kwarning: [m[K‘[01m[KEigen::AlignedBit[m[K’ is deprecated [[01;35m[K-Wdeprecated-declarations[m[K]
   59 |       typedef Eigen::Map<Matrix<double, Di, Dj>, Matrix<double, Di, Dj>::[01;35m[KFlags & AlignedBit[m[K ? Aligned : Unaligned > HessianBlockType;
      |                                                                          [01;35m[K~~~~~~^~~~~~~~~~~~[m[K
In file included from [01m[K/usr/include/eigen3/Eigen/Core:161[m[K,
                 from [01m[K/usr/include/eigen3/Eigen/Dense:1[m[K,
                 from [01m[K/home/dev/roboracer_ws/src/roboracer_visual_odom/src/visual_odom.cpp:12[m[K:
[01m[K/usr/include/eigen3/Eigen/src/Core/util/Constants.h:167:37:[m[K [01;36m[Knote: [m[Kdeclared here
  167 | EIGEN_DEPRECATED const unsigned int [01;36m[KAlignedBit[m[K = 0x80;
      |                                     [01;36m[K^~~~~~~~~~[m[K
In file included from [01m[K/usr/local/ORB_SLAM3/Thirdparty/g2o/g2o/types/types_six_dof_expmap.h:38[m[K,
                 from [01m[K/usr/local/ORB_SLAM3/include/Converter.h:26[m[K,
                 from [01m[K/usr/local/ORB_SLAM3/include/Frame.h:33[m[K,
                 from [01m[K/usr/local/ORB_SLAM3/include/KeyFrame.h:28[m[K,
                 from [01m[K/usr/local/ORB_SLAM3/include/MapPoint.h:23[m[K,
                 from [01m[K/usr/local/ORB_SLAM3/include/FrameDrawer.h:24[m[K,
                 from [01m[K/usr/local/ORB_SLAM3/include/Viewer.h:23[m[K,
                 from [01m[K/usr/local/ORB_SLAM3/include/Tracking.h:26[m[K,
                 from [01m[K/usr/local/ORB_SLAM3/include/System.h:31[m[K,
                 from [01m[K/home/dev/roboracer_ws/src/roboracer_visual_odom/src/visual_odom.cpp:16[m[K:
[01m[K/usr/local/ORB_SLAM3/Thirdparty/g2o/g2o/types/../core/base_binary_edge.h:60:80:[m[K [01;35m[Kwarning: [m[K‘[01m[KEigen::AlignedBit[m[K’ is deprecated [[01;35m[K-Wdeprecated-declarations[m[K]
   60 |       typedef Eigen::Map<Matrix<double, Dj, Di>, Matrix<double, Dj, Di>::[01;35m[KFlags & AlignedBit[m[K ? Aligned : Unaligned > HessianBlockTransposedType;
      |                                                                          [01;35m[K~~~~~~^~~~~~~~~~~~[m[K
In file included from [01m[K/usr/include/eigen3/Eigen/Core:161[m[K,
                 from [01m[K/usr/include/eigen3/Eigen/Dense:1[m[K,
                 from [01m[K/home/dev/roboracer_ws/src/roboracer_visual_odom/src/visual_odom.cpp:12[m[K:
[01m[K/usr/include/eigen3/Eigen/src/Core/util/Constants.h:167:37:[m[K [01;36m[Knote: [m[Kdeclared here
  167 | EIGEN_DEPRECATED const unsigned int [01;36m[KAlignedBit[m[K = 0x80;
      |                                     [01;36m[K^~~~~~~~~~[m[K
