[0.030s] Invoking command in '/home/dev/roboracer_ws/build/roboracer_controller': CMAKE_PREFIX_PATH=/home/dev/roboracer_ws/install/vesc:/home/dev/roboracer_ws/install/vesc_driver:/home/dev/roboracer_ws/install/vesc_ackermann:/home/dev/roboracer_ws/install/roboracer_yolov8_detector:/home/dev/roboracer_ws/install/roboracer_py:/opt/ros/humble:/home/dev/roboracer_ws/install/vesc_msgs:/home/dev/roboracer_ws/install/udp_driver:/home/dev/roboracer_ws/install/serial_driver:/home/dev/roboracer_ws/install/roboracer_visual_odom:/home/dev/roboracer_ws/install/roboracer_localization:/home/dev/roboracer_ws/install/roboracer_description:/home/dev/roboracer_ws/install/roboracer_controller:/home/dev/roboracer_ws/install/pure_pursuit:/home/dev/roboracer_ws/install/io_context:/home/dev/roboracer_ws/install/gap_follow:/home/dev/roboracer_ws/install/asio_cmake_module:/home/dev/roboracer_ws/install/ackermann_mux /usr/local/bin/cmake --build /home/dev/roboracer_ws/build/roboracer_controller -- -j8 -l8
[0.246s] Invoked command in '/home/dev/roboracer_ws/build/roboracer_controller' returned '0': CMAKE_PREFIX_PATH=/home/dev/roboracer_ws/install/vesc:/home/dev/roboracer_ws/install/vesc_driver:/home/dev/roboracer_ws/install/vesc_ackermann:/home/dev/roboracer_ws/install/roboracer_yolov8_detector:/home/dev/roboracer_ws/install/roboracer_py:/opt/ros/humble:/home/dev/roboracer_ws/install/vesc_msgs:/home/dev/roboracer_ws/install/udp_driver:/home/dev/roboracer_ws/install/serial_driver:/home/dev/roboracer_ws/install/roboracer_visual_odom:/home/dev/roboracer_ws/install/roboracer_localization:/home/dev/roboracer_ws/install/roboracer_description:/home/dev/roboracer_ws/install/roboracer_controller:/home/dev/roboracer_ws/install/pure_pursuit:/home/dev/roboracer_ws/install/io_context:/home/dev/roboracer_ws/install/gap_follow:/home/dev/roboracer_ws/install/asio_cmake_module:/home/dev/roboracer_ws/install/ackermann_mux /usr/local/bin/cmake --build /home/dev/roboracer_ws/build/roboracer_controller -- -j8 -l8
[0.248s] Invoking command in '/home/dev/roboracer_ws/build/roboracer_controller': CMAKE_PREFIX_PATH=/home/dev/roboracer_ws/install/vesc:/home/dev/roboracer_ws/install/vesc_driver:/home/dev/roboracer_ws/install/vesc_ackermann:/home/dev/roboracer_ws/install/roboracer_yolov8_detector:/home/dev/roboracer_ws/install/roboracer_py:/opt/ros/humble:/home/dev/roboracer_ws/install/vesc_msgs:/home/dev/roboracer_ws/install/udp_driver:/home/dev/roboracer_ws/install/serial_driver:/home/dev/roboracer_ws/install/roboracer_visual_odom:/home/dev/roboracer_ws/install/roboracer_localization:/home/dev/roboracer_ws/install/roboracer_description:/home/dev/roboracer_ws/install/roboracer_controller:/home/dev/roboracer_ws/install/pure_pursuit:/home/dev/roboracer_ws/install/io_context:/home/dev/roboracer_ws/install/gap_follow:/home/dev/roboracer_ws/install/asio_cmake_module:/home/dev/roboracer_ws/install/ackermann_mux /usr/local/bin/cmake --install /home/dev/roboracer_ws/build/roboracer_controller
[0.392s] -- Install configuration: ""
[0.392s] -- Up-to-date: /home/dev/roboracer_ws/install/roboracer_controller/share/roboracer_controller/config
[0.392s] -- Up-to-date: /home/dev/roboracer_ws/install/roboracer_controller/share/roboracer_controller/config/joy_config.yaml
[0.392s] -- Up-to-date: /home/dev/roboracer_ws/install/roboracer_controller/share/roboracer_controller/config/joystick_teleop.launch.yaml
[0.392s] -- Up-to-date: /home/dev/roboracer_ws/install/roboracer_controller/share/roboracer_controller/config/roboracer_controller.yaml
[0.392s] -- Up-to-date: /home/dev/roboracer_ws/install/roboracer_controller/share/roboracer_controller/launch
[0.392s] -- Up-to-date: /home/dev/roboracer_ws/install/roboracer_controller/share/roboracer_controller/launch/controller.launch.py
[0.392s] -- Up-to-date: /home/dev/roboracer_ws/install/roboracer_controller/lib/roboracer_controller/ackerman_controller.py
[0.392s] -- Up-to-date: /home/dev/roboracer_ws/install/roboracer_controller/lib/roboracer_controller/ackermann_to_twist.py
[0.392s] -- Up-to-date: /home/dev/roboracer_ws/install/roboracer_controller/lib/roboracer_controller/noisy_controller.py
[0.392s] -- Up-to-date: /home/dev/roboracer_ws/install/roboracer_controller/lib/roboracer_controller/static_tf_publisher.py
[0.393s] -- Up-to-date: /home/dev/roboracer_ws/install/roboracer_controller/lib/roboracer_controller/custom_robot_state_publisher.py
[0.393s] -- Up-to-date: /home/dev/roboracer_ws/install/roboracer_controller/share/ament_index/resource_index/package_run_dependencies/roboracer_controller
[0.394s] -- Up-to-date: /home/dev/roboracer_ws/install/roboracer_controller/share/ament_index/resource_index/parent_prefix_path/roboracer_controller
[0.394s] -- Up-to-date: /home/dev/roboracer_ws/install/roboracer_controller/share/roboracer_controller/environment/ament_prefix_path.sh
[0.394s] -- Up-to-date: /home/dev/roboracer_ws/install/roboracer_controller/share/roboracer_controller/environment/ament_prefix_path.dsv
[0.394s] -- Up-to-date: /home/dev/roboracer_ws/install/roboracer_controller/share/roboracer_controller/environment/path.sh
[0.394s] -- Up-to-date: /home/dev/roboracer_ws/install/roboracer_controller/share/roboracer_controller/environment/path.dsv
[0.394s] -- Up-to-date: /home/dev/roboracer_ws/install/roboracer_controller/share/roboracer_controller/local_setup.bash
[0.394s] -- Up-to-date: /home/dev/roboracer_ws/install/roboracer_controller/share/roboracer_controller/local_setup.sh
[0.394s] -- Up-to-date: /home/dev/roboracer_ws/install/roboracer_controller/share/roboracer_controller/local_setup.zsh
[0.394s] -- Up-to-date: /home/dev/roboracer_ws/install/roboracer_controller/share/roboracer_controller/local_setup.dsv
[0.394s] -- Installing: /home/dev/roboracer_ws/install/roboracer_controller/share/roboracer_controller/package.dsv
[0.394s] -- Up-to-date: /home/dev/roboracer_ws/install/roboracer_controller/share/ament_index/resource_index/packages/roboracer_controller
[0.394s] -- Up-to-date: /home/dev/roboracer_ws/install/roboracer_controller/share/roboracer_controller/cmake/roboracer_controllerConfig.cmake
[0.400s] -- Up-to-date: /home/dev/roboracer_ws/install/roboracer_controller/share/roboracer_controller/cmake/roboracer_controllerConfig-version.cmake
[0.400s] -- Up-to-date: /home/dev/roboracer_ws/install/roboracer_controller/share/roboracer_controller/package.xml
[0.584s] Invoked command in '/home/dev/roboracer_ws/build/roboracer_controller' returned '0': CMAKE_PREFIX_PATH=/home/dev/roboracer_ws/install/vesc:/home/dev/roboracer_ws/install/vesc_driver:/home/dev/roboracer_ws/install/vesc_ackermann:/home/dev/roboracer_ws/install/roboracer_yolov8_detector:/home/dev/roboracer_ws/install/roboracer_py:/opt/ros/humble:/home/dev/roboracer_ws/install/vesc_msgs:/home/dev/roboracer_ws/install/udp_driver:/home/dev/roboracer_ws/install/serial_driver:/home/dev/roboracer_ws/install/roboracer_visual_odom:/home/dev/roboracer_ws/install/roboracer_localization:/home/dev/roboracer_ws/install/roboracer_description:/home/dev/roboracer_ws/install/roboracer_controller:/home/dev/roboracer_ws/install/pure_pursuit:/home/dev/roboracer_ws/install/io_context:/home/dev/roboracer_ws/install/gap_follow:/home/dev/roboracer_ws/install/asio_cmake_module:/home/dev/roboracer_ws/install/ackermann_mux /usr/local/bin/cmake --install /home/dev/roboracer_ws/build/roboracer_controller
