[0.042s] Invoking command in '/home/dev/roboracer_ws/build/vesc_msgs': CMAKE_PREFIX_PATH=/home/dev/roboracer_ws/install/vesc:/home/dev/roboracer_ws/install/vesc_driver:/home/dev/roboracer_ws/install/vesc_ackermann:/home/dev/roboracer_ws/install/roboracer_yolov8_detector:/home/dev/roboracer_ws/install/roboracer_py:/opt/ros/humble:/home/dev/roboracer_ws/install/vesc_msgs:/home/dev/roboracer_ws/install/udp_driver:/home/dev/roboracer_ws/install/serial_driver:/home/dev/roboracer_ws/install/roboracer_visual_odom:/home/dev/roboracer_ws/install/roboracer_localization:/home/dev/roboracer_ws/install/roboracer_description:/home/dev/roboracer_ws/install/roboracer_controller:/home/dev/roboracer_ws/install/pure_pursuit:/home/dev/roboracer_ws/install/io_context:/home/dev/roboracer_ws/install/gap_follow:/home/dev/roboracer_ws/install/asio_cmake_module:/home/dev/roboracer_ws/install/ackermann_mux /usr/local/bin/cmake --build /home/dev/roboracer_ws/build/vesc_msgs -- -j8 -l8
[0.190s] [  1%] Built target vesc_msgs__cpp
[0.203s] [  1%] Built target ament_cmake_python_copy_vesc_msgs
[0.207s] [ 12%] Built target vesc_msgs__rosidl_generator_c
[0.214s] [ 23%] Built target vesc_msgs__rosidl_typesupport_fastrtps_cpp
[0.217s] [ 34%] Built target vesc_msgs__rosidl_typesupport_cpp
[0.228s] [ 45%] Built target vesc_msgs__rosidl_typesupport_fastrtps_c
[0.232s] [ 76%] Built target vesc_msgs__rosidl_typesupport_introspection_cpp
[0.233s] [ 76%] Built target vesc_msgs__rosidl_typesupport_c
[0.233s] [ 78%] Built target vesc_msgs__rosidl_typesupport_introspection_c
[0.246s] [ 78%] Built target vesc_msgs
[0.259s] [ 80%] Built target vesc_msgs__py
[0.282s] [ 89%] Built target vesc_msgs__rosidl_generator_py
[0.322s] [ 92%] Built target vesc_msgs__rosidl_typesupport_fastrtps_c__pyext
[0.328s] [ 96%] Built target vesc_msgs__rosidl_typesupport_introspection_c__pyext
[0.328s] [100%] Built target vesc_msgs__rosidl_typesupport_c__pyext
[0.511s] running egg_info
[0.511s] writing vesc_msgs.egg-info/PKG-INFO
[0.511s] writing dependency_links to vesc_msgs.egg-info/dependency_links.txt
[0.512s] writing top-level names to vesc_msgs.egg-info/top_level.txt
[0.512s] reading manifest file 'vesc_msgs.egg-info/SOURCES.txt'
[0.512s] writing manifest file 'vesc_msgs.egg-info/SOURCES.txt'
[0.544s] [100%] Built target ament_cmake_python_build_vesc_msgs_egg
[0.854s] Invoked command in '/home/dev/roboracer_ws/build/vesc_msgs' returned '0': CMAKE_PREFIX_PATH=/home/dev/roboracer_ws/install/vesc:/home/dev/roboracer_ws/install/vesc_driver:/home/dev/roboracer_ws/install/vesc_ackermann:/home/dev/roboracer_ws/install/roboracer_yolov8_detector:/home/dev/roboracer_ws/install/roboracer_py:/opt/ros/humble:/home/dev/roboracer_ws/install/vesc_msgs:/home/dev/roboracer_ws/install/udp_driver:/home/dev/roboracer_ws/install/serial_driver:/home/dev/roboracer_ws/install/roboracer_visual_odom:/home/dev/roboracer_ws/install/roboracer_localization:/home/dev/roboracer_ws/install/roboracer_description:/home/dev/roboracer_ws/install/roboracer_controller:/home/dev/roboracer_ws/install/pure_pursuit:/home/dev/roboracer_ws/install/io_context:/home/dev/roboracer_ws/install/gap_follow:/home/dev/roboracer_ws/install/asio_cmake_module:/home/dev/roboracer_ws/install/ackermann_mux /usr/local/bin/cmake --build /home/dev/roboracer_ws/build/vesc_msgs -- -j8 -l8
[0.856s] Invoking command in '/home/dev/roboracer_ws/build/vesc_msgs': CMAKE_PREFIX_PATH=/home/dev/roboracer_ws/install/vesc:/home/dev/roboracer_ws/install/vesc_driver:/home/dev/roboracer_ws/install/vesc_ackermann:/home/dev/roboracer_ws/install/roboracer_yolov8_detector:/home/dev/roboracer_ws/install/roboracer_py:/opt/ros/humble:/home/dev/roboracer_ws/install/vesc_msgs:/home/dev/roboracer_ws/install/udp_driver:/home/dev/roboracer_ws/install/serial_driver:/home/dev/roboracer_ws/install/roboracer_visual_odom:/home/dev/roboracer_ws/install/roboracer_localization:/home/dev/roboracer_ws/install/roboracer_description:/home/dev/roboracer_ws/install/roboracer_controller:/home/dev/roboracer_ws/install/pure_pursuit:/home/dev/roboracer_ws/install/io_context:/home/dev/roboracer_ws/install/gap_follow:/home/dev/roboracer_ws/install/asio_cmake_module:/home/dev/roboracer_ws/install/ackermann_mux /usr/local/bin/cmake --install /home/dev/roboracer_ws/build/vesc_msgs
[0.960s] -- Install configuration: ""
[0.960s] -- Up-to-date: /home/dev/roboracer_ws/install/vesc_msgs/share/ament_index/resource_index/rosidl_interfaces/vesc_msgs
[0.960s] -- Up-to-date: /home/dev/roboracer_ws/install/vesc_msgs/include/vesc_msgs/vesc_msgs
[0.960s] -- Up-to-date: /home/dev/roboracer_ws/install/vesc_msgs/include/vesc_msgs/vesc_msgs/msg
[0.961s] -- Up-to-date: /home/dev/roboracer_ws/install/vesc_msgs/include/vesc_msgs/vesc_msgs/msg/vesc_state.h
[0.961s] -- Up-to-date: /home/dev/roboracer_ws/install/vesc_msgs/include/vesc_msgs/vesc_msgs/msg/rosidl_generator_c__visibility_control.h
[0.961s] -- Up-to-date: /home/dev/roboracer_ws/install/vesc_msgs/include/vesc_msgs/vesc_msgs/msg/vesc_imu.h
[0.961s] -- Up-to-date: /home/dev/roboracer_ws/install/vesc_msgs/include/vesc_msgs/vesc_msgs/msg/detail
[0.961s] -- Up-to-date: /home/dev/roboracer_ws/install/vesc_msgs/include/vesc_msgs/vesc_msgs/msg/detail/vesc_imu__struct.h
[0.961s] -- Up-to-date: /home/dev/roboracer_ws/install/vesc_msgs/include/vesc_msgs/vesc_msgs/msg/detail/vesc_state__functions.c
[0.961s] -- Up-to-date: /home/dev/roboracer_ws/install/vesc_msgs/include/vesc_msgs/vesc_msgs/msg/detail/vesc_state_stamped__struct.h
[0.961s] -- Up-to-date: /home/dev/roboracer_ws/install/vesc_msgs/include/vesc_msgs/vesc_msgs/msg/detail/vesc_imu_stamped__type_support.h
[0.961s] -- Up-to-date: /home/dev/roboracer_ws/install/vesc_msgs/include/vesc_msgs/vesc_msgs/msg/detail/vesc_state__struct.h
[0.961s] -- Up-to-date: /home/dev/roboracer_ws/install/vesc_msgs/include/vesc_msgs/vesc_msgs/msg/detail/vesc_imu__functions.c
[0.962s] -- Up-to-date: /home/dev/roboracer_ws/install/vesc_msgs/include/vesc_msgs/vesc_msgs/msg/detail/vesc_state_stamped__functions.h
[0.962s] -- Up-to-date: /home/dev/roboracer_ws/install/vesc_msgs/include/vesc_msgs/vesc_msgs/msg/detail/vesc_imu_stamped__functions.h
[0.962s] -- Up-to-date: /home/dev/roboracer_ws/install/vesc_msgs/include/vesc_msgs/vesc_msgs/msg/detail/vesc_imu__functions.h
[0.962s] -- Up-to-date: /home/dev/roboracer_ws/install/vesc_msgs/include/vesc_msgs/vesc_msgs/msg/detail/vesc_state__functions.h
[0.962s] -- Up-to-date: /home/dev/roboracer_ws/install/vesc_msgs/include/vesc_msgs/vesc_msgs/msg/detail/vesc_imu_stamped__struct.h
[0.962s] -- Up-to-date: /home/dev/roboracer_ws/install/vesc_msgs/include/vesc_msgs/vesc_msgs/msg/detail/vesc_state__type_support.h
[0.962s] -- Up-to-date: /home/dev/roboracer_ws/install/vesc_msgs/include/vesc_msgs/vesc_msgs/msg/detail/vesc_imu__type_support.h
[0.962s] -- Up-to-date: /home/dev/roboracer_ws/install/vesc_msgs/include/vesc_msgs/vesc_msgs/msg/detail/vesc_state_stamped__functions.c
[0.962s] -- Up-to-date: /home/dev/roboracer_ws/install/vesc_msgs/include/vesc_msgs/vesc_msgs/msg/detail/vesc_state_stamped__type_support.h
[0.962s] -- Up-to-date: /home/dev/roboracer_ws/install/vesc_msgs/include/vesc_msgs/vesc_msgs/msg/detail/vesc_imu_stamped__functions.c
[0.963s] -- Up-to-date: /home/dev/roboracer_ws/install/vesc_msgs/include/vesc_msgs/vesc_msgs/msg/vesc_state_stamped.h
[0.963s] -- Up-to-date: /home/dev/roboracer_ws/install/vesc_msgs/include/vesc_msgs/vesc_msgs/msg/vesc_imu_stamped.h
[0.963s] -- Up-to-date: /home/dev/roboracer_ws/install/vesc_msgs/share/vesc_msgs/environment/library_path.sh
[0.963s] -- Up-to-date: /home/dev/roboracer_ws/install/vesc_msgs/share/vesc_msgs/environment/library_path.dsv
[0.963s] -- Up-to-date: /home/dev/roboracer_ws/install/vesc_msgs/lib/libvesc_msgs__rosidl_generator_c.so
[0.963s] -- Up-to-date: /home/dev/roboracer_ws/install/vesc_msgs/include/vesc_msgs/vesc_msgs
[0.963s] -- Up-to-date: /home/dev/roboracer_ws/install/vesc_msgs/include/vesc_msgs/vesc_msgs/msg
[0.963s] -- Up-to-date: /home/dev/roboracer_ws/install/vesc_msgs/include/vesc_msgs/vesc_msgs/msg/rosidl_typesupport_fastrtps_c__visibility_control.h
[0.964s] -- Up-to-date: /home/dev/roboracer_ws/install/vesc_msgs/include/vesc_msgs/vesc_msgs/msg/detail
[0.964s] -- Up-to-date: /home/dev/roboracer_ws/install/vesc_msgs/include/vesc_msgs/vesc_msgs/msg/detail/vesc_imu_stamped__rosidl_typesupport_fastrtps_c.h
[0.964s] -- Up-to-date: /home/dev/roboracer_ws/install/vesc_msgs/include/vesc_msgs/vesc_msgs/msg/detail/vesc_state__rosidl_typesupport_fastrtps_c.h
[0.964s] -- Up-to-date: /home/dev/roboracer_ws/install/vesc_msgs/include/vesc_msgs/vesc_msgs/msg/detail/vesc_state_stamped__rosidl_typesupport_fastrtps_c.h
[0.964s] -- Up-to-date: /home/dev/roboracer_ws/install/vesc_msgs/include/vesc_msgs/vesc_msgs/msg/detail/vesc_imu__rosidl_typesupport_fastrtps_c.h
[0.966s] -- Up-to-date: /home/dev/roboracer_ws/install/vesc_msgs/lib/libvesc_msgs__rosidl_typesupport_fastrtps_c.so
[0.966s] -- Up-to-date: /home/dev/roboracer_ws/install/vesc_msgs/include/vesc_msgs/vesc_msgs
[0.966s] -- Up-to-date: /home/dev/roboracer_ws/install/vesc_msgs/include/vesc_msgs/vesc_msgs/msg
[0.966s] -- Up-to-date: /home/dev/roboracer_ws/install/vesc_msgs/include/vesc_msgs/vesc_msgs/msg/detail
[0.967s] -- Up-to-date: /home/dev/roboracer_ws/install/vesc_msgs/include/vesc_msgs/vesc_msgs/msg/detail/vesc_imu_stamped__type_support.c
[0.967s] -- Up-to-date: /home/dev/roboracer_ws/install/vesc_msgs/include/vesc_msgs/vesc_msgs/msg/detail/vesc_imu__type_support.c
[0.967s] -- Up-to-date: /home/dev/roboracer_ws/install/vesc_msgs/include/vesc_msgs/vesc_msgs/msg/detail/vesc_imu_stamped__rosidl_typesupport_introspection_c.h
[0.967s] -- Up-to-date: /home/dev/roboracer_ws/install/vesc_msgs/include/vesc_msgs/vesc_msgs/msg/detail/vesc_imu__rosidl_typesupport_introspection_c.h
[0.967s] -- Up-to-date: /home/dev/roboracer_ws/install/vesc_msgs/include/vesc_msgs/vesc_msgs/msg/detail/vesc_state_stamped__rosidl_typesupport_introspection_c.h
[0.967s] -- Up-to-date: /home/dev/roboracer_ws/install/vesc_msgs/include/vesc_msgs/vesc_msgs/msg/detail/vesc_state_stamped__type_support.c
[0.967s] -- Up-to-date: /home/dev/roboracer_ws/install/vesc_msgs/include/vesc_msgs/vesc_msgs/msg/detail/vesc_state__type_support.c
[0.967s] -- Up-to-date: /home/dev/roboracer_ws/install/vesc_msgs/include/vesc_msgs/vesc_msgs/msg/detail/vesc_state__rosidl_typesupport_introspection_c.h
[0.967s] -- Up-to-date: /home/dev/roboracer_ws/install/vesc_msgs/include/vesc_msgs/vesc_msgs/msg/rosidl_typesupport_introspection_c__visibility_control.h
[0.968s] -- Up-to-date: /home/dev/roboracer_ws/install/vesc_msgs/lib/libvesc_msgs__rosidl_typesupport_introspection_c.so
[0.968s] -- Up-to-date: /home/dev/roboracer_ws/install/vesc_msgs/lib/libvesc_msgs__rosidl_typesupport_c.so
[0.968s] -- Up-to-date: /home/dev/roboracer_ws/install/vesc_msgs/include/vesc_msgs/vesc_msgs
[0.968s] -- Up-to-date: /home/dev/roboracer_ws/install/vesc_msgs/include/vesc_msgs/vesc_msgs/msg
[0.968s] -- Up-to-date: /home/dev/roboracer_ws/install/vesc_msgs/include/vesc_msgs/vesc_msgs/msg/detail
[0.968s] -- Up-to-date: /home/dev/roboracer_ws/install/vesc_msgs/include/vesc_msgs/vesc_msgs/msg/detail/vesc_state__traits.hpp
[0.969s] -- Up-to-date: /home/dev/roboracer_ws/install/vesc_msgs/include/vesc_msgs/vesc_msgs/msg/detail/vesc_imu_stamped__builder.hpp
[0.969s] -- Up-to-date: /home/dev/roboracer_ws/install/vesc_msgs/include/vesc_msgs/vesc_msgs/msg/detail/vesc_imu__builder.hpp
[0.969s] -- Up-to-date: /home/dev/roboracer_ws/install/vesc_msgs/include/vesc_msgs/vesc_msgs/msg/detail/vesc_imu__traits.hpp
[0.969s] -- Up-to-date: /home/dev/roboracer_ws/install/vesc_msgs/include/vesc_msgs/vesc_msgs/msg/detail/vesc_state__struct.hpp
[0.969s] -- Up-to-date: /home/dev/roboracer_ws/install/vesc_msgs/include/vesc_msgs/vesc_msgs/msg/detail/vesc_imu_stamped__struct.hpp
[0.970s] -- Up-to-date: /home/dev/roboracer_ws/install/vesc_msgs/include/vesc_msgs/vesc_msgs/msg/detail/vesc_state_stamped__type_support.hpp
[0.973s] -- Up-to-date: /home/dev/roboracer_ws/install/vesc_msgs/include/vesc_msgs/vesc_msgs/msg/detail/vesc_state_stamped__traits.hpp
[0.973s] -- Up-to-date: /home/dev/roboracer_ws/install/vesc_msgs/include/vesc_msgs/vesc_msgs/msg/detail/vesc_imu__type_support.hpp
[0.973s] -- Up-to-date: /home/dev/roboracer_ws/install/vesc_msgs/include/vesc_msgs/vesc_msgs/msg/detail/vesc_state__type_support.hpp
[0.973s] -- Up-to-date: /home/dev/roboracer_ws/install/vesc_msgs/include/vesc_msgs/vesc_msgs/msg/detail/vesc_imu_stamped__traits.hpp
[0.974s] -- Up-to-date: /home/dev/roboracer_ws/install/vesc_msgs/include/vesc_msgs/vesc_msgs/msg/detail/vesc_imu_stamped__type_support.hpp
[0.974s] -- Up-to-date: /home/dev/roboracer_ws/install/vesc_msgs/include/vesc_msgs/vesc_msgs/msg/detail/vesc_state_stamped__builder.hpp
[0.974s] -- Up-to-date: /home/dev/roboracer_ws/install/vesc_msgs/include/vesc_msgs/vesc_msgs/msg/detail/vesc_imu__struct.hpp
[0.974s] -- Up-to-date: /home/dev/roboracer_ws/install/vesc_msgs/include/vesc_msgs/vesc_msgs/msg/detail/vesc_state__builder.hpp
[0.974s] -- Up-to-date: /home/dev/roboracer_ws/install/vesc_msgs/include/vesc_msgs/vesc_msgs/msg/detail/vesc_state_stamped__struct.hpp
[0.974s] -- Up-to-date: /home/dev/roboracer_ws/install/vesc_msgs/include/vesc_msgs/vesc_msgs/msg/vesc_imu.hpp
[0.974s] -- Up-to-date: /home/dev/roboracer_ws/install/vesc_msgs/include/vesc_msgs/vesc_msgs/msg/vesc_state_stamped.hpp
[0.974s] -- Up-to-date: /home/dev/roboracer_ws/install/vesc_msgs/include/vesc_msgs/vesc_msgs/msg/vesc_imu_stamped.hpp
[0.974s] -- Up-to-date: /home/dev/roboracer_ws/install/vesc_msgs/include/vesc_msgs/vesc_msgs/msg/rosidl_generator_cpp__visibility_control.hpp
[0.974s] -- Up-to-date: /home/dev/roboracer_ws/install/vesc_msgs/include/vesc_msgs/vesc_msgs/msg/vesc_state.hpp
[0.974s] -- Up-to-date: /home/dev/roboracer_ws/install/vesc_msgs/include/vesc_msgs/vesc_msgs
[0.974s] -- Up-to-date: /home/dev/roboracer_ws/install/vesc_msgs/include/vesc_msgs/vesc_msgs/msg
[0.974s] -- Up-to-date: /home/dev/roboracer_ws/install/vesc_msgs/include/vesc_msgs/vesc_msgs/msg/rosidl_typesupport_fastrtps_cpp__visibility_control.h
[0.974s] -- Up-to-date: /home/dev/roboracer_ws/install/vesc_msgs/include/vesc_msgs/vesc_msgs/msg/detail
[0.975s] -- Up-to-date: /home/dev/roboracer_ws/install/vesc_msgs/include/vesc_msgs/vesc_msgs/msg/detail/dds_fastrtps
[0.975s] -- Up-to-date: /home/dev/roboracer_ws/install/vesc_msgs/include/vesc_msgs/vesc_msgs/msg/detail/vesc_imu_stamped__rosidl_typesupport_fastrtps_cpp.hpp
[0.975s] -- Up-to-date: /home/dev/roboracer_ws/install/vesc_msgs/include/vesc_msgs/vesc_msgs/msg/detail/vesc_imu__rosidl_typesupport_fastrtps_cpp.hpp
[0.975s] -- Up-to-date: /home/dev/roboracer_ws/install/vesc_msgs/include/vesc_msgs/vesc_msgs/msg/detail/vesc_state__rosidl_typesupport_fastrtps_cpp.hpp
[0.975s] -- Up-to-date: /home/dev/roboracer_ws/install/vesc_msgs/include/vesc_msgs/vesc_msgs/msg/detail/vesc_state_stamped__rosidl_typesupport_fastrtps_cpp.hpp
[0.975s] -- Up-to-date: /home/dev/roboracer_ws/install/vesc_msgs/lib/libvesc_msgs__rosidl_typesupport_fastrtps_cpp.so
[0.975s] -- Up-to-date: /home/dev/roboracer_ws/install/vesc_msgs/include/vesc_msgs/vesc_msgs
[0.979s] -- Up-to-date: /home/dev/roboracer_ws/install/vesc_msgs/include/vesc_msgs/vesc_msgs/msg
[0.979s] -- Up-to-date: /home/dev/roboracer_ws/install/vesc_msgs/include/vesc_msgs/vesc_msgs/msg/detail
[0.979s] -- Up-to-date: /home/dev/roboracer_ws/install/vesc_msgs/include/vesc_msgs/vesc_msgs/msg/detail/vesc_state_stamped__rosidl_typesupport_introspection_cpp.hpp
[0.980s] -- Up-to-date: /home/dev/roboracer_ws/install/vesc_msgs/include/vesc_msgs/vesc_msgs/msg/detail/vesc_imu__type_support.cpp
[0.980s] -- Up-to-date: /home/dev/roboracer_ws/install/vesc_msgs/include/vesc_msgs/vesc_msgs/msg/detail/vesc_state__type_support.cpp
[0.980s] -- Up-to-date: /home/dev/roboracer_ws/install/vesc_msgs/include/vesc_msgs/vesc_msgs/msg/detail/vesc_state_stamped__type_support.cpp
[0.980s] -- Up-to-date: /home/dev/roboracer_ws/install/vesc_msgs/include/vesc_msgs/vesc_msgs/msg/detail/vesc_imu_stamped__type_support.cpp
[0.980s] -- Up-to-date: /home/dev/roboracer_ws/install/vesc_msgs/include/vesc_msgs/vesc_msgs/msg/detail/vesc_imu_stamped__rosidl_typesupport_introspection_cpp.hpp
[0.980s] -- Up-to-date: /home/dev/roboracer_ws/install/vesc_msgs/include/vesc_msgs/vesc_msgs/msg/detail/vesc_state__rosidl_typesupport_introspection_cpp.hpp
[0.980s] -- Up-to-date: /home/dev/roboracer_ws/install/vesc_msgs/include/vesc_msgs/vesc_msgs/msg/detail/vesc_imu__rosidl_typesupport_introspection_cpp.hpp
[0.980s] -- Up-to-date: /home/dev/roboracer_ws/install/vesc_msgs/lib/libvesc_msgs__rosidl_typesupport_introspection_cpp.so
[0.980s] -- Up-to-date: /home/dev/roboracer_ws/install/vesc_msgs/lib/libvesc_msgs__rosidl_typesupport_cpp.so
[0.980s] -- Up-to-date: /home/dev/roboracer_ws/install/vesc_msgs/share/vesc_msgs/environment/pythonpath.sh
[0.980s] -- Up-to-date: /home/dev/roboracer_ws/install/vesc_msgs/share/vesc_msgs/environment/pythonpath.dsv
[0.980s] -- Up-to-date: /home/dev/roboracer_ws/install/vesc_msgs/local/lib/python3.10/dist-packages/vesc_msgs-1.1.0-py3.10.egg-info
[0.980s] -- Installing: /home/dev/roboracer_ws/install/vesc_msgs/local/lib/python3.10/dist-packages/vesc_msgs-1.1.0-py3.10.egg-info/top_level.txt
[0.981s] -- Installing: /home/dev/roboracer_ws/install/vesc_msgs/local/lib/python3.10/dist-packages/vesc_msgs-1.1.0-py3.10.egg-info/PKG-INFO
[0.981s] -- Installing: /home/dev/roboracer_ws/install/vesc_msgs/local/lib/python3.10/dist-packages/vesc_msgs-1.1.0-py3.10.egg-info/dependency_links.txt
[0.981s] -- Installing: /home/dev/roboracer_ws/install/vesc_msgs/local/lib/python3.10/dist-packages/vesc_msgs-1.1.0-py3.10.egg-info/SOURCES.txt
[0.981s] -- Up-to-date: /home/dev/roboracer_ws/install/vesc_msgs/local/lib/python3.10/dist-packages/vesc_msgs
[0.981s] -- Up-to-date: /home/dev/roboracer_ws/install/vesc_msgs/local/lib/python3.10/dist-packages/vesc_msgs/_vesc_msgs_s.ep.rosidl_typesupport_c.c
[0.981s] -- Up-to-date: /home/dev/roboracer_ws/install/vesc_msgs/local/lib/python3.10/dist-packages/vesc_msgs/libvesc_msgs__rosidl_generator_py.so
[0.981s] -- Up-to-date: /home/dev/roboracer_ws/install/vesc_msgs/local/lib/python3.10/dist-packages/vesc_msgs/_vesc_msgs_s.ep.rosidl_typesupport_fastrtps_c.c
[0.985s] -- Up-to-date: /home/dev/roboracer_ws/install/vesc_msgs/local/lib/python3.10/dist-packages/vesc_msgs/_vesc_msgs_s.ep.rosidl_typesupport_introspection_c.c
[0.988s] -- Up-to-date: /home/dev/roboracer_ws/install/vesc_msgs/local/lib/python3.10/dist-packages/vesc_msgs/__init__.py
[0.988s] -- Up-to-date: /home/dev/roboracer_ws/install/vesc_msgs/local/lib/python3.10/dist-packages/vesc_msgs/msg
[0.988s] -- Up-to-date: /home/dev/roboracer_ws/install/vesc_msgs/local/lib/python3.10/dist-packages/vesc_msgs/msg/_vesc_state_stamped.py
[0.989s] -- Up-to-date: /home/dev/roboracer_ws/install/vesc_msgs/local/lib/python3.10/dist-packages/vesc_msgs/msg/_vesc_state.py
[0.989s] -- Up-to-date: /home/dev/roboracer_ws/install/vesc_msgs/local/lib/python3.10/dist-packages/vesc_msgs/msg/_vesc_state_stamped_s.c
[0.989s] -- Up-to-date: /home/dev/roboracer_ws/install/vesc_msgs/local/lib/python3.10/dist-packages/vesc_msgs/msg/_vesc_imu_stamped_s.c
[0.989s] -- Up-to-date: /home/dev/roboracer_ws/install/vesc_msgs/local/lib/python3.10/dist-packages/vesc_msgs/msg/__init__.py
[0.989s] -- Up-to-date: /home/dev/roboracer_ws/install/vesc_msgs/local/lib/python3.10/dist-packages/vesc_msgs/msg/_vesc_imu.py
[0.989s] -- Up-to-date: /home/dev/roboracer_ws/install/vesc_msgs/local/lib/python3.10/dist-packages/vesc_msgs/msg/_vesc_imu_s.c
[0.989s] -- Up-to-date: /home/dev/roboracer_ws/install/vesc_msgs/local/lib/python3.10/dist-packages/vesc_msgs/msg/_vesc_state_s.c
[0.989s] -- Up-to-date: /home/dev/roboracer_ws/install/vesc_msgs/local/lib/python3.10/dist-packages/vesc_msgs/msg/_vesc_imu_stamped.py
[0.989s] -- Up-to-date: /home/dev/roboracer_ws/install/vesc_msgs/local/lib/python3.10/dist-packages/vesc_msgs/vesc_msgs_s__rosidl_typesupport_introspection_c.cpython-310-x86_64-linux-gnu.so
[0.989s] -- Up-to-date: /home/dev/roboracer_ws/install/vesc_msgs/local/lib/python3.10/dist-packages/vesc_msgs/vesc_msgs_s__rosidl_typesupport_c.cpython-310-x86_64-linux-gnu.so
[0.989s] -- Up-to-date: /home/dev/roboracer_ws/install/vesc_msgs/local/lib/python3.10/dist-packages/vesc_msgs/vesc_msgs_s__rosidl_typesupport_fastrtps_c.cpython-310-x86_64-linux-gnu.so
[1.021s] Listing '/home/dev/roboracer_ws/install/vesc_msgs/local/lib/python3.10/dist-packages/vesc_msgs'...
[1.021s] Listing '/home/dev/roboracer_ws/install/vesc_msgs/local/lib/python3.10/dist-packages/vesc_msgs/msg'...
[1.029s] -- Up-to-date: /home/dev/roboracer_ws/install/vesc_msgs/local/lib/python3.10/dist-packages/vesc_msgs/vesc_msgs_s__rosidl_typesupport_fastrtps_c.cpython-310-x86_64-linux-gnu.so
[1.032s] -- Up-to-date: /home/dev/roboracer_ws/install/vesc_msgs/local/lib/python3.10/dist-packages/vesc_msgs/vesc_msgs_s__rosidl_typesupport_introspection_c.cpython-310-x86_64-linux-gnu.so
[1.032s] -- Up-to-date: /home/dev/roboracer_ws/install/vesc_msgs/local/lib/python3.10/dist-packages/vesc_msgs/vesc_msgs_s__rosidl_typesupport_c.cpython-310-x86_64-linux-gnu.so
[1.032s] -- Up-to-date: /home/dev/roboracer_ws/install/vesc_msgs/lib/libvesc_msgs__rosidl_generator_py.so
[1.032s] -- Up-to-date: /home/dev/roboracer_ws/install/vesc_msgs/share/vesc_msgs/msg/VescState.idl
[1.033s] -- Up-to-date: /home/dev/roboracer_ws/install/vesc_msgs/share/vesc_msgs/msg/VescStateStamped.idl
[1.033s] -- Up-to-date: /home/dev/roboracer_ws/install/vesc_msgs/share/vesc_msgs/msg/VescImu.idl
[1.033s] -- Up-to-date: /home/dev/roboracer_ws/install/vesc_msgs/share/vesc_msgs/msg/VescImuStamped.idl
[1.033s] -- Up-to-date: /home/dev/roboracer_ws/install/vesc_msgs/share/vesc_msgs/msg/VescState.msg
[1.033s] -- Up-to-date: /home/dev/roboracer_ws/install/vesc_msgs/share/vesc_msgs/msg/VescStateStamped.msg
[1.033s] -- Up-to-date: /home/dev/roboracer_ws/install/vesc_msgs/share/vesc_msgs/msg/VescImu.msg
[1.033s] -- Up-to-date: /home/dev/roboracer_ws/install/vesc_msgs/share/vesc_msgs/msg/VescImuStamped.msg
[1.033s] -- Up-to-date: /home/dev/roboracer_ws/install/vesc_msgs/share/ament_index/resource_index/package_run_dependencies/vesc_msgs
[1.033s] -- Up-to-date: /home/dev/roboracer_ws/install/vesc_msgs/share/ament_index/resource_index/parent_prefix_path/vesc_msgs
[1.033s] -- Up-to-date: /home/dev/roboracer_ws/install/vesc_msgs/share/vesc_msgs/environment/ament_prefix_path.sh
[1.035s] -- Up-to-date: /home/dev/roboracer_ws/install/vesc_msgs/share/vesc_msgs/environment/ament_prefix_path.dsv
[1.035s] -- Up-to-date: /home/dev/roboracer_ws/install/vesc_msgs/share/vesc_msgs/environment/path.sh
[1.035s] -- Up-to-date: /home/dev/roboracer_ws/install/vesc_msgs/share/vesc_msgs/environment/path.dsv
[1.035s] -- Up-to-date: /home/dev/roboracer_ws/install/vesc_msgs/share/vesc_msgs/local_setup.bash
[1.035s] -- Up-to-date: /home/dev/roboracer_ws/install/vesc_msgs/share/vesc_msgs/local_setup.sh
[1.035s] -- Up-to-date: /home/dev/roboracer_ws/install/vesc_msgs/share/vesc_msgs/local_setup.zsh
[1.036s] -- Up-to-date: /home/dev/roboracer_ws/install/vesc_msgs/share/vesc_msgs/local_setup.dsv
[1.036s] -- Installing: /home/dev/roboracer_ws/install/vesc_msgs/share/vesc_msgs/package.dsv
[1.042s] -- Up-to-date: /home/dev/roboracer_ws/install/vesc_msgs/share/ament_index/resource_index/packages/vesc_msgs
[1.042s] -- Up-to-date: /home/dev/roboracer_ws/install/vesc_msgs/share/vesc_msgs/cmake/export_vesc_msgs__rosidl_generator_cExport.cmake
[1.042s] -- Up-to-date: /home/dev/roboracer_ws/install/vesc_msgs/share/vesc_msgs/cmake/export_vesc_msgs__rosidl_generator_cExport-noconfig.cmake
[1.042s] -- Up-to-date: /home/dev/roboracer_ws/install/vesc_msgs/share/vesc_msgs/cmake/export_vesc_msgs__rosidl_typesupport_fastrtps_cExport.cmake
[1.043s] -- Up-to-date: /home/dev/roboracer_ws/install/vesc_msgs/share/vesc_msgs/cmake/export_vesc_msgs__rosidl_typesupport_fastrtps_cExport-noconfig.cmake
[1.043s] -- Up-to-date: /home/dev/roboracer_ws/install/vesc_msgs/share/vesc_msgs/cmake/vesc_msgs__rosidl_typesupport_introspection_cExport.cmake
[1.043s] -- Up-to-date: /home/dev/roboracer_ws/install/vesc_msgs/share/vesc_msgs/cmake/vesc_msgs__rosidl_typesupport_introspection_cExport-noconfig.cmake
[1.043s] -- Up-to-date: /home/dev/roboracer_ws/install/vesc_msgs/share/vesc_msgs/cmake/vesc_msgs__rosidl_typesupport_cExport.cmake
[1.043s] -- Up-to-date: /home/dev/roboracer_ws/install/vesc_msgs/share/vesc_msgs/cmake/vesc_msgs__rosidl_typesupport_cExport-noconfig.cmake
[1.043s] -- Up-to-date: /home/dev/roboracer_ws/install/vesc_msgs/share/vesc_msgs/cmake/export_vesc_msgs__rosidl_generator_cppExport.cmake
[1.043s] -- Up-to-date: /home/dev/roboracer_ws/install/vesc_msgs/share/vesc_msgs/cmake/export_vesc_msgs__rosidl_typesupport_fastrtps_cppExport.cmake
[1.043s] -- Up-to-date: /home/dev/roboracer_ws/install/vesc_msgs/share/vesc_msgs/cmake/export_vesc_msgs__rosidl_typesupport_fastrtps_cppExport-noconfig.cmake
[1.043s] -- Up-to-date: /home/dev/roboracer_ws/install/vesc_msgs/share/vesc_msgs/cmake/vesc_msgs__rosidl_typesupport_introspection_cppExport.cmake
[1.043s] -- Up-to-date: /home/dev/roboracer_ws/install/vesc_msgs/share/vesc_msgs/cmake/vesc_msgs__rosidl_typesupport_introspection_cppExport-noconfig.cmake
[1.043s] -- Up-to-date: /home/dev/roboracer_ws/install/vesc_msgs/share/vesc_msgs/cmake/vesc_msgs__rosidl_typesupport_cppExport.cmake
[1.043s] -- Up-to-date: /home/dev/roboracer_ws/install/vesc_msgs/share/vesc_msgs/cmake/vesc_msgs__rosidl_typesupport_cppExport-noconfig.cmake
[1.043s] -- Up-to-date: /home/dev/roboracer_ws/install/vesc_msgs/share/vesc_msgs/cmake/export_vesc_msgs__rosidl_generator_pyExport.cmake
[1.044s] -- Up-to-date: /home/dev/roboracer_ws/install/vesc_msgs/share/vesc_msgs/cmake/export_vesc_msgs__rosidl_generator_pyExport-noconfig.cmake
[1.044s] -- Up-to-date: /home/dev/roboracer_ws/install/vesc_msgs/share/vesc_msgs/cmake/rosidl_cmake-extras.cmake
[1.044s] -- Up-to-date: /home/dev/roboracer_ws/install/vesc_msgs/share/vesc_msgs/cmake/ament_cmake_export_dependencies-extras.cmake
[1.044s] -- Up-to-date: /home/dev/roboracer_ws/install/vesc_msgs/share/vesc_msgs/cmake/ament_cmake_export_include_directories-extras.cmake
[1.044s] -- Up-to-date: /home/dev/roboracer_ws/install/vesc_msgs/share/vesc_msgs/cmake/ament_cmake_export_libraries-extras.cmake
[1.044s] -- Up-to-date: /home/dev/roboracer_ws/install/vesc_msgs/share/vesc_msgs/cmake/ament_cmake_export_targets-extras.cmake
[1.044s] -- Up-to-date: /home/dev/roboracer_ws/install/vesc_msgs/share/vesc_msgs/cmake/rosidl_cmake_export_typesupport_targets-extras.cmake
[1.044s] -- Up-to-date: /home/dev/roboracer_ws/install/vesc_msgs/share/vesc_msgs/cmake/rosidl_cmake_export_typesupport_libraries-extras.cmake
[1.044s] -- Up-to-date: /home/dev/roboracer_ws/install/vesc_msgs/share/vesc_msgs/cmake/vesc_msgsConfig.cmake
[1.044s] -- Up-to-date: /home/dev/roboracer_ws/install/vesc_msgs/share/vesc_msgs/cmake/vesc_msgsConfig-version.cmake
[1.044s] -- Up-to-date: /home/dev/roboracer_ws/install/vesc_msgs/share/vesc_msgs/package.xml
[1.195s] Invoked command in '/home/dev/roboracer_ws/build/vesc_msgs' returned '0': CMAKE_PREFIX_PATH=/home/dev/roboracer_ws/install/vesc:/home/dev/roboracer_ws/install/vesc_driver:/home/dev/roboracer_ws/install/vesc_ackermann:/home/dev/roboracer_ws/install/roboracer_yolov8_detector:/home/dev/roboracer_ws/install/roboracer_py:/opt/ros/humble:/home/dev/roboracer_ws/install/vesc_msgs:/home/dev/roboracer_ws/install/udp_driver:/home/dev/roboracer_ws/install/serial_driver:/home/dev/roboracer_ws/install/roboracer_visual_odom:/home/dev/roboracer_ws/install/roboracer_localization:/home/dev/roboracer_ws/install/roboracer_description:/home/dev/roboracer_ws/install/roboracer_controller:/home/dev/roboracer_ws/install/pure_pursuit:/home/dev/roboracer_ws/install/io_context:/home/dev/roboracer_ws/install/gap_follow:/home/dev/roboracer_ws/install/asio_cmake_module:/home/dev/roboracer_ws/install/ackermann_mux /usr/local/bin/cmake --install /home/dev/roboracer_ws/build/vesc_msgs
