[0.032s] Invoking command in '/home/loq/roboracer_ws/build/roboracer_localization': CMAKE_PREFIX_PATH=${CMAKE_PREFIX_PATH}:/home/loq/drivingcar_ws/install/self_driving_car_pkg:/home/loq/bumperbot_ws/install/bumperbot_py_example:/home/loq/roboracer_ws/install/roboracer_yolov8_detector:/home/loq/roboracer_ws/install/roboracer_py:/home/loq/ros2_action_ws/install/lifecycle_py:/home/loq/ros2_action_ws/install/action_py:/opt/ros/humble /usr/bin/cmake /home/loq/roboracer_ws/src/roboracer_localization -DAMENT_CMAKE_SYMLINK_INSTALL=1 -DCMAKE_INSTALL_PREFIX=/home/loq/roboracer_ws/install/roboracer_localization
[0.294s] -- Found ament_cmake: 1.3.11 (/opt/ros/humble/share/ament_cmake/cmake)
[0.294s] -- Override CMake install command with custom implementation using symlinks instead of copying resources
[0.294s] -- Found rclpy: 3.3.16 (/opt/ros/humble/share/rclpy/cmake)
[0.294s] -- Found nav_msgs: 4.8.0 (/opt/ros/humble/share/nav_msgs/cmake)
[0.294s] -- Found rosidl_generator_c: 3.1.6 (/opt/ros/humble/share/rosidl_generator_c/cmake)
[0.294s] -- Found rosidl_adapter: 3.1.6 (/opt/ros/humble/share/rosidl_adapter/cmake)
[0.294s] -- Found rosidl_generator_cpp: 3.1.6 (/opt/ros/humble/share/rosidl_generator_cpp/cmake)
[0.294s] -- Using all available rosidl_typesupport_c: rosidl_typesupport_fastrtps_c;rosidl_typesupport_introspection_c
[0.294s] -- Using all available rosidl_typesupport_cpp: rosidl_typesupport_fastrtps_cpp;rosidl_typesupport_introspection_cpp
[0.295s] -- Found sensor_msgs: 4.8.0 (/opt/ros/humble/share/sensor_msgs/cmake)
[0.295s] -- Found ament_lint_auto: 0.12.12 (/opt/ros/humble/share/ament_lint_auto/cmake)
[0.345s] -- Added test 'copyright' to check source files copyright and LICENSE
[0.348s] -- Added test 'flake8' to check Python code syntax and style conventions
[0.348s] -- Added test 'lint_cmake' to check CMake code style
[0.348s] -- Added test 'pep257' to check Python code against some of the docstring style conventions in PEP 257
[0.349s] -- Added test 'xmllint' to check XML markup files
[0.350s] -- Configuring done
[0.354s] -- Generating done
[0.355s] -- Build files have been written to: /home/loq/roboracer_ws/build/roboracer_localization
[0.560s] Invoked command in '/home/loq/roboracer_ws/build/roboracer_localization' returned '0': CMAKE_PREFIX_PATH=${CMAKE_PREFIX_PATH}:/home/loq/drivingcar_ws/install/self_driving_car_pkg:/home/loq/bumperbot_ws/install/bumperbot_py_example:/home/loq/roboracer_ws/install/roboracer_yolov8_detector:/home/loq/roboracer_ws/install/roboracer_py:/home/loq/ros2_action_ws/install/lifecycle_py:/home/loq/ros2_action_ws/install/action_py:/opt/ros/humble /usr/bin/cmake /home/loq/roboracer_ws/src/roboracer_localization -DAMENT_CMAKE_SYMLINK_INSTALL=1 -DCMAKE_INSTALL_PREFIX=/home/loq/roboracer_ws/install/roboracer_localization
[0.561s] Invoking command in '/home/loq/roboracer_ws/build/roboracer_localization': CMAKE_PREFIX_PATH=${CMAKE_PREFIX_PATH}:/home/loq/drivingcar_ws/install/self_driving_car_pkg:/home/loq/bumperbot_ws/install/bumperbot_py_example:/home/loq/roboracer_ws/install/roboracer_yolov8_detector:/home/loq/roboracer_ws/install/roboracer_py:/home/loq/ros2_action_ws/install/lifecycle_py:/home/loq/ros2_action_ws/install/action_py:/opt/ros/humble /usr/bin/cmake --build /home/loq/roboracer_ws/build/roboracer_localization -- -j8 -l8
[0.617s] Invoked command in '/home/loq/roboracer_ws/build/roboracer_localization' returned '0': CMAKE_PREFIX_PATH=${CMAKE_PREFIX_PATH}:/home/loq/drivingcar_ws/install/self_driving_car_pkg:/home/loq/bumperbot_ws/install/bumperbot_py_example:/home/loq/roboracer_ws/install/roboracer_yolov8_detector:/home/loq/roboracer_ws/install/roboracer_py:/home/loq/ros2_action_ws/install/lifecycle_py:/home/loq/ros2_action_ws/install/action_py:/opt/ros/humble /usr/bin/cmake --build /home/loq/roboracer_ws/build/roboracer_localization -- -j8 -l8
[0.622s] Invoking command in '/home/loq/roboracer_ws/build/roboracer_localization': CMAKE_PREFIX_PATH=${CMAKE_PREFIX_PATH}:/home/loq/drivingcar_ws/install/self_driving_car_pkg:/home/loq/bumperbot_ws/install/bumperbot_py_example:/home/loq/roboracer_ws/install/roboracer_yolov8_detector:/home/loq/roboracer_ws/install/roboracer_py:/home/loq/ros2_action_ws/install/lifecycle_py:/home/loq/ros2_action_ws/install/action_py:/opt/ros/humble /usr/bin/cmake --install /home/loq/roboracer_ws/build/roboracer_localization
[0.637s] -- Install configuration: ""
[0.637s] -- Execute custom install script
[0.637s] -- Up-to-date symlink: /home/loq/roboracer_ws/install/roboracer_localization/lib//roboracer_localization/__init__.py
[0.637s] -- Up-to-date symlink: /home/loq/roboracer_ws/install/roboracer_localization/share/roboracer_localization/launch/local_localization.launch.py
[0.637s] -- Up-to-date symlink: /home/loq/roboracer_ws/install/roboracer_localization/share/ament_index/resource_index/package_run_dependencies/roboracer_localization
[0.637s] -- Up-to-date symlink: /home/loq/roboracer_ws/install/roboracer_localization/share/ament_index/resource_index/parent_prefix_path/roboracer_localization
[0.638s] -- Up-to-date symlink: /home/loq/roboracer_ws/install/roboracer_localization/share/roboracer_localization/environment/ament_prefix_path.sh
[0.638s] -- Up-to-date symlink: /home/loq/roboracer_ws/install/roboracer_localization/share/roboracer_localization/environment/ament_prefix_path.dsv
[0.639s] -- Up-to-date symlink: /home/loq/roboracer_ws/install/roboracer_localization/share/roboracer_localization/environment/path.sh
[0.639s] -- Up-to-date symlink: /home/loq/roboracer_ws/install/roboracer_localization/share/roboracer_localization/environment/path.dsv
[0.639s] -- Up-to-date symlink: /home/loq/roboracer_ws/install/roboracer_localization/share/roboracer_localization/local_setup.bash
[0.641s] -- Up-to-date symlink: /home/loq/roboracer_ws/install/roboracer_localization/share/roboracer_localization/local_setup.sh
[0.641s] -- Up-to-date symlink: /home/loq/roboracer_ws/install/roboracer_localization/share/roboracer_localization/local_setup.zsh
[0.641s] -- Up-to-date symlink: /home/loq/roboracer_ws/install/roboracer_localization/share/roboracer_localization/local_setup.dsv
[0.641s] -- Symlinking: /home/loq/roboracer_ws/install/roboracer_localization/share/roboracer_localization/package.dsv
[0.655s] -- Up-to-date symlink: /home/loq/roboracer_ws/install/roboracer_localization/share/ament_index/resource_index/packages/roboracer_localization
[0.658s] -- Up-to-date symlink: /home/loq/roboracer_ws/install/roboracer_localization/share/roboracer_localization/cmake/roboracer_localizationConfig.cmake
[0.660s] -- Up-to-date symlink: /home/loq/roboracer_ws/install/roboracer_localization/share/roboracer_localization/cmake/roboracer_localizationConfig-version.cmake
[0.661s] -- Up-to-date symlink: /home/loq/roboracer_ws/install/roboracer_localization/share/roboracer_localization/package.xml
[0.663s] Invoked command in '/home/loq/roboracer_ws/build/roboracer_localization' returned '0': CMAKE_PREFIX_PATH=${CMAKE_PREFIX_PATH}:/home/loq/drivingcar_ws/install/self_driving_car_pkg:/home/loq/bumperbot_ws/install/bumperbot_py_example:/home/loq/roboracer_ws/install/roboracer_yolov8_detector:/home/loq/roboracer_ws/install/roboracer_py:/home/loq/ros2_action_ws/install/lifecycle_py:/home/loq/ros2_action_ws/install/action_py:/opt/ros/humble /usr/bin/cmake --install /home/loq/roboracer_ws/build/roboracer_localization
