[0mCMake Deprecation Warning at CMakeLists.txt:1 (cmake_minimum_required):
  Compatibility with CMake < 3.10 will be removed from a future version of
  CMake.

  Update the VERSION argument <min> value.  Or, use the <min>...<max> syntax
  to tell CMake that the project requires at least <min> but has been updated
  to work with policies introduced by <max> or earlier.

[0m
-- Found ament_cmake_auto: 1.3.11 (/opt/ros/humble/share/ament_cmake_auto/cmake)
-- Found rosidl_generator_c: 3.1.6 (/opt/ros/humble/share/rosidl_generator_c/cmake)
-- Found rosidl_adapter: 3.1.6 (/opt/ros/humble/share/rosidl_adapter/cmake)
-- Found rosidl_generator_cpp: 3.1.6 (/opt/ros/humble/share/rosidl_generator_cpp/cmake)
-- Using all available rosidl_typesupport_c: rosidl_typesupport_fastrtps_c;rosidl_typesupport_introspection_c
-- Using all available rosidl_typesupport_cpp: rosidl_typesupport_fastrtps_cpp;rosidl_typesupport_introspection_cpp
-- Found rmw_implementation_cmake: 6.1.2 (/opt/ros/humble/share/rmw_implementation_cmake/cmake)
-- Found rmw_fastrtps_cpp: 6.2.7 (/opt/ros/humble/share/rmw_fastrtps_cpp/cmake)
-- Using RMW implementation 'rmw_fastrtps_cpp' as default
-- Found asio_cmake_module: 1.2.0 (/home/dev/roboracer_ws/install/asio_cmake_module/share/asio_cmake_module/cmake)
-- Found ASIO: /usr/include
-- Found ament_lint_auto: 0.12.12 (/opt/ros/humble/share/ament_lint_auto/cmake)
-- Added test 'copyright' to check source files copyright and LICENSE
-- Added test 'cppcheck' to perform static code analysis on C / C++ code
-- Configured cppcheck include dirs: /home/dev/roboracer_ws/src/vesc/vesc_driver/include
-- Configured cppcheck exclude dirs and/or files: 
-- Added test 'cpplint' to check C / C++ code against the Google style
-- Configured cpplint exclude dirs and/or files: 
-- Added test 'flake8' to check Python code syntax and style conventions
-- Added test 'lint_cmake' to check CMake code style
-- Added test 'pep257' to check Python code against some of the docstring style conventions in PEP 257
-- Added test 'uncrustify' to check C / C++ code style
-- Configured uncrustify additional arguments: 
-- Added test 'xmllint' to check XML markup files
-- Configuring done (0.7s)
-- Generating done (0.0s)
-- Build files have been written to: /home/dev/roboracer_ws/build/vesc_driver
[ 20%] Built target vesc_driver_node
[ 30%] [32mBuilding CXX object CMakeFiles/vesc_driver.dir/src/vesc_interface.cpp.o[0m
[ 40%] [32mBuilding CXX object CMakeFiles/vesc_driver.dir/src/vesc_packet.cpp.o[0m
[ 60%] [32mBuilding CXX object CMakeFiles/vesc_driver.dir/src/vesc_driver.cpp.o[0m
[ 60%] [32mBuilding CXX object CMakeFiles/vesc_driver.dir/src/vesc_packet_factory.cpp.o[0m
[ 70%] [32m[1mLinking CXX shared library libvesc_driver.so[0m
[ 70%] Built target vesc_driver
[ 90%] [32mBuilding CXX object CMakeFiles/vesc_device_namer.dir/src/vesc_device_namer.cpp.o[0m
[ 90%] [32mBuilding CXX object CMakeFiles/vesc_device_namer.dir/src/vesc_device_uuid_lookup.cpp.o[0m
[100%] [32m[1mLinking CXX executable vesc_device_namer[0m
[100%] Built target vesc_device_namer
-- Install configuration: ""
-- Installing: /home/dev/roboracer_ws/install/vesc_driver/lib/vesc_driver/vesc_driver_node
-- Set non-toolchain portion of runtime path of "/home/dev/roboracer_ws/install/vesc_driver/lib/vesc_driver/vesc_driver_node" to ""
-- Installing: /home/dev/roboracer_ws/install/vesc_driver/include
-- Installing: /home/dev/roboracer_ws/install/vesc_driver/include/vesc_driver
-- Installing: /home/dev/roboracer_ws/install/vesc_driver/include/vesc_driver/crc.hpp
-- Installing: /home/dev/roboracer_ws/install/vesc_driver/include/vesc_driver/datatypes.hpp
-- Installing: /home/dev/roboracer_ws/install/vesc_driver/include/vesc_driver/vesc_packet.hpp
-- Installing: /home/dev/roboracer_ws/install/vesc_driver/include/vesc_driver/vesc_packet_factory.hpp
-- Installing: /home/dev/roboracer_ws/install/vesc_driver/include/vesc_driver/vesc_driver.hpp
-- Installing: /home/dev/roboracer_ws/install/vesc_driver/include/vesc_driver/vesc_interface.hpp
-- Installing: /home/dev/roboracer_ws/install/vesc_driver/include/vesc_driver/vesc_device_uuid_lookup.hpp
-- Installing: /home/dev/roboracer_ws/install/vesc_driver/share/vesc_driver/environment/library_path.sh
-- Installing: /home/dev/roboracer_ws/install/vesc_driver/share/vesc_driver/environment/library_path.dsv
-- Installing: /home/dev/roboracer_ws/install/vesc_driver/lib/libvesc_driver.so
-- Set non-toolchain portion of runtime path of "/home/dev/roboracer_ws/install/vesc_driver/lib/libvesc_driver.so" to ""
-- Installing: /home/dev/roboracer_ws/install/vesc_driver/lib/vesc_driver/vesc_device_namer
-- Set non-toolchain portion of runtime path of "/home/dev/roboracer_ws/install/vesc_driver/lib/vesc_driver/vesc_device_namer" to ""
-- Installing: /home/dev/roboracer_ws/install/vesc_driver/share/vesc_driver/launch
-- Installing: /home/dev/roboracer_ws/install/vesc_driver/share/vesc_driver/launch/vesc_driver_node.launch.py
-- Installing: /home/dev/roboracer_ws/install/vesc_driver/share/vesc_driver/params
-- Installing: /home/dev/roboracer_ws/install/vesc_driver/share/vesc_driver/params/vesc_config.yaml
-- Installing: /home/dev/roboracer_ws/install/vesc_driver/share/ament_index/resource_index/package_run_dependencies/vesc_driver
-- Installing: /home/dev/roboracer_ws/install/vesc_driver/share/ament_index/resource_index/parent_prefix_path/vesc_driver
-- Installing: /home/dev/roboracer_ws/install/vesc_driver/share/vesc_driver/environment/ament_prefix_path.sh
-- Installing: /home/dev/roboracer_ws/install/vesc_driver/share/vesc_driver/environment/ament_prefix_path.dsv
-- Installing: /home/dev/roboracer_ws/install/vesc_driver/share/vesc_driver/environment/path.sh
-- Installing: /home/dev/roboracer_ws/install/vesc_driver/share/vesc_driver/environment/path.dsv
-- Installing: /home/dev/roboracer_ws/install/vesc_driver/share/vesc_driver/local_setup.bash
-- Installing: /home/dev/roboracer_ws/install/vesc_driver/share/vesc_driver/local_setup.sh
-- Installing: /home/dev/roboracer_ws/install/vesc_driver/share/vesc_driver/local_setup.zsh
-- Installing: /home/dev/roboracer_ws/install/vesc_driver/share/vesc_driver/local_setup.dsv
-- Installing: /home/dev/roboracer_ws/install/vesc_driver/share/vesc_driver/package.dsv
-- Installing: /home/dev/roboracer_ws/install/vesc_driver/share/ament_index/resource_index/packages/vesc_driver
-- Installing: /home/dev/roboracer_ws/install/vesc_driver/share/ament_index/resource_index/rclcpp_components/vesc_driver
-- Installing: /home/dev/roboracer_ws/install/vesc_driver/share/vesc_driver/cmake/ament_cmake_export_dependencies-extras.cmake
-- Installing: /home/dev/roboracer_ws/install/vesc_driver/share/vesc_driver/cmake/ament_cmake_export_include_directories-extras.cmake
-- Installing: /home/dev/roboracer_ws/install/vesc_driver/share/vesc_driver/cmake/ament_cmake_export_libraries-extras.cmake
-- Installing: /home/dev/roboracer_ws/install/vesc_driver/share/vesc_driver/cmake/vesc_driverConfig.cmake
-- Installing: /home/dev/roboracer_ws/install/vesc_driver/share/vesc_driver/cmake/vesc_driverConfig-version.cmake
-- Installing: /home/dev/roboracer_ws/install/vesc_driver/share/vesc_driver/package.xml
