[0mCMake Deprecation Warning at CMakeLists.txt:1 (cmake_minimum_required):
  Compatibility with CMake < 3.10 will be removed from a future version of
  CMake.

  Update the VERSION argument <min> value.  Or, use the <min>...<max> syntax
  to tell CMake that the project requires at least <min> but has been updated
  to work with policies introduced by <max> or earlier.

[0m
-- The C compiler identification is GNU 11.4.0
-- The CXX compiler identification is GNU 11.4.0
-- Detecting C compiler ABI info
-- Detecting C compiler ABI info - done
-- Check for working C compiler: /usr/bin/cc - skipped
-- Detecting C compile features
-- Detecting C compile features - done
-- Detecting CXX compiler ABI info
-- Detecting CXX compiler ABI info - done
-- Check for working CXX compiler: /usr/bin/c++ - skipped
-- Detecting CXX compile features
-- Detecting CXX compile features - done
-- Found ament_cmake: 1.3.11 (/opt/ros/humble/share/ament_cmake/cmake)
-- Found Python3: /usr/bin/python3 (found version "3.10.12") found components: Interpreter
-- Found rclcpp: 16.0.12 (/opt/ros/humble/share/rclcpp/cmake)
-- Found rosidl_generator_c: 3.1.6 (/opt/ros/humble/share/rosidl_generator_c/cmake)
-- Found rosidl_adapter: 3.1.6 (/opt/ros/humble/share/rosidl_adapter/cmake)
-- Found rosidl_generator_cpp: 3.1.6 (/opt/ros/humble/share/rosidl_generator_cpp/cmake)
-- Using all available rosidl_typesupport_c: rosidl_typesupport_fastrtps_c;rosidl_typesupport_introspection_c
-- Using all available rosidl_typesupport_cpp: rosidl_typesupport_fastrtps_cpp;rosidl_typesupport_introspection_cpp
-- Found rmw_implementation_cmake: 6.1.2 (/opt/ros/humble/share/rmw_implementation_cmake/cmake)
-- Found rmw_fastrtps_cpp: 6.2.7 (/opt/ros/humble/share/rmw_fastrtps_cpp/cmake)
-- Found OpenSSL: /usr/lib/x86_64-linux-gnu/libcrypto.so (found version "3.0.2")
-- Found FastRTPS: /opt/ros/humble/include
-- Using RMW implementation 'rmw_fastrtps_cpp' as default
-- Performing Test CMAKE_HAVE_LIBC_PTHREAD
-- Performing Test CMAKE_HAVE_LIBC_PTHREAD - Success
-- Found Threads: TRUE
-- Found geometry_msgs: 4.9.0 (/opt/ros/humble/share/geometry_msgs/cmake)
-- Found nav_msgs: 4.9.0 (/opt/ros/humble/share/nav_msgs/cmake)
-- Found ackermann_msgs: 2.0.2 (/opt/ros/humble/share/ackermann_msgs/cmake)
-- Found sensor_msgs: 4.9.0 (/opt/ros/humble/share/sensor_msgs/cmake)
-- Found visualization_msgs: 4.9.0 (/opt/ros/humble/share/visualization_msgs/cmake)
-- Found tf2: 0.25.13 (/opt/ros/humble/share/tf2/cmake)
-- Found tf2_ros: 0.25.13 (/opt/ros/humble/share/tf2_ros/cmake)
-- Found tf2_geometry_msgs: 0.25.13 (/opt/ros/humble/share/tf2_geometry_msgs/cmake)
-- Found eigen3_cmake_module: 0.1.1 (/opt/ros/humble/share/eigen3_cmake_module/cmake)
-- Found Eigen3: TRUE (found version "3.4.0")
-- Ensuring Eigen3 include directory is part of orocos-kdl CMake target
-- Configuring done (2.0s)
-- Generating done (0.0s)
-- Build files have been written to: /home/dev/roboracer_ws/build/pure_pursuit
[ 25%] [32mBuilding CXX object CMakeFiles/pure_pursuit.dir/src/pure_pursuit.cpp.o[0m
[ 50%] [32mBuilding CXX object CMakeFiles/waypoint_visualizer.dir/src/waypoint_visualizer.cpp.o[0m
In file included from [01m[K/opt/ros/humble/include/rclcpp/rclcpp/logging.hpp:24[m[K,
                 from [01m[K/opt/ros/humble/include/rclcpp/rclcpp/client.hpp:40[m[K,
                 from [01m[K/opt/ros/humble/include/rclcpp/rclcpp/callback_group.hpp:24[m[K,
                 from [01m[K/opt/ros/humble/include/rclcpp/rclcpp/any_executable.hpp:20[m[K,
                 from [01m[K/opt/ros/humble/include/rclcpp/rclcpp/memory_strategy.hpp:25[m[K,
                 from [01m[K/opt/ros/humble/include/rclcpp/rclcpp/memory_strategies.hpp:18[m[K,
                 from [01m[K/opt/ros/humble/include/rclcpp/rclcpp/executor_options.hpp:20[m[K,
                 from [01m[K/opt/ros/humble/include/rclcpp/rclcpp/executor.hpp:37[m[K,
                 from [01m[K/opt/ros/humble/include/rclcpp/rclcpp/executors/multi_threaded_executor.hpp:25[m[K,
                 from [01m[K/opt/ros/humble/include/rclcpp/rclcpp/executors.hpp:21[m[K,
                 from [01m[K/opt/ros/humble/include/rclcpp/rclcpp/rclcpp.hpp:155[m[K,
                 from [01m[K/opt/ros/humble/include/tf2_ros/tf2_ros/buffer_interface.h:48[m[K,
                 from [01m[K/opt/ros/humble/include/tf2_ros/tf2_ros/buffer.h:42[m[K,
                 from [01m[K/home/dev/roboracer_ws/src/pure_pursuit/include/pure_pursuit.hpp:6[m[K,
                 from [01m[K/home/dev/roboracer_ws/src/pure_pursuit/src/pure_pursuit.cpp:1[m[K:
[01m[K/home/dev/roboracer_ws/src/pure_pursuit/src/pure_pursuit.cpp:[m[K In member function ‘[01m[Kvoid PurePursuit::load_waypoints()[m[K’:
[01m[K/home/dev/roboracer_ws/src/pure_pursuit/src/pure_pursuit.cpp:91:42:[m[K [01;35m[Kwarning: [m[Kformat ‘[01m[K%s[m[K’ expects argument of type ‘[01m[Kchar*[m[K’, but argument 5 has type ‘[01m[Kstd::string[m[K’ {aka ‘[01m[Kstd::__cxx11::basic_string<char>[m[K’} [[01;35m[K-Wformat=[m[K]
   91 |         RCLCPP_ERROR(this->get_logger(), [01;35m[K"Cannot Open CSV File: %s"[m[K, waypoints_path);
      |                                          [01;35m[K^~~~~~~~~~~~~~~~~~~~~~~~~~[m[K
[01m[K/home/dev/roboracer_ws/src/pure_pursuit/src/pure_pursuit.cpp:91:66:[m[K [01;36m[Knote: [m[Kformat string is defined here
   91 |         RCLCPP_ERROR(this->get_logger(), "Cannot Open CSV File: [01;36m[K%s[m[K", waypoints_path);
      |                                                                 [01;36m[K~^[m[K
      |                                                                  [01;36m[K|[m[K
      |                                                                  [01;36m[Kchar*[m[K
In file included from [01m[K/opt/ros/humble/include/rclcpp/rclcpp/logging.hpp:24[m[K,
                 from [01m[K/opt/ros/humble/include/rclcpp/rclcpp/client.hpp:40[m[K,
                 from [01m[K/opt/ros/humble/include/rclcpp/rclcpp/callback_group.hpp:24[m[K,
                 from [01m[K/opt/ros/humble/include/rclcpp/rclcpp/any_executable.hpp:20[m[K,
                 from [01m[K/opt/ros/humble/include/rclcpp/rclcpp/memory_strategy.hpp:25[m[K,
                 from [01m[K/opt/ros/humble/include/rclcpp/rclcpp/memory_strategies.hpp:18[m[K,
                 from [01m[K/opt/ros/humble/include/rclcpp/rclcpp/executor_options.hpp:20[m[K,
                 from [01m[K/opt/ros/humble/include/rclcpp/rclcpp/executor.hpp:37[m[K,
                 from [01m[K/opt/ros/humble/include/rclcpp/rclcpp/executors/multi_threaded_executor.hpp:25[m[K,
                 from [01m[K/opt/ros/humble/include/rclcpp/rclcpp/executors.hpp:21[m[K,
                 from [01m[K/opt/ros/humble/include/rclcpp/rclcpp/rclcpp.hpp:155[m[K,
                 from [01m[K/opt/ros/humble/include/tf2_ros/tf2_ros/buffer_interface.h:48[m[K,
                 from [01m[K/opt/ros/humble/include/tf2_ros/tf2_ros/buffer.h:42[m[K,
                 from [01m[K/home/dev/roboracer_ws/src/pure_pursuit/include/pure_pursuit.hpp:6[m[K,
                 from [01m[K/home/dev/roboracer_ws/src/pure_pursuit/src/pure_pursuit.cpp:1[m[K:
[01m[K/home/dev/roboracer_ws/src/pure_pursuit/src/pure_pursuit.cpp:121:37:[m[K [01;35m[Kwarning: [m[Kformat ‘[01m[K%s[m[K’ expects argument of type ‘[01m[Kchar*[m[K’, but argument 6 has type ‘[01m[Kstd::string[m[K’ {aka ‘[01m[Kstd::__cxx11::basic_string<char>[m[K’} [[01;35m[K-Wformat=[m[K]
  121 |     RCLCPP_INFO(this->get_logger(), [01;35m[K"Finished loading %d waypoints from %s"[m[K, num_waypoints, waypoints_path);
      |                                     [01;35m[K^~~~~~~~~~~~~~~~~~~~~~~~~~~~~~~~~~~~~~~[m[K
[01m[K/home/dev/roboracer_ws/src/pure_pursuit/src/pure_pursuit.cpp:121:74:[m[K [01;36m[Knote: [m[Kformat string is defined here
  121 |     RCLCPP_INFO(this->get_logger(), "Finished loading %d waypoints from [01;36m[K%s[m[K", num_waypoints, waypoints_path);
      |                                                                         [01;36m[K~^[m[K
      |                                                                          [01;36m[K|[m[K
      |                                                                          [01;36m[Kchar*[m[K
[ 75%] [32m[1mLinking CXX executable waypoint_visualizer[0m
[ 75%] Built target waypoint_visualizer
[100%] [32m[1mLinking CXX executable pure_pursuit[0m
[100%] Built target pure_pursuit
-- Install configuration: ""
-- Installing: /home/dev/roboracer_ws/install/pure_pursuit/lib/pure_pursuit/pure_pursuit
-- Set non-toolchain portion of runtime path of "/home/dev/roboracer_ws/install/pure_pursuit/lib/pure_pursuit/pure_pursuit" to ""
-- Installing: /home/dev/roboracer_ws/install/pure_pursuit/lib/pure_pursuit/waypoint_visualizer
-- Set non-toolchain portion of runtime path of "/home/dev/roboracer_ws/install/pure_pursuit/lib/pure_pursuit/waypoint_visualizer" to ""
-- Installing: /home/dev/roboracer_ws/install/pure_pursuit/share/pure_pursuit/launch
-- Installing: /home/dev/roboracer_ws/install/pure_pursuit/share/pure_pursuit/launch/slam_toolbox.launch.py
-- Installing: /home/dev/roboracer_ws/install/pure_pursuit/share/pure_pursuit/launch/sim_pure_pursuit.rviz
-- Installing: /home/dev/roboracer_ws/install/pure_pursuit/share/pure_pursuit/launch/sim_pure_pursuit_launch.py
-- Installing: /home/dev/roboracer_ws/install/pure_pursuit/share/pure_pursuit/config
-- Installing: /home/dev/roboracer_ws/install/pure_pursuit/share/pure_pursuit/config/sim_config.yaml
-- Installing: /home/dev/roboracer_ws/install/pure_pursuit/share/pure_pursuit/config/mapper_params_online_async.yaml
-- Installing: /home/dev/roboracer_ws/install/pure_pursuit/share/ament_index/resource_index/package_run_dependencies/pure_pursuit
-- Installing: /home/dev/roboracer_ws/install/pure_pursuit/share/ament_index/resource_index/parent_prefix_path/pure_pursuit
-- Installing: /home/dev/roboracer_ws/install/pure_pursuit/share/pure_pursuit/environment/ament_prefix_path.sh
-- Installing: /home/dev/roboracer_ws/install/pure_pursuit/share/pure_pursuit/environment/ament_prefix_path.dsv
-- Installing: /home/dev/roboracer_ws/install/pure_pursuit/share/pure_pursuit/environment/path.sh
-- Installing: /home/dev/roboracer_ws/install/pure_pursuit/share/pure_pursuit/environment/path.dsv
-- Installing: /home/dev/roboracer_ws/install/pure_pursuit/share/pure_pursuit/local_setup.bash
-- Installing: /home/dev/roboracer_ws/install/pure_pursuit/share/pure_pursuit/local_setup.sh
-- Installing: /home/dev/roboracer_ws/install/pure_pursuit/share/pure_pursuit/local_setup.zsh
-- Installing: /home/dev/roboracer_ws/install/pure_pursuit/share/pure_pursuit/local_setup.dsv
-- Installing: /home/dev/roboracer_ws/install/pure_pursuit/share/pure_pursuit/package.dsv
-- Installing: /home/dev/roboracer_ws/install/pure_pursuit/share/ament_index/resource_index/packages/pure_pursuit
-- Installing: /home/dev/roboracer_ws/install/pure_pursuit/share/pure_pursuit/cmake/pure_pursuitConfig.cmake
-- Installing: /home/dev/roboracer_ws/install/pure_pursuit/share/pure_pursuit/cmake/pure_pursuitConfig-version.cmake
-- Installing: /home/dev/roboracer_ws/install/pure_pursuit/share/pure_pursuit/package.xml
