[0.031s] Invoking command in '/home/dev/roboracer_ws/build/pure_pursuit': CMAKE_PREFIX_PATH=/opt/ros/humble /usr/local/bin/cmake /home/dev/roboracer_ws/src/pure_pursuit -DCMAKE_INSTALL_PREFIX=/home/dev/roboracer_ws/install/pure_pursuit
[0.344s] [0mCMake Deprecation Warning at CMakeLists.txt:1 (cmake_minimum_required):
[0.344s]   Compatibility with CMake < 3.10 will be removed from a future version of
[0.344s]   CMake.
[0.344s] 
[0.345s]   Update the VERSION argument <min> value.  Or, use the <min>...<max> syntax
[0.345s]   to tell CMake that the project requires at least <min> but has been updated
[0.345s]   to work with policies introduced by <max> or earlier.
[0.345s] 
[0.345s] [0m
[0.346s] -- The C compiler identification is GNU 11.4.0
[0.346s] -- The CXX compiler identification is GNU 11.4.0
[0.346s] -- Detecting C compiler ABI info
[0.346s] -- Detecting C compiler ABI info - done
[0.346s] -- Check for working C compiler: /usr/bin/cc - skipped
[0.347s] -- Detecting C compile features
[0.347s] -- Detecting C compile features - done
[0.357s] -- Detecting CXX compiler ABI info
[0.448s] -- Detecting CXX compiler ABI info - done
[0.481s] -- Check for working CXX compiler: /usr/bin/c++ - skipped
[0.481s] -- Detecting CXX compile features
[0.481s] -- Detecting CXX compile features - done
[0.496s] -- Found ament_cmake: 1.3.11 (/opt/ros/humble/share/ament_cmake/cmake)
[0.660s] -- Found Python3: /usr/bin/python3 (found version "3.10.12") found components: Interpreter
[0.819s] -- Found rclcpp: 16.0.12 (/opt/ros/humble/share/rclcpp/cmake)
[0.900s] -- Found rosidl_generator_c: 3.1.6 (/opt/ros/humble/share/rosidl_generator_c/cmake)
[0.911s] -- Found rosidl_adapter: 3.1.6 (/opt/ros/humble/share/rosidl_adapter/cmake)
[0.932s] -- Found rosidl_generator_cpp: 3.1.6 (/opt/ros/humble/share/rosidl_generator_cpp/cmake)
[0.952s] -- Using all available rosidl_typesupport_c: rosidl_typesupport_fastrtps_c;rosidl_typesupport_introspection_c
[0.983s] -- Using all available rosidl_typesupport_cpp: rosidl_typesupport_fastrtps_cpp;rosidl_typesupport_introspection_cpp
[1.077s] -- Found rmw_implementation_cmake: 6.1.2 (/opt/ros/humble/share/rmw_implementation_cmake/cmake)
[1.082s] -- Found rmw_fastrtps_cpp: 6.2.7 (/opt/ros/humble/share/rmw_fastrtps_cpp/cmake)
[1.239s] -- Found OpenSSL: /usr/lib/x86_64-linux-gnu/libcrypto.so (found version "3.0.2")
[1.305s] -- Found FastRTPS: /opt/ros/humble/include
[1.393s] -- Using RMW implementation 'rmw_fastrtps_cpp' as default
[1.411s] -- Performing Test CMAKE_HAVE_LIBC_PTHREAD
[1.490s] -- Performing Test CMAKE_HAVE_LIBC_PTHREAD - Success
[1.492s] -- Found Threads: TRUE
[1.597s] -- Found geometry_msgs: 4.9.0 (/opt/ros/humble/share/geometry_msgs/cmake)
[1.624s] -- Found nav_msgs: 4.9.0 (/opt/ros/humble/share/nav_msgs/cmake)
[1.662s] -- Found ackermann_msgs: 2.0.2 (/opt/ros/humble/share/ackermann_msgs/cmake)
[1.687s] -- Found sensor_msgs: 4.9.0 (/opt/ros/humble/share/sensor_msgs/cmake)
[1.734s] -- Found visualization_msgs: 4.9.0 (/opt/ros/humble/share/visualization_msgs/cmake)
[1.795s] -- Found tf2: 0.25.13 (/opt/ros/humble/share/tf2/cmake)
[1.818s] -- Found tf2_ros: 0.25.13 (/opt/ros/humble/share/tf2_ros/cmake)
[1.998s] -- Found tf2_geometry_msgs: 0.25.13 (/opt/ros/humble/share/tf2_geometry_msgs/cmake)
[2.047s] -- Found eigen3_cmake_module: 0.1.1 (/opt/ros/humble/share/eigen3_cmake_module/cmake)
[2.049s] -- Found Eigen3: TRUE (found version "3.4.0")
[2.049s] -- Ensuring Eigen3 include directory is part of orocos-kdl CMake target
[2.140s] -- Configuring done (2.0s)
[2.179s] -- Generating done (0.0s)
[2.185s] -- Build files have been written to: /home/dev/roboracer_ws/build/pure_pursuit
[2.205s] Invoked command in '/home/dev/roboracer_ws/build/pure_pursuit' returned '0': CMAKE_PREFIX_PATH=/opt/ros/humble /usr/local/bin/cmake /home/dev/roboracer_ws/src/pure_pursuit -DCMAKE_INSTALL_PREFIX=/home/dev/roboracer_ws/install/pure_pursuit
[2.206s] Invoking command in '/home/dev/roboracer_ws/build/pure_pursuit': CMAKE_PREFIX_PATH=/opt/ros/humble /usr/local/bin/cmake --build /home/dev/roboracer_ws/build/pure_pursuit -- -j8 -l8
[2.361s] [ 25%] [32mBuilding CXX object CMakeFiles/pure_pursuit.dir/src/pure_pursuit.cpp.o[0m
[2.367s] [ 50%] [32mBuilding CXX object CMakeFiles/waypoint_visualizer.dir/src/waypoint_visualizer.cpp.o[0m
[6.204s] In file included from [01m[K/opt/ros/humble/include/rclcpp/rclcpp/logging.hpp:24[m[K,
[6.204s]                  from [01m[K/opt/ros/humble/include/rclcpp/rclcpp/client.hpp:40[m[K,
[6.204s]                  from [01m[K/opt/ros/humble/include/rclcpp/rclcpp/callback_group.hpp:24[m[K,
[6.204s]                  from [01m[K/opt/ros/humble/include/rclcpp/rclcpp/any_executable.hpp:20[m[K,
[6.204s]                  from [01m[K/opt/ros/humble/include/rclcpp/rclcpp/memory_strategy.hpp:25[m[K,
[6.204s]                  from [01m[K/opt/ros/humble/include/rclcpp/rclcpp/memory_strategies.hpp:18[m[K,
[6.204s]                  from [01m[K/opt/ros/humble/include/rclcpp/rclcpp/executor_options.hpp:20[m[K,
[6.205s]                  from [01m[K/opt/ros/humble/include/rclcpp/rclcpp/executor.hpp:37[m[K,
[6.205s]                  from [01m[K/opt/ros/humble/include/rclcpp/rclcpp/executors/multi_threaded_executor.hpp:25[m[K,
[6.205s]                  from [01m[K/opt/ros/humble/include/rclcpp/rclcpp/executors.hpp:21[m[K,
[6.205s]                  from [01m[K/opt/ros/humble/include/rclcpp/rclcpp/rclcpp.hpp:155[m[K,
[6.205s]                  from [01m[K/opt/ros/humble/include/tf2_ros/tf2_ros/buffer_interface.h:48[m[K,
[6.205s]                  from [01m[K/opt/ros/humble/include/tf2_ros/tf2_ros/buffer.h:42[m[K,
[6.205s]                  from [01m[K/home/dev/roboracer_ws/src/pure_pursuit/include/pure_pursuit.hpp:6[m[K,
[6.205s]                  from [01m[K/home/dev/roboracer_ws/src/pure_pursuit/src/pure_pursuit.cpp:1[m[K:
[6.205s] [01m[K/home/dev/roboracer_ws/src/pure_pursuit/src/pure_pursuit.cpp:[m[K In member function ‘[01m[Kvoid PurePursuit::load_waypoints()[m[K’:
[6.205s] [01m[K/home/dev/roboracer_ws/src/pure_pursuit/src/pure_pursuit.cpp:91:42:[m[K [01;35m[Kwarning: [m[Kformat ‘[01m[K%s[m[K’ expects argument of type ‘[01m[Kchar*[m[K’, but argument 5 has type ‘[01m[Kstd::string[m[K’ {aka ‘[01m[Kstd::__cxx11::basic_string<char>[m[K’} [[01;35m[K-Wformat=[m[K]
[6.205s]    91 |         RCLCPP_ERROR(this->get_logger(), [01;35m[K"Cannot Open CSV File: %s"[m[K, waypoints_path);
[6.206s]       |                                          [01;35m[K^~~~~~~~~~~~~~~~~~~~~~~~~~[m[K
[6.206s] [01m[K/home/dev/roboracer_ws/src/pure_pursuit/src/pure_pursuit.cpp:91:66:[m[K [01;36m[Knote: [m[Kformat string is defined here
[6.206s]    91 |         RCLCPP_ERROR(this->get_logger(), "Cannot Open CSV File: [01;36m[K%s[m[K", waypoints_path);
[6.206s]       |                                                                 [01;36m[K~^[m[K
[6.206s]       |                                                                  [01;36m[K|[m[K
[6.206s]       |                                                                  [01;36m[Kchar*[m[K
[6.206s] In file included from [01m[K/opt/ros/humble/include/rclcpp/rclcpp/logging.hpp:24[m[K,
[6.206s]                  from [01m[K/opt/ros/humble/include/rclcpp/rclcpp/client.hpp:40[m[K,
[6.206s]                  from [01m[K/opt/ros/humble/include/rclcpp/rclcpp/callback_group.hpp:24[m[K,
[6.206s]                  from [01m[K/opt/ros/humble/include/rclcpp/rclcpp/any_executable.hpp:20[m[K,
[6.206s]                  from [01m[K/opt/ros/humble/include/rclcpp/rclcpp/memory_strategy.hpp:25[m[K,
[6.206s]                  from [01m[K/opt/ros/humble/include/rclcpp/rclcpp/memory_strategies.hpp:18[m[K,
[6.206s]                  from [01m[K/opt/ros/humble/include/rclcpp/rclcpp/executor_options.hpp:20[m[K,
[6.206s]                  from [01m[K/opt/ros/humble/include/rclcpp/rclcpp/executor.hpp:37[m[K,
[6.207s]                  from [01m[K/opt/ros/humble/include/rclcpp/rclcpp/executors/multi_threaded_executor.hpp:25[m[K,
[6.207s]                  from [01m[K/opt/ros/humble/include/rclcpp/rclcpp/executors.hpp:21[m[K,
[6.207s]                  from [01m[K/opt/ros/humble/include/rclcpp/rclcpp/rclcpp.hpp:155[m[K,
[6.207s]                  from [01m[K/opt/ros/humble/include/tf2_ros/tf2_ros/buffer_interface.h:48[m[K,
[6.207s]                  from [01m[K/opt/ros/humble/include/tf2_ros/tf2_ros/buffer.h:42[m[K,
[6.207s]                  from [01m[K/home/dev/roboracer_ws/src/pure_pursuit/include/pure_pursuit.hpp:6[m[K,
[6.207s]                  from [01m[K/home/dev/roboracer_ws/src/pure_pursuit/src/pure_pursuit.cpp:1[m[K:
[6.207s] [01m[K/home/dev/roboracer_ws/src/pure_pursuit/src/pure_pursuit.cpp:121:37:[m[K [01;35m[Kwarning: [m[Kformat ‘[01m[K%s[m[K’ expects argument of type ‘[01m[Kchar*[m[K’, but argument 6 has type ‘[01m[Kstd::string[m[K’ {aka ‘[01m[Kstd::__cxx11::basic_string<char>[m[K’} [[01;35m[K-Wformat=[m[K]
[6.207s]   121 |     RCLCPP_INFO(this->get_logger(), [01;35m[K"Finished loading %d waypoints from %s"[m[K, num_waypoints, waypoints_path);
[6.207s]       |                                     [01;35m[K^~~~~~~~~~~~~~~~~~~~~~~~~~~~~~~~~~~~~~~[m[K
[6.207s] [01m[K/home/dev/roboracer_ws/src/pure_pursuit/src/pure_pursuit.cpp:121:74:[m[K [01;36m[Knote: [m[Kformat string is defined here
[6.207s]   121 |     RCLCPP_INFO(this->get_logger(), "Finished loading %d waypoints from [01;36m[K%s[m[K", num_waypoints, waypoints_path);
[6.207s]       |                                                                         [01;36m[K~^[m[K
[6.207s]       |                                                                          [01;36m[K|[m[K
[6.208s]       |                                                                          [01;36m[Kchar*[m[K
[6.745s] [ 75%] [32m[1mLinking CXX executable waypoint_visualizer[0m
[6.928s] [ 75%] Built target waypoint_visualizer
[12.150s] [100%] [32m[1mLinking CXX executable pure_pursuit[0m
[12.698s] [100%] Built target pure_pursuit
[12.703s] Invoked command in '/home/dev/roboracer_ws/build/pure_pursuit' returned '0': CMAKE_PREFIX_PATH=/opt/ros/humble /usr/local/bin/cmake --build /home/dev/roboracer_ws/build/pure_pursuit -- -j8 -l8
[12.716s] Invoking command in '/home/dev/roboracer_ws/build/pure_pursuit': CMAKE_PREFIX_PATH=/opt/ros/humble /usr/local/bin/cmake --install /home/dev/roboracer_ws/build/pure_pursuit
[12.799s] -- Install configuration: ""
[12.799s] -- Installing: /home/dev/roboracer_ws/install/pure_pursuit/lib/pure_pursuit/pure_pursuit
[12.803s] -- Set non-toolchain portion of runtime path of "/home/dev/roboracer_ws/install/pure_pursuit/lib/pure_pursuit/pure_pursuit" to ""
[12.803s] -- Installing: /home/dev/roboracer_ws/install/pure_pursuit/lib/pure_pursuit/waypoint_visualizer
[12.805s] -- Set non-toolchain portion of runtime path of "/home/dev/roboracer_ws/install/pure_pursuit/lib/pure_pursuit/waypoint_visualizer" to ""
[12.805s] -- Installing: /home/dev/roboracer_ws/install/pure_pursuit/share/pure_pursuit/launch
[12.805s] -- Installing: /home/dev/roboracer_ws/install/pure_pursuit/share/pure_pursuit/launch/slam_toolbox.launch.py
[12.805s] -- Installing: /home/dev/roboracer_ws/install/pure_pursuit/share/pure_pursuit/launch/sim_pure_pursuit.rviz
[12.805s] -- Installing: /home/dev/roboracer_ws/install/pure_pursuit/share/pure_pursuit/launch/sim_pure_pursuit_launch.py
[12.806s] -- Installing: /home/dev/roboracer_ws/install/pure_pursuit/share/pure_pursuit/config
[12.806s] -- Installing: /home/dev/roboracer_ws/install/pure_pursuit/share/pure_pursuit/config/sim_config.yaml
[12.806s] -- Installing: /home/dev/roboracer_ws/install/pure_pursuit/share/pure_pursuit/config/mapper_params_online_async.yaml
[12.806s] -- Installing: /home/dev/roboracer_ws/install/pure_pursuit/share/ament_index/resource_index/package_run_dependencies/pure_pursuit
[12.806s] -- Installing: /home/dev/roboracer_ws/install/pure_pursuit/share/ament_index/resource_index/parent_prefix_path/pure_pursuit
[12.807s] -- Installing: /home/dev/roboracer_ws/install/pure_pursuit/share/pure_pursuit/environment/ament_prefix_path.sh
[12.807s] -- Installing: /home/dev/roboracer_ws/install/pure_pursuit/share/pure_pursuit/environment/ament_prefix_path.dsv
[12.807s] -- Installing: /home/dev/roboracer_ws/install/pure_pursuit/share/pure_pursuit/environment/path.sh
[12.808s] -- Installing: /home/dev/roboracer_ws/install/pure_pursuit/share/pure_pursuit/environment/path.dsv
[12.808s] -- Installing: /home/dev/roboracer_ws/install/pure_pursuit/share/pure_pursuit/local_setup.bash
[12.808s] -- Installing: /home/dev/roboracer_ws/install/pure_pursuit/share/pure_pursuit/local_setup.sh
[12.808s] -- Installing: /home/dev/roboracer_ws/install/pure_pursuit/share/pure_pursuit/local_setup.zsh
[12.808s] -- Installing: /home/dev/roboracer_ws/install/pure_pursuit/share/pure_pursuit/local_setup.dsv
[12.808s] -- Installing: /home/dev/roboracer_ws/install/pure_pursuit/share/pure_pursuit/package.dsv
[12.809s] -- Installing: /home/dev/roboracer_ws/install/pure_pursuit/share/ament_index/resource_index/packages/pure_pursuit
[12.809s] -- Installing: /home/dev/roboracer_ws/install/pure_pursuit/share/pure_pursuit/cmake/pure_pursuitConfig.cmake
[12.809s] -- Installing: /home/dev/roboracer_ws/install/pure_pursuit/share/pure_pursuit/cmake/pure_pursuitConfig-version.cmake
[12.809s] -- Installing: /home/dev/roboracer_ws/install/pure_pursuit/share/pure_pursuit/package.xml
[12.811s] Invoked command in '/home/dev/roboracer_ws/build/pure_pursuit' returned '0': CMAKE_PREFIX_PATH=/opt/ros/humble /usr/local/bin/cmake --install /home/dev/roboracer_ws/build/pure_pursuit
