[0.602s] Invoking command in '/home/loq/roboracer_ws/build/roboracer_visual_odom': CMAKE_PREFIX_PATH=${CMAKE_PREFIX_PATH}:/home/loq/drivingcar_ws/install/self_driving_car_pkg:/home/loq/bumperbot_ws/install/bumperbot_py_example:/home/loq/roboracer_ws/install/roboracer_yolov8_detector:/home/loq/roboracer_ws/install/roboracer_py:/home/loq/ros2_action_ws/install/lifecycle_py:/home/loq/ros2_action_ws/install/action_py:/opt/ros/humble /usr/bin/cmake /home/loq/roboracer_ws/src/roboracer_visual_odom -DCMAKE_INSTALL_PREFIX=/home/loq/roboracer_ws/install/roboracer_visual_odom
[0.620s] -- Found ament_cmake: 1.3.11 (/opt/ros/humble/share/ament_cmake/cmake)
[0.820s] -- Override CMake install command with custom implementation using symlinks instead of copying resources
[0.829s] -- Found rclcpp: 16.0.12 (/opt/ros/humble/share/rclcpp/cmake)
[0.885s] -- Found rosidl_generator_c: 3.1.6 (/opt/ros/humble/share/rosidl_generator_c/cmake)
[0.892s] -- Found rosidl_adapter: 3.1.6 (/opt/ros/humble/share/rosidl_adapter/cmake)
[0.911s] -- Found rosidl_generator_cpp: 3.1.6 (/opt/ros/humble/share/rosidl_generator_cpp/cmake)
[0.927s] -- Using all available rosidl_typesupport_c: rosidl_typesupport_fastrtps_c;rosidl_typesupport_introspection_c
[0.942s] -- Using all available rosidl_typesupport_cpp: rosidl_typesupport_fastrtps_cpp;rosidl_typesupport_introspection_cpp
[1.013s] -- Found rmw_implementation_cmake: 6.1.2 (/opt/ros/humble/share/rmw_implementation_cmake/cmake)
[1.022s] -- Found rmw_cyclonedds_cpp: 1.3.4 (/opt/ros/humble/share/rmw_cyclonedds_cpp/cmake)
[1.071s] -- Using RMW implementation 'rmw_cyclonedds_cpp' as default
[1.190s] -- Found sensor_msgs: 4.8.0 (/opt/ros/humble/share/sensor_msgs/cmake)
[1.229s] -- Found nav_msgs: 4.8.0 (/opt/ros/humble/share/nav_msgs/cmake)
[1.267s] -- Found tf2_ros: 0.25.12 (/opt/ros/humble/share/tf2_ros/cmake)
[1.385s] -- Found tf2_geometry_msgs: 0.25.12 (/opt/ros/humble/share/tf2_geometry_msgs/cmake)
[1.401s] -- Found eigen3_cmake_module: 0.1.1 (/opt/ros/humble/share/eigen3_cmake_module/cmake)
[1.405s] -- Found Eigen3: TRUE (found version "3.4.0") 
[1.405s] -- Ensuring Eigen3 include directory is part of orocos-kdl CMake target
[1.408s] -- Found cv_bridge: 3.2.1 (/opt/ros/humble/share/cv_bridge/cmake)
[1.443s] -- Found Eigen3: TRUE (found suitable version "3.4.0", minimum required is "3.4.0") 
[1.470s] -- Eigen found (include: /usr/include/eigen3, version: 3.4.0)
[1.561s] -- FLANN found (include: /usr/include, lib: /usr/lib/x86_64-linux-gnu/libflann_cpp.so)
[1.958s] -- Found Eigen3: /usr/include/eigen3 (found version "3.4.0") 
[2.213s] -- OpenNI found (version: 1.5.4.0, include: /usr/include/ni, lib: /usr/lib/libOpenNI.so;libusb::libusb)
[2.224s] -- OpenNI2 found (version: 2.2.0.33, include: /usr/include/openni2, lib: /usr/lib/x86_64-linux-gnu/libOpenNI2.so;libusb::libusb)
[2.225s] [0m** WARNING ** io features related to pcap will be disabled[0m
[2.470s] -- Eigen found (include: /usr/include/eigen3, version: 3.4.0)
[2.479s] -- OpenNI found (version: 1.5.4.0, include: /usr/include/ni, lib: /usr/lib/libOpenNI.so;libusb::libusb)
[2.488s] -- OpenNI2 found (version: 2.2.0.33, include: /usr/include/openni2, lib: /usr/lib/x86_64-linux-gnu/libOpenNI2.so;libusb::libusb)
[2.734s] -- Found Qhull version 8.0.2
[2.983s] -- OpenNI found (version: 1.5.4.0, include: /usr/include/ni, lib: /usr/lib/libOpenNI.so;libusb::libusb)
[3.214s] -- looking for PCL_COMMON
[3.215s] -- looking for PCL_KDTREE
[3.215s] -- looking for PCL_OCTREE
[3.215s] -- looking for PCL_SEARCH
[3.216s] -- looking for PCL_SAMPLE_CONSENSUS
[3.216s] -- looking for PCL_FILTERS
[3.216s] -- looking for PCL_2D
[3.218s] -- looking for PCL_GEOMETRY
[3.218s] -- looking for PCL_IO
[3.218s] -- looking for PCL_FEATURES
[3.218s] -- looking for PCL_ML
[3.219s] -- looking for PCL_SEGMENTATION
[3.219s] -- looking for PCL_VISUALIZATION
[3.220s] -- looking for PCL_SURFACE
[3.220s] -- looking for PCL_REGISTRATION
[3.221s] -- looking for PCL_KEYPOINTS
[3.222s] -- looking for PCL_TRACKING
[3.222s] -- looking for PCL_RECOGNITION
[3.224s] -- looking for PCL_STEREO
[3.224s] -- looking for PCL_APPS
[3.224s] -- looking for PCL_IN_HAND_SCANNER
[3.224s] -- looking for PCL_MODELER
[3.225s] -- looking for PCL_POINT_CLOUD_EDITOR
[3.225s] -- looking for PCL_OUTOFCORE
[3.226s] -- looking for PCL_PEOPLE
[3.228s] -- Found pcl_conversions: 2.4.5 (/opt/ros/humble/share/pcl_conversions/cmake)
[3.372s] -- Configuring done
[3.492s] -- Generating done
[3.506s] -- Build files have been written to: /home/loq/roboracer_ws/build/roboracer_visual_odom
[3.532s] Invoked command in '/home/loq/roboracer_ws/build/roboracer_visual_odom' returned '0': CMAKE_PREFIX_PATH=${CMAKE_PREFIX_PATH}:/home/loq/drivingcar_ws/install/self_driving_car_pkg:/home/loq/bumperbot_ws/install/bumperbot_py_example:/home/loq/roboracer_ws/install/roboracer_yolov8_detector:/home/loq/roboracer_ws/install/roboracer_py:/home/loq/ros2_action_ws/install/lifecycle_py:/home/loq/ros2_action_ws/install/action_py:/opt/ros/humble /usr/bin/cmake /home/loq/roboracer_ws/src/roboracer_visual_odom -DCMAKE_INSTALL_PREFIX=/home/loq/roboracer_ws/install/roboracer_visual_odom
[3.535s] Invoking command in '/home/loq/roboracer_ws/build/roboracer_visual_odom': CMAKE_PREFIX_PATH=${CMAKE_PREFIX_PATH}:/home/loq/drivingcar_ws/install/self_driving_car_pkg:/home/loq/bumperbot_ws/install/bumperbot_py_example:/home/loq/roboracer_ws/install/roboracer_yolov8_detector:/home/loq/roboracer_ws/install/roboracer_py:/home/loq/ros2_action_ws/install/lifecycle_py:/home/loq/ros2_action_ws/install/action_py:/opt/ros/humble /usr/bin/cmake --build /home/loq/roboracer_ws/build/roboracer_visual_odom -- -j8 -l8
[3.595s] [35m[1mConsolidate compiler generated dependencies of target visual_odom[0m
[3.638s] [100%] Built target visual_odom
[3.655s] Invoked command in '/home/loq/roboracer_ws/build/roboracer_visual_odom' returned '0': CMAKE_PREFIX_PATH=${CMAKE_PREFIX_PATH}:/home/loq/drivingcar_ws/install/self_driving_car_pkg:/home/loq/bumperbot_ws/install/bumperbot_py_example:/home/loq/roboracer_ws/install/roboracer_yolov8_detector:/home/loq/roboracer_ws/install/roboracer_py:/home/loq/ros2_action_ws/install/lifecycle_py:/home/loq/ros2_action_ws/install/action_py:/opt/ros/humble /usr/bin/cmake --build /home/loq/roboracer_ws/build/roboracer_visual_odom -- -j8 -l8
[3.661s] Invoking command in '/home/loq/roboracer_ws/build/roboracer_visual_odom': CMAKE_PREFIX_PATH=${CMAKE_PREFIX_PATH}:/home/loq/drivingcar_ws/install/self_driving_car_pkg:/home/loq/bumperbot_ws/install/bumperbot_py_example:/home/loq/roboracer_ws/install/roboracer_yolov8_detector:/home/loq/roboracer_ws/install/roboracer_py:/home/loq/ros2_action_ws/install/lifecycle_py:/home/loq/ros2_action_ws/install/action_py:/opt/ros/humble /usr/bin/cmake --install /home/loq/roboracer_ws/build/roboracer_visual_odom
[3.667s] -- Install configuration: ""
[3.668s] -- Execute custom install script
[3.668s] -- Up-to-date symlink: /home/loq/roboracer_ws/install/roboracer_visual_odom/lib/roboracer_visual_odom/visual_odom
[3.669s] -- Up-to-date symlink: /home/loq/roboracer_ws/install/roboracer_visual_odom/share/ament_index/resource_index/package_run_dependencies/roboracer_visual_odom
[3.669s] -- Up-to-date symlink: /home/loq/roboracer_ws/install/roboracer_visual_odom/share/ament_index/resource_index/parent_prefix_path/roboracer_visual_odom
[3.670s] -- Up-to-date symlink: /home/loq/roboracer_ws/install/roboracer_visual_odom/share/roboracer_visual_odom/environment/ament_prefix_path.sh
[3.670s] -- Up-to-date symlink: /home/loq/roboracer_ws/install/roboracer_visual_odom/share/roboracer_visual_odom/environment/ament_prefix_path.dsv
[3.670s] -- Up-to-date symlink: /home/loq/roboracer_ws/install/roboracer_visual_odom/share/roboracer_visual_odom/environment/path.sh
[3.671s] -- Up-to-date symlink: /home/loq/roboracer_ws/install/roboracer_visual_odom/share/roboracer_visual_odom/environment/path.dsv
[3.671s] -- Up-to-date symlink: /home/loq/roboracer_ws/install/roboracer_visual_odom/share/roboracer_visual_odom/local_setup.bash
[3.671s] -- Up-to-date symlink: /home/loq/roboracer_ws/install/roboracer_visual_odom/share/roboracer_visual_odom/local_setup.sh
[3.672s] -- Up-to-date symlink: /home/loq/roboracer_ws/install/roboracer_visual_odom/share/roboracer_visual_odom/local_setup.zsh
[3.672s] -- Up-to-date symlink: /home/loq/roboracer_ws/install/roboracer_visual_odom/share/roboracer_visual_odom/local_setup.dsv
[3.672s] -- Symlinking: /home/loq/roboracer_ws/install/roboracer_visual_odom/share/roboracer_visual_odom/package.dsv
[3.689s] -- Up-to-date symlink: /home/loq/roboracer_ws/install/roboracer_visual_odom/share/ament_index/resource_index/packages/roboracer_visual_odom
[3.690s] -- Up-to-date symlink: /home/loq/roboracer_ws/install/roboracer_visual_odom/share/roboracer_visual_odom/cmake/roboracer_visual_odomConfig.cmake
[3.690s] -- Up-to-date symlink: /home/loq/roboracer_ws/install/roboracer_visual_odom/share/roboracer_visual_odom/cmake/roboracer_visual_odomConfig-version.cmake
[3.690s] -- Up-to-date symlink: /home/loq/roboracer_ws/install/roboracer_visual_odom/share/roboracer_visual_odom/package.xml
[3.698s] Invoked command in '/home/loq/roboracer_ws/build/roboracer_visual_odom' returned '0': CMAKE_PREFIX_PATH=${CMAKE_PREFIX_PATH}:/home/loq/drivingcar_ws/install/self_driving_car_pkg:/home/loq/bumperbot_ws/install/bumperbot_py_example:/home/loq/roboracer_ws/install/roboracer_yolov8_detector:/home/loq/roboracer_ws/install/roboracer_py:/home/loq/ros2_action_ws/install/lifecycle_py:/home/loq/ros2_action_ws/install/action_py:/opt/ros/humble /usr/bin/cmake --install /home/loq/roboracer_ws/build/roboracer_visual_odom
