[0.950s] Invoking command in '/home/loq/roboracer_ws/build/roboracer_py': PYTHONPATH=/home/loq/roboracer_ws/build/roboracer_py/prefix_override:/usr/lib/python3/dist-packages/colcon_core/task/python/colcon_distutils_commands:/home/loq/roboracer_ws/install/roboracer_py/lib/python3.10/site-packages:${PYTHONPATH} /usr/bin/python3 -W ignore:setup.py install is deprecated -W ignore:easy_install command is deprecated setup.py develop --uninstall --editable --build-directory /home/loq/roboracer_ws/build/roboracer_py/build
[1.179s] running develop
[1.347s] Removing /home/loq/roboracer_ws/install/roboracer_py/lib/python3.10/site-packages/roboracer-py.egg-link (link to .)
[1.380s] Invoked command in '/home/loq/roboracer_ws/build/roboracer_py' returned '0': PYTHONPATH=/home/loq/roboracer_ws/build/roboracer_py/prefix_override:/usr/lib/python3/dist-packages/colcon_core/task/python/colcon_distutils_commands:/home/loq/roboracer_ws/install/roboracer_py/lib/python3.10/site-packages:${PYTHONPATH} /usr/bin/python3 -W ignore:setup.py install is deprecated -W ignore:easy_install command is deprecated setup.py develop --uninstall --editable --build-directory /home/loq/roboracer_ws/build/roboracer_py/build
[1.381s] Invoking command in '/home/loq/roboracer_ws/src/roboracer_py': PYTHONPATH=/home/loq/roboracer_ws/build/roboracer_py/prefix_override:/usr/lib/python3/dist-packages/colcon_core/task/python/colcon_distutils_commands:/home/loq/roboracer_ws/install/roboracer_py/lib/python3.10/site-packages:${PYTHONPATH} /usr/bin/python3 -W ignore:setup.py install is deprecated -W ignore:easy_install command is deprecated setup.py egg_info --egg-base ../../build/roboracer_py build --build-base /home/loq/roboracer_ws/build/roboracer_py/build install --record /home/loq/roboracer_ws/build/roboracer_py/install.log --single-version-externally-managed install_data --force
[1.592s] running egg_info
[1.593s] writing ../../build/roboracer_py/roboracer_py.egg-info/PKG-INFO
[1.593s] writing dependency_links to ../../build/roboracer_py/roboracer_py.egg-info/dependency_links.txt
[1.593s] writing entry points to ../../build/roboracer_py/roboracer_py.egg-info/entry_points.txt
[1.593s] writing requirements to ../../build/roboracer_py/roboracer_py.egg-info/requires.txt
[1.593s] writing top-level names to ../../build/roboracer_py/roboracer_py.egg-info/top_level.txt
[1.595s] reading manifest file '../../build/roboracer_py/roboracer_py.egg-info/SOURCES.txt'
[1.596s] writing manifest file '../../build/roboracer_py/roboracer_py.egg-info/SOURCES.txt'
[1.596s] running build
[1.596s] running build_py
[1.596s] running install
[1.596s] running install_lib
[1.597s] creating /home/loq/roboracer_ws/install/roboracer_py/lib/python3.10/site-packages/roboracer_py
[1.597s] copying /home/loq/roboracer_ws/build/roboracer_py/build/lib/roboracer_py/__init__.py -> /home/loq/roboracer_ws/install/roboracer_py/lib/python3.10/site-packages/roboracer_py
[1.597s] copying /home/loq/roboracer_ws/build/roboracer_py/build/lib/roboracer_py/gap_follow.py -> /home/loq/roboracer_ws/install/roboracer_py/lib/python3.10/site-packages/roboracer_py
[1.597s] copying /home/loq/roboracer_ws/build/roboracer_py/build/lib/roboracer_py/disparity_extender.py -> /home/loq/roboracer_ws/install/roboracer_py/lib/python3.10/site-packages/roboracer_py
[1.598s] byte-compiling /home/loq/roboracer_ws/install/roboracer_py/lib/python3.10/site-packages/roboracer_py/__init__.py to __init__.cpython-310.pyc
[1.598s] byte-compiling /home/loq/roboracer_ws/install/roboracer_py/lib/python3.10/site-packages/roboracer_py/gap_follow.py to gap_follow.cpython-310.pyc
[1.599s] byte-compiling /home/loq/roboracer_ws/install/roboracer_py/lib/python3.10/site-packages/roboracer_py/disparity_extender.py to disparity_extender.cpython-310.pyc
[1.600s] running install_data
[1.600s] copying resource/roboracer_py -> /home/loq/roboracer_ws/install/roboracer_py/share/ament_index/resource_index/packages
[1.601s] copying package.xml -> /home/loq/roboracer_ws/install/roboracer_py/share/roboracer_py
[1.601s] running install_egg_info
[1.602s] Copying ../../build/roboracer_py/roboracer_py.egg-info to /home/loq/roboracer_ws/install/roboracer_py/lib/python3.10/site-packages/roboracer_py-0.0.0-py3.10.egg-info
[1.603s] running install_scripts
[1.621s] Installing disparity_extender script to /home/loq/roboracer_ws/install/roboracer_py/lib/roboracer_py
[1.621s] Installing gap_follow script to /home/loq/roboracer_ws/install/roboracer_py/lib/roboracer_py
[1.621s] writing list of installed files to '/home/loq/roboracer_ws/build/roboracer_py/install.log'
[1.648s] Invoked command in '/home/loq/roboracer_ws/src/roboracer_py' returned '0': PYTHONPATH=/home/loq/roboracer_ws/build/roboracer_py/prefix_override:/usr/lib/python3/dist-packages/colcon_core/task/python/colcon_distutils_commands:/home/loq/roboracer_ws/install/roboracer_py/lib/python3.10/site-packages:${PYTHONPATH} /usr/bin/python3 -W ignore:setup.py install is deprecated -W ignore:easy_install command is deprecated setup.py egg_info --egg-base ../../build/roboracer_py build --build-base /home/loq/roboracer_ws/build/roboracer_py/build install --record /home/loq/roboracer_ws/build/roboracer_py/install.log --single-version-externally-managed install_data --force
