[0.021s] Invoking command in '/home/dev/roboracer_ws/build/vesc_ackermann': CMAKE_PREFIX_PATH=/home/dev/roboracer_ws/install/roboracer_yolov8_detector:/home/dev/roboracer_ws/install/roboracer_py:/opt/ros/humble:/home/dev/roboracer_ws/install/vesc_msgs:/home/dev/roboracer_ws/install/vesc:/home/dev/roboracer_ws/install/vesc_driver:/home/dev/roboracer_ws/install/vesc_ackermann:/home/dev/roboracer_ws/install/udp_driver:/home/dev/roboracer_ws/install/serial_driver:/home/dev/roboracer_ws/install/roboracer_visual_odom:/home/dev/roboracer_ws/install/roboracer_localization:/home/dev/roboracer_ws/install/roboracer_description:/home/dev/roboracer_ws/install/roboracer_controller:/home/dev/roboracer_ws/install/pure_pursuit:/home/dev/roboracer_ws/install/io_context:/home/dev/roboracer_ws/install/gap_follow:/home/dev/roboracer_ws/install/asio_cmake_module:/home/dev/roboracer_ws/install/ackermann_mux LD_LIBRARY_PATH=/home/dev/roboracer_ws/install/vesc_msgs/lib:/home/dev/roboracer_ws/install/vesc_driver/lib:/home/dev/roboracer_ws/install/vesc_ackermann/lib:/home/dev/roboracer_ws/install/udp_driver/lib:/home/dev/roboracer_ws/install/serial_driver/lib:/home/dev/roboracer_ws/install/io_context/lib:/opt/ros/humble/opt/rviz_ogre_vendor/lib:/opt/ros/humble/lib/x86_64-linux-gnu:/opt/ros/humble/lib /usr/local/bin/cmake --build /home/dev/roboracer_ws/build/vesc_ackermann -- -j8 -l8
[0.194s] [ 42%] Built target vesc_ackermann
[0.195s] [ 71%] Built target ackermann_to_vesc_node
[0.200s] [100%] Built target vesc_to_odom_node
[0.213s] Invoked command in '/home/dev/roboracer_ws/build/vesc_ackermann' returned '0': CMAKE_PREFIX_PATH=/home/dev/roboracer_ws/install/roboracer_yolov8_detector:/home/dev/roboracer_ws/install/roboracer_py:/opt/ros/humble:/home/dev/roboracer_ws/install/vesc_msgs:/home/dev/roboracer_ws/install/vesc:/home/dev/roboracer_ws/install/vesc_driver:/home/dev/roboracer_ws/install/vesc_ackermann:/home/dev/roboracer_ws/install/udp_driver:/home/dev/roboracer_ws/install/serial_driver:/home/dev/roboracer_ws/install/roboracer_visual_odom:/home/dev/roboracer_ws/install/roboracer_localization:/home/dev/roboracer_ws/install/roboracer_description:/home/dev/roboracer_ws/install/roboracer_controller:/home/dev/roboracer_ws/install/pure_pursuit:/home/dev/roboracer_ws/install/io_context:/home/dev/roboracer_ws/install/gap_follow:/home/dev/roboracer_ws/install/asio_cmake_module:/home/dev/roboracer_ws/install/ackermann_mux LD_LIBRARY_PATH=/home/dev/roboracer_ws/install/vesc_msgs/lib:/home/dev/roboracer_ws/install/vesc_driver/lib:/home/dev/roboracer_ws/install/vesc_ackermann/lib:/home/dev/roboracer_ws/install/udp_driver/lib:/home/dev/roboracer_ws/install/serial_driver/lib:/home/dev/roboracer_ws/install/io_context/lib:/opt/ros/humble/opt/rviz_ogre_vendor/lib:/opt/ros/humble/lib/x86_64-linux-gnu:/opt/ros/humble/lib /usr/local/bin/cmake --build /home/dev/roboracer_ws/build/vesc_ackermann -- -j8 -l8
[0.213s] Invoking command in '/home/dev/roboracer_ws/build/vesc_ackermann': CMAKE_PREFIX_PATH=/home/dev/roboracer_ws/install/roboracer_yolov8_detector:/home/dev/roboracer_ws/install/roboracer_py:/opt/ros/humble:/home/dev/roboracer_ws/install/vesc_msgs:/home/dev/roboracer_ws/install/vesc:/home/dev/roboracer_ws/install/vesc_driver:/home/dev/roboracer_ws/install/vesc_ackermann:/home/dev/roboracer_ws/install/udp_driver:/home/dev/roboracer_ws/install/serial_driver:/home/dev/roboracer_ws/install/roboracer_visual_odom:/home/dev/roboracer_ws/install/roboracer_localization:/home/dev/roboracer_ws/install/roboracer_description:/home/dev/roboracer_ws/install/roboracer_controller:/home/dev/roboracer_ws/install/pure_pursuit:/home/dev/roboracer_ws/install/io_context:/home/dev/roboracer_ws/install/gap_follow:/home/dev/roboracer_ws/install/asio_cmake_module:/home/dev/roboracer_ws/install/ackermann_mux LD_LIBRARY_PATH=/home/dev/roboracer_ws/install/vesc_msgs/lib:/home/dev/roboracer_ws/install/vesc_driver/lib:/home/dev/roboracer_ws/install/vesc_ackermann/lib:/home/dev/roboracer_ws/install/udp_driver/lib:/home/dev/roboracer_ws/install/serial_driver/lib:/home/dev/roboracer_ws/install/io_context/lib:/opt/ros/humble/opt/rviz_ogre_vendor/lib:/opt/ros/humble/lib/x86_64-linux-gnu:/opt/ros/humble/lib /usr/local/bin/cmake --install /home/dev/roboracer_ws/build/vesc_ackermann
[0.334s] -- Install configuration: ""
[0.335s] -- Up-to-date: /home/dev/roboracer_ws/install/vesc_ackermann/lib/vesc_ackermann/ackermann_to_vesc_node
[0.341s] -- Up-to-date: /home/dev/roboracer_ws/install/vesc_ackermann/lib/vesc_ackermann/vesc_to_odom_node
[0.342s] -- Up-to-date: /home/dev/roboracer_ws/install/vesc_ackermann/include
[0.342s] -- Up-to-date: /home/dev/roboracer_ws/install/vesc_ackermann/include/vesc_ackermann
[0.342s] -- Up-to-date: /home/dev/roboracer_ws/install/vesc_ackermann/include/vesc_ackermann/vesc_to_odom.hpp
[0.343s] -- Up-to-date: /home/dev/roboracer_ws/install/vesc_ackermann/include/vesc_ackermann/ackermann_to_vesc.hpp
[0.343s] -- Up-to-date: /home/dev/roboracer_ws/install/vesc_ackermann/share/vesc_ackermann/environment/library_path.sh
[0.343s] -- Up-to-date: /home/dev/roboracer_ws/install/vesc_ackermann/share/vesc_ackermann/environment/library_path.dsv
[0.343s] -- Up-to-date: /home/dev/roboracer_ws/install/vesc_ackermann/lib/libvesc_ackermann.so
[0.344s] -- Up-to-date: /home/dev/roboracer_ws/install/vesc_ackermann/share/vesc_ackermann/launch
[0.344s] -- Up-to-date: /home/dev/roboracer_ws/install/vesc_ackermann/share/vesc_ackermann/launch/vesc_to_odom_node.launch.xml
[0.344s] -- Up-to-date: /home/dev/roboracer_ws/install/vesc_ackermann/share/vesc_ackermann/launch/ackermann_to_vesc_node.launch.xml
[0.344s] -- Up-to-date: /home/dev/roboracer_ws/install/vesc_ackermann/share/ament_index/resource_index/package_run_dependencies/vesc_ackermann
[0.347s] -- Up-to-date: /home/dev/roboracer_ws/install/vesc_ackermann/share/ament_index/resource_index/parent_prefix_path/vesc_ackermann
[0.347s] -- Up-to-date: /home/dev/roboracer_ws/install/vesc_ackermann/share/vesc_ackermann/environment/ament_prefix_path.sh
[0.347s] -- Up-to-date: /home/dev/roboracer_ws/install/vesc_ackermann/share/vesc_ackermann/environment/ament_prefix_path.dsv
[0.347s] -- Up-to-date: /home/dev/roboracer_ws/install/vesc_ackermann/share/vesc_ackermann/environment/path.sh
[0.351s] -- Up-to-date: /home/dev/roboracer_ws/install/vesc_ackermann/share/vesc_ackermann/environment/path.dsv
[0.351s] -- Up-to-date: /home/dev/roboracer_ws/install/vesc_ackermann/share/vesc_ackermann/local_setup.bash
[0.351s] -- Up-to-date: /home/dev/roboracer_ws/install/vesc_ackermann/share/vesc_ackermann/local_setup.sh
[0.352s] -- Up-to-date: /home/dev/roboracer_ws/install/vesc_ackermann/share/vesc_ackermann/local_setup.zsh
[0.352s] -- Up-to-date: /home/dev/roboracer_ws/install/vesc_ackermann/share/vesc_ackermann/local_setup.dsv
[0.352s] -- Installing: /home/dev/roboracer_ws/install/vesc_ackermann/share/vesc_ackermann/package.dsv
[0.352s] -- Up-to-date: /home/dev/roboracer_ws/install/vesc_ackermann/share/ament_index/resource_index/packages/vesc_ackermann
[0.352s] -- Up-to-date: /home/dev/roboracer_ws/install/vesc_ackermann/share/ament_index/resource_index/rclcpp_components/vesc_ackermann
[0.352s] -- Up-to-date: /home/dev/roboracer_ws/install/vesc_ackermann/share/vesc_ackermann/cmake/ament_cmake_export_dependencies-extras.cmake
[0.352s] -- Up-to-date: /home/dev/roboracer_ws/install/vesc_ackermann/share/vesc_ackermann/cmake/ament_cmake_export_include_directories-extras.cmake
[0.352s] -- Up-to-date: /home/dev/roboracer_ws/install/vesc_ackermann/share/vesc_ackermann/cmake/ament_cmake_export_libraries-extras.cmake
[0.352s] -- Up-to-date: /home/dev/roboracer_ws/install/vesc_ackermann/share/vesc_ackermann/cmake/vesc_ackermannConfig.cmake
[0.353s] -- Up-to-date: /home/dev/roboracer_ws/install/vesc_ackermann/share/vesc_ackermann/cmake/vesc_ackermannConfig-version.cmake
[0.353s] -- Up-to-date: /home/dev/roboracer_ws/install/vesc_ackermann/share/vesc_ackermann/package.xml
[0.377s] Invoked command in '/home/dev/roboracer_ws/build/vesc_ackermann' returned '0': CMAKE_PREFIX_PATH=/home/dev/roboracer_ws/install/roboracer_yolov8_detector:/home/dev/roboracer_ws/install/roboracer_py:/opt/ros/humble:/home/dev/roboracer_ws/install/vesc_msgs:/home/dev/roboracer_ws/install/vesc:/home/dev/roboracer_ws/install/vesc_driver:/home/dev/roboracer_ws/install/vesc_ackermann:/home/dev/roboracer_ws/install/udp_driver:/home/dev/roboracer_ws/install/serial_driver:/home/dev/roboracer_ws/install/roboracer_visual_odom:/home/dev/roboracer_ws/install/roboracer_localization:/home/dev/roboracer_ws/install/roboracer_description:/home/dev/roboracer_ws/install/roboracer_controller:/home/dev/roboracer_ws/install/pure_pursuit:/home/dev/roboracer_ws/install/io_context:/home/dev/roboracer_ws/install/gap_follow:/home/dev/roboracer_ws/install/asio_cmake_module:/home/dev/roboracer_ws/install/ackermann_mux LD_LIBRARY_PATH=/home/dev/roboracer_ws/install/vesc_msgs/lib:/home/dev/roboracer_ws/install/vesc_driver/lib:/home/dev/roboracer_ws/install/vesc_ackermann/lib:/home/dev/roboracer_ws/install/udp_driver/lib:/home/dev/roboracer_ws/install/serial_driver/lib:/home/dev/roboracer_ws/install/io_context/lib:/opt/ros/humble/opt/rviz_ogre_vendor/lib:/opt/ros/humble/lib/x86_64-linux-gnu:/opt/ros/humble/lib /usr/local/bin/cmake --install /home/dev/roboracer_ws/build/vesc_ackermann
