[0.031s] Invoking command in '/home/dev/roboracer_ws/build/vesc_msgs': CMAKE_PREFIX_PATH=/opt/ros/humble /usr/local/bin/cmake --build /home/dev/roboracer_ws/build/vesc_msgs -- -j8 -l8
[0.169s] [  3%] Built target vesc_msgs__cpp
[0.170s] [ 12%] Built target vesc_msgs__rosidl_generator_c
[0.178s] [ 12%] Built target ament_cmake_python_copy_vesc_msgs
[0.189s] [ 23%] Built target vesc_msgs__rosidl_typesupport_fastrtps_cpp
[0.192s] [ 34%] Built target vesc_msgs__rosidl_typesupport_cpp
[0.194s] [ 45%] Built target vesc_msgs__rosidl_typesupport_introspection_cpp
[0.196s] [ 67%] Built target vesc_msgs__rosidl_typesupport_c
[0.196s] [ 67%] Built target vesc_msgs__rosidl_typesupport_introspection_c
[0.198s] [ 78%] Built target vesc_msgs__rosidl_typesupport_fastrtps_c
[0.208s] [ 78%] Built target vesc_msgs
[0.218s] [ 80%] Built target vesc_msgs__py
[0.233s] [ 89%] Built target vesc_msgs__rosidl_generator_py
[0.246s] [ 92%] Built target vesc_msgs__rosidl_typesupport_introspection_c__pyext
[0.247s] [ 96%] Built target vesc_msgs__rosidl_typesupport_fastrtps_c__pyext
[0.248s] [100%] Built target vesc_msgs__rosidl_typesupport_c__pyext
[0.388s] running egg_info
[0.389s] writing vesc_msgs.egg-info/PKG-INFO
[0.389s] writing dependency_links to vesc_msgs.egg-info/dependency_links.txt
[0.389s] writing top-level names to vesc_msgs.egg-info/top_level.txt
[0.392s] reading manifest file 'vesc_msgs.egg-info/SOURCES.txt'
[0.394s] writing manifest file 'vesc_msgs.egg-info/SOURCES.txt'
[0.444s] [100%] Built target ament_cmake_python_build_vesc_msgs_egg
[0.455s] Invoked command in '/home/dev/roboracer_ws/build/vesc_msgs' returned '0': CMAKE_PREFIX_PATH=/opt/ros/humble /usr/local/bin/cmake --build /home/dev/roboracer_ws/build/vesc_msgs -- -j8 -l8
[0.455s] Invoking command in '/home/dev/roboracer_ws/build/vesc_msgs': CMAKE_PREFIX_PATH=/opt/ros/humble /usr/local/bin/cmake --install /home/dev/roboracer_ws/build/vesc_msgs
[0.642s] -- Install configuration: ""
[0.642s] -- Up-to-date: /home/dev/roboracer_ws/install/vesc_msgs/share/ament_index/resource_index/rosidl_interfaces/vesc_msgs
[0.642s] -- Up-to-date: /home/dev/roboracer_ws/install/vesc_msgs/include/vesc_msgs/vesc_msgs
[0.642s] -- Up-to-date: /home/dev/roboracer_ws/install/vesc_msgs/include/vesc_msgs/vesc_msgs/msg
[0.642s] -- Up-to-date: /home/dev/roboracer_ws/install/vesc_msgs/include/vesc_msgs/vesc_msgs/msg/vesc_state.h
[0.642s] -- Up-to-date: /home/dev/roboracer_ws/install/vesc_msgs/include/vesc_msgs/vesc_msgs/msg/rosidl_generator_c__visibility_control.h
[0.643s] -- Up-to-date: /home/dev/roboracer_ws/install/vesc_msgs/include/vesc_msgs/vesc_msgs/msg/vesc_imu.h
[0.643s] -- Up-to-date: /home/dev/roboracer_ws/install/vesc_msgs/include/vesc_msgs/vesc_msgs/msg/detail
[0.643s] -- Up-to-date: /home/dev/roboracer_ws/install/vesc_msgs/include/vesc_msgs/vesc_msgs/msg/detail/vesc_imu__struct.h
[0.646s] -- Up-to-date: /home/dev/roboracer_ws/install/vesc_msgs/include/vesc_msgs/vesc_msgs/msg/detail/vesc_state__functions.c
[0.646s] -- Up-to-date: /home/dev/roboracer_ws/install/vesc_msgs/include/vesc_msgs/vesc_msgs/msg/detail/vesc_state_stamped__struct.h
[0.646s] -- Up-to-date: /home/dev/roboracer_ws/install/vesc_msgs/include/vesc_msgs/vesc_msgs/msg/detail/vesc_imu_stamped__type_support.h
[0.646s] -- Up-to-date: /home/dev/roboracer_ws/install/vesc_msgs/include/vesc_msgs/vesc_msgs/msg/detail/vesc_state__struct.h
[0.647s] -- Up-to-date: /home/dev/roboracer_ws/install/vesc_msgs/include/vesc_msgs/vesc_msgs/msg/detail/vesc_imu__functions.c
[0.647s] -- Up-to-date: /home/dev/roboracer_ws/install/vesc_msgs/include/vesc_msgs/vesc_msgs/msg/detail/vesc_state_stamped__functions.h
[0.648s] -- Up-to-date: /home/dev/roboracer_ws/install/vesc_msgs/include/vesc_msgs/vesc_msgs/msg/detail/vesc_imu_stamped__functions.h
[0.648s] -- Up-to-date: /home/dev/roboracer_ws/install/vesc_msgs/include/vesc_msgs/vesc_msgs/msg/detail/vesc_imu__functions.h
[0.648s] -- Up-to-date: /home/dev/roboracer_ws/install/vesc_msgs/include/vesc_msgs/vesc_msgs/msg/detail/vesc_state__functions.h
[0.648s] -- Up-to-date: /home/dev/roboracer_ws/install/vesc_msgs/include/vesc_msgs/vesc_msgs/msg/detail/vesc_imu_stamped__struct.h
[0.649s] -- Up-to-date: /home/dev/roboracer_ws/install/vesc_msgs/include/vesc_msgs/vesc_msgs/msg/detail/vesc_state__type_support.h
[0.649s] -- Up-to-date: /home/dev/roboracer_ws/install/vesc_msgs/include/vesc_msgs/vesc_msgs/msg/detail/vesc_imu__type_support.h
[0.649s] -- Up-to-date: /home/dev/roboracer_ws/install/vesc_msgs/include/vesc_msgs/vesc_msgs/msg/detail/vesc_state_stamped__functions.c
[0.649s] -- Up-to-date: /home/dev/roboracer_ws/install/vesc_msgs/include/vesc_msgs/vesc_msgs/msg/detail/vesc_state_stamped__type_support.h
[0.650s] -- Up-to-date: /home/dev/roboracer_ws/install/vesc_msgs/include/vesc_msgs/vesc_msgs/msg/detail/vesc_imu_stamped__functions.c
[0.650s] -- Up-to-date: /home/dev/roboracer_ws/install/vesc_msgs/include/vesc_msgs/vesc_msgs/msg/vesc_state_stamped.h
[0.650s] -- Up-to-date: /home/dev/roboracer_ws/install/vesc_msgs/include/vesc_msgs/vesc_msgs/msg/vesc_imu_stamped.h
[0.650s] -- Up-to-date: /home/dev/roboracer_ws/install/vesc_msgs/share/vesc_msgs/environment/library_path.sh
[0.650s] -- Up-to-date: /home/dev/roboracer_ws/install/vesc_msgs/share/vesc_msgs/environment/library_path.dsv
[0.654s] -- Up-to-date: /home/dev/roboracer_ws/install/vesc_msgs/lib/libvesc_msgs__rosidl_generator_c.so
[0.654s] -- Up-to-date: /home/dev/roboracer_ws/install/vesc_msgs/include/vesc_msgs/vesc_msgs
[0.654s] -- Up-to-date: /home/dev/roboracer_ws/install/vesc_msgs/include/vesc_msgs/vesc_msgs/msg
[0.656s] -- Up-to-date: /home/dev/roboracer_ws/install/vesc_msgs/include/vesc_msgs/vesc_msgs/msg/rosidl_typesupport_fastrtps_c__visibility_control.h
[0.656s] -- Up-to-date: /home/dev/roboracer_ws/install/vesc_msgs/include/vesc_msgs/vesc_msgs/msg/detail
[0.656s] -- Up-to-date: /home/dev/roboracer_ws/install/vesc_msgs/include/vesc_msgs/vesc_msgs/msg/detail/vesc_imu_stamped__rosidl_typesupport_fastrtps_c.h
[0.656s] -- Up-to-date: /home/dev/roboracer_ws/install/vesc_msgs/include/vesc_msgs/vesc_msgs/msg/detail/vesc_state__rosidl_typesupport_fastrtps_c.h
[0.656s] -- Up-to-date: /home/dev/roboracer_ws/install/vesc_msgs/include/vesc_msgs/vesc_msgs/msg/detail/vesc_state_stamped__rosidl_typesupport_fastrtps_c.h
[0.657s] -- Up-to-date: /home/dev/roboracer_ws/install/vesc_msgs/include/vesc_msgs/vesc_msgs/msg/detail/vesc_imu__rosidl_typesupport_fastrtps_c.h
[0.658s] -- Up-to-date: /home/dev/roboracer_ws/install/vesc_msgs/lib/libvesc_msgs__rosidl_typesupport_fastrtps_c.so
[0.658s] -- Up-to-date: /home/dev/roboracer_ws/install/vesc_msgs/include/vesc_msgs/vesc_msgs
[0.658s] -- Up-to-date: /home/dev/roboracer_ws/install/vesc_msgs/include/vesc_msgs/vesc_msgs/msg
[0.658s] -- Up-to-date: /home/dev/roboracer_ws/install/vesc_msgs/include/vesc_msgs/vesc_msgs/msg/detail
[0.658s] -- Up-to-date: /home/dev/roboracer_ws/install/vesc_msgs/include/vesc_msgs/vesc_msgs/msg/detail/vesc_imu_stamped__type_support.c
[0.658s] -- Up-to-date: /home/dev/roboracer_ws/install/vesc_msgs/include/vesc_msgs/vesc_msgs/msg/detail/vesc_imu__type_support.c
[0.659s] -- Up-to-date: /home/dev/roboracer_ws/install/vesc_msgs/include/vesc_msgs/vesc_msgs/msg/detail/vesc_imu_stamped__rosidl_typesupport_introspection_c.h
[0.659s] -- Up-to-date: /home/dev/roboracer_ws/install/vesc_msgs/include/vesc_msgs/vesc_msgs/msg/detail/vesc_imu__rosidl_typesupport_introspection_c.h
[0.659s] -- Up-to-date: /home/dev/roboracer_ws/install/vesc_msgs/include/vesc_msgs/vesc_msgs/msg/detail/vesc_state_stamped__rosidl_typesupport_introspection_c.h
[0.659s] -- Up-to-date: /home/dev/roboracer_ws/install/vesc_msgs/include/vesc_msgs/vesc_msgs/msg/detail/vesc_state_stamped__type_support.c
[0.659s] -- Up-to-date: /home/dev/roboracer_ws/install/vesc_msgs/include/vesc_msgs/vesc_msgs/msg/detail/vesc_state__type_support.c
[0.659s] -- Up-to-date: /home/dev/roboracer_ws/install/vesc_msgs/include/vesc_msgs/vesc_msgs/msg/detail/vesc_state__rosidl_typesupport_introspection_c.h
[0.659s] -- Up-to-date: /home/dev/roboracer_ws/install/vesc_msgs/include/vesc_msgs/vesc_msgs/msg/rosidl_typesupport_introspection_c__visibility_control.h
[0.659s] -- Up-to-date: /home/dev/roboracer_ws/install/vesc_msgs/lib/libvesc_msgs__rosidl_typesupport_introspection_c.so
[0.660s] -- Up-to-date: /home/dev/roboracer_ws/install/vesc_msgs/lib/libvesc_msgs__rosidl_typesupport_c.so
[0.661s] -- Up-to-date: /home/dev/roboracer_ws/install/vesc_msgs/include/vesc_msgs/vesc_msgs
[0.661s] -- Up-to-date: /home/dev/roboracer_ws/install/vesc_msgs/include/vesc_msgs/vesc_msgs/msg
[0.661s] -- Up-to-date: /home/dev/roboracer_ws/install/vesc_msgs/include/vesc_msgs/vesc_msgs/msg/detail
[0.661s] -- Up-to-date: /home/dev/roboracer_ws/install/vesc_msgs/include/vesc_msgs/vesc_msgs/msg/detail/vesc_state__traits.hpp
[0.661s] -- Up-to-date: /home/dev/roboracer_ws/install/vesc_msgs/include/vesc_msgs/vesc_msgs/msg/detail/vesc_imu_stamped__builder.hpp
[0.661s] -- Up-to-date: /home/dev/roboracer_ws/install/vesc_msgs/include/vesc_msgs/vesc_msgs/msg/detail/vesc_imu__builder.hpp
[0.661s] -- Up-to-date: /home/dev/roboracer_ws/install/vesc_msgs/include/vesc_msgs/vesc_msgs/msg/detail/vesc_imu__traits.hpp
[0.661s] -- Up-to-date: /home/dev/roboracer_ws/install/vesc_msgs/include/vesc_msgs/vesc_msgs/msg/detail/vesc_state__struct.hpp
[0.661s] -- Up-to-date: /home/dev/roboracer_ws/install/vesc_msgs/include/vesc_msgs/vesc_msgs/msg/detail/vesc_imu_stamped__struct.hpp
[0.662s] -- Up-to-date: /home/dev/roboracer_ws/install/vesc_msgs/include/vesc_msgs/vesc_msgs/msg/detail/vesc_state_stamped__type_support.hpp
[0.662s] -- Up-to-date: /home/dev/roboracer_ws/install/vesc_msgs/include/vesc_msgs/vesc_msgs/msg/detail/vesc_state_stamped__traits.hpp
[0.662s] -- Up-to-date: /home/dev/roboracer_ws/install/vesc_msgs/include/vesc_msgs/vesc_msgs/msg/detail/vesc_imu__type_support.hpp
[0.662s] -- Up-to-date: /home/dev/roboracer_ws/install/vesc_msgs/include/vesc_msgs/vesc_msgs/msg/detail/vesc_state__type_support.hpp
[0.662s] -- Up-to-date: /home/dev/roboracer_ws/install/vesc_msgs/include/vesc_msgs/vesc_msgs/msg/detail/vesc_imu_stamped__traits.hpp
[0.662s] -- Up-to-date: /home/dev/roboracer_ws/install/vesc_msgs/include/vesc_msgs/vesc_msgs/msg/detail/vesc_imu_stamped__type_support.hpp
[0.662s] -- Up-to-date: /home/dev/roboracer_ws/install/vesc_msgs/include/vesc_msgs/vesc_msgs/msg/detail/vesc_state_stamped__builder.hpp
[0.662s] -- Up-to-date: /home/dev/roboracer_ws/install/vesc_msgs/include/vesc_msgs/vesc_msgs/msg/detail/vesc_imu__struct.hpp
[0.662s] -- Up-to-date: /home/dev/roboracer_ws/install/vesc_msgs/include/vesc_msgs/vesc_msgs/msg/detail/vesc_state__builder.hpp
[0.662s] -- Up-to-date: /home/dev/roboracer_ws/install/vesc_msgs/include/vesc_msgs/vesc_msgs/msg/detail/vesc_state_stamped__struct.hpp
[0.662s] -- Up-to-date: /home/dev/roboracer_ws/install/vesc_msgs/include/vesc_msgs/vesc_msgs/msg/vesc_imu.hpp
[0.662s] -- Up-to-date: /home/dev/roboracer_ws/install/vesc_msgs/include/vesc_msgs/vesc_msgs/msg/vesc_state_stamped.hpp
[0.663s] -- Up-to-date: /home/dev/roboracer_ws/install/vesc_msgs/include/vesc_msgs/vesc_msgs/msg/vesc_imu_stamped.hpp
[0.663s] -- Up-to-date: /home/dev/roboracer_ws/install/vesc_msgs/include/vesc_msgs/vesc_msgs/msg/rosidl_generator_cpp__visibility_control.hpp
[0.663s] -- Up-to-date: /home/dev/roboracer_ws/install/vesc_msgs/include/vesc_msgs/vesc_msgs/msg/vesc_state.hpp
[0.663s] -- Up-to-date: /home/dev/roboracer_ws/install/vesc_msgs/include/vesc_msgs/vesc_msgs
[0.663s] -- Up-to-date: /home/dev/roboracer_ws/install/vesc_msgs/include/vesc_msgs/vesc_msgs/msg
[0.664s] -- Up-to-date: /home/dev/roboracer_ws/install/vesc_msgs/include/vesc_msgs/vesc_msgs/msg/rosidl_typesupport_fastrtps_cpp__visibility_control.h
[0.664s] -- Up-to-date: /home/dev/roboracer_ws/install/vesc_msgs/include/vesc_msgs/vesc_msgs/msg/detail
[0.664s] -- Up-to-date: /home/dev/roboracer_ws/install/vesc_msgs/include/vesc_msgs/vesc_msgs/msg/detail/dds_fastrtps
[0.664s] -- Up-to-date: /home/dev/roboracer_ws/install/vesc_msgs/include/vesc_msgs/vesc_msgs/msg/detail/vesc_imu_stamped__rosidl_typesupport_fastrtps_cpp.hpp
[0.664s] -- Up-to-date: /home/dev/roboracer_ws/install/vesc_msgs/include/vesc_msgs/vesc_msgs/msg/detail/vesc_imu__rosidl_typesupport_fastrtps_cpp.hpp
[0.664s] -- Up-to-date: /home/dev/roboracer_ws/install/vesc_msgs/include/vesc_msgs/vesc_msgs/msg/detail/vesc_state__rosidl_typesupport_fastrtps_cpp.hpp
[0.664s] -- Up-to-date: /home/dev/roboracer_ws/install/vesc_msgs/include/vesc_msgs/vesc_msgs/msg/detail/vesc_state_stamped__rosidl_typesupport_fastrtps_cpp.hpp
[0.664s] -- Up-to-date: /home/dev/roboracer_ws/install/vesc_msgs/lib/libvesc_msgs__rosidl_typesupport_fastrtps_cpp.so
[0.665s] -- Up-to-date: /home/dev/roboracer_ws/install/vesc_msgs/include/vesc_msgs/vesc_msgs
[0.666s] -- Up-to-date: /home/dev/roboracer_ws/install/vesc_msgs/include/vesc_msgs/vesc_msgs/msg
[0.666s] -- Up-to-date: /home/dev/roboracer_ws/install/vesc_msgs/include/vesc_msgs/vesc_msgs/msg/detail
[0.666s] -- Up-to-date: /home/dev/roboracer_ws/install/vesc_msgs/include/vesc_msgs/vesc_msgs/msg/detail/vesc_state_stamped__rosidl_typesupport_introspection_cpp.hpp
[0.666s] -- Up-to-date: /home/dev/roboracer_ws/install/vesc_msgs/include/vesc_msgs/vesc_msgs/msg/detail/vesc_imu__type_support.cpp
[0.667s] -- Up-to-date: /home/dev/roboracer_ws/install/vesc_msgs/include/vesc_msgs/vesc_msgs/msg/detail/vesc_state__type_support.cpp
[0.667s] -- Up-to-date: /home/dev/roboracer_ws/install/vesc_msgs/include/vesc_msgs/vesc_msgs/msg/detail/vesc_state_stamped__type_support.cpp
[0.667s] -- Up-to-date: /home/dev/roboracer_ws/install/vesc_msgs/include/vesc_msgs/vesc_msgs/msg/detail/vesc_imu_stamped__type_support.cpp
[0.667s] -- Up-to-date: /home/dev/roboracer_ws/install/vesc_msgs/include/vesc_msgs/vesc_msgs/msg/detail/vesc_imu_stamped__rosidl_typesupport_introspection_cpp.hpp
[0.667s] -- Up-to-date: /home/dev/roboracer_ws/install/vesc_msgs/include/vesc_msgs/vesc_msgs/msg/detail/vesc_state__rosidl_typesupport_introspection_cpp.hpp
[0.667s] -- Up-to-date: /home/dev/roboracer_ws/install/vesc_msgs/include/vesc_msgs/vesc_msgs/msg/detail/vesc_imu__rosidl_typesupport_introspection_cpp.hpp
[0.667s] -- Up-to-date: /home/dev/roboracer_ws/install/vesc_msgs/lib/libvesc_msgs__rosidl_typesupport_introspection_cpp.so
[0.669s] -- Up-to-date: /home/dev/roboracer_ws/install/vesc_msgs/lib/libvesc_msgs__rosidl_typesupport_cpp.so
[0.669s] -- Up-to-date: /home/dev/roboracer_ws/install/vesc_msgs/share/vesc_msgs/environment/pythonpath.sh
[0.669s] -- Up-to-date: /home/dev/roboracer_ws/install/vesc_msgs/share/vesc_msgs/environment/pythonpath.dsv
[0.669s] -- Up-to-date: /home/dev/roboracer_ws/install/vesc_msgs/local/lib/python3.10/dist-packages/vesc_msgs-1.1.0-py3.10.egg-info
[0.669s] -- Installing: /home/dev/roboracer_ws/install/vesc_msgs/local/lib/python3.10/dist-packages/vesc_msgs-1.1.0-py3.10.egg-info/top_level.txt
[0.670s] -- Installing: /home/dev/roboracer_ws/install/vesc_msgs/local/lib/python3.10/dist-packages/vesc_msgs-1.1.0-py3.10.egg-info/PKG-INFO
[0.670s] -- Installing: /home/dev/roboracer_ws/install/vesc_msgs/local/lib/python3.10/dist-packages/vesc_msgs-1.1.0-py3.10.egg-info/dependency_links.txt
[0.671s] -- Installing: /home/dev/roboracer_ws/install/vesc_msgs/local/lib/python3.10/dist-packages/vesc_msgs-1.1.0-py3.10.egg-info/SOURCES.txt
[0.671s] -- Up-to-date: /home/dev/roboracer_ws/install/vesc_msgs/local/lib/python3.10/dist-packages/vesc_msgs
[0.671s] -- Up-to-date: /home/dev/roboracer_ws/install/vesc_msgs/local/lib/python3.10/dist-packages/vesc_msgs/_vesc_msgs_s.ep.rosidl_typesupport_c.c
[0.671s] -- Up-to-date: /home/dev/roboracer_ws/install/vesc_msgs/local/lib/python3.10/dist-packages/vesc_msgs/libvesc_msgs__rosidl_generator_py.so
[0.671s] -- Up-to-date: /home/dev/roboracer_ws/install/vesc_msgs/local/lib/python3.10/dist-packages/vesc_msgs/_vesc_msgs_s.ep.rosidl_typesupport_fastrtps_c.c
[0.671s] -- Up-to-date: /home/dev/roboracer_ws/install/vesc_msgs/local/lib/python3.10/dist-packages/vesc_msgs/_vesc_msgs_s.ep.rosidl_typesupport_introspection_c.c
[0.671s] -- Up-to-date: /home/dev/roboracer_ws/install/vesc_msgs/local/lib/python3.10/dist-packages/vesc_msgs/__init__.py
[0.672s] -- Up-to-date: /home/dev/roboracer_ws/install/vesc_msgs/local/lib/python3.10/dist-packages/vesc_msgs/msg
[0.672s] -- Up-to-date: /home/dev/roboracer_ws/install/vesc_msgs/local/lib/python3.10/dist-packages/vesc_msgs/msg/_vesc_state_stamped.py
[0.672s] -- Up-to-date: /home/dev/roboracer_ws/install/vesc_msgs/local/lib/python3.10/dist-packages/vesc_msgs/msg/_vesc_state.py
[0.672s] -- Up-to-date: /home/dev/roboracer_ws/install/vesc_msgs/local/lib/python3.10/dist-packages/vesc_msgs/msg/_vesc_state_stamped_s.c
[0.672s] -- Up-to-date: /home/dev/roboracer_ws/install/vesc_msgs/local/lib/python3.10/dist-packages/vesc_msgs/msg/_vesc_imu_stamped_s.c
[0.672s] -- Up-to-date: /home/dev/roboracer_ws/install/vesc_msgs/local/lib/python3.10/dist-packages/vesc_msgs/msg/__init__.py
[0.672s] -- Up-to-date: /home/dev/roboracer_ws/install/vesc_msgs/local/lib/python3.10/dist-packages/vesc_msgs/msg/_vesc_imu.py
[0.672s] -- Up-to-date: /home/dev/roboracer_ws/install/vesc_msgs/local/lib/python3.10/dist-packages/vesc_msgs/msg/_vesc_imu_s.c
[0.672s] -- Up-to-date: /home/dev/roboracer_ws/install/vesc_msgs/local/lib/python3.10/dist-packages/vesc_msgs/msg/_vesc_state_s.c
[0.672s] -- Up-to-date: /home/dev/roboracer_ws/install/vesc_msgs/local/lib/python3.10/dist-packages/vesc_msgs/msg/_vesc_imu_stamped.py
[0.672s] -- Up-to-date: /home/dev/roboracer_ws/install/vesc_msgs/local/lib/python3.10/dist-packages/vesc_msgs/vesc_msgs_s__rosidl_typesupport_introspection_c.cpython-310-x86_64-linux-gnu.so
[0.672s] -- Up-to-date: /home/dev/roboracer_ws/install/vesc_msgs/local/lib/python3.10/dist-packages/vesc_msgs/vesc_msgs_s__rosidl_typesupport_c.cpython-310-x86_64-linux-gnu.so
[0.672s] -- Up-to-date: /home/dev/roboracer_ws/install/vesc_msgs/local/lib/python3.10/dist-packages/vesc_msgs/vesc_msgs_s__rosidl_typesupport_fastrtps_c.cpython-310-x86_64-linux-gnu.so
[0.683s] Listing '/home/dev/roboracer_ws/install/vesc_msgs/local/lib/python3.10/dist-packages/vesc_msgs'...
[0.683s] Listing '/home/dev/roboracer_ws/install/vesc_msgs/local/lib/python3.10/dist-packages/vesc_msgs/msg'...
[0.684s] -- Up-to-date: /home/dev/roboracer_ws/install/vesc_msgs/local/lib/python3.10/dist-packages/vesc_msgs/vesc_msgs_s__rosidl_typesupport_fastrtps_c.cpython-310-x86_64-linux-gnu.so
[0.684s] -- Up-to-date: /home/dev/roboracer_ws/install/vesc_msgs/local/lib/python3.10/dist-packages/vesc_msgs/vesc_msgs_s__rosidl_typesupport_introspection_c.cpython-310-x86_64-linux-gnu.so
[0.684s] -- Up-to-date: /home/dev/roboracer_ws/install/vesc_msgs/local/lib/python3.10/dist-packages/vesc_msgs/vesc_msgs_s__rosidl_typesupport_c.cpython-310-x86_64-linux-gnu.so
[0.684s] -- Up-to-date: /home/dev/roboracer_ws/install/vesc_msgs/lib/libvesc_msgs__rosidl_generator_py.so
[0.684s] -- Up-to-date: /home/dev/roboracer_ws/install/vesc_msgs/share/vesc_msgs/msg/VescState.idl
[0.684s] -- Up-to-date: /home/dev/roboracer_ws/install/vesc_msgs/share/vesc_msgs/msg/VescStateStamped.idl
[0.684s] -- Up-to-date: /home/dev/roboracer_ws/install/vesc_msgs/share/vesc_msgs/msg/VescImu.idl
[0.684s] -- Up-to-date: /home/dev/roboracer_ws/install/vesc_msgs/share/vesc_msgs/msg/VescImuStamped.idl
[0.684s] -- Up-to-date: /home/dev/roboracer_ws/install/vesc_msgs/share/vesc_msgs/msg/VescState.msg
[0.685s] -- Up-to-date: /home/dev/roboracer_ws/install/vesc_msgs/share/vesc_msgs/msg/VescStateStamped.msg
[0.685s] -- Up-to-date: /home/dev/roboracer_ws/install/vesc_msgs/share/vesc_msgs/msg/VescImu.msg
[0.685s] -- Up-to-date: /home/dev/roboracer_ws/install/vesc_msgs/share/vesc_msgs/msg/VescImuStamped.msg
[0.685s] -- Up-to-date: /home/dev/roboracer_ws/install/vesc_msgs/share/ament_index/resource_index/package_run_dependencies/vesc_msgs
[0.685s] -- Up-to-date: /home/dev/roboracer_ws/install/vesc_msgs/share/ament_index/resource_index/parent_prefix_path/vesc_msgs
[0.685s] -- Up-to-date: /home/dev/roboracer_ws/install/vesc_msgs/share/vesc_msgs/environment/ament_prefix_path.sh
[0.685s] -- Up-to-date: /home/dev/roboracer_ws/install/vesc_msgs/share/vesc_msgs/environment/ament_prefix_path.dsv
[0.685s] -- Up-to-date: /home/dev/roboracer_ws/install/vesc_msgs/share/vesc_msgs/environment/path.sh
[0.685s] -- Up-to-date: /home/dev/roboracer_ws/install/vesc_msgs/share/vesc_msgs/environment/path.dsv
[0.686s] -- Up-to-date: /home/dev/roboracer_ws/install/vesc_msgs/share/vesc_msgs/local_setup.bash
[0.686s] -- Up-to-date: /home/dev/roboracer_ws/install/vesc_msgs/share/vesc_msgs/local_setup.sh
[0.686s] -- Up-to-date: /home/dev/roboracer_ws/install/vesc_msgs/share/vesc_msgs/local_setup.zsh
[0.687s] -- Up-to-date: /home/dev/roboracer_ws/install/vesc_msgs/share/vesc_msgs/local_setup.dsv
[0.687s] -- Installing: /home/dev/roboracer_ws/install/vesc_msgs/share/vesc_msgs/package.dsv
[0.687s] -- Up-to-date: /home/dev/roboracer_ws/install/vesc_msgs/share/ament_index/resource_index/packages/vesc_msgs
[0.687s] -- Up-to-date: /home/dev/roboracer_ws/install/vesc_msgs/share/vesc_msgs/cmake/export_vesc_msgs__rosidl_generator_cExport.cmake
[0.687s] -- Up-to-date: /home/dev/roboracer_ws/install/vesc_msgs/share/vesc_msgs/cmake/export_vesc_msgs__rosidl_generator_cExport-noconfig.cmake
[0.687s] -- Up-to-date: /home/dev/roboracer_ws/install/vesc_msgs/share/vesc_msgs/cmake/export_vesc_msgs__rosidl_typesupport_fastrtps_cExport.cmake
[0.687s] -- Up-to-date: /home/dev/roboracer_ws/install/vesc_msgs/share/vesc_msgs/cmake/export_vesc_msgs__rosidl_typesupport_fastrtps_cExport-noconfig.cmake
[0.688s] -- Up-to-date: /home/dev/roboracer_ws/install/vesc_msgs/share/vesc_msgs/cmake/vesc_msgs__rosidl_typesupport_introspection_cExport.cmake
[0.688s] -- Up-to-date: /home/dev/roboracer_ws/install/vesc_msgs/share/vesc_msgs/cmake/vesc_msgs__rosidl_typesupport_introspection_cExport-noconfig.cmake
[0.688s] -- Up-to-date: /home/dev/roboracer_ws/install/vesc_msgs/share/vesc_msgs/cmake/vesc_msgs__rosidl_typesupport_cExport.cmake
[0.688s] -- Up-to-date: /home/dev/roboracer_ws/install/vesc_msgs/share/vesc_msgs/cmake/vesc_msgs__rosidl_typesupport_cExport-noconfig.cmake
[0.688s] -- Up-to-date: /home/dev/roboracer_ws/install/vesc_msgs/share/vesc_msgs/cmake/export_vesc_msgs__rosidl_generator_cppExport.cmake
[0.688s] -- Up-to-date: /home/dev/roboracer_ws/install/vesc_msgs/share/vesc_msgs/cmake/export_vesc_msgs__rosidl_typesupport_fastrtps_cppExport.cmake
[0.688s] -- Up-to-date: /home/dev/roboracer_ws/install/vesc_msgs/share/vesc_msgs/cmake/export_vesc_msgs__rosidl_typesupport_fastrtps_cppExport-noconfig.cmake
[0.688s] -- Up-to-date: /home/dev/roboracer_ws/install/vesc_msgs/share/vesc_msgs/cmake/vesc_msgs__rosidl_typesupport_introspection_cppExport.cmake
[0.688s] -- Up-to-date: /home/dev/roboracer_ws/install/vesc_msgs/share/vesc_msgs/cmake/vesc_msgs__rosidl_typesupport_introspection_cppExport-noconfig.cmake
[0.688s] -- Up-to-date: /home/dev/roboracer_ws/install/vesc_msgs/share/vesc_msgs/cmake/vesc_msgs__rosidl_typesupport_cppExport.cmake
[0.688s] -- Up-to-date: /home/dev/roboracer_ws/install/vesc_msgs/share/vesc_msgs/cmake/vesc_msgs__rosidl_typesupport_cppExport-noconfig.cmake
[0.688s] -- Up-to-date: /home/dev/roboracer_ws/install/vesc_msgs/share/vesc_msgs/cmake/export_vesc_msgs__rosidl_generator_pyExport.cmake
[0.688s] -- Up-to-date: /home/dev/roboracer_ws/install/vesc_msgs/share/vesc_msgs/cmake/export_vesc_msgs__rosidl_generator_pyExport-noconfig.cmake
[0.689s] -- Up-to-date: /home/dev/roboracer_ws/install/vesc_msgs/share/vesc_msgs/cmake/rosidl_cmake-extras.cmake
[0.689s] -- Up-to-date: /home/dev/roboracer_ws/install/vesc_msgs/share/vesc_msgs/cmake/ament_cmake_export_dependencies-extras.cmake
[0.689s] -- Up-to-date: /home/dev/roboracer_ws/install/vesc_msgs/share/vesc_msgs/cmake/ament_cmake_export_include_directories-extras.cmake
[0.689s] -- Up-to-date: /home/dev/roboracer_ws/install/vesc_msgs/share/vesc_msgs/cmake/ament_cmake_export_libraries-extras.cmake
[0.689s] -- Up-to-date: /home/dev/roboracer_ws/install/vesc_msgs/share/vesc_msgs/cmake/ament_cmake_export_targets-extras.cmake
[0.689s] -- Up-to-date: /home/dev/roboracer_ws/install/vesc_msgs/share/vesc_msgs/cmake/rosidl_cmake_export_typesupport_targets-extras.cmake
[0.689s] -- Up-to-date: /home/dev/roboracer_ws/install/vesc_msgs/share/vesc_msgs/cmake/rosidl_cmake_export_typesupport_libraries-extras.cmake
[0.689s] -- Up-to-date: /home/dev/roboracer_ws/install/vesc_msgs/share/vesc_msgs/cmake/vesc_msgsConfig.cmake
[0.689s] -- Up-to-date: /home/dev/roboracer_ws/install/vesc_msgs/share/vesc_msgs/cmake/vesc_msgsConfig-version.cmake
[0.689s] -- Up-to-date: /home/dev/roboracer_ws/install/vesc_msgs/share/vesc_msgs/package.xml
[0.744s] Invoked command in '/home/dev/roboracer_ws/build/vesc_msgs' returned '0': CMAKE_PREFIX_PATH=/opt/ros/humble /usr/local/bin/cmake --install /home/dev/roboracer_ws/build/vesc_msgs
