[0.606s] Invoking command in '/home/loq/roboracer_ws/src/roboracer_py': PYTHONPATH=/home/loq/roboracer_ws/src/build/roboracer_py/prefix_override:/usr/lib/python3/dist-packages/colcon_core/task/python/colcon_distutils_commands:/home/loq/roboracer_ws/src/install/roboracer_py/lib/python3.10/site-packages:${PYTHONPATH} /usr/bin/python3 -W ignore:setup.py install is deprecated -W ignore:easy_install command is deprecated setup.py egg_info --egg-base ../build/roboracer_py build --build-base /home/loq/roboracer_ws/src/build/roboracer_py/build install --record /home/loq/roboracer_ws/src/build/roboracer_py/install.log --single-version-externally-managed install_data
[0.819s] running egg_info
[0.819s] writing ../build/roboracer_py/roboracer_py.egg-info/PKG-INFO
[0.819s] writing dependency_links to ../build/roboracer_py/roboracer_py.egg-info/dependency_links.txt
[0.819s] writing entry points to ../build/roboracer_py/roboracer_py.egg-info/entry_points.txt
[0.819s] writing requirements to ../build/roboracer_py/roboracer_py.egg-info/requires.txt
[0.820s] writing top-level names to ../build/roboracer_py/roboracer_py.egg-info/top_level.txt
[0.821s] reading manifest file '../build/roboracer_py/roboracer_py.egg-info/SOURCES.txt'
[0.821s] writing manifest file '../build/roboracer_py/roboracer_py.egg-info/SOURCES.txt'
[0.822s] running build
[0.822s] running build_py
[0.822s] copying roboracer_py/disparity_extender.py -> /home/loq/roboracer_ws/src/build/roboracer_py/build/lib/roboracer_py
[0.822s] running install
[0.822s] running install_lib
[0.823s] copying /home/loq/roboracer_ws/src/build/roboracer_py/build/lib/roboracer_py/disparity_extender.py -> /home/loq/roboracer_ws/src/install/roboracer_py/lib/python3.10/site-packages/roboracer_py
[0.824s] byte-compiling /home/loq/roboracer_ws/src/install/roboracer_py/lib/python3.10/site-packages/roboracer_py/disparity_extender.py to disparity_extender.cpython-310.pyc
[0.825s] running install_data
[0.825s] running install_egg_info
[0.826s] removing '/home/loq/roboracer_ws/src/install/roboracer_py/lib/python3.10/site-packages/roboracer_py-0.0.0-py3.10.egg-info' (and everything under it)
[0.826s] Copying ../build/roboracer_py/roboracer_py.egg-info to /home/loq/roboracer_ws/src/install/roboracer_py/lib/python3.10/site-packages/roboracer_py-0.0.0-py3.10.egg-info
[0.827s] running install_scripts
[0.844s] Installing disparity_extender script to /home/loq/roboracer_ws/src/install/roboracer_py/lib/roboracer_py
[0.844s] Installing gap_follow script to /home/loq/roboracer_ws/src/install/roboracer_py/lib/roboracer_py
[0.844s] writing list of installed files to '/home/loq/roboracer_ws/src/build/roboracer_py/install.log'
[0.869s] Invoked command in '/home/loq/roboracer_ws/src/roboracer_py' returned '0': PYTHONPATH=/home/loq/roboracer_ws/src/build/roboracer_py/prefix_override:/usr/lib/python3/dist-packages/colcon_core/task/python/colcon_distutils_commands:/home/loq/roboracer_ws/src/install/roboracer_py/lib/python3.10/site-packages:${PYTHONPATH} /usr/bin/python3 -W ignore:setup.py install is deprecated -W ignore:easy_install command is deprecated setup.py egg_info --egg-base ../build/roboracer_py build --build-base /home/loq/roboracer_ws/src/build/roboracer_py/build install --record /home/loq/roboracer_ws/src/build/roboracer_py/install.log --single-version-externally-managed install_data
