[0.029s] Invoking command in '/home/loq/roboracer_ws/src/build/roboracer_description': CMAKE_PREFIX_PATH=${CMAKE_PREFIX_PATH}:/home/loq/drivingcar_ws/install/self_driving_car_pkg:/home/loq/bumperbot_ws/install/bumperbot_py_example:/home/loq/roboracer_ws/install/roboracer_py:/home/loq/ros2_action_ws/install/lifecycle_py:/home/loq/ros2_action_ws/install/action_py:/opt/ros/humble /usr/bin/cmake /home/loq/roboracer_ws/src/roboracer_description -DCMAKE_INSTALL_PREFIX=/home/loq/roboracer_ws/src/install/roboracer_description
[0.311s] -- The C compiler identification is GNU 11.4.0
[0.311s] -- The CXX compiler identification is GNU 11.4.0
[0.311s] -- Detecting C compiler ABI info
[0.311s] -- Detecting C compiler ABI info - done
[0.311s] -- Check for working C compiler: /usr/bin/cc - skipped
[0.311s] -- Detecting C compile features
[0.311s] -- Detecting C compile features - done
[0.312s] -- Detecting CXX compiler ABI info
[0.312s] -- Detecting CXX compiler ABI info - done
[0.312s] -- Check for working CXX compiler: /usr/bin/c++ - skipped
[0.312s] -- Detecting CXX compile features
[0.312s] -- Detecting CXX compile features - done
[0.312s] -- Found ament_cmake: 1.3.11 (/opt/ros/humble/share/ament_cmake/cmake)
[0.494s] -- Found Python3: /usr/bin/python3 (found version "3.10.12") found components: Interpreter 
[0.643s] -- Found ament_lint_auto: 0.12.12 (/opt/ros/humble/share/ament_lint_auto/cmake)
[0.709s] -- Configuring done
[0.712s] -- Generating done
[0.714s] -- Build files have been written to: /home/loq/roboracer_ws/src/build/roboracer_description
[0.720s] Invoked command in '/home/loq/roboracer_ws/src/build/roboracer_description' returned '0': CMAKE_PREFIX_PATH=${CMAKE_PREFIX_PATH}:/home/loq/drivingcar_ws/install/self_driving_car_pkg:/home/loq/bumperbot_ws/install/bumperbot_py_example:/home/loq/roboracer_ws/install/roboracer_py:/home/loq/ros2_action_ws/install/lifecycle_py:/home/loq/ros2_action_ws/install/action_py:/opt/ros/humble /usr/bin/cmake /home/loq/roboracer_ws/src/roboracer_description -DCMAKE_INSTALL_PREFIX=/home/loq/roboracer_ws/src/install/roboracer_description
[0.723s] Invoking command in '/home/loq/roboracer_ws/src/build/roboracer_description': CMAKE_PREFIX_PATH=${CMAKE_PREFIX_PATH}:/home/loq/drivingcar_ws/install/self_driving_car_pkg:/home/loq/bumperbot_ws/install/bumperbot_py_example:/home/loq/roboracer_ws/install/roboracer_py:/home/loq/ros2_action_ws/install/lifecycle_py:/home/loq/ros2_action_ws/install/action_py:/opt/ros/humble /usr/bin/cmake --build /home/loq/roboracer_ws/src/build/roboracer_description -- -j8 -l8
[0.764s] Invoked command in '/home/loq/roboracer_ws/src/build/roboracer_description' returned '0': CMAKE_PREFIX_PATH=${CMAKE_PREFIX_PATH}:/home/loq/drivingcar_ws/install/self_driving_car_pkg:/home/loq/bumperbot_ws/install/bumperbot_py_example:/home/loq/roboracer_ws/install/roboracer_py:/home/loq/ros2_action_ws/install/lifecycle_py:/home/loq/ros2_action_ws/install/action_py:/opt/ros/humble /usr/bin/cmake --build /home/loq/roboracer_ws/src/build/roboracer_description -- -j8 -l8
[0.778s] Invoking command in '/home/loq/roboracer_ws/src/build/roboracer_description': CMAKE_PREFIX_PATH=${CMAKE_PREFIX_PATH}:/home/loq/drivingcar_ws/install/self_driving_car_pkg:/home/loq/bumperbot_ws/install/bumperbot_py_example:/home/loq/roboracer_ws/install/roboracer_py:/home/loq/ros2_action_ws/install/lifecycle_py:/home/loq/ros2_action_ws/install/action_py:/opt/ros/humble /usr/bin/cmake --install /home/loq/roboracer_ws/src/build/roboracer_description
[0.788s] -- Install configuration: ""
[0.788s] -- Installing: /home/loq/roboracer_ws/src/install/roboracer_description/share/roboracer_description/meshes
[0.788s] -- Installing: /home/loq/roboracer_ws/src/install/roboracer_description/share/roboracer_description/meshes/right_wheel.stl
[0.788s] -- Installing: /home/loq/roboracer_ws/src/install/roboracer_description/share/roboracer_description/meshes/laser_link.STL
[0.794s] -- Installing: /home/loq/roboracer_ws/src/install/roboracer_description/share/roboracer_description/meshes/left_wheel.stl
[0.794s] -- Installing: /home/loq/roboracer_ws/src/install/roboracer_description/share/roboracer_description/meshes/hokuyo.stl
[0.794s] -- Installing: /home/loq/roboracer_ws/src/install/roboracer_description/share/roboracer_description/meshes/hinge.stl
[0.794s] -- Installing: /home/loq/roboracer_ws/src/install/roboracer_description/share/roboracer_description/meshes/world.obj
[0.795s] -- Installing: /home/loq/roboracer_ws/src/install/roboracer_description/share/roboracer_description/meshes/chassis.stl
[0.795s] -- Installing: /home/loq/roboracer_ws/src/install/roboracer_description/share/roboracer_description/models
[0.795s] -- Installing: /home/loq/roboracer_ws/src/install/roboracer_description/share/roboracer_description/launch
[0.795s] -- Installing: /home/loq/roboracer_ws/src/install/roboracer_description/share/roboracer_description/launch/wall_follow.launch.py
[0.795s] -- Installing: /home/loq/roboracer_ws/src/install/roboracer_description/share/roboracer_description/launch/display.launch.py
[0.796s] -- Installing: /home/loq/roboracer_ws/src/install/roboracer_description/share/roboracer_description/launch/gazebo.launch.py
[0.796s] -- Installing: /home/loq/roboracer_ws/src/install/roboracer_description/share/roboracer_description/rviz
[0.796s] -- Installing: /home/loq/roboracer_ws/src/install/roboracer_description/share/roboracer_description/rviz/display.rviz
[0.796s] -- Installing: /home/loq/roboracer_ws/src/install/roboracer_description/share/roboracer_description/world
[0.796s] -- Installing: /home/loq/roboracer_ws/src/install/roboracer_description/share/roboracer_description/world/levine_loop.world
[0.796s] -- Installing: /home/loq/roboracer_ws/src/install/roboracer_description/share/roboracer_description/world/empty.world
[0.796s] -- Installing: /home/loq/roboracer_ws/src/install/roboracer_description/share/roboracer_description/urdf
[0.796s] -- Installing: /home/loq/roboracer_ws/src/install/roboracer_description/share/roboracer_description/urdf/roborace_control.xacro
[0.797s] -- Installing: /home/loq/roboracer_ws/src/install/roboracer_description/share/roboracer_description/urdf/f1tenth_chassis_update.sdf
[0.797s] -- Installing: /home/loq/roboracer_ws/src/install/roboracer_description/share/roboracer_description/urdf/roborace_gazebo.xacro
[0.797s] -- Installing: /home/loq/roboracer_ws/src/install/roboracer_description/share/roboracer_description/urdf/roboracer_robot.sdf
[0.797s] -- Installing: /home/loq/roboracer_ws/src/install/roboracer_description/share/roboracer_description/urdf/f1tenth_chassis.urdf
[0.797s] -- Installing: /home/loq/roboracer_ws/src/install/roboracer_description/share/roboracer_description/photos
[0.797s] -- Installing: /home/loq/roboracer_ws/src/install/roboracer_description/share/roboracer_description/maps
[0.797s] -- Installing: /home/loq/roboracer_ws/src/install/roboracer_description/share/roboracer_description/maps/costmap_common_params.yaml
[0.797s] -- Installing: /home/loq/roboracer_ws/src/install/roboracer_description/share/roboracer_description/maps/levine.yaml
[0.798s] -- Installing: /home/loq/roboracer_ws/src/install/roboracer_description/share/roboracer_description/maps/levine.png
[0.798s] -- Installing: /home/loq/roboracer_ws/src/install/roboracer_description/share/ament_index/resource_index/package_run_dependencies/roboracer_description
[0.798s] -- Installing: /home/loq/roboracer_ws/src/install/roboracer_description/share/ament_index/resource_index/parent_prefix_path/roboracer_description
[0.798s] -- Installing: /home/loq/roboracer_ws/src/install/roboracer_description/share/roboracer_description/environment/ament_prefix_path.sh
[0.799s] -- Installing: /home/loq/roboracer_ws/src/install/roboracer_description/share/roboracer_description/environment/ament_prefix_path.dsv
[0.799s] -- Installing: /home/loq/roboracer_ws/src/install/roboracer_description/share/roboracer_description/environment/path.sh
[0.799s] -- Installing: /home/loq/roboracer_ws/src/install/roboracer_description/share/roboracer_description/environment/path.dsv
[0.799s] -- Installing: /home/loq/roboracer_ws/src/install/roboracer_description/share/roboracer_description/local_setup.bash
[0.799s] -- Installing: /home/loq/roboracer_ws/src/install/roboracer_description/share/roboracer_description/local_setup.sh
[0.800s] -- Installing: /home/loq/roboracer_ws/src/install/roboracer_description/share/roboracer_description/local_setup.zsh
[0.800s] -- Installing: /home/loq/roboracer_ws/src/install/roboracer_description/share/roboracer_description/local_setup.dsv
[0.800s] -- Installing: /home/loq/roboracer_ws/src/install/roboracer_description/share/roboracer_description/package.dsv
[0.800s] -- Installing: /home/loq/roboracer_ws/src/install/roboracer_description/share/ament_index/resource_index/packages/roboracer_description
[0.800s] -- Installing: /home/loq/roboracer_ws/src/install/roboracer_description/share/roboracer_description/cmake/roboracer_descriptionConfig.cmake
[0.801s] -- Installing: /home/loq/roboracer_ws/src/install/roboracer_description/share/roboracer_description/cmake/roboracer_descriptionConfig-version.cmake
[0.801s] -- Installing: /home/loq/roboracer_ws/src/install/roboracer_description/share/roboracer_description/package.xml
[0.804s] Invoked command in '/home/loq/roboracer_ws/src/build/roboracer_description' returned '0': CMAKE_PREFIX_PATH=${CMAKE_PREFIX_PATH}:/home/loq/drivingcar_ws/install/self_driving_car_pkg:/home/loq/bumperbot_ws/install/bumperbot_py_example:/home/loq/roboracer_ws/install/roboracer_py:/home/loq/ros2_action_ws/install/lifecycle_py:/home/loq/ros2_action_ws/install/action_py:/opt/ros/humble /usr/bin/cmake --install /home/loq/roboracer_ws/src/build/roboracer_description
