[0.132s] Invoking command in '/home/dev/roboracer_ws/build/roboracer_visual_odom': CMAKE_PREFIX_PATH=/home/dev/roboracer_ws/install/vesc:/home/dev/roboracer_ws/install/vesc_driver:/home/dev/roboracer_ws/install/vesc_ackermann:/home/dev/roboracer_ws/install/roboracer_yolov8_detector:/home/dev/roboracer_ws/install/roboracer_py:/opt/ros/humble:/home/dev/roboracer_ws/install/vesc_msgs:/home/dev/roboracer_ws/install/udp_driver:/home/dev/roboracer_ws/install/serial_driver:/home/dev/roboracer_ws/install/roboracer_visual_odom:/home/dev/roboracer_ws/install/roboracer_localization:/home/dev/roboracer_ws/install/roboracer_description:/home/dev/roboracer_ws/install/roboracer_controller:/home/dev/roboracer_ws/install/pure_pursuit:/home/dev/roboracer_ws/install/io_context:/home/dev/roboracer_ws/install/gap_follow:/home/dev/roboracer_ws/install/asio_cmake_module /usr/local/bin/cmake --build /home/dev/roboracer_ws/build/roboracer_visual_odom -- -j8 -l8
[0.238s] [ 50%] Built target rgbd_pointcloud_publisher
[0.251s] [100%] Built target visual_odom
[0.421s] Invoked command in '/home/dev/roboracer_ws/build/roboracer_visual_odom' returned '0': CMAKE_PREFIX_PATH=/home/dev/roboracer_ws/install/vesc:/home/dev/roboracer_ws/install/vesc_driver:/home/dev/roboracer_ws/install/vesc_ackermann:/home/dev/roboracer_ws/install/roboracer_yolov8_detector:/home/dev/roboracer_ws/install/roboracer_py:/opt/ros/humble:/home/dev/roboracer_ws/install/vesc_msgs:/home/dev/roboracer_ws/install/udp_driver:/home/dev/roboracer_ws/install/serial_driver:/home/dev/roboracer_ws/install/roboracer_visual_odom:/home/dev/roboracer_ws/install/roboracer_localization:/home/dev/roboracer_ws/install/roboracer_description:/home/dev/roboracer_ws/install/roboracer_controller:/home/dev/roboracer_ws/install/pure_pursuit:/home/dev/roboracer_ws/install/io_context:/home/dev/roboracer_ws/install/gap_follow:/home/dev/roboracer_ws/install/asio_cmake_module /usr/local/bin/cmake --build /home/dev/roboracer_ws/build/roboracer_visual_odom -- -j8 -l8
[0.424s] Invoking command in '/home/dev/roboracer_ws/build/roboracer_visual_odom': CMAKE_PREFIX_PATH=/home/dev/roboracer_ws/install/vesc:/home/dev/roboracer_ws/install/vesc_driver:/home/dev/roboracer_ws/install/vesc_ackermann:/home/dev/roboracer_ws/install/roboracer_yolov8_detector:/home/dev/roboracer_ws/install/roboracer_py:/opt/ros/humble:/home/dev/roboracer_ws/install/vesc_msgs:/home/dev/roboracer_ws/install/udp_driver:/home/dev/roboracer_ws/install/serial_driver:/home/dev/roboracer_ws/install/roboracer_visual_odom:/home/dev/roboracer_ws/install/roboracer_localization:/home/dev/roboracer_ws/install/roboracer_description:/home/dev/roboracer_ws/install/roboracer_controller:/home/dev/roboracer_ws/install/pure_pursuit:/home/dev/roboracer_ws/install/io_context:/home/dev/roboracer_ws/install/gap_follow:/home/dev/roboracer_ws/install/asio_cmake_module /usr/local/bin/cmake --install /home/dev/roboracer_ws/build/roboracer_visual_odom
[0.519s] -- Install configuration: ""
[0.520s] -- Up-to-date: /home/dev/roboracer_ws/install/roboracer_visual_odom/lib/roboracer_visual_odom/visual_odom
[0.520s] -- Up-to-date: /home/dev/roboracer_ws/install/roboracer_visual_odom/lib/roboracer_visual_odom/rgbd_pointcloud_publisher
[0.520s] -- Up-to-date: /home/dev/roboracer_ws/install/roboracer_visual_odom/share/ament_index/resource_index/package_run_dependencies/roboracer_visual_odom
[0.520s] -- Up-to-date: /home/dev/roboracer_ws/install/roboracer_visual_odom/share/ament_index/resource_index/parent_prefix_path/roboracer_visual_odom
[0.520s] -- Up-to-date: /home/dev/roboracer_ws/install/roboracer_visual_odom/share/roboracer_visual_odom/environment/ament_prefix_path.sh
[0.520s] -- Up-to-date: /home/dev/roboracer_ws/install/roboracer_visual_odom/share/roboracer_visual_odom/environment/ament_prefix_path.dsv
[0.520s] -- Up-to-date: /home/dev/roboracer_ws/install/roboracer_visual_odom/share/roboracer_visual_odom/environment/path.sh
[0.521s] -- Up-to-date: /home/dev/roboracer_ws/install/roboracer_visual_odom/share/roboracer_visual_odom/environment/path.dsv
[0.521s] -- Up-to-date: /home/dev/roboracer_ws/install/roboracer_visual_odom/share/roboracer_visual_odom/local_setup.bash
[0.521s] -- Up-to-date: /home/dev/roboracer_ws/install/roboracer_visual_odom/share/roboracer_visual_odom/local_setup.sh
[0.521s] -- Up-to-date: /home/dev/roboracer_ws/install/roboracer_visual_odom/share/roboracer_visual_odom/local_setup.zsh
[0.521s] -- Up-to-date: /home/dev/roboracer_ws/install/roboracer_visual_odom/share/roboracer_visual_odom/local_setup.dsv
[0.521s] -- Installing: /home/dev/roboracer_ws/install/roboracer_visual_odom/share/roboracer_visual_odom/package.dsv
[0.522s] -- Up-to-date: /home/dev/roboracer_ws/install/roboracer_visual_odom/share/ament_index/resource_index/packages/roboracer_visual_odom
[0.522s] -- Up-to-date: /home/dev/roboracer_ws/install/roboracer_visual_odom/share/roboracer_visual_odom/cmake/ament_cmake_export_dependencies-extras.cmake
[0.522s] -- Up-to-date: /home/dev/roboracer_ws/install/roboracer_visual_odom/share/roboracer_visual_odom/cmake/roboracer_visual_odomConfig.cmake
[0.522s] -- Up-to-date: /home/dev/roboracer_ws/install/roboracer_visual_odom/share/roboracer_visual_odom/cmake/roboracer_visual_odomConfig-version.cmake
[0.522s] -- Up-to-date: /home/dev/roboracer_ws/install/roboracer_visual_odom/share/roboracer_visual_odom/package.xml
[0.532s] Invoked command in '/home/dev/roboracer_ws/build/roboracer_visual_odom' returned '0': CMAKE_PREFIX_PATH=/home/dev/roboracer_ws/install/vesc:/home/dev/roboracer_ws/install/vesc_driver:/home/dev/roboracer_ws/install/vesc_ackermann:/home/dev/roboracer_ws/install/roboracer_yolov8_detector:/home/dev/roboracer_ws/install/roboracer_py:/opt/ros/humble:/home/dev/roboracer_ws/install/vesc_msgs:/home/dev/roboracer_ws/install/udp_driver:/home/dev/roboracer_ws/install/serial_driver:/home/dev/roboracer_ws/install/roboracer_visual_odom:/home/dev/roboracer_ws/install/roboracer_localization:/home/dev/roboracer_ws/install/roboracer_description:/home/dev/roboracer_ws/install/roboracer_controller:/home/dev/roboracer_ws/install/pure_pursuit:/home/dev/roboracer_ws/install/io_context:/home/dev/roboracer_ws/install/gap_follow:/home/dev/roboracer_ws/install/asio_cmake_module /usr/local/bin/cmake --install /home/dev/roboracer_ws/build/roboracer_visual_odom
