[0.590s] Invoking command in '/home/loq/roboracer_ws/src/roboracer_py': PYTHONPATH=/home/loq/roboracer_ws/build/roboracer_py/prefix_override:/usr/lib/python3/dist-packages/colcon_core/task/python/colcon_distutils_commands:/home/loq/roboracer_ws/install/roboracer_py/lib/python3.10/site-packages:${PYTHONPATH} /usr/bin/python3 -W ignore:setup.py install is deprecated -W ignore:easy_install command is deprecated setup.py egg_info --egg-base ../../build/roboracer_py build --build-base /home/loq/roboracer_ws/build/roboracer_py/build install --record /home/loq/roboracer_ws/build/roboracer_py/install.log --single-version-externally-managed install_data
[0.800s] running egg_info
[0.800s] writing ../../build/roboracer_py/roboracer_py.egg-info/PKG-INFO
[0.800s] writing dependency_links to ../../build/roboracer_py/roboracer_py.egg-info/dependency_links.txt
[0.801s] writing entry points to ../../build/roboracer_py/roboracer_py.egg-info/entry_points.txt
[0.801s] writing requirements to ../../build/roboracer_py/roboracer_py.egg-info/requires.txt
[0.801s] writing top-level names to ../../build/roboracer_py/roboracer_py.egg-info/top_level.txt
[0.802s] reading manifest file '../../build/roboracer_py/roboracer_py.egg-info/SOURCES.txt'
[0.803s] writing manifest file '../../build/roboracer_py/roboracer_py.egg-info/SOURCES.txt'
[0.803s] running build
[0.803s] running build_py
[0.803s] running install
[0.803s] running install_lib
[0.804s] running install_data
[0.804s] running install_egg_info
[0.806s] removing '/home/loq/roboracer_ws/install/roboracer_py/lib/python3.10/site-packages/roboracer_py-0.0.0-py3.10.egg-info' (and everything under it)
[0.806s] Copying ../../build/roboracer_py/roboracer_py.egg-info to /home/loq/roboracer_ws/install/roboracer_py/lib/python3.10/site-packages/roboracer_py-0.0.0-py3.10.egg-info
[0.807s] running install_scripts
[0.825s] Installing disparity_extender script to /home/loq/roboracer_ws/install/roboracer_py/lib/roboracer_py
[0.825s] Installing gap_follow script to /home/loq/roboracer_ws/install/roboracer_py/lib/roboracer_py
[0.825s] writing list of installed files to '/home/loq/roboracer_ws/build/roboracer_py/install.log'
[0.850s] Invoked command in '/home/loq/roboracer_ws/src/roboracer_py' returned '0': PYTHONPATH=/home/loq/roboracer_ws/build/roboracer_py/prefix_override:/usr/lib/python3/dist-packages/colcon_core/task/python/colcon_distutils_commands:/home/loq/roboracer_ws/install/roboracer_py/lib/python3.10/site-packages:${PYTHONPATH} /usr/bin/python3 -W ignore:setup.py install is deprecated -W ignore:easy_install command is deprecated setup.py egg_info --egg-base ../../build/roboracer_py build --build-base /home/loq/roboracer_ws/build/roboracer_py/build install --record /home/loq/roboracer_ws/build/roboracer_py/install.log --single-version-externally-managed install_data
