-- The C compiler identification is GNU 11.4.0
-- The CXX compiler identification is GNU 11.4.0
-- Detecting C compiler ABI info
-- Detecting C compiler ABI info - done
-- Check for working C compiler: /usr/bin/cc - skipped
-- Detecting C compile features
-- Detecting C compile features - done
-- Detecting CXX compiler ABI info
-- Detecting CXX compiler ABI info - done
-- Check for working CXX compiler: /usr/bin/c++ - skipped
-- Detecting CXX compile features
-- Detecting CXX compile features - done
-- Found ament_cmake: 1.3.11 (/opt/ros/humble/share/ament_cmake/cmake)
-- Found Python3: /usr/bin/python3 (found version "3.10.12") found components: Interpreter 
-- Found rclcpp: 16.0.12 (/opt/ros/humble/share/rclcpp/cmake)
-- Found rosidl_generator_c: 3.1.6 (/opt/ros/humble/share/rosidl_generator_c/cmake)
-- Found rosidl_adapter: 3.1.6 (/opt/ros/humble/share/rosidl_adapter/cmake)
-- Found rosidl_generator_cpp: 3.1.6 (/opt/ros/humble/share/rosidl_generator_cpp/cmake)
-- Using all available rosidl_typesupport_c: rosidl_typesupport_fastrtps_c;rosidl_typesupport_introspection_c
-- Using all available rosidl_typesupport_cpp: rosidl_typesupport_fastrtps_cpp;rosidl_typesupport_introspection_cpp
-- Found rmw_implementation_cmake: 6.1.2 (/opt/ros/humble/share/rmw_implementation_cmake/cmake)
-- Found rmw_cyclonedds_cpp: 1.3.4 (/opt/ros/humble/share/rmw_cyclonedds_cpp/cmake)
-- Using RMW implementation 'rmw_cyclonedds_cpp' as default
-- Looking for pthread.h
-- Looking for pthread.h - found
-- Performing Test CMAKE_HAVE_LIBC_PTHREAD
-- Performing Test CMAKE_HAVE_LIBC_PTHREAD - Success
-- Found Threads: TRUE  
-- Found geometry_msgs: 4.8.0 (/opt/ros/humble/share/geometry_msgs/cmake)
-- Found nav_msgs: 4.8.0 (/opt/ros/humble/share/nav_msgs/cmake)
-- Found ackermann_msgs: 2.0.2 (/opt/ros/humble/share/ackermann_msgs/cmake)
-- Found sensor_msgs: 4.8.0 (/opt/ros/humble/share/sensor_msgs/cmake)
-- Found visualization_msgs: 4.8.0 (/opt/ros/humble/share/visualization_msgs/cmake)
-- Found tf2: 0.25.12 (/opt/ros/humble/share/tf2/cmake)
-- Found tf2_ros: 0.25.12 (/opt/ros/humble/share/tf2_ros/cmake)
-- Found tf2_geometry_msgs: 0.25.12 (/opt/ros/humble/share/tf2_geometry_msgs/cmake)
-- Found eigen3_cmake_module: 0.1.1 (/opt/ros/humble/share/eigen3_cmake_module/cmake)
-- Found Eigen3: TRUE (found version "3.4.0") 
-- Ensuring Eigen3 include directory is part of orocos-kdl CMake target
-- Configuring done
-- Generating done
-- Build files have been written to: /home/loq/roboracer_ws/roboracer_dissertation/build/pure_pursuit
[ 25%] [32mBuilding CXX object CMakeFiles/pure_pursuit.dir/src/pure_pursuit.cpp.o[0m
[ 50%] [32mBuilding CXX object CMakeFiles/waypoint_visualizer.dir/src/waypoint_visualizer.cpp.o[0m
[ 75%] [32m[1mLinking CXX executable waypoint_visualizer[0m
[ 75%] Built target waypoint_visualizer
[100%] [32m[1mLinking CXX executable pure_pursuit[0m
[100%] Built target pure_pursuit
-- Install configuration: ""
-- Installing: /home/loq/roboracer_ws/roboracer_dissertation/install/pure_pursuit/lib/pure_pursuit/pure_pursuit
-- Set runtime path of "/home/loq/roboracer_ws/roboracer_dissertation/install/pure_pursuit/lib/pure_pursuit/pure_pursuit" to ""
-- Installing: /home/loq/roboracer_ws/roboracer_dissertation/install/pure_pursuit/lib/pure_pursuit/waypoint_visualizer
-- Set runtime path of "/home/loq/roboracer_ws/roboracer_dissertation/install/pure_pursuit/lib/pure_pursuit/waypoint_visualizer" to ""
-- Installing: /home/loq/roboracer_ws/roboracer_dissertation/install/pure_pursuit/share/pure_pursuit/launch
-- Installing: /home/loq/roboracer_ws/roboracer_dissertation/install/pure_pursuit/share/pure_pursuit/launch/slam_toolbox.launch.py
-- Installing: /home/loq/roboracer_ws/roboracer_dissertation/install/pure_pursuit/share/pure_pursuit/launch/sim_pure_pursuit.rviz
-- Installing: /home/loq/roboracer_ws/roboracer_dissertation/install/pure_pursuit/share/pure_pursuit/launch/sim_pure_pursuit_launch.py
-- Installing: /home/loq/roboracer_ws/roboracer_dissertation/install/pure_pursuit/share/pure_pursuit/config
-- Installing: /home/loq/roboracer_ws/roboracer_dissertation/install/pure_pursuit/share/pure_pursuit/config/sim_config.yaml
-- Installing: /home/loq/roboracer_ws/roboracer_dissertation/install/pure_pursuit/share/pure_pursuit/config/mapper_params_online_async.yaml
-- Installing: /home/loq/roboracer_ws/roboracer_dissertation/install/pure_pursuit/share/ament_index/resource_index/package_run_dependencies/pure_pursuit
-- Installing: /home/loq/roboracer_ws/roboracer_dissertation/install/pure_pursuit/share/ament_index/resource_index/parent_prefix_path/pure_pursuit
-- Installing: /home/loq/roboracer_ws/roboracer_dissertation/install/pure_pursuit/share/pure_pursuit/environment/ament_prefix_path.sh
-- Installing: /home/loq/roboracer_ws/roboracer_dissertation/install/pure_pursuit/share/pure_pursuit/environment/ament_prefix_path.dsv
-- Installing: /home/loq/roboracer_ws/roboracer_dissertation/install/pure_pursuit/share/pure_pursuit/environment/path.sh
-- Installing: /home/loq/roboracer_ws/roboracer_dissertation/install/pure_pursuit/share/pure_pursuit/environment/path.dsv
-- Installing: /home/loq/roboracer_ws/roboracer_dissertation/install/pure_pursuit/share/pure_pursuit/local_setup.bash
-- Installing: /home/loq/roboracer_ws/roboracer_dissertation/install/pure_pursuit/share/pure_pursuit/local_setup.sh
-- Installing: /home/loq/roboracer_ws/roboracer_dissertation/install/pure_pursuit/share/pure_pursuit/local_setup.zsh
-- Installing: /home/loq/roboracer_ws/roboracer_dissertation/install/pure_pursuit/share/pure_pursuit/local_setup.dsv
-- Installing: /home/loq/roboracer_ws/roboracer_dissertation/install/pure_pursuit/share/pure_pursuit/package.dsv
-- Installing: /home/loq/roboracer_ws/roboracer_dissertation/install/pure_pursuit/share/ament_index/resource_index/packages/pure_pursuit
-- Installing: /home/loq/roboracer_ws/roboracer_dissertation/install/pure_pursuit/share/pure_pursuit/cmake/pure_pursuitConfig.cmake
-- Installing: /home/loq/roboracer_ws/roboracer_dissertation/install/pure_pursuit/share/pure_pursuit/cmake/pure_pursuitConfig-version.cmake
-- Installing: /home/loq/roboracer_ws/roboracer_dissertation/install/pure_pursuit/share/pure_pursuit/package.xml
