[0.267s] Invoking command in '/home/loq/roboracer_ws/roboracer_dissertation/build/pure_pursuit': CMAKE_PREFIX_PATH=${CMAKE_PREFIX_PATH}:/home/loq/drivingcar_ws/install/self_driving_car_pkg:/home/loq/bumperbot_ws/install/bumperbot_py_example:/home/loq/ros2_action_ws/install/lifecycle_py:/home/loq/ros2_action_ws/install/action_py:/opt/ros/humble /usr/bin/cmake /home/loq/roboracer_ws/roboracer_dissertation/roboracer_project/roboracer_ws/src/pure_pursuit -DCMAKE_INSTALL_PREFIX=/home/loq/roboracer_ws/roboracer_dissertation/install/pure_pursuit
[0.596s] -- The C compiler identification is GNU 11.4.0
[0.596s] -- The CXX compiler identification is GNU 11.4.0
[0.596s] -- Detecting C compiler ABI info
[0.596s] -- Detecting C compiler ABI info - done
[0.596s] -- Check for working C compiler: /usr/bin/cc - skipped
[0.596s] -- Detecting C compile features
[0.596s] -- Detecting C compile features - done
[0.596s] -- Detecting CXX compiler ABI info
[0.696s] -- Detecting CXX compiler ABI info - done
[0.707s] -- Check for working CXX compiler: /usr/bin/c++ - skipped
[0.707s] -- Detecting CXX compile features
[0.707s] -- Detecting CXX compile features - done
[0.715s] -- Found ament_cmake: 1.3.11 (/opt/ros/humble/share/ament_cmake/cmake)
[0.990s] -- Found Python3: /usr/bin/python3 (found version "3.10.12") found components: Interpreter 
[1.157s] -- Found rclcpp: 16.0.12 (/opt/ros/humble/share/rclcpp/cmake)
[1.258s] -- Found rosidl_generator_c: 3.1.6 (/opt/ros/humble/share/rosidl_generator_c/cmake)
[1.272s] -- Found rosidl_adapter: 3.1.6 (/opt/ros/humble/share/rosidl_adapter/cmake)
[1.292s] -- Found rosidl_generator_cpp: 3.1.6 (/opt/ros/humble/share/rosidl_generator_cpp/cmake)
[1.321s] -- Using all available rosidl_typesupport_c: rosidl_typesupport_fastrtps_c;rosidl_typesupport_introspection_c
[1.352s] -- Using all available rosidl_typesupport_cpp: rosidl_typesupport_fastrtps_cpp;rosidl_typesupport_introspection_cpp
[1.445s] -- Found rmw_implementation_cmake: 6.1.2 (/opt/ros/humble/share/rmw_implementation_cmake/cmake)
[1.453s] -- Found rmw_cyclonedds_cpp: 1.3.4 (/opt/ros/humble/share/rmw_cyclonedds_cpp/cmake)
[1.507s] -- Using RMW implementation 'rmw_cyclonedds_cpp' as default
[1.530s] -- Looking for pthread.h
[1.632s] -- Looking for pthread.h - found
[1.632s] -- Performing Test CMAKE_HAVE_LIBC_PTHREAD
[1.723s] -- Performing Test CMAKE_HAVE_LIBC_PTHREAD - Success
[1.725s] -- Found Threads: TRUE  
[1.814s] -- Found geometry_msgs: 4.8.0 (/opt/ros/humble/share/geometry_msgs/cmake)
[1.833s] -- Found nav_msgs: 4.8.0 (/opt/ros/humble/share/nav_msgs/cmake)
[1.859s] -- Found ackermann_msgs: 2.0.2 (/opt/ros/humble/share/ackermann_msgs/cmake)
[1.885s] -- Found sensor_msgs: 4.8.0 (/opt/ros/humble/share/sensor_msgs/cmake)
[1.911s] -- Found visualization_msgs: 4.8.0 (/opt/ros/humble/share/visualization_msgs/cmake)
[1.945s] -- Found tf2: 0.25.12 (/opt/ros/humble/share/tf2/cmake)
[1.962s] -- Found tf2_ros: 0.25.12 (/opt/ros/humble/share/tf2_ros/cmake)
[2.101s] -- Found tf2_geometry_msgs: 0.25.12 (/opt/ros/humble/share/tf2_geometry_msgs/cmake)
[2.137s] -- Found eigen3_cmake_module: 0.1.1 (/opt/ros/humble/share/eigen3_cmake_module/cmake)
[2.139s] -- Found Eigen3: TRUE (found version "3.4.0") 
[2.140s] -- Ensuring Eigen3 include directory is part of orocos-kdl CMake target
[2.249s] -- Configuring done
[2.287s] -- Generating done
[2.308s] -- Build files have been written to: /home/loq/roboracer_ws/roboracer_dissertation/build/pure_pursuit
[2.384s] Invoked command in '/home/loq/roboracer_ws/roboracer_dissertation/build/pure_pursuit' returned '0': CMAKE_PREFIX_PATH=${CMAKE_PREFIX_PATH}:/home/loq/drivingcar_ws/install/self_driving_car_pkg:/home/loq/bumperbot_ws/install/bumperbot_py_example:/home/loq/ros2_action_ws/install/lifecycle_py:/home/loq/ros2_action_ws/install/action_py:/opt/ros/humble /usr/bin/cmake /home/loq/roboracer_ws/roboracer_dissertation/roboracer_project/roboracer_ws/src/pure_pursuit -DCMAKE_INSTALL_PREFIX=/home/loq/roboracer_ws/roboracer_dissertation/install/pure_pursuit
[2.385s] Invoking command in '/home/loq/roboracer_ws/roboracer_dissertation/build/pure_pursuit': CMAKE_PREFIX_PATH=${CMAKE_PREFIX_PATH}:/home/loq/drivingcar_ws/install/self_driving_car_pkg:/home/loq/bumperbot_ws/install/bumperbot_py_example:/home/loq/ros2_action_ws/install/lifecycle_py:/home/loq/ros2_action_ws/install/action_py:/opt/ros/humble /usr/bin/cmake --build /home/loq/roboracer_ws/roboracer_dissertation/build/pure_pursuit -- -j8 -l8
[2.462s] [ 25%] [32mBuilding CXX object CMakeFiles/pure_pursuit.dir/src/pure_pursuit.cpp.o[0m
[2.464s] [ 50%] [32mBuilding CXX object CMakeFiles/waypoint_visualizer.dir/src/waypoint_visualizer.cpp.o[0m
[6.810s] In file included from [01m[K/opt/ros/humble/include/rclcpp/rclcpp/logging.hpp:24[m[K,
[6.810s]                  from [01m[K/opt/ros/humble/include/rclcpp/rclcpp/client.hpp:40[m[K,
[6.810s]                  from [01m[K/opt/ros/humble/include/rclcpp/rclcpp/callback_group.hpp:24[m[K,
[6.810s]                  from [01m[K/opt/ros/humble/include/rclcpp/rclcpp/any_executable.hpp:20[m[K,
[6.811s]                  from [01m[K/opt/ros/humble/include/rclcpp/rclcpp/memory_strategy.hpp:25[m[K,
[6.811s]                  from [01m[K/opt/ros/humble/include/rclcpp/rclcpp/memory_strategies.hpp:18[m[K,
[6.811s]                  from [01m[K/opt/ros/humble/include/rclcpp/rclcpp/executor_options.hpp:20[m[K,
[6.811s]                  from [01m[K/opt/ros/humble/include/rclcpp/rclcpp/executor.hpp:37[m[K,
[6.811s]                  from [01m[K/opt/ros/humble/include/rclcpp/rclcpp/executors/multi_threaded_executor.hpp:25[m[K,
[6.811s]                  from [01m[K/opt/ros/humble/include/rclcpp/rclcpp/executors.hpp:21[m[K,
[6.811s]                  from [01m[K/opt/ros/humble/include/rclcpp/rclcpp/rclcpp.hpp:155[m[K,
[6.811s]                  from [01m[K/opt/ros/humble/include/tf2_ros/tf2_ros/buffer_interface.h:48[m[K,
[6.811s]                  from [01m[K/opt/ros/humble/include/tf2_ros/tf2_ros/buffer.h:42[m[K,
[6.812s]                  from [01m[K/home/loq/roboracer_ws/roboracer_dissertation/roboracer_project/roboracer_ws/src/pure_pursuit/include/pure_pursuit.hpp:6[m[K,
[6.812s]                  from [01m[K/home/loq/roboracer_ws/roboracer_dissertation/roboracer_project/roboracer_ws/src/pure_pursuit/src/pure_pursuit.cpp:1[m[K:
[6.812s] [01m[K/home/loq/roboracer_ws/roboracer_dissertation/roboracer_project/roboracer_ws/src/pure_pursuit/src/pure_pursuit.cpp:[m[K In member function ‘[01m[Kvoid PurePursuit::load_waypoints()[m[K’:
[6.812s] [01m[K/home/loq/roboracer_ws/roboracer_dissertation/roboracer_project/roboracer_ws/src/pure_pursuit/src/pure_pursuit.cpp:91:42:[m[K [01;35m[Kwarning: [m[Kformat ‘[01m[K%s[m[K’ expects argument of type ‘[01m[Kchar*[m[K’, but argument 5 has type ‘[01m[Kstd::string[m[K’ {aka ‘[01m[Kstd::__cxx11::basic_string<char>[m[K’} [[01;35m[K]8;;https://gcc.gnu.org/onlinedocs/gcc/Warning-Options.html#index-Wformat=-Wformat=]8;;[m[K]
[6.812s]    91 | CLCPP_ERROR(this->get_logger(), [01;35m[K"Cannot Open CSV File: %s"[m[K, waypoints_path);
[6.812s]       |                                 [01;35m[K^~~~~~~~~~~~~~~~~~~~~~~~~~[m[K
[6.812s] 
[6.812s] [01m[K/home/loq/roboracer_ws/roboracer_dissertation/roboracer_project/roboracer_ws/src/pure_pursuit/src/pure_pursuit.cpp:91:66:[m[K [01;36m[Knote: [m[Kformat string is defined here
[6.812s]    91 | gger(), "Cannot Open CSV File: [01;36m[K%s[m[K", waypoints_path);
[6.812s]       |                                [01;36m[K~^[m[K
[6.812s]       |                                 [01;36m[K|[m[K
[6.812s]       |                                 [01;36m[Kchar*[m[K
[6.812s] 
[6.812s] In file included from [01m[K/opt/ros/humble/include/rclcpp/rclcpp/logging.hpp:24[m[K,
[6.812s]                  from [01m[K/opt/ros/humble/include/rclcpp/rclcpp/client.hpp:40[m[K,
[6.812s]                  from [01m[K/opt/ros/humble/include/rclcpp/rclcpp/callback_group.hpp:24[m[K,
[6.812s]                  from [01m[K/opt/ros/humble/include/rclcpp/rclcpp/any_executable.hpp:20[m[K,
[6.812s]                  from [01m[K/opt/ros/humble/include/rclcpp/rclcpp/memory_strategy.hpp:25[m[K,
[6.813s]                  from [01m[K/opt/ros/humble/include/rclcpp/rclcpp/memory_strategies.hpp:18[m[K,
[6.813s]                  from [01m[K/opt/ros/humble/include/rclcpp/rclcpp/executor_options.hpp:20[m[K,
[6.813s]                  from [01m[K/opt/ros/humble/include/rclcpp/rclcpp/executor.hpp:37[m[K,
[6.813s]                  from [01m[K/opt/ros/humble/include/rclcpp/rclcpp/executors/multi_threaded_executor.hpp:25[m[K,
[6.813s]                  from [01m[K/opt/ros/humble/include/rclcpp/rclcpp/executors.hpp:21[m[K,
[6.813s]                  from [01m[K/opt/ros/humble/include/rclcpp/rclcpp/rclcpp.hpp:155[m[K,
[6.813s]                  from [01m[K/opt/ros/humble/include/tf2_ros/tf2_ros/buffer_interface.h:48[m[K,
[6.813s]                  from [01m[K/opt/ros/humble/include/tf2_ros/tf2_ros/buffer.h:42[m[K,
[6.813s]                  from [01m[K/home/loq/roboracer_ws/roboracer_dissertation/roboracer_project/roboracer_ws/src/pure_pursuit/include/pure_pursuit.hpp:6[m[K,
[6.813s]                  from [01m[K/home/loq/roboracer_ws/roboracer_dissertation/roboracer_project/roboracer_ws/src/pure_pursuit/src/pure_pursuit.cpp:1[m[K:
[6.813s] [01m[K/home/loq/roboracer_ws/roboracer_dissertation/roboracer_project/roboracer_ws/src/pure_pursuit/src/pure_pursuit.cpp:121:37:[m[K [01;35m[Kwarning: [m[Kformat ‘[01m[K%s[m[K’ expects argument of type ‘[01m[Kchar*[m[K’, but argument 6 has type ‘[01m[Kstd::string[m[K’ {aka ‘[01m[Kstd::__cxx11::basic_string<char>[m[K’} [[01;35m[K]8;;https://gcc.gnu.org/onlinedocs/gcc/Warning-Options.html#index-Wformat=-Wformat=]8;;[m[K]
[6.813s]   121 | RCLCPP_INFO(this->get_logger(), [01;35m[K"Finished loading %d waypoints from %s"[m[K, num_waypoints, waypoints_path);
[6.813s]       |                                 [01;35m[K^~~~~~~~~~~~~~~~~~~~~~~~~~~~~~~~~~~~~~~[m[K
[6.813s] 
[6.813s] [01m[K/home/loq/roboracer_ws/roboracer_dissertation/roboracer_project/roboracer_ws/src/pure_pursuit/src/pure_pursuit.cpp:121:74:[m[K [01;36m[Knote: [m[Kformat string is defined here
[6.813s]   121 | shed loading %d waypoints from [01;36m[K%s[m[K", num_waypoints, waypoints_path);
[6.813s]       |                                [01;36m[K~^[m[K
[6.813s]       |                                 [01;36m[K|[m[K
[6.814s]       |                                 [01;36m[Kchar*[m[K
[6.814s] 
[7.432s] [ 75%] [32m[1mLinking CXX executable waypoint_visualizer[0m
[7.616s] [ 75%] Built target waypoint_visualizer
[12.623s] [100%] [32m[1mLinking CXX executable pure_pursuit[0m
[13.056s] [100%] Built target pure_pursuit
[13.068s] Invoked command in '/home/loq/roboracer_ws/roboracer_dissertation/build/pure_pursuit' returned '0': CMAKE_PREFIX_PATH=${CMAKE_PREFIX_PATH}:/home/loq/drivingcar_ws/install/self_driving_car_pkg:/home/loq/bumperbot_ws/install/bumperbot_py_example:/home/loq/ros2_action_ws/install/lifecycle_py:/home/loq/ros2_action_ws/install/action_py:/opt/ros/humble /usr/bin/cmake --build /home/loq/roboracer_ws/roboracer_dissertation/build/pure_pursuit -- -j8 -l8
[13.069s] Invoking command in '/home/loq/roboracer_ws/roboracer_dissertation/build/pure_pursuit': CMAKE_PREFIX_PATH=${CMAKE_PREFIX_PATH}:/home/loq/drivingcar_ws/install/self_driving_car_pkg:/home/loq/bumperbot_ws/install/bumperbot_py_example:/home/loq/ros2_action_ws/install/lifecycle_py:/home/loq/ros2_action_ws/install/action_py:/opt/ros/humble /usr/bin/cmake --install /home/loq/roboracer_ws/roboracer_dissertation/build/pure_pursuit
[13.077s] -- Install configuration: ""
[13.077s] -- Installing: /home/loq/roboracer_ws/roboracer_dissertation/install/pure_pursuit/lib/pure_pursuit/pure_pursuit
[13.081s] -- Set runtime path of "/home/loq/roboracer_ws/roboracer_dissertation/install/pure_pursuit/lib/pure_pursuit/pure_pursuit" to ""
[13.081s] -- Installing: /home/loq/roboracer_ws/roboracer_dissertation/install/pure_pursuit/lib/pure_pursuit/waypoint_visualizer
[13.082s] -- Set runtime path of "/home/loq/roboracer_ws/roboracer_dissertation/install/pure_pursuit/lib/pure_pursuit/waypoint_visualizer" to ""
[13.082s] -- Installing: /home/loq/roboracer_ws/roboracer_dissertation/install/pure_pursuit/share/pure_pursuit/launch
[13.082s] -- Installing: /home/loq/roboracer_ws/roboracer_dissertation/install/pure_pursuit/share/pure_pursuit/launch/slam_toolbox.launch.py
[13.083s] -- Installing: /home/loq/roboracer_ws/roboracer_dissertation/install/pure_pursuit/share/pure_pursuit/launch/sim_pure_pursuit.rviz
[13.083s] -- Installing: /home/loq/roboracer_ws/roboracer_dissertation/install/pure_pursuit/share/pure_pursuit/launch/sim_pure_pursuit_launch.py
[13.083s] -- Installing: /home/loq/roboracer_ws/roboracer_dissertation/install/pure_pursuit/share/pure_pursuit/config
[13.083s] -- Installing: /home/loq/roboracer_ws/roboracer_dissertation/install/pure_pursuit/share/pure_pursuit/config/sim_config.yaml
[13.083s] -- Installing: /home/loq/roboracer_ws/roboracer_dissertation/install/pure_pursuit/share/pure_pursuit/config/mapper_params_online_async.yaml
[13.084s] -- Installing: /home/loq/roboracer_ws/roboracer_dissertation/install/pure_pursuit/share/ament_index/resource_index/package_run_dependencies/pure_pursuit
[13.084s] -- Installing: /home/loq/roboracer_ws/roboracer_dissertation/install/pure_pursuit/share/ament_index/resource_index/parent_prefix_path/pure_pursuit
[13.084s] -- Installing: /home/loq/roboracer_ws/roboracer_dissertation/install/pure_pursuit/share/pure_pursuit/environment/ament_prefix_path.sh
[13.084s] -- Installing: /home/loq/roboracer_ws/roboracer_dissertation/install/pure_pursuit/share/pure_pursuit/environment/ament_prefix_path.dsv
[13.085s] -- Installing: /home/loq/roboracer_ws/roboracer_dissertation/install/pure_pursuit/share/pure_pursuit/environment/path.sh
[13.085s] -- Installing: /home/loq/roboracer_ws/roboracer_dissertation/install/pure_pursuit/share/pure_pursuit/environment/path.dsv
[13.085s] -- Installing: /home/loq/roboracer_ws/roboracer_dissertation/install/pure_pursuit/share/pure_pursuit/local_setup.bash
[13.085s] -- Installing: /home/loq/roboracer_ws/roboracer_dissertation/install/pure_pursuit/share/pure_pursuit/local_setup.sh
[13.085s] -- Installing: /home/loq/roboracer_ws/roboracer_dissertation/install/pure_pursuit/share/pure_pursuit/local_setup.zsh
[13.085s] -- Installing: /home/loq/roboracer_ws/roboracer_dissertation/install/pure_pursuit/share/pure_pursuit/local_setup.dsv
[13.086s] -- Installing: /home/loq/roboracer_ws/roboracer_dissertation/install/pure_pursuit/share/pure_pursuit/package.dsv
[13.086s] -- Installing: /home/loq/roboracer_ws/roboracer_dissertation/install/pure_pursuit/share/ament_index/resource_index/packages/pure_pursuit
[13.086s] -- Installing: /home/loq/roboracer_ws/roboracer_dissertation/install/pure_pursuit/share/pure_pursuit/cmake/pure_pursuitConfig.cmake
[13.086s] -- Installing: /home/loq/roboracer_ws/roboracer_dissertation/install/pure_pursuit/share/pure_pursuit/cmake/pure_pursuitConfig-version.cmake
[13.086s] -- Installing: /home/loq/roboracer_ws/roboracer_dissertation/install/pure_pursuit/share/pure_pursuit/package.xml
[13.089s] Invoked command in '/home/loq/roboracer_ws/roboracer_dissertation/build/pure_pursuit' returned '0': CMAKE_PREFIX_PATH=${CMAKE_PREFIX_PATH}:/home/loq/drivingcar_ws/install/self_driving_car_pkg:/home/loq/bumperbot_ws/install/bumperbot_py_example:/home/loq/ros2_action_ws/install/lifecycle_py:/home/loq/ros2_action_ws/install/action_py:/opt/ros/humble /usr/bin/cmake --install /home/loq/roboracer_ws/roboracer_dissertation/build/pure_pursuit
