[0.058s] Invoking command in '/home/loq/roboracer_ws/build/roboracer_description': CMAKE_PREFIX_PATH=${CMAKE_PREFIX_PATH}:/home/loq/drivingcar_ws/install/self_driving_car_pkg:/home/loq/bumperbot_ws/install/bumperbot_py_example:/home/loq/roboracer_ws/install/roboracer_py:/home/loq/ros2_action_ws/install/lifecycle_py:/home/loq/ros2_action_ws/install/action_py:/opt/ros/humble /usr/bin/cmake /home/loq/roboracer_ws/src/roboracer_description -DCMAKE_INSTALL_PREFIX=/home/loq/roboracer_ws/install/roboracer_description
[0.467s] -- Found ament_cmake: 1.3.11 (/opt/ros/humble/share/ament_cmake/cmake)
[0.468s] -- Override CMake install command with custom implementation using symlinks instead of copying resources
[0.468s] -- Found ament_lint_auto: 0.12.12 (/opt/ros/humble/share/ament_lint_auto/cmake)
[0.468s] -- Configuring done
[0.468s] -- Generating done
[0.468s] -- Build files have been written to: /home/loq/roboracer_ws/build/roboracer_description
[0.491s] Invoked command in '/home/loq/roboracer_ws/build/roboracer_description' returned '0': CMAKE_PREFIX_PATH=${CMAKE_PREFIX_PATH}:/home/loq/drivingcar_ws/install/self_driving_car_pkg:/home/loq/bumperbot_ws/install/bumperbot_py_example:/home/loq/roboracer_ws/install/roboracer_py:/home/loq/ros2_action_ws/install/lifecycle_py:/home/loq/ros2_action_ws/install/action_py:/opt/ros/humble /usr/bin/cmake /home/loq/roboracer_ws/src/roboracer_description -DCMAKE_INSTALL_PREFIX=/home/loq/roboracer_ws/install/roboracer_description
[0.492s] Invoking command in '/home/loq/roboracer_ws/build/roboracer_description': CMAKE_PREFIX_PATH=${CMAKE_PREFIX_PATH}:/home/loq/drivingcar_ws/install/self_driving_car_pkg:/home/loq/bumperbot_ws/install/bumperbot_py_example:/home/loq/roboracer_ws/install/roboracer_py:/home/loq/ros2_action_ws/install/lifecycle_py:/home/loq/ros2_action_ws/install/action_py:/opt/ros/humble /usr/bin/cmake --build /home/loq/roboracer_ws/build/roboracer_description -- -j8 -l8
[0.577s] Invoked command in '/home/loq/roboracer_ws/build/roboracer_description' returned '0': CMAKE_PREFIX_PATH=${CMAKE_PREFIX_PATH}:/home/loq/drivingcar_ws/install/self_driving_car_pkg:/home/loq/bumperbot_ws/install/bumperbot_py_example:/home/loq/roboracer_ws/install/roboracer_py:/home/loq/ros2_action_ws/install/lifecycle_py:/home/loq/ros2_action_ws/install/action_py:/opt/ros/humble /usr/bin/cmake --build /home/loq/roboracer_ws/build/roboracer_description -- -j8 -l8
[0.591s] Invoking command in '/home/loq/roboracer_ws/build/roboracer_description': CMAKE_PREFIX_PATH=${CMAKE_PREFIX_PATH}:/home/loq/drivingcar_ws/install/self_driving_car_pkg:/home/loq/bumperbot_ws/install/bumperbot_py_example:/home/loq/roboracer_ws/install/roboracer_py:/home/loq/ros2_action_ws/install/lifecycle_py:/home/loq/ros2_action_ws/install/action_py:/opt/ros/humble /usr/bin/cmake --install /home/loq/roboracer_ws/build/roboracer_description
[0.603s] -- Install configuration: ""
[0.604s] -- Execute custom install script
[0.605s] -- Up-to-date symlink: /home/loq/roboracer_ws/install/roboracer_description/share/roboracer_description/meshes/chassis.stl
[0.605s] -- Up-to-date symlink: /home/loq/roboracer_ws/install/roboracer_description/share/roboracer_description/meshes/hinge.stl
[0.607s] -- Up-to-date symlink: /home/loq/roboracer_ws/install/roboracer_description/share/roboracer_description/meshes/hokuyo.stl
[0.608s] -- Up-to-date symlink: /home/loq/roboracer_ws/install/roboracer_description/share/roboracer_description/meshes/laser_link.STL
[0.608s] -- Up-to-date symlink: /home/loq/roboracer_ws/install/roboracer_description/share/roboracer_description/meshes/left_wheel.stl
[0.609s] -- Up-to-date symlink: /home/loq/roboracer_ws/install/roboracer_description/share/roboracer_description/meshes/parking_1.dae
[0.610s] -- Up-to-date symlink: /home/loq/roboracer_ws/install/roboracer_description/share/roboracer_description/meshes/right_wheel.stl
[0.611s] -- Up-to-date symlink: /home/loq/roboracer_ws/install/roboracer_description/share/roboracer_description/meshes/world.obj
[0.617s] -- Up-to-date symlink: /home/loq/roboracer_ws/install/roboracer_description/share/roboracer_description/models/MIT_Tunnel/model.config
[0.617s] -- Up-to-date symlink: /home/loq/roboracer_ws/install/roboracer_description/share/roboracer_description/models/MIT_Tunnel/model.sdf
[0.621s] -- Up-to-date symlink: /home/loq/roboracer_ws/install/roboracer_description/share/roboracer_description/models/ar_tags/marker0/marker0/marker0/model-1_5.sdf
[0.621s] -- Up-to-date symlink: /home/loq/roboracer_ws/install/roboracer_description/share/roboracer_description/models/ar_tags/marker0/marker0/marker0/model.config
[0.623s] -- Up-to-date symlink: /home/loq/roboracer_ws/install/roboracer_description/share/roboracer_description/models/ar_tags/marker0/marker0/model-1_5.sdf
[0.623s] -- Up-to-date symlink: /home/loq/roboracer_ws/install/roboracer_description/share/roboracer_description/models/ar_tags/marker0/marker0/model.config
[0.626s] -- Up-to-date symlink: /home/loq/roboracer_ws/install/roboracer_description/share/roboracer_description/models/ar_tags/marker0/materials/textures/Marker0.png
[0.626s] -- Up-to-date symlink: /home/loq/roboracer_ws/install/roboracer_description/share/roboracer_description/models/ar_tags/marker0/meshes/Marker0.dae
[0.627s] -- Up-to-date symlink: /home/loq/roboracer_ws/install/roboracer_description/share/roboracer_description/models/ar_tags/marker0/model-1_4.sdf
[0.627s] -- Up-to-date symlink: /home/loq/roboracer_ws/install/roboracer_description/share/roboracer_description/models/ar_tags/marker0/model-1_5.sdf
[0.628s] -- Up-to-date symlink: /home/loq/roboracer_ws/install/roboracer_description/share/roboracer_description/models/ar_tags/marker0/model.config
[0.629s] -- Up-to-date symlink: /home/loq/roboracer_ws/install/roboracer_description/share/roboracer_description/models/ar_tags/marker0/model.sdf
[0.630s] -- Up-to-date symlink: /home/loq/roboracer_ws/install/roboracer_description/share/roboracer_description/models/ar_tags/marker1/marker0/marker0/model-1_5.sdf
[0.631s] -- Up-to-date symlink: /home/loq/roboracer_ws/install/roboracer_description/share/roboracer_description/models/ar_tags/marker1/marker0/marker0/model.config
[0.631s] -- Up-to-date symlink: /home/loq/roboracer_ws/install/roboracer_description/share/roboracer_description/models/ar_tags/marker1/marker0/model-1_5.sdf
[0.632s] -- Up-to-date symlink: /home/loq/roboracer_ws/install/roboracer_description/share/roboracer_description/models/ar_tags/marker1/marker0/model.config
[0.633s] -- Up-to-date symlink: /home/loq/roboracer_ws/install/roboracer_description/share/roboracer_description/models/ar_tags/marker1/materials/textures/Marker1.png
[0.633s] -- Up-to-date symlink: /home/loq/roboracer_ws/install/roboracer_description/share/roboracer_description/models/ar_tags/marker1/meshes/Marker1.dae
[0.634s] -- Up-to-date symlink: /home/loq/roboracer_ws/install/roboracer_description/share/roboracer_description/models/ar_tags/marker1/model-1_4.sdf
[0.635s] -- Up-to-date symlink: /home/loq/roboracer_ws/install/roboracer_description/share/roboracer_description/models/ar_tags/marker1/model-1_5.sdf
[0.635s] -- Up-to-date symlink: /home/loq/roboracer_ws/install/roboracer_description/share/roboracer_description/models/ar_tags/marker1/model.config
[0.635s] -- Up-to-date symlink: /home/loq/roboracer_ws/install/roboracer_description/share/roboracer_description/models/ar_tags/marker1/model.sdf
[0.637s] -- Up-to-date symlink: /home/loq/roboracer_ws/install/roboracer_description/share/roboracer_description/models/ar_tags/marker10/marker0/marker0/model-1_5.sdf
[0.638s] -- Up-to-date symlink: /home/loq/roboracer_ws/install/roboracer_description/share/roboracer_description/models/ar_tags/marker10/marker0/marker0/model.config
[0.638s] -- Up-to-date symlink: /home/loq/roboracer_ws/install/roboracer_description/share/roboracer_description/models/ar_tags/marker10/marker0/model-1_5.sdf
[0.639s] -- Up-to-date symlink: /home/loq/roboracer_ws/install/roboracer_description/share/roboracer_description/models/ar_tags/marker10/marker0/model.config
[0.642s] -- Up-to-date symlink: /home/loq/roboracer_ws/install/roboracer_description/share/roboracer_description/models/ar_tags/marker10/materials/textures/Marker10.png
[0.646s] -- Up-to-date symlink: /home/loq/roboracer_ws/install/roboracer_description/share/roboracer_description/models/ar_tags/marker10/meshes/Marker10.dae
[0.646s] -- Up-to-date symlink: /home/loq/roboracer_ws/install/roboracer_description/share/roboracer_description/models/ar_tags/marker10/model-1_4.sdf
[0.650s] -- Up-to-date symlink: /home/loq/roboracer_ws/install/roboracer_description/share/roboracer_description/models/ar_tags/marker10/model-1_5.sdf
[0.650s] -- Up-to-date symlink: /home/loq/roboracer_ws/install/roboracer_description/share/roboracer_description/models/ar_tags/marker10/model.config
[0.652s] -- Up-to-date symlink: /home/loq/roboracer_ws/install/roboracer_description/share/roboracer_description/models/ar_tags/marker10/model.sdf
[0.653s] -- Up-to-date symlink: /home/loq/roboracer_ws/install/roboracer_description/share/roboracer_description/models/ar_tags/marker11/marker0/marker0/model-1_5.sdf
[0.659s] -- Up-to-date symlink: /home/loq/roboracer_ws/install/roboracer_description/share/roboracer_description/models/ar_tags/marker11/marker0/marker0/model.config
[0.659s] -- Up-to-date symlink: /home/loq/roboracer_ws/install/roboracer_description/share/roboracer_description/models/ar_tags/marker11/marker0/model-1_5.sdf
[0.659s] -- Up-to-date symlink: /home/loq/roboracer_ws/install/roboracer_description/share/roboracer_description/models/ar_tags/marker11/marker0/model.config
[0.659s] -- Up-to-date symlink: /home/loq/roboracer_ws/install/roboracer_description/share/roboracer_description/models/ar_tags/marker11/materials/textures/Marker11.png
[0.660s] -- Up-to-date symlink: /home/loq/roboracer_ws/install/roboracer_description/share/roboracer_description/models/ar_tags/marker11/meshes/Marker11.dae
[0.660s] -- Up-to-date symlink: /home/loq/roboracer_ws/install/roboracer_description/share/roboracer_description/models/ar_tags/marker11/model-1_4.sdf
[0.660s] -- Up-to-date symlink: /home/loq/roboracer_ws/install/roboracer_description/share/roboracer_description/models/ar_tags/marker11/model-1_5.sdf
[0.661s] -- Up-to-date symlink: /home/loq/roboracer_ws/install/roboracer_description/share/roboracer_description/models/ar_tags/marker11/model.config
[0.662s] -- Up-to-date symlink: /home/loq/roboracer_ws/install/roboracer_description/share/roboracer_description/models/ar_tags/marker11/model.sdf
[0.667s] -- Up-to-date symlink: /home/loq/roboracer_ws/install/roboracer_description/share/roboracer_description/models/ar_tags/marker12/marker0/marker0/model-1_5.sdf
[0.668s] -- Up-to-date symlink: /home/loq/roboracer_ws/install/roboracer_description/share/roboracer_description/models/ar_tags/marker12/marker0/marker0/model.config
[0.669s] -- Up-to-date symlink: /home/loq/roboracer_ws/install/roboracer_description/share/roboracer_description/models/ar_tags/marker12/marker0/model-1_5.sdf
[0.669s] -- Up-to-date symlink: /home/loq/roboracer_ws/install/roboracer_description/share/roboracer_description/models/ar_tags/marker12/marker0/model.config
[0.671s] -- Up-to-date symlink: /home/loq/roboracer_ws/install/roboracer_description/share/roboracer_description/models/ar_tags/marker12/materials/textures/Marker12.png
[0.671s] -- Up-to-date symlink: /home/loq/roboracer_ws/install/roboracer_description/share/roboracer_description/models/ar_tags/marker12/meshes/Marker12.dae
[0.671s] -- Up-to-date symlink: /home/loq/roboracer_ws/install/roboracer_description/share/roboracer_description/models/ar_tags/marker12/model-1_4.sdf
[0.672s] -- Up-to-date symlink: /home/loq/roboracer_ws/install/roboracer_description/share/roboracer_description/models/ar_tags/marker12/model-1_5.sdf
[0.672s] -- Up-to-date symlink: /home/loq/roboracer_ws/install/roboracer_description/share/roboracer_description/models/ar_tags/marker12/model.config
[0.672s] -- Up-to-date symlink: /home/loq/roboracer_ws/install/roboracer_description/share/roboracer_description/models/ar_tags/marker12/model.sdf
[0.673s] -- Up-to-date symlink: /home/loq/roboracer_ws/install/roboracer_description/share/roboracer_description/models/ar_tags/marker13/marker0/marker0/model-1_5.sdf
[0.674s] -- Up-to-date symlink: /home/loq/roboracer_ws/install/roboracer_description/share/roboracer_description/models/ar_tags/marker13/marker0/marker0/model.config
[0.674s] -- Up-to-date symlink: /home/loq/roboracer_ws/install/roboracer_description/share/roboracer_description/models/ar_tags/marker13/marker0/model-1_5.sdf
[0.678s] -- Up-to-date symlink: /home/loq/roboracer_ws/install/roboracer_description/share/roboracer_description/models/ar_tags/marker13/marker0/model.config
[0.679s] -- Up-to-date symlink: /home/loq/roboracer_ws/install/roboracer_description/share/roboracer_description/models/ar_tags/marker13/materials/textures/Marker13.png
[0.679s] -- Up-to-date symlink: /home/loq/roboracer_ws/install/roboracer_description/share/roboracer_description/models/ar_tags/marker13/meshes/Marker13.dae
[0.680s] -- Up-to-date symlink: /home/loq/roboracer_ws/install/roboracer_description/share/roboracer_description/models/ar_tags/marker13/model-1_4.sdf
[0.680s] -- Up-to-date symlink: /home/loq/roboracer_ws/install/roboracer_description/share/roboracer_description/models/ar_tags/marker13/model-1_5.sdf
[0.680s] -- Up-to-date symlink: /home/loq/roboracer_ws/install/roboracer_description/share/roboracer_description/models/ar_tags/marker13/model.config
[0.680s] -- Up-to-date symlink: /home/loq/roboracer_ws/install/roboracer_description/share/roboracer_description/models/ar_tags/marker13/model.sdf
[0.682s] -- Up-to-date symlink: /home/loq/roboracer_ws/install/roboracer_description/share/roboracer_description/models/ar_tags/marker14/marker0/marker0/model-1_5.sdf
[0.682s] -- Up-to-date symlink: /home/loq/roboracer_ws/install/roboracer_description/share/roboracer_description/models/ar_tags/marker14/marker0/marker0/model.config
[0.683s] -- Up-to-date symlink: /home/loq/roboracer_ws/install/roboracer_description/share/roboracer_description/models/ar_tags/marker14/marker0/model-1_5.sdf
[0.685s] -- Up-to-date symlink: /home/loq/roboracer_ws/install/roboracer_description/share/roboracer_description/models/ar_tags/marker14/marker0/model.config
[0.685s] -- Up-to-date symlink: /home/loq/roboracer_ws/install/roboracer_description/share/roboracer_description/models/ar_tags/marker14/materials/textures/Marker14.png
[0.685s] -- Up-to-date symlink: /home/loq/roboracer_ws/install/roboracer_description/share/roboracer_description/models/ar_tags/marker14/meshes/Marker14.dae
[0.686s] -- Up-to-date symlink: /home/loq/roboracer_ws/install/roboracer_description/share/roboracer_description/models/ar_tags/marker14/model-1_4.sdf
[0.687s] -- Up-to-date symlink: /home/loq/roboracer_ws/install/roboracer_description/share/roboracer_description/models/ar_tags/marker14/model-1_5.sdf
[0.687s] -- Up-to-date symlink: /home/loq/roboracer_ws/install/roboracer_description/share/roboracer_description/models/ar_tags/marker14/model.config
[0.688s] -- Up-to-date symlink: /home/loq/roboracer_ws/install/roboracer_description/share/roboracer_description/models/ar_tags/marker14/model.sdf
[0.689s] -- Up-to-date symlink: /home/loq/roboracer_ws/install/roboracer_description/share/roboracer_description/models/ar_tags/marker15/marker0/marker0/model-1_5.sdf
[0.690s] -- Up-to-date symlink: /home/loq/roboracer_ws/install/roboracer_description/share/roboracer_description/models/ar_tags/marker15/marker0/marker0/model.config
[0.690s] -- Up-to-date symlink: /home/loq/roboracer_ws/install/roboracer_description/share/roboracer_description/models/ar_tags/marker15/marker0/model-1_5.sdf
[0.691s] -- Up-to-date symlink: /home/loq/roboracer_ws/install/roboracer_description/share/roboracer_description/models/ar_tags/marker15/marker0/model.config
[0.691s] -- Up-to-date symlink: /home/loq/roboracer_ws/install/roboracer_description/share/roboracer_description/models/ar_tags/marker15/materials/textures/Marker15.png
[0.693s] -- Up-to-date symlink: /home/loq/roboracer_ws/install/roboracer_description/share/roboracer_description/models/ar_tags/marker15/meshes/Marker15.dae
[0.696s] -- Up-to-date symlink: /home/loq/roboracer_ws/install/roboracer_description/share/roboracer_description/models/ar_tags/marker15/model-1_4.sdf
[0.697s] -- Up-to-date symlink: /home/loq/roboracer_ws/install/roboracer_description/share/roboracer_description/models/ar_tags/marker15/model-1_5.sdf
[0.697s] -- Up-to-date symlink: /home/loq/roboracer_ws/install/roboracer_description/share/roboracer_description/models/ar_tags/marker15/model.config
[0.697s] -- Up-to-date symlink: /home/loq/roboracer_ws/install/roboracer_description/share/roboracer_description/models/ar_tags/marker15/model.sdf
[0.698s] -- Up-to-date symlink: /home/loq/roboracer_ws/install/roboracer_description/share/roboracer_description/models/ar_tags/marker16/marker0/marker0/model-1_5.sdf
[0.698s] -- Up-to-date symlink: /home/loq/roboracer_ws/install/roboracer_description/share/roboracer_description/models/ar_tags/marker16/marker0/marker0/model.config
[0.698s] -- Up-to-date symlink: /home/loq/roboracer_ws/install/roboracer_description/share/roboracer_description/models/ar_tags/marker16/marker0/model-1_5.sdf
[0.698s] -- Up-to-date symlink: /home/loq/roboracer_ws/install/roboracer_description/share/roboracer_description/models/ar_tags/marker16/marker0/model.config
[0.703s] -- Up-to-date symlink: /home/loq/roboracer_ws/install/roboracer_description/share/roboracer_description/models/ar_tags/marker16/materials/textures/Marker16.png
[0.704s] -- Up-to-date symlink: /home/loq/roboracer_ws/install/roboracer_description/share/roboracer_description/models/ar_tags/marker16/meshes/Marker16.dae
[0.704s] -- Up-to-date symlink: /home/loq/roboracer_ws/install/roboracer_description/share/roboracer_description/models/ar_tags/marker16/model-1_4.sdf
[0.705s] -- Up-to-date symlink: /home/loq/roboracer_ws/install/roboracer_description/share/roboracer_description/models/ar_tags/marker16/model-1_5.sdf
[0.705s] -- Up-to-date symlink: /home/loq/roboracer_ws/install/roboracer_description/share/roboracer_description/models/ar_tags/marker16/model.config
[0.706s] -- Up-to-date symlink: /home/loq/roboracer_ws/install/roboracer_description/share/roboracer_description/models/ar_tags/marker16/model.sdf
[0.707s] -- Up-to-date symlink: /home/loq/roboracer_ws/install/roboracer_description/share/roboracer_description/models/ar_tags/marker17/marker0/marker0/model-1_5.sdf
[0.708s] -- Up-to-date symlink: /home/loq/roboracer_ws/install/roboracer_description/share/roboracer_description/models/ar_tags/marker17/marker0/marker0/model.config
[0.709s] -- Up-to-date symlink: /home/loq/roboracer_ws/install/roboracer_description/share/roboracer_description/models/ar_tags/marker17/marker0/model-1_5.sdf
[0.709s] -- Up-to-date symlink: /home/loq/roboracer_ws/install/roboracer_description/share/roboracer_description/models/ar_tags/marker17/marker0/model.config
[0.710s] -- Up-to-date symlink: /home/loq/roboracer_ws/install/roboracer_description/share/roboracer_description/models/ar_tags/marker17/materials/textures/Marker17.png
[0.711s] -- Up-to-date symlink: /home/loq/roboracer_ws/install/roboracer_description/share/roboracer_description/models/ar_tags/marker17/meshes/Marker17.dae
[0.711s] -- Up-to-date symlink: /home/loq/roboracer_ws/install/roboracer_description/share/roboracer_description/models/ar_tags/marker17/model-1_4.sdf
[0.712s] -- Up-to-date symlink: /home/loq/roboracer_ws/install/roboracer_description/share/roboracer_description/models/ar_tags/marker17/model-1_5.sdf
[0.716s] -- Up-to-date symlink: /home/loq/roboracer_ws/install/roboracer_description/share/roboracer_description/models/ar_tags/marker17/model.config
[0.716s] -- Up-to-date symlink: /home/loq/roboracer_ws/install/roboracer_description/share/roboracer_description/models/ar_tags/marker17/model.sdf
[0.717s] -- Up-to-date symlink: /home/loq/roboracer_ws/install/roboracer_description/share/roboracer_description/models/ar_tags/marker2/marker0/marker0/model-1_5.sdf
[0.717s] -- Up-to-date symlink: /home/loq/roboracer_ws/install/roboracer_description/share/roboracer_description/models/ar_tags/marker2/marker0/marker0/model.config
[0.718s] -- Up-to-date symlink: /home/loq/roboracer_ws/install/roboracer_description/share/roboracer_description/models/ar_tags/marker2/marker0/model-1_5.sdf
[0.718s] -- Up-to-date symlink: /home/loq/roboracer_ws/install/roboracer_description/share/roboracer_description/models/ar_tags/marker2/marker0/model.config
[0.719s] -- Up-to-date symlink: /home/loq/roboracer_ws/install/roboracer_description/share/roboracer_description/models/ar_tags/marker2/materials/textures/Marker2.png
[0.720s] -- Up-to-date symlink: /home/loq/roboracer_ws/install/roboracer_description/share/roboracer_description/models/ar_tags/marker2/meshes/Marker2.dae
[0.721s] -- Up-to-date symlink: /home/loq/roboracer_ws/install/roboracer_description/share/roboracer_description/models/ar_tags/marker2/model-1_4.sdf
[0.721s] -- Up-to-date symlink: /home/loq/roboracer_ws/install/roboracer_description/share/roboracer_description/models/ar_tags/marker2/model-1_5.sdf
[0.722s] -- Up-to-date symlink: /home/loq/roboracer_ws/install/roboracer_description/share/roboracer_description/models/ar_tags/marker2/model.config
[0.725s] -- Up-to-date symlink: /home/loq/roboracer_ws/install/roboracer_description/share/roboracer_description/models/ar_tags/marker2/model.sdf
[0.726s] -- Up-to-date symlink: /home/loq/roboracer_ws/install/roboracer_description/share/roboracer_description/models/ar_tags/marker3/marker0/marker0/model-1_5.sdf
[0.728s] -- Up-to-date symlink: /home/loq/roboracer_ws/install/roboracer_description/share/roboracer_description/models/ar_tags/marker3/marker0/marker0/model.config
[0.728s] -- Up-to-date symlink: /home/loq/roboracer_ws/install/roboracer_description/share/roboracer_description/models/ar_tags/marker3/marker0/model-1_5.sdf
[0.729s] -- Up-to-date symlink: /home/loq/roboracer_ws/install/roboracer_description/share/roboracer_description/models/ar_tags/marker3/marker0/model.config
[0.732s] -- Up-to-date symlink: /home/loq/roboracer_ws/install/roboracer_description/share/roboracer_description/models/ar_tags/marker3/materials/textures/Marker3.png
[0.732s] -- Up-to-date symlink: /home/loq/roboracer_ws/install/roboracer_description/share/roboracer_description/models/ar_tags/marker3/meshes/Marker3.dae
[0.732s] -- Up-to-date symlink: /home/loq/roboracer_ws/install/roboracer_description/share/roboracer_description/models/ar_tags/marker3/model-1_4.sdf
[0.736s] -- Up-to-date symlink: /home/loq/roboracer_ws/install/roboracer_description/share/roboracer_description/models/ar_tags/marker3/model-1_5.sdf
[0.736s] -- Up-to-date symlink: /home/loq/roboracer_ws/install/roboracer_description/share/roboracer_description/models/ar_tags/marker3/model.config
[0.737s] -- Up-to-date symlink: /home/loq/roboracer_ws/install/roboracer_description/share/roboracer_description/models/ar_tags/marker3/model.sdf
[0.738s] -- Up-to-date symlink: /home/loq/roboracer_ws/install/roboracer_description/share/roboracer_description/models/ar_tags/marker4/marker0/marker0/model-1_5.sdf
[0.738s] -- Up-to-date symlink: /home/loq/roboracer_ws/install/roboracer_description/share/roboracer_description/models/ar_tags/marker4/marker0/marker0/model.config
[0.739s] -- Up-to-date symlink: /home/loq/roboracer_ws/install/roboracer_description/share/roboracer_description/models/ar_tags/marker4/marker0/model-1_5.sdf
[0.739s] -- Up-to-date symlink: /home/loq/roboracer_ws/install/roboracer_description/share/roboracer_description/models/ar_tags/marker4/marker0/model.config
[0.741s] -- Up-to-date symlink: /home/loq/roboracer_ws/install/roboracer_description/share/roboracer_description/models/ar_tags/marker4/materials/textures/Marker4.png
[0.742s] -- Up-to-date symlink: /home/loq/roboracer_ws/install/roboracer_description/share/roboracer_description/models/ar_tags/marker4/meshes/Marker4.dae
[0.742s] -- Up-to-date symlink: /home/loq/roboracer_ws/install/roboracer_description/share/roboracer_description/models/ar_tags/marker4/model-1_4.sdf
[0.743s] -- Up-to-date symlink: /home/loq/roboracer_ws/install/roboracer_description/share/roboracer_description/models/ar_tags/marker4/model-1_5.sdf
[0.743s] -- Up-to-date symlink: /home/loq/roboracer_ws/install/roboracer_description/share/roboracer_description/models/ar_tags/marker4/model.config
[0.744s] -- Up-to-date symlink: /home/loq/roboracer_ws/install/roboracer_description/share/roboracer_description/models/ar_tags/marker4/model.sdf
[0.747s] -- Up-to-date symlink: /home/loq/roboracer_ws/install/roboracer_description/share/roboracer_description/models/ar_tags/marker5/marker0/marker0/model-1_5.sdf
[0.747s] -- Up-to-date symlink: /home/loq/roboracer_ws/install/roboracer_description/share/roboracer_description/models/ar_tags/marker5/marker0/marker0/model.config
[0.747s] -- Up-to-date symlink: /home/loq/roboracer_ws/install/roboracer_description/share/roboracer_description/models/ar_tags/marker5/marker0/model-1_5.sdf
[0.748s] -- Up-to-date symlink: /home/loq/roboracer_ws/install/roboracer_description/share/roboracer_description/models/ar_tags/marker5/marker0/model.config
[0.754s] -- Up-to-date symlink: /home/loq/roboracer_ws/install/roboracer_description/share/roboracer_description/models/ar_tags/marker5/materials/textures/Marker5.png
[0.755s] -- Up-to-date symlink: /home/loq/roboracer_ws/install/roboracer_description/share/roboracer_description/models/ar_tags/marker5/meshes/Marker5.dae
[0.755s] -- Up-to-date symlink: /home/loq/roboracer_ws/install/roboracer_description/share/roboracer_description/models/ar_tags/marker5/model-1_4.sdf
[0.755s] -- Up-to-date symlink: /home/loq/roboracer_ws/install/roboracer_description/share/roboracer_description/models/ar_tags/marker5/model-1_5.sdf
[0.756s] -- Up-to-date symlink: /home/loq/roboracer_ws/install/roboracer_description/share/roboracer_description/models/ar_tags/marker5/model.config
[0.756s] -- Up-to-date symlink: /home/loq/roboracer_ws/install/roboracer_description/share/roboracer_description/models/ar_tags/marker5/model.sdf
[0.758s] -- Up-to-date symlink: /home/loq/roboracer_ws/install/roboracer_description/share/roboracer_description/models/ar_tags/marker6/marker0/marker0/model-1_5.sdf
[0.758s] -- Up-to-date symlink: /home/loq/roboracer_ws/install/roboracer_description/share/roboracer_description/models/ar_tags/marker6/marker0/marker0/model.config
[0.758s] -- Up-to-date symlink: /home/loq/roboracer_ws/install/roboracer_description/share/roboracer_description/models/ar_tags/marker6/marker0/model-1_5.sdf
[0.759s] -- Up-to-date symlink: /home/loq/roboracer_ws/install/roboracer_description/share/roboracer_description/models/ar_tags/marker6/marker0/model.config
[0.760s] -- Up-to-date symlink: /home/loq/roboracer_ws/install/roboracer_description/share/roboracer_description/models/ar_tags/marker6/materials/textures/Marker6.png
[0.761s] -- Up-to-date symlink: /home/loq/roboracer_ws/install/roboracer_description/share/roboracer_description/models/ar_tags/marker6/meshes/Marker6.dae
[0.761s] -- Up-to-date symlink: /home/loq/roboracer_ws/install/roboracer_description/share/roboracer_description/models/ar_tags/marker6/model-1_4.sdf
[0.761s] -- Up-to-date symlink: /home/loq/roboracer_ws/install/roboracer_description/share/roboracer_description/models/ar_tags/marker6/model-1_5.sdf
[0.762s] -- Up-to-date symlink: /home/loq/roboracer_ws/install/roboracer_description/share/roboracer_description/models/ar_tags/marker6/model.config
[0.762s] -- Up-to-date symlink: /home/loq/roboracer_ws/install/roboracer_description/share/roboracer_description/models/ar_tags/marker6/model.sdf
[0.764s] -- Up-to-date symlink: /home/loq/roboracer_ws/install/roboracer_description/share/roboracer_description/models/ar_tags/marker7/marker0/marker0/model-1_5.sdf
[0.764s] -- Up-to-date symlink: /home/loq/roboracer_ws/install/roboracer_description/share/roboracer_description/models/ar_tags/marker7/marker0/marker0/model.config
[0.765s] -- Up-to-date symlink: /home/loq/roboracer_ws/install/roboracer_description/share/roboracer_description/models/ar_tags/marker7/marker0/model-1_5.sdf
[0.766s] -- Up-to-date symlink: /home/loq/roboracer_ws/install/roboracer_description/share/roboracer_description/models/ar_tags/marker7/marker0/model.config
[0.766s] -- Up-to-date symlink: /home/loq/roboracer_ws/install/roboracer_description/share/roboracer_description/models/ar_tags/marker7/materials/textures/Marker7.png
[0.766s] -- Up-to-date symlink: /home/loq/roboracer_ws/install/roboracer_description/share/roboracer_description/models/ar_tags/marker7/meshes/Marker7.dae
[0.767s] -- Up-to-date symlink: /home/loq/roboracer_ws/install/roboracer_description/share/roboracer_description/models/ar_tags/marker7/model-1_4.sdf
[0.767s] -- Up-to-date symlink: /home/loq/roboracer_ws/install/roboracer_description/share/roboracer_description/models/ar_tags/marker7/model-1_5.sdf
[0.768s] -- Up-to-date symlink: /home/loq/roboracer_ws/install/roboracer_description/share/roboracer_description/models/ar_tags/marker7/model.config
[0.768s] -- Up-to-date symlink: /home/loq/roboracer_ws/install/roboracer_description/share/roboracer_description/models/ar_tags/marker7/model.sdf
[0.770s] -- Up-to-date symlink: /home/loq/roboracer_ws/install/roboracer_description/share/roboracer_description/models/ar_tags/marker8/marker0/marker0/model-1_5.sdf
[0.770s] -- Up-to-date symlink: /home/loq/roboracer_ws/install/roboracer_description/share/roboracer_description/models/ar_tags/marker8/marker0/marker0/model.config
[0.771s] -- Up-to-date symlink: /home/loq/roboracer_ws/install/roboracer_description/share/roboracer_description/models/ar_tags/marker8/marker0/model-1_5.sdf
[0.771s] -- Up-to-date symlink: /home/loq/roboracer_ws/install/roboracer_description/share/roboracer_description/models/ar_tags/marker8/marker0/model.config
[0.772s] -- Up-to-date symlink: /home/loq/roboracer_ws/install/roboracer_description/share/roboracer_description/models/ar_tags/marker8/materials/textures/Marker8.png
[0.772s] -- Up-to-date symlink: /home/loq/roboracer_ws/install/roboracer_description/share/roboracer_description/models/ar_tags/marker8/meshes/Marker8.dae
[0.773s] -- Up-to-date symlink: /home/loq/roboracer_ws/install/roboracer_description/share/roboracer_description/models/ar_tags/marker8/model-1_4.sdf
[0.776s] -- Up-to-date symlink: /home/loq/roboracer_ws/install/roboracer_description/share/roboracer_description/models/ar_tags/marker8/model-1_5.sdf
[0.776s] -- Up-to-date symlink: /home/loq/roboracer_ws/install/roboracer_description/share/roboracer_description/models/ar_tags/marker8/model.config
[0.777s] -- Up-to-date symlink: /home/loq/roboracer_ws/install/roboracer_description/share/roboracer_description/models/ar_tags/marker8/model.sdf
[0.777s] -- Up-to-date symlink: /home/loq/roboracer_ws/install/roboracer_description/share/roboracer_description/models/ar_tags/marker9/marker0/marker0/model-1_5.sdf
[0.778s] -- Up-to-date symlink: /home/loq/roboracer_ws/install/roboracer_description/share/roboracer_description/models/ar_tags/marker9/marker0/marker0/model.config
[0.778s] -- Up-to-date symlink: /home/loq/roboracer_ws/install/roboracer_description/share/roboracer_description/models/ar_tags/marker9/marker0/model-1_5.sdf
[0.779s] -- Up-to-date symlink: /home/loq/roboracer_ws/install/roboracer_description/share/roboracer_description/models/ar_tags/marker9/marker0/model.config
[0.779s] -- Up-to-date symlink: /home/loq/roboracer_ws/install/roboracer_description/share/roboracer_description/models/ar_tags/marker9/materials/textures/Marker9.png
[0.780s] -- Up-to-date symlink: /home/loq/roboracer_ws/install/roboracer_description/share/roboracer_description/models/ar_tags/marker9/meshes/Marker9.dae
[0.780s] -- Up-to-date symlink: /home/loq/roboracer_ws/install/roboracer_description/share/roboracer_description/models/ar_tags/marker9/model-1_4.sdf
[0.781s] -- Up-to-date symlink: /home/loq/roboracer_ws/install/roboracer_description/share/roboracer_description/models/ar_tags/marker9/model-1_5.sdf
[0.782s] -- Up-to-date symlink: /home/loq/roboracer_ws/install/roboracer_description/share/roboracer_description/models/ar_tags/marker9/model.config
[0.782s] -- Up-to-date symlink: /home/loq/roboracer_ws/install/roboracer_description/share/roboracer_description/models/ar_tags/marker9/model.sdf
[0.782s] -- Up-to-date symlink: /home/loq/roboracer_ws/install/roboracer_description/share/roboracer_description/models/barca_track/model.config
[0.783s] -- Up-to-date symlink: /home/loq/roboracer_ws/install/roboracer_description/share/roboracer_description/models/barca_track/model.sdf
[0.785s] -- Up-to-date symlink: /home/loq/roboracer_ws/install/roboracer_description/share/roboracer_description/models/cone/model.config
[0.786s] -- Up-to-date symlink: /home/loq/roboracer_ws/install/roboracer_description/share/roboracer_description/models/cone/model.sdf
[0.786s] -- Up-to-date symlink: /home/loq/roboracer_ws/install/roboracer_description/share/roboracer_description/models/parking_1/model.config
[0.786s] -- Up-to-date symlink: /home/loq/roboracer_ws/install/roboracer_description/share/roboracer_description/models/parking_1/model.sdf
[0.786s] -- Up-to-date symlink: /home/loq/roboracer_ws/install/roboracer_description/share/roboracer_description/models/porto_track/model.config
[0.786s] -- Up-to-date symlink: /home/loq/roboracer_ws/install/roboracer_description/share/roboracer_description/models/porto_track/model.sdf
[0.787s] -- Up-to-date symlink: /home/loq/roboracer_ws/install/roboracer_description/share/roboracer_description/models/walker_racecourse/model.config
[0.792s] -- Up-to-date symlink: /home/loq/roboracer_ws/install/roboracer_description/share/roboracer_description/models/walker_racecourse/model.sdf
[0.793s] -- Up-to-date symlink: /home/loq/roboracer_ws/install/roboracer_description/share/roboracer_description/launch/display.launch.py
[0.793s] -- Up-to-date symlink: /home/loq/roboracer_ws/install/roboracer_description/share/roboracer_description/launch/gazebo.launch.py
[0.793s] -- Up-to-date symlink: /home/loq/roboracer_ws/install/roboracer_description/share/roboracer_description/launch/slam.launch.py
[0.794s] -- Up-to-date symlink: /home/loq/roboracer_ws/install/roboracer_description/share/roboracer_description/launch/wall_follow.launch.py
[0.794s] -- Up-to-date symlink: /home/loq/roboracer_ws/install/roboracer_description/share/roboracer_description/rviz/display.rviz
[0.795s] -- Up-to-date symlink: /home/loq/roboracer_ws/install/roboracer_description/share/roboracer_description/world/empty.world
[0.795s] -- Up-to-date symlink: /home/loq/roboracer_ws/install/roboracer_description/share/roboracer_description/world/levine_loop.world
[0.796s] -- Up-to-date symlink: /home/loq/roboracer_ws/install/roboracer_description/share/roboracer_description/urdf/f1tenth_chassis.urdf
[0.797s] -- Up-to-date symlink: /home/loq/roboracer_ws/install/roboracer_description/share/roboracer_description/urdf/f1tenth_chassis_update.sdf
[0.797s] -- Up-to-date symlink: /home/loq/roboracer_ws/install/roboracer_description/share/roboracer_description/urdf/roborace_control.xacro
[0.798s] -- Up-to-date symlink: /home/loq/roboracer_ws/install/roboracer_description/share/roboracer_description/urdf/roborace_gazebo.xacro
[0.798s] -- Up-to-date symlink: /home/loq/roboracer_ws/install/roboracer_description/share/roboracer_description/urdf/roboracer_robot.sdf
[0.798s] -- Up-to-date symlink: /home/loq/roboracer_ws/install/roboracer_description/share/roboracer_description/maps/costmap_common_params.yaml
[0.799s] -- Up-to-date symlink: /home/loq/roboracer_ws/install/roboracer_description/share/roboracer_description/maps/levine.png
[0.799s] -- Up-to-date symlink: /home/loq/roboracer_ws/install/roboracer_description/share/roboracer_description/maps/levine.yaml
[0.800s] -- Up-to-date symlink: /home/loq/roboracer_ws/install/roboracer_description/share/roboracer_description/config/camera_configuration.yaml
[0.800s] -- Up-to-date symlink: /home/loq/roboracer_ws/install/roboracer_description/share/roboracer_description/config/orb_slam3_settings.yaml
[0.800s] -- Up-to-date symlink: /home/loq/roboracer_ws/install/roboracer_description/share/roboracer_description/config/slam_toolbox.yaml
[0.800s] -- Up-to-date symlink: /home/loq/roboracer_ws/install/roboracer_description/share/ament_index/resource_index/package_run_dependencies/roboracer_description
[0.802s] -- Up-to-date symlink: /home/loq/roboracer_ws/install/roboracer_description/share/ament_index/resource_index/parent_prefix_path/roboracer_description
[0.803s] -- Up-to-date symlink: /home/loq/roboracer_ws/install/roboracer_description/share/roboracer_description/environment/ament_prefix_path.sh
[0.803s] -- Up-to-date symlink: /home/loq/roboracer_ws/install/roboracer_description/share/roboracer_description/environment/ament_prefix_path.dsv
[0.804s] -- Up-to-date symlink: /home/loq/roboracer_ws/install/roboracer_description/share/roboracer_description/environment/path.sh
[0.804s] -- Up-to-date symlink: /home/loq/roboracer_ws/install/roboracer_description/share/roboracer_description/environment/path.dsv
[0.805s] -- Up-to-date symlink: /home/loq/roboracer_ws/install/roboracer_description/share/roboracer_description/local_setup.bash
[0.805s] -- Up-to-date symlink: /home/loq/roboracer_ws/install/roboracer_description/share/roboracer_description/local_setup.sh
[0.806s] -- Up-to-date symlink: /home/loq/roboracer_ws/install/roboracer_description/share/roboracer_description/local_setup.zsh
[0.806s] -- Up-to-date symlink: /home/loq/roboracer_ws/install/roboracer_description/share/roboracer_description/local_setup.dsv
[0.806s] -- Symlinking: /home/loq/roboracer_ws/install/roboracer_description/share/roboracer_description/package.dsv
[0.824s] -- Up-to-date symlink: /home/loq/roboracer_ws/install/roboracer_description/share/ament_index/resource_index/packages/roboracer_description
[0.825s] -- Up-to-date symlink: /home/loq/roboracer_ws/install/roboracer_description/share/roboracer_description/cmake/roboracer_descriptionConfig.cmake
[0.825s] -- Up-to-date symlink: /home/loq/roboracer_ws/install/roboracer_description/share/roboracer_description/cmake/roboracer_descriptionConfig-version.cmake
[0.826s] -- Up-to-date symlink: /home/loq/roboracer_ws/install/roboracer_description/share/roboracer_description/package.xml
[0.830s] Invoked command in '/home/loq/roboracer_ws/build/roboracer_description' returned '0': CMAKE_PREFIX_PATH=${CMAKE_PREFIX_PATH}:/home/loq/drivingcar_ws/install/self_driving_car_pkg:/home/loq/bumperbot_ws/install/bumperbot_py_example:/home/loq/roboracer_ws/install/roboracer_py:/home/loq/ros2_action_ws/install/lifecycle_py:/home/loq/ros2_action_ws/install/action_py:/opt/ros/humble /usr/bin/cmake --install /home/loq/roboracer_ws/build/roboracer_description
