-- The C compiler identification is GNU 11.4.0
-- The CXX compiler identification is GNU 11.4.0
-- Detecting C compiler ABI info
-- Detecting C compiler ABI info - done
-- Check for working C compiler: /usr/bin/cc - skipped
-- Detecting C compile features
-- Detecting C compile features - done
-- Detecting CXX compiler ABI info
[0mCMake Deprecation Warning at CMakeLists.txt:1 (cmake_minimum_required):
  Compatibility with CMake < 3.10 will be removed from a future version of
  CMake.

  Update the VERSION argument <min> value.  Or, use the <min>...<max> syntax
  to tell CMake that the project requires at least <min> but has been updated
  to work with policies introduced by <max> or earlier.

[0m
-- Detecting CXX compiler ABI info - done
-- Check for working CXX compiler: /usr/bin/c++ - skipped
-- Detecting CXX compile features
-- Detecting CXX compile features - done
-- Found ament_cmake: 1.3.11 (/opt/ros/humble/share/ament_cmake/cmake)
-- Found Python3: /usr/bin/python3 (found version "3.10.12") found components: Interpreter
-- Found rclpy: 3.3.16 (/opt/ros/humble/share/rclpy/cmake)
-- Found nav_msgs: 4.9.0 (/opt/ros/humble/share/nav_msgs/cmake)
-- Found rosidl_generator_c: 3.1.6 (/opt/ros/humble/share/rosidl_generator_c/cmake)
-- Found rosidl_adapter: 3.1.6 (/opt/ros/humble/share/rosidl_adapter/cmake)
-- Found rosidl_generator_cpp: 3.1.6 (/opt/ros/humble/share/rosidl_generator_cpp/cmake)
-- Using all available rosidl_typesupport_c: rosidl_typesupport_fastrtps_c;rosidl_typesupport_introspection_c
-- Using all available rosidl_typesupport_cpp: rosidl_typesupport_fastrtps_cpp;rosidl_typesupport_introspection_cpp
-- Found sensor_msgs: 4.9.0 (/opt/ros/humble/share/sensor_msgs/cmake)
[33mCMake Warning (dev) at CMakeLists.txt:17 (install):
  Policy CMP0177 is not set: install() DESTINATION paths are normalized.  Run
  "cmake --help-policy CMP0177" for policy details.  Use the cmake_policy
  command to set the policy and suppress this warning.
This warning is for project developers.  Use -Wno-dev to suppress it.
[0m
-- Found ament_lint_auto: 0.12.12 (/opt/ros/humble/share/ament_lint_auto/cmake)
-- Added test 'copyright' to check source files copyright and LICENSE
-- Added test 'flake8' to check Python code syntax and style conventions
-- Added test 'lint_cmake' to check CMake code style
-- Added test 'pep257' to check Python code against some of the docstring style conventions in PEP 257
-- Added test 'xmllint' to check XML markup files
-- Configuring done (1.2s)
-- Generating done (0.0s)
-- Build files have been written to: /home/dev/roboracer_ws/build/roboracer_localization
-- Install configuration: ""
-- Installing: /home/dev/roboracer_ws/install/roboracer_localization/lib//roboracer_localization
-- Installing: /home/dev/roboracer_ws/install/roboracer_localization/lib//roboracer_localization/__init__.py
-- Installing: /home/dev/roboracer_ws/install/roboracer_localization/share/roboracer_localization/launch
-- Installing: /home/dev/roboracer_ws/install/roboracer_localization/share/roboracer_localization/launch/local_localization.launch.py
-- Installing: /home/dev/roboracer_ws/install/roboracer_localization/share/ament_index/resource_index/package_run_dependencies/roboracer_localization
-- Installing: /home/dev/roboracer_ws/install/roboracer_localization/share/ament_index/resource_index/parent_prefix_path/roboracer_localization
-- Installing: /home/dev/roboracer_ws/install/roboracer_localization/share/roboracer_localization/environment/ament_prefix_path.sh
-- Installing: /home/dev/roboracer_ws/install/roboracer_localization/share/roboracer_localization/environment/ament_prefix_path.dsv
-- Installing: /home/dev/roboracer_ws/install/roboracer_localization/share/roboracer_localization/environment/path.sh
-- Installing: /home/dev/roboracer_ws/install/roboracer_localization/share/roboracer_localization/environment/path.dsv
-- Installing: /home/dev/roboracer_ws/install/roboracer_localization/share/roboracer_localization/local_setup.bash
-- Installing: /home/dev/roboracer_ws/install/roboracer_localization/share/roboracer_localization/local_setup.sh
-- Installing: /home/dev/roboracer_ws/install/roboracer_localization/share/roboracer_localization/local_setup.zsh
-- Installing: /home/dev/roboracer_ws/install/roboracer_localization/share/roboracer_localization/local_setup.dsv
-- Installing: /home/dev/roboracer_ws/install/roboracer_localization/share/roboracer_localization/package.dsv
-- Installing: /home/dev/roboracer_ws/install/roboracer_localization/share/ament_index/resource_index/packages/roboracer_localization
-- Installing: /home/dev/roboracer_ws/install/roboracer_localization/share/roboracer_localization/cmake/roboracer_localizationConfig.cmake
-- Installing: /home/dev/roboracer_ws/install/roboracer_localization/share/roboracer_localization/cmake/roboracer_localizationConfig-version.cmake
-- Installing: /home/dev/roboracer_ws/install/roboracer_localization/share/roboracer_localization/package.xml
