[0.026s] Invoking command in '/home/dev/roboracer_ws/build/roboracer_localization': CMAKE_PREFIX_PATH=/opt/ros/humble /usr/local/bin/cmake /home/dev/roboracer_ws/src/roboracer_localization -DCMAKE_INSTALL_PREFIX=/home/dev/roboracer_ws/install/roboracer_localization
[0.340s] -- The C compiler identification is GNU 11.4.0
[0.340s] -- The CXX compiler identification is GNU 11.4.0
[0.340s] -- Detecting C compiler ABI info
[0.340s] -- Detecting C compiler ABI info - done
[0.340s] -- Check for working C compiler: /usr/bin/cc - skipped
[0.340s] -- Detecting C compile features
[0.340s] -- Detecting C compile features - done
[0.341s] -- Detecting CXX compiler ABI info
[0.342s] [0mCMake Deprecation Warning at CMakeLists.txt:1 (cmake_minimum_required):
[0.342s]   Compatibility with CMake < 3.10 will be removed from a future version of
[0.342s]   CMake.
[0.342s] 
[0.342s]   Update the VERSION argument <min> value.  Or, use the <min>...<max> syntax
[0.342s]   to tell CMake that the project requires at least <min> but has been updated
[0.342s]   to work with policies introduced by <max> or earlier.
[0.342s] 
[0.342s] [0m
[0.438s] -- Detecting CXX compiler ABI info - done
[0.460s] -- Check for working CXX compiler: /usr/bin/c++ - skipped
[0.460s] -- Detecting CXX compile features
[0.461s] -- Detecting CXX compile features - done
[0.475s] -- Found ament_cmake: 1.3.11 (/opt/ros/humble/share/ament_cmake/cmake)
[0.644s] -- Found Python3: /usr/bin/python3 (found version "3.10.12") found components: Interpreter
[0.808s] -- Found rclpy: 3.3.16 (/opt/ros/humble/share/rclpy/cmake)
[0.813s] -- Found nav_msgs: 4.9.0 (/opt/ros/humble/share/nav_msgs/cmake)
[0.883s] -- Found rosidl_generator_c: 3.1.6 (/opt/ros/humble/share/rosidl_generator_c/cmake)
[0.896s] -- Found rosidl_adapter: 3.1.6 (/opt/ros/humble/share/rosidl_adapter/cmake)
[0.917s] -- Found rosidl_generator_cpp: 3.1.6 (/opt/ros/humble/share/rosidl_generator_cpp/cmake)
[0.936s] -- Using all available rosidl_typesupport_c: rosidl_typesupport_fastrtps_c;rosidl_typesupport_introspection_c
[0.970s] -- Using all available rosidl_typesupport_cpp: rosidl_typesupport_fastrtps_cpp;rosidl_typesupport_introspection_cpp
[1.091s] -- Found sensor_msgs: 4.9.0 (/opt/ros/humble/share/sensor_msgs/cmake)
[1.125s] [33mCMake Warning (dev) at CMakeLists.txt:17 (install):
[1.125s]   Policy CMP0177 is not set: install() DESTINATION paths are normalized.  Run
[1.125s]   "cmake --help-policy CMP0177" for policy details.  Use the cmake_policy
[1.125s]   command to set the policy and suppress this warning.
[1.125s] This warning is for project developers.  Use -Wno-dev to suppress it.
[1.125s] [0m
[1.130s] -- Found ament_lint_auto: 0.12.12 (/opt/ros/humble/share/ament_lint_auto/cmake)
[1.258s] -- Added test 'copyright' to check source files copyright and LICENSE
[1.265s] -- Added test 'flake8' to check Python code syntax and style conventions
[1.265s] -- Added test 'lint_cmake' to check CMake code style
[1.265s] -- Added test 'pep257' to check Python code against some of the docstring style conventions in PEP 257
[1.269s] -- Added test 'xmllint' to check XML markup files
[1.272s] -- Configuring done (1.2s)
[1.282s] -- Generating done (0.0s)
[1.285s] -- Build files have been written to: /home/dev/roboracer_ws/build/roboracer_localization
[1.298s] Invoked command in '/home/dev/roboracer_ws/build/roboracer_localization' returned '0': CMAKE_PREFIX_PATH=/opt/ros/humble /usr/local/bin/cmake /home/dev/roboracer_ws/src/roboracer_localization -DCMAKE_INSTALL_PREFIX=/home/dev/roboracer_ws/install/roboracer_localization
[1.299s] Invoking command in '/home/dev/roboracer_ws/build/roboracer_localization': CMAKE_PREFIX_PATH=/opt/ros/humble /usr/local/bin/cmake --build /home/dev/roboracer_ws/build/roboracer_localization -- -j8 -l8
[1.583s] Invoked command in '/home/dev/roboracer_ws/build/roboracer_localization' returned '0': CMAKE_PREFIX_PATH=/opt/ros/humble /usr/local/bin/cmake --build /home/dev/roboracer_ws/build/roboracer_localization -- -j8 -l8
[1.584s] Invoking command in '/home/dev/roboracer_ws/build/roboracer_localization': CMAKE_PREFIX_PATH=/opt/ros/humble /usr/local/bin/cmake --install /home/dev/roboracer_ws/build/roboracer_localization
[1.682s] -- Install configuration: ""
[1.682s] -- Installing: /home/dev/roboracer_ws/install/roboracer_localization/lib//roboracer_localization
[1.682s] -- Installing: /home/dev/roboracer_ws/install/roboracer_localization/lib//roboracer_localization/__init__.py
[1.682s] -- Installing: /home/dev/roboracer_ws/install/roboracer_localization/share/roboracer_localization/launch
[1.682s] -- Installing: /home/dev/roboracer_ws/install/roboracer_localization/share/roboracer_localization/launch/local_localization.launch.py
[1.682s] -- Installing: /home/dev/roboracer_ws/install/roboracer_localization/share/ament_index/resource_index/package_run_dependencies/roboracer_localization
[1.682s] -- Installing: /home/dev/roboracer_ws/install/roboracer_localization/share/ament_index/resource_index/parent_prefix_path/roboracer_localization
[1.683s] -- Installing: /home/dev/roboracer_ws/install/roboracer_localization/share/roboracer_localization/environment/ament_prefix_path.sh
[1.683s] -- Installing: /home/dev/roboracer_ws/install/roboracer_localization/share/roboracer_localization/environment/ament_prefix_path.dsv
[1.683s] -- Installing: /home/dev/roboracer_ws/install/roboracer_localization/share/roboracer_localization/environment/path.sh
[1.683s] -- Installing: /home/dev/roboracer_ws/install/roboracer_localization/share/roboracer_localization/environment/path.dsv
[1.683s] -- Installing: /home/dev/roboracer_ws/install/roboracer_localization/share/roboracer_localization/local_setup.bash
[1.683s] -- Installing: /home/dev/roboracer_ws/install/roboracer_localization/share/roboracer_localization/local_setup.sh
[1.683s] -- Installing: /home/dev/roboracer_ws/install/roboracer_localization/share/roboracer_localization/local_setup.zsh
[1.683s] -- Installing: /home/dev/roboracer_ws/install/roboracer_localization/share/roboracer_localization/local_setup.dsv
[1.683s] -- Installing: /home/dev/roboracer_ws/install/roboracer_localization/share/roboracer_localization/package.dsv
[1.683s] -- Installing: /home/dev/roboracer_ws/install/roboracer_localization/share/ament_index/resource_index/packages/roboracer_localization
[1.683s] -- Installing: /home/dev/roboracer_ws/install/roboracer_localization/share/roboracer_localization/cmake/roboracer_localizationConfig.cmake
[1.684s] -- Installing: /home/dev/roboracer_ws/install/roboracer_localization/share/roboracer_localization/cmake/roboracer_localizationConfig-version.cmake
[1.684s] -- Installing: /home/dev/roboracer_ws/install/roboracer_localization/share/roboracer_localization/package.xml
[1.686s] Invoked command in '/home/dev/roboracer_ws/build/roboracer_localization' returned '0': CMAKE_PREFIX_PATH=/opt/ros/humble /usr/local/bin/cmake --install /home/dev/roboracer_ws/build/roboracer_localization
