[0.043s] Invoking command in '/home/loq/roboracer_ws/build/roboracer_localization': CMAKE_PREFIX_PATH=${CMAKE_PREFIX_PATH}:/home/loq/drivingcar_ws/install/self_driving_car_pkg:/home/loq/bumperbot_ws/install/bumperbot_py_example:/home/loq/roboracer_ws/install/roboracer_yolov8_detector:/home/loq/roboracer_ws/install/roboracer_py:/home/loq/ros2_action_ws/install/lifecycle_py:/home/loq/ros2_action_ws/install/action_py:/opt/ros/humble /usr/bin/cmake /home/loq/roboracer_ws/src/roboracer_localization -DAMENT_CMAKE_SYMLINK_INSTALL=1 -DCMAKE_INSTALL_PREFIX=/home/loq/roboracer_ws/install/roboracer_localization
[0.329s] -- The C compiler identification is GNU 11.4.0
[0.329s] -- The CXX compiler identification is GNU 11.4.0
[0.330s] -- Detecting C compiler ABI info
[0.330s] -- Detecting C compiler ABI info - done
[0.330s] -- Check for working C compiler: /usr/bin/cc - skipped
[0.330s] -- Detecting C compile features
[0.330s] -- Detecting C compile features - done
[0.331s] -- Detecting CXX compiler ABI info
[0.341s] -- Detecting CXX compiler ABI info - done
[0.349s] -- Check for working CXX compiler: /usr/bin/c++ - skipped
[0.349s] -- Detecting CXX compile features
[0.350s] -- Detecting CXX compile features - done
[0.360s] -- Found ament_cmake: 1.3.11 (/opt/ros/humble/share/ament_cmake/cmake)
[0.548s] -- Found Python3: /usr/bin/python3 (found version "3.10.12") found components: Interpreter 
[0.616s] -- Override CMake install command with custom implementation using symlinks instead of copying resources
[0.677s] -- Found rclpy: 3.3.16 (/opt/ros/humble/share/rclpy/cmake)
[0.683s] -- Found nav_msgs: 4.8.0 (/opt/ros/humble/share/nav_msgs/cmake)
[0.751s] -- Found rosidl_generator_c: 3.1.6 (/opt/ros/humble/share/rosidl_generator_c/cmake)
[0.763s] -- Found rosidl_adapter: 3.1.6 (/opt/ros/humble/share/rosidl_adapter/cmake)
[0.778s] -- Found rosidl_generator_cpp: 3.1.6 (/opt/ros/humble/share/rosidl_generator_cpp/cmake)
[0.800s] -- Using all available rosidl_typesupport_c: rosidl_typesupport_fastrtps_c;rosidl_typesupport_introspection_c
[0.831s] -- Using all available rosidl_typesupport_cpp: rosidl_typesupport_fastrtps_cpp;rosidl_typesupport_introspection_cpp
[0.926s] -- Found sensor_msgs: 4.8.0 (/opt/ros/humble/share/sensor_msgs/cmake)
[0.953s] -- Found ament_lint_auto: 0.12.12 (/opt/ros/humble/share/ament_lint_auto/cmake)
[1.083s] -- Added test 'copyright' to check source files copyright and LICENSE
[1.086s] -- Added test 'flake8' to check Python code syntax and style conventions
[1.088s] -- Added test 'lint_cmake' to check CMake code style
[1.090s] -- Added test 'pep257' to check Python code against some of the docstring style conventions in PEP 257
[1.092s] -- Added test 'xmllint' to check XML markup files
[1.096s] -- Configuring done
[1.101s] -- Generating done
[1.104s] -- Build files have been written to: /home/loq/roboracer_ws/build/roboracer_localization
[1.114s] Invoked command in '/home/loq/roboracer_ws/build/roboracer_localization' returned '0': CMAKE_PREFIX_PATH=${CMAKE_PREFIX_PATH}:/home/loq/drivingcar_ws/install/self_driving_car_pkg:/home/loq/bumperbot_ws/install/bumperbot_py_example:/home/loq/roboracer_ws/install/roboracer_yolov8_detector:/home/loq/roboracer_ws/install/roboracer_py:/home/loq/ros2_action_ws/install/lifecycle_py:/home/loq/ros2_action_ws/install/action_py:/opt/ros/humble /usr/bin/cmake /home/loq/roboracer_ws/src/roboracer_localization -DAMENT_CMAKE_SYMLINK_INSTALL=1 -DCMAKE_INSTALL_PREFIX=/home/loq/roboracer_ws/install/roboracer_localization
[1.116s] Invoking command in '/home/loq/roboracer_ws/build/roboracer_localization': CMAKE_PREFIX_PATH=${CMAKE_PREFIX_PATH}:/home/loq/drivingcar_ws/install/self_driving_car_pkg:/home/loq/bumperbot_ws/install/bumperbot_py_example:/home/loq/roboracer_ws/install/roboracer_yolov8_detector:/home/loq/roboracer_ws/install/roboracer_py:/home/loq/ros2_action_ws/install/lifecycle_py:/home/loq/ros2_action_ws/install/action_py:/opt/ros/humble /usr/bin/cmake --build /home/loq/roboracer_ws/build/roboracer_localization -- -j8 -l8
[1.166s] Invoked command in '/home/loq/roboracer_ws/build/roboracer_localization' returned '0': CMAKE_PREFIX_PATH=${CMAKE_PREFIX_PATH}:/home/loq/drivingcar_ws/install/self_driving_car_pkg:/home/loq/bumperbot_ws/install/bumperbot_py_example:/home/loq/roboracer_ws/install/roboracer_yolov8_detector:/home/loq/roboracer_ws/install/roboracer_py:/home/loq/ros2_action_ws/install/lifecycle_py:/home/loq/ros2_action_ws/install/action_py:/opt/ros/humble /usr/bin/cmake --build /home/loq/roboracer_ws/build/roboracer_localization -- -j8 -l8
[1.168s] Invoking command in '/home/loq/roboracer_ws/build/roboracer_localization': CMAKE_PREFIX_PATH=${CMAKE_PREFIX_PATH}:/home/loq/drivingcar_ws/install/self_driving_car_pkg:/home/loq/bumperbot_ws/install/bumperbot_py_example:/home/loq/roboracer_ws/install/roboracer_yolov8_detector:/home/loq/roboracer_ws/install/roboracer_py:/home/loq/ros2_action_ws/install/lifecycle_py:/home/loq/ros2_action_ws/install/action_py:/opt/ros/humble /usr/bin/cmake --install /home/loq/roboracer_ws/build/roboracer_localization
[1.176s] -- Install configuration: ""
[1.176s] -- Execute custom install script
[1.177s] -- Symlinking: /home/loq/roboracer_ws/install/roboracer_localization/lib//roboracer_localization/__init__.py
[1.188s] -- Symlinking: /home/loq/roboracer_ws/install/roboracer_localization/share/roboracer_localization/launch/local_localization.launch.py
[1.200s] -- Symlinking: /home/loq/roboracer_ws/install/roboracer_localization/share/ament_index/resource_index/package_run_dependencies/roboracer_localization
[1.211s] -- Symlinking: /home/loq/roboracer_ws/install/roboracer_localization/share/ament_index/resource_index/parent_prefix_path/roboracer_localization
[1.222s] -- Symlinking: /home/loq/roboracer_ws/install/roboracer_localization/share/roboracer_localization/environment/ament_prefix_path.sh
[1.232s] -- Symlinking: /home/loq/roboracer_ws/install/roboracer_localization/share/roboracer_localization/environment/ament_prefix_path.dsv
[1.243s] -- Symlinking: /home/loq/roboracer_ws/install/roboracer_localization/share/roboracer_localization/environment/path.sh
[1.256s] -- Symlinking: /home/loq/roboracer_ws/install/roboracer_localization/share/roboracer_localization/environment/path.dsv
[1.267s] -- Symlinking: /home/loq/roboracer_ws/install/roboracer_localization/share/roboracer_localization/local_setup.bash
[1.278s] -- Symlinking: /home/loq/roboracer_ws/install/roboracer_localization/share/roboracer_localization/local_setup.sh
[1.289s] -- Symlinking: /home/loq/roboracer_ws/install/roboracer_localization/share/roboracer_localization/local_setup.zsh
[1.302s] -- Symlinking: /home/loq/roboracer_ws/install/roboracer_localization/share/roboracer_localization/local_setup.dsv
[1.312s] -- Symlinking: /home/loq/roboracer_ws/install/roboracer_localization/share/roboracer_localization/package.dsv
[1.322s] -- Symlinking: /home/loq/roboracer_ws/install/roboracer_localization/share/ament_index/resource_index/packages/roboracer_localization
[1.332s] -- Symlinking: /home/loq/roboracer_ws/install/roboracer_localization/share/roboracer_localization/cmake/roboracer_localizationConfig.cmake
[1.344s] -- Symlinking: /home/loq/roboracer_ws/install/roboracer_localization/share/roboracer_localization/cmake/roboracer_localizationConfig-version.cmake
[1.356s] -- Symlinking: /home/loq/roboracer_ws/install/roboracer_localization/share/roboracer_localization/package.xml
[1.368s] Invoked command in '/home/loq/roboracer_ws/build/roboracer_localization' returned '0': CMAKE_PREFIX_PATH=${CMAKE_PREFIX_PATH}:/home/loq/drivingcar_ws/install/self_driving_car_pkg:/home/loq/bumperbot_ws/install/bumperbot_py_example:/home/loq/roboracer_ws/install/roboracer_yolov8_detector:/home/loq/roboracer_ws/install/roboracer_py:/home/loq/ros2_action_ws/install/lifecycle_py:/home/loq/ros2_action_ws/install/action_py:/opt/ros/humble /usr/bin/cmake --install /home/loq/roboracer_ws/build/roboracer_localization
