[0.114s] Invoking command in '/home/dev/roboracer_ws/build/io_context': AMENT_PREFIX_PATH=/home/dev/roboracer_ws/install/asio_cmake_module:${AMENT_PREFIX_PATH} CMAKE_PREFIX_PATH=/home/dev/roboracer_ws/install/asio_cmake_module:/opt/ros/humble /usr/local/bin/cmake /home/dev/roboracer_ws/src/transport_drivers/io_context -DCMAKE_INSTALL_PREFIX=/home/dev/roboracer_ws/install/io_context
[0.209s] -- Found ament_cmake_auto: 1.3.11 (/opt/ros/humble/share/ament_cmake_auto/cmake)
[0.598s] -- Found rosidl_generator_c: 3.1.6 (/opt/ros/humble/share/rosidl_generator_c/cmake)
[0.602s] -- Found rosidl_adapter: 3.1.6 (/opt/ros/humble/share/rosidl_adapter/cmake)
[0.612s] -- Found rosidl_generator_cpp: 3.1.6 (/opt/ros/humble/share/rosidl_generator_cpp/cmake)
[0.628s] -- Using all available rosidl_typesupport_c: rosidl_typesupport_fastrtps_c;rosidl_typesupport_introspection_c
[0.651s] -- Using all available rosidl_typesupport_cpp: rosidl_typesupport_fastrtps_cpp;rosidl_typesupport_introspection_cpp
[0.710s] -- Found rmw_implementation_cmake: 6.1.2 (/opt/ros/humble/share/rmw_implementation_cmake/cmake)
[0.712s] -- Found rmw_fastrtps_cpp: 6.2.7 (/opt/ros/humble/share/rmw_fastrtps_cpp/cmake)
[0.904s] -- Using RMW implementation 'rmw_fastrtps_cpp' as default
[1.024s] -- Found ASIO: /usr/include
[1.030s] -- Found ament_lint_auto: 0.12.12 (/opt/ros/humble/share/ament_lint_auto/cmake)
[1.082s] -- Found gtest sources under '/opt/ros/humble/src/gtest_vendor': C++ tests using 'Google Test' will be built
[1.084s] [0mCMake Deprecation Warning at /opt/ros/humble/src/gtest_vendor/CMakeLists.txt:2 (cmake_minimum_required):
[1.084s]   Compatibility with CMake < 3.10 will be removed from a future version of
[1.084s]   CMake.
[1.084s] 
[1.084s]   Update the VERSION argument <min> value.  Or, use the <min>...<max> syntax
[1.084s]   to tell CMake that the project requires at least <min> but has been updated
[1.084s]   to work with policies introduced by <max> or earlier.
[1.084s] 
[1.084s] [0m
[1.086s] [31mCMake Error at /opt/ros/humble/share/ament_cmake_target_dependencies/cmake/ament_target_dependencies.cmake:77 (message):
[1.087s]   ament_target_dependencies() the passed package name 'udp_msgs' was not
[1.087s]   found before
[1.087s] Call Stack (most recent call first):
[1.087s]   CMakeLists.txt:50 (ament_target_dependencies)
[1.087s] 
[1.087s] [0m
[1.087s] -- Configuring incomplete, errors occurred!
[1.099s] Invoked command in '/home/dev/roboracer_ws/build/io_context' returned '1': AMENT_PREFIX_PATH=/home/dev/roboracer_ws/install/asio_cmake_module:${AMENT_PREFIX_PATH} CMAKE_PREFIX_PATH=/home/dev/roboracer_ws/install/asio_cmake_module:/opt/ros/humble /usr/local/bin/cmake /home/dev/roboracer_ws/src/transport_drivers/io_context -DCMAKE_INSTALL_PREFIX=/home/dev/roboracer_ws/install/io_context
