[0.030s] Invoking command in '/home/dev/roboracer_ws/build/serial_driver': CMAKE_PREFIX_PATH=/home/dev/roboracer_ws/install/io_context:/home/dev/roboracer_ws/install/asio_cmake_module:/home/dev/roboracer_ws/install/vesc:/home/dev/roboracer_ws/install/vesc_driver:/home/dev/roboracer_ws/install/vesc_ackermann:/home/dev/roboracer_ws/install/roboracer_yolov8_detector:/home/dev/roboracer_ws/install/roboracer_py:/opt/ros/humble:/home/dev/roboracer_ws/install/vesc_msgs:/home/dev/roboracer_ws/install/udp_driver:/home/dev/roboracer_ws/install/serial_driver:/home/dev/roboracer_ws/install/roboracer_visual_odom:/home/dev/roboracer_ws/install/roboracer_localization:/home/dev/roboracer_ws/install/roboracer_description:/home/dev/roboracer_ws/install/roboracer_controller:/home/dev/roboracer_ws/install/pure_pursuit:/home/dev/roboracer_ws/install/gap_follow LD_LIBRARY_PATH=/home/dev/roboracer_ws/install/io_context/lib:/home/dev/roboracer_ws/install/vesc_driver/lib:/home/dev/roboracer_ws/install/vesc_ackermann/lib:/home/dev/roboracer_ws/install/vesc_msgs/lib:/home/dev/roboracer_ws/install/udp_driver/lib:/home/dev/roboracer_ws/install/serial_driver/lib:/opt/ros/humble/opt/rviz_ogre_vendor/lib:/opt/ros/humble/lib/x86_64-linux-gnu:/opt/ros/humble/lib /usr/local/bin/cmake --build /home/dev/roboracer_ws/build/serial_driver -- -j8 -l8
[0.147s] [ 20%] Built target gtest
[0.147s] [ 26%] Built target gtest_main
[0.150s] [ 40%] Built target serial_bridge
[0.154s] [ 60%] Built target serial_driver
[0.180s] [ 73%] Built target test_serial_driver
[0.187s] [ 86%] Built target test_serial_port
[0.188s] [100%] Built target serial_driver_nodes
[0.194s] Invoked command in '/home/dev/roboracer_ws/build/serial_driver' returned '0': CMAKE_PREFIX_PATH=/home/dev/roboracer_ws/install/io_context:/home/dev/roboracer_ws/install/asio_cmake_module:/home/dev/roboracer_ws/install/vesc:/home/dev/roboracer_ws/install/vesc_driver:/home/dev/roboracer_ws/install/vesc_ackermann:/home/dev/roboracer_ws/install/roboracer_yolov8_detector:/home/dev/roboracer_ws/install/roboracer_py:/opt/ros/humble:/home/dev/roboracer_ws/install/vesc_msgs:/home/dev/roboracer_ws/install/udp_driver:/home/dev/roboracer_ws/install/serial_driver:/home/dev/roboracer_ws/install/roboracer_visual_odom:/home/dev/roboracer_ws/install/roboracer_localization:/home/dev/roboracer_ws/install/roboracer_description:/home/dev/roboracer_ws/install/roboracer_controller:/home/dev/roboracer_ws/install/pure_pursuit:/home/dev/roboracer_ws/install/gap_follow LD_LIBRARY_PATH=/home/dev/roboracer_ws/install/io_context/lib:/home/dev/roboracer_ws/install/vesc_driver/lib:/home/dev/roboracer_ws/install/vesc_ackermann/lib:/home/dev/roboracer_ws/install/vesc_msgs/lib:/home/dev/roboracer_ws/install/udp_driver/lib:/home/dev/roboracer_ws/install/serial_driver/lib:/opt/ros/humble/opt/rviz_ogre_vendor/lib:/opt/ros/humble/lib/x86_64-linux-gnu:/opt/ros/humble/lib /usr/local/bin/cmake --build /home/dev/roboracer_ws/build/serial_driver -- -j8 -l8
[0.196s] Invoking command in '/home/dev/roboracer_ws/build/serial_driver': CMAKE_PREFIX_PATH=/home/dev/roboracer_ws/install/io_context:/home/dev/roboracer_ws/install/asio_cmake_module:/home/dev/roboracer_ws/install/vesc:/home/dev/roboracer_ws/install/vesc_driver:/home/dev/roboracer_ws/install/vesc_ackermann:/home/dev/roboracer_ws/install/roboracer_yolov8_detector:/home/dev/roboracer_ws/install/roboracer_py:/opt/ros/humble:/home/dev/roboracer_ws/install/vesc_msgs:/home/dev/roboracer_ws/install/udp_driver:/home/dev/roboracer_ws/install/serial_driver:/home/dev/roboracer_ws/install/roboracer_visual_odom:/home/dev/roboracer_ws/install/roboracer_localization:/home/dev/roboracer_ws/install/roboracer_description:/home/dev/roboracer_ws/install/roboracer_controller:/home/dev/roboracer_ws/install/pure_pursuit:/home/dev/roboracer_ws/install/gap_follow LD_LIBRARY_PATH=/home/dev/roboracer_ws/install/io_context/lib:/home/dev/roboracer_ws/install/vesc_driver/lib:/home/dev/roboracer_ws/install/vesc_ackermann/lib:/home/dev/roboracer_ws/install/vesc_msgs/lib:/home/dev/roboracer_ws/install/udp_driver/lib:/home/dev/roboracer_ws/install/serial_driver/lib:/opt/ros/humble/opt/rviz_ogre_vendor/lib:/opt/ros/humble/lib/x86_64-linux-gnu:/opt/ros/humble/lib /usr/local/bin/cmake --install /home/dev/roboracer_ws/build/serial_driver
[0.275s] -- Install configuration: ""
[0.275s] -- Up-to-date: /home/dev/roboracer_ws/install/serial_driver/lib/serial_driver/serial_bridge
[0.276s] -- Up-to-date: /home/dev/roboracer_ws/install/serial_driver/include
[0.276s] -- Up-to-date: /home/dev/roboracer_ws/install/serial_driver/include/serial_driver
[0.276s] -- Up-to-date: /home/dev/roboracer_ws/install/serial_driver/include/serial_driver/visibility_control.hpp
[0.276s] -- Up-to-date: /home/dev/roboracer_ws/install/serial_driver/include/serial_driver/serial_port.hpp
[0.276s] -- Up-to-date: /home/dev/roboracer_ws/install/serial_driver/include/serial_driver/serial_bridge_node.hpp
[0.276s] -- Up-to-date: /home/dev/roboracer_ws/install/serial_driver/include/serial_driver/serial_driver.hpp
[0.276s] -- Up-to-date: /home/dev/roboracer_ws/install/serial_driver/share/serial_driver/environment/library_path.sh
[0.276s] -- Up-to-date: /home/dev/roboracer_ws/install/serial_driver/share/serial_driver/environment/library_path.dsv
[0.276s] -- Up-to-date: /home/dev/roboracer_ws/install/serial_driver/lib/libserial_driver.so
[0.276s] -- Up-to-date: /home/dev/roboracer_ws/install/serial_driver/lib/libserial_driver_nodes.so
[0.277s] -- Up-to-date: /home/dev/roboracer_ws/install/serial_driver/share/serial_driver/launch
[0.277s] -- Up-to-date: /home/dev/roboracer_ws/install/serial_driver/share/serial_driver/launch/serial_driver_bridge_node.launch.py
[0.277s] -- Up-to-date: /home/dev/roboracer_ws/install/serial_driver/share/serial_driver/params
[0.277s] -- Up-to-date: /home/dev/roboracer_ws/install/serial_driver/share/serial_driver/params/example.params.yaml
[0.277s] -- Up-to-date: /home/dev/roboracer_ws/install/serial_driver/share/ament_index/resource_index/package_run_dependencies/serial_driver
[0.277s] -- Up-to-date: /home/dev/roboracer_ws/install/serial_driver/share/ament_index/resource_index/parent_prefix_path/serial_driver
[0.277s] -- Up-to-date: /home/dev/roboracer_ws/install/serial_driver/share/serial_driver/environment/ament_prefix_path.sh
[0.277s] -- Up-to-date: /home/dev/roboracer_ws/install/serial_driver/share/serial_driver/environment/ament_prefix_path.dsv
[0.277s] -- Up-to-date: /home/dev/roboracer_ws/install/serial_driver/share/serial_driver/environment/path.sh
[0.277s] -- Up-to-date: /home/dev/roboracer_ws/install/serial_driver/share/serial_driver/environment/path.dsv
[0.277s] -- Up-to-date: /home/dev/roboracer_ws/install/serial_driver/share/serial_driver/local_setup.bash
[0.277s] -- Up-to-date: /home/dev/roboracer_ws/install/serial_driver/share/serial_driver/local_setup.sh
[0.277s] -- Up-to-date: /home/dev/roboracer_ws/install/serial_driver/share/serial_driver/local_setup.zsh
[0.277s] -- Up-to-date: /home/dev/roboracer_ws/install/serial_driver/share/serial_driver/local_setup.dsv
[0.277s] -- Installing: /home/dev/roboracer_ws/install/serial_driver/share/serial_driver/package.dsv
[0.278s] -- Up-to-date: /home/dev/roboracer_ws/install/serial_driver/share/ament_index/resource_index/packages/serial_driver
[0.278s] -- Up-to-date: /home/dev/roboracer_ws/install/serial_driver/share/ament_index/resource_index/rclcpp_components/serial_driver
[0.278s] -- Up-to-date: /home/dev/roboracer_ws/install/serial_driver/share/serial_driver/cmake/ament_cmake_export_dependencies-extras.cmake
[0.278s] -- Up-to-date: /home/dev/roboracer_ws/install/serial_driver/share/serial_driver/cmake/ament_cmake_export_include_directories-extras.cmake
[0.278s] -- Up-to-date: /home/dev/roboracer_ws/install/serial_driver/share/serial_driver/cmake/ament_cmake_export_libraries-extras.cmake
[0.278s] -- Up-to-date: /home/dev/roboracer_ws/install/serial_driver/share/serial_driver/cmake/serial_driver-extras.cmake
[0.278s] -- Up-to-date: /home/dev/roboracer_ws/install/serial_driver/share/serial_driver/cmake/serial_driverConfig.cmake
[0.278s] -- Up-to-date: /home/dev/roboracer_ws/install/serial_driver/share/serial_driver/cmake/serial_driverConfig-version.cmake
[0.278s] -- Up-to-date: /home/dev/roboracer_ws/install/serial_driver/share/serial_driver/package.xml
[0.280s] Invoked command in '/home/dev/roboracer_ws/build/serial_driver' returned '0': CMAKE_PREFIX_PATH=/home/dev/roboracer_ws/install/io_context:/home/dev/roboracer_ws/install/asio_cmake_module:/home/dev/roboracer_ws/install/vesc:/home/dev/roboracer_ws/install/vesc_driver:/home/dev/roboracer_ws/install/vesc_ackermann:/home/dev/roboracer_ws/install/roboracer_yolov8_detector:/home/dev/roboracer_ws/install/roboracer_py:/opt/ros/humble:/home/dev/roboracer_ws/install/vesc_msgs:/home/dev/roboracer_ws/install/udp_driver:/home/dev/roboracer_ws/install/serial_driver:/home/dev/roboracer_ws/install/roboracer_visual_odom:/home/dev/roboracer_ws/install/roboracer_localization:/home/dev/roboracer_ws/install/roboracer_description:/home/dev/roboracer_ws/install/roboracer_controller:/home/dev/roboracer_ws/install/pure_pursuit:/home/dev/roboracer_ws/install/gap_follow LD_LIBRARY_PATH=/home/dev/roboracer_ws/install/io_context/lib:/home/dev/roboracer_ws/install/vesc_driver/lib:/home/dev/roboracer_ws/install/vesc_ackermann/lib:/home/dev/roboracer_ws/install/vesc_msgs/lib:/home/dev/roboracer_ws/install/udp_driver/lib:/home/dev/roboracer_ws/install/serial_driver/lib:/opt/ros/humble/opt/rviz_ogre_vendor/lib:/opt/ros/humble/lib/x86_64-linux-gnu:/opt/ros/humble/lib /usr/local/bin/cmake --install /home/dev/roboracer_ws/build/serial_driver
