[0.843s] Invoking command in '/home/loq/roboracer_ws/src/roboracer_yolov8_detector': PYTHONPATH=/home/loq/roboracer_ws/build/roboracer_yolov8_detector/prefix_override:/usr/lib/python3/dist-packages/colcon_core/task/python/colcon_distutils_commands:/home/loq/roboracer_ws/install/roboracer_yolov8_detector/lib/python3.10/site-packages:${PYTHONPATH} /usr/bin/python3 -W ignore:setup.py install is deprecated -W ignore:easy_install command is deprecated setup.py egg_info --egg-base ../../build/roboracer_yolov8_detector build --build-base /home/loq/roboracer_ws/build/roboracer_yolov8_detector/build install --record /home/loq/roboracer_ws/build/roboracer_yolov8_detector/install.log --single-version-externally-managed install_data
[1.059s] running egg_info
[1.059s] writing ../../build/roboracer_yolov8_detector/roboracer_yolov8_detector.egg-info/PKG-INFO
[1.060s] writing dependency_links to ../../build/roboracer_yolov8_detector/roboracer_yolov8_detector.egg-info/dependency_links.txt
[1.060s] writing entry points to ../../build/roboracer_yolov8_detector/roboracer_yolov8_detector.egg-info/entry_points.txt
[1.060s] writing requirements to ../../build/roboracer_yolov8_detector/roboracer_yolov8_detector.egg-info/requires.txt
[1.060s] writing top-level names to ../../build/roboracer_yolov8_detector/roboracer_yolov8_detector.egg-info/top_level.txt
[1.062s] reading manifest file '../../build/roboracer_yolov8_detector/roboracer_yolov8_detector.egg-info/SOURCES.txt'
[1.062s] writing manifest file '../../build/roboracer_yolov8_detector/roboracer_yolov8_detector.egg-info/SOURCES.txt'
[1.062s] running build
[1.062s] running build_py
[1.063s] running install
[1.063s] running install_lib
[1.064s] running install_data
[1.064s] running install_egg_info
[1.066s] removing '/home/loq/roboracer_ws/install/roboracer_yolov8_detector/lib/python3.10/site-packages/roboracer_yolov8_detector-0.0.0-py3.10.egg-info' (and everything under it)
[1.066s] Copying ../../build/roboracer_yolov8_detector/roboracer_yolov8_detector.egg-info to /home/loq/roboracer_ws/install/roboracer_yolov8_detector/lib/python3.10/site-packages/roboracer_yolov8_detector-0.0.0-py3.10.egg-info
[1.067s] running install_scripts
[1.086s] Installing detection_3d_node script to /home/loq/roboracer_ws/install/roboracer_yolov8_detector/lib/roboracer_yolov8_detector
[1.086s] Installing yolov8_detection_node script to /home/loq/roboracer_ws/install/roboracer_yolov8_detector/lib/roboracer_yolov8_detector
[1.086s] writing list of installed files to '/home/loq/roboracer_ws/build/roboracer_yolov8_detector/install.log'
[1.117s] Invoked command in '/home/loq/roboracer_ws/src/roboracer_yolov8_detector' returned '0': PYTHONPATH=/home/loq/roboracer_ws/build/roboracer_yolov8_detector/prefix_override:/usr/lib/python3/dist-packages/colcon_core/task/python/colcon_distutils_commands:/home/loq/roboracer_ws/install/roboracer_yolov8_detector/lib/python3.10/site-packages:${PYTHONPATH} /usr/bin/python3 -W ignore:setup.py install is deprecated -W ignore:easy_install command is deprecated setup.py egg_info --egg-base ../../build/roboracer_yolov8_detector build --build-base /home/loq/roboracer_ws/build/roboracer_yolov8_detector/build install --record /home/loq/roboracer_ws/build/roboracer_yolov8_detector/install.log --single-version-externally-managed install_data
