[0.266s] Invoking command in '/home/loq/roboracer_ws/roboracer_dissertation/build/gap_follow': CMAKE_PREFIX_PATH=${CMAKE_PREFIX_PATH}:/home/loq/drivingcar_ws/install/self_driving_car_pkg:/home/loq/bumperbot_ws/install/bumperbot_py_example:/home/loq/ros2_action_ws/install/lifecycle_py:/home/loq/ros2_action_ws/install/action_py:/opt/ros/humble /usr/bin/cmake --build /home/loq/roboracer_ws/roboracer_dissertation/build/gap_follow -- -j8 -l8
[0.545s] [35m[1mConsolidate compiler generated dependencies of target reactive_node[0m
[0.545s] [  0%] Built target ament_cmake_python_copy_gap_follow
[0.546s] [100%] Built target reactive_node
[0.546s] [100%] Built target ament_cmake_python_copy_gap_follow_setup
[0.563s] /usr/lib/python3/dist-packages/setuptools/dist.py:723: UserWarning: Usage of dash-separated 'script-dir' will not be supported in future versions. Please use the underscore name 'script_dir' instead
[0.563s]   warnings.warn(
[0.563s] /usr/lib/python3/dist-packages/setuptools/dist.py:723: UserWarning: Usage of dash-separated 'install-scripts' will not be supported in future versions. Please use the underscore name 'install_scripts' instead
[0.563s]   warnings.warn(
[0.571s] running egg_info
[0.571s] writing gap_follow.egg-info/PKG-INFO
[0.571s] writing dependency_links to gap_follow.egg-info/dependency_links.txt
[0.571s] writing top-level names to gap_follow.egg-info/top_level.txt
[0.595s] reading manifest file 'gap_follow.egg-info/SOURCES.txt'
[0.608s] writing manifest file 'gap_follow.egg-info/SOURCES.txt'
[0.710s] [100%] Built target ament_cmake_python_build_gap_follow_egg
[0.758s] Invoked command in '/home/loq/roboracer_ws/roboracer_dissertation/build/gap_follow' returned '0': CMAKE_PREFIX_PATH=${CMAKE_PREFIX_PATH}:/home/loq/drivingcar_ws/install/self_driving_car_pkg:/home/loq/bumperbot_ws/install/bumperbot_py_example:/home/loq/ros2_action_ws/install/lifecycle_py:/home/loq/ros2_action_ws/install/action_py:/opt/ros/humble /usr/bin/cmake --build /home/loq/roboracer_ws/roboracer_dissertation/build/gap_follow -- -j8 -l8
[0.760s] Invoking command in '/home/loq/roboracer_ws/roboracer_dissertation/build/gap_follow': CMAKE_PREFIX_PATH=${CMAKE_PREFIX_PATH}:/home/loq/drivingcar_ws/install/self_driving_car_pkg:/home/loq/bumperbot_ws/install/bumperbot_py_example:/home/loq/ros2_action_ws/install/lifecycle_py:/home/loq/ros2_action_ws/install/action_py:/opt/ros/humble /usr/bin/cmake --install /home/loq/roboracer_ws/roboracer_dissertation/build/gap_follow
[0.768s] -- Install configuration: ""
[0.768s] -- Up-to-date: /home/loq/roboracer_ws/roboracer_dissertation/install/gap_follow/lib/gap_follow/reactive_node
[0.768s] -- Up-to-date: /home/loq/roboracer_ws/roboracer_dissertation/install/gap_follow/share/gap_follow/environment/pythonpath.sh
[0.768s] -- Up-to-date: /home/loq/roboracer_ws/roboracer_dissertation/install/gap_follow/share/gap_follow/environment/pythonpath.dsv
[0.768s] -- Up-to-date: /home/loq/roboracer_ws/roboracer_dissertation/install/gap_follow/local/lib/python3.10/dist-packages/gap_follow-0.0.0-py3.10.egg-info
[0.768s] -- Installing: /home/loq/roboracer_ws/roboracer_dissertation/install/gap_follow/local/lib/python3.10/dist-packages/gap_follow-0.0.0-py3.10.egg-info/top_level.txt
[0.768s] -- Installing: /home/loq/roboracer_ws/roboracer_dissertation/install/gap_follow/local/lib/python3.10/dist-packages/gap_follow-0.0.0-py3.10.egg-info/PKG-INFO
[0.769s] -- Installing: /home/loq/roboracer_ws/roboracer_dissertation/install/gap_follow/local/lib/python3.10/dist-packages/gap_follow-0.0.0-py3.10.egg-info/dependency_links.txt
[0.769s] -- Installing: /home/loq/roboracer_ws/roboracer_dissertation/install/gap_follow/local/lib/python3.10/dist-packages/gap_follow-0.0.0-py3.10.egg-info/SOURCES.txt
[0.769s] -- Up-to-date: /home/loq/roboracer_ws/roboracer_dissertation/install/gap_follow/local/lib/python3.10/dist-packages/gap_follow
[0.769s] -- Up-to-date: /home/loq/roboracer_ws/roboracer_dissertation/install/gap_follow/local/lib/python3.10/dist-packages/gap_follow/__init__.py
[0.813s] Listing '/home/loq/roboracer_ws/roboracer_dissertation/install/gap_follow/local/lib/python3.10/dist-packages/gap_follow'...
[0.821s] -- Up-to-date: /home/loq/roboracer_ws/roboracer_dissertation/install/gap_follow/lib/gap_follow/reactive_node.py
[0.821s] -- Up-to-date: /home/loq/roboracer_ws/roboracer_dissertation/install/gap_follow/share/ament_index/resource_index/package_run_dependencies/gap_follow
[0.822s] -- Up-to-date: /home/loq/roboracer_ws/roboracer_dissertation/install/gap_follow/share/ament_index/resource_index/parent_prefix_path/gap_follow
[0.822s] -- Up-to-date: /home/loq/roboracer_ws/roboracer_dissertation/install/gap_follow/share/gap_follow/environment/ament_prefix_path.sh
[0.822s] -- Up-to-date: /home/loq/roboracer_ws/roboracer_dissertation/install/gap_follow/share/gap_follow/environment/ament_prefix_path.dsv
[0.822s] -- Up-to-date: /home/loq/roboracer_ws/roboracer_dissertation/install/gap_follow/share/gap_follow/environment/path.sh
[0.822s] -- Up-to-date: /home/loq/roboracer_ws/roboracer_dissertation/install/gap_follow/share/gap_follow/environment/path.dsv
[0.822s] -- Up-to-date: /home/loq/roboracer_ws/roboracer_dissertation/install/gap_follow/share/gap_follow/local_setup.bash
[0.822s] -- Up-to-date: /home/loq/roboracer_ws/roboracer_dissertation/install/gap_follow/share/gap_follow/local_setup.sh
[0.822s] -- Up-to-date: /home/loq/roboracer_ws/roboracer_dissertation/install/gap_follow/share/gap_follow/local_setup.zsh
[0.822s] -- Up-to-date: /home/loq/roboracer_ws/roboracer_dissertation/install/gap_follow/share/gap_follow/local_setup.dsv
[0.822s] -- Installing: /home/loq/roboracer_ws/roboracer_dissertation/install/gap_follow/share/gap_follow/package.dsv
[0.822s] -- Up-to-date: /home/loq/roboracer_ws/roboracer_dissertation/install/gap_follow/share/ament_index/resource_index/packages/gap_follow
[0.823s] -- Up-to-date: /home/loq/roboracer_ws/roboracer_dissertation/install/gap_follow/share/gap_follow/cmake/gap_followConfig.cmake
[0.823s] -- Up-to-date: /home/loq/roboracer_ws/roboracer_dissertation/install/gap_follow/share/gap_follow/cmake/gap_followConfig-version.cmake
[0.823s] -- Up-to-date: /home/loq/roboracer_ws/roboracer_dissertation/install/gap_follow/share/gap_follow/package.xml
[1.055s] Invoked command in '/home/loq/roboracer_ws/roboracer_dissertation/build/gap_follow' returned '0': CMAKE_PREFIX_PATH=${CMAKE_PREFIX_PATH}:/home/loq/drivingcar_ws/install/self_driving_car_pkg:/home/loq/bumperbot_ws/install/bumperbot_py_example:/home/loq/ros2_action_ws/install/lifecycle_py:/home/loq/ros2_action_ws/install/action_py:/opt/ros/humble /usr/bin/cmake --install /home/loq/roboracer_ws/roboracer_dissertation/build/gap_follow
