[0.034s] Invoking command in '/home/dev/roboracer_ws/build/asio_cmake_module': CMAKE_PREFIX_PATH=/opt/ros/humble /usr/local/bin/cmake /home/dev/roboracer_ws/src/transport_drivers/asio_cmake_module -DCMAKE_INSTALL_PREFIX=/home/dev/roboracer_ws/install/asio_cmake_module
[0.244s] -- The C compiler identification is GNU 11.4.0
[0.342s] -- The CXX compiler identification is GNU 11.4.0
[0.353s] -- Detecting C compiler ABI info
[0.433s] -- Detecting C compiler ABI info - done
[0.454s] -- Check for working C compiler: /usr/bin/cc - skipped
[0.455s] -- Detecting C compile features
[0.455s] -- Detecting C compile features - done
[0.481s] -- Detecting CXX compiler ABI info
[0.647s] -- Detecting CXX compiler ABI info - done
[0.660s] -- Check for working CXX compiler: /usr/bin/c++ - skipped
[0.661s] -- Detecting CXX compile features
[0.661s] -- Detecting CXX compile features - done
[0.662s] -- Found ament_cmake: 1.3.11 (/opt/ros/humble/share/ament_cmake/cmake)
[0.751s] -- Found Python3: /usr/bin/python3 (found version "3.10.12") found components: Interpreter
[0.884s] -- Found ament_lint_auto: 0.12.12 (/opt/ros/humble/share/ament_lint_auto/cmake)
[0.990s] -- Added test 'copyright' to check source files copyright and LICENSE
[0.995s] -- Added test 'lint_cmake' to check CMake code style
[0.999s] -- Added test 'xmllint' to check XML markup files
[1.003s] -- Configuring done (0.9s)
[1.008s] -- Generating done (0.0s)
[1.010s] -- Build files have been written to: /home/dev/roboracer_ws/build/asio_cmake_module
[1.018s] Invoked command in '/home/dev/roboracer_ws/build/asio_cmake_module' returned '0': CMAKE_PREFIX_PATH=/opt/ros/humble /usr/local/bin/cmake /home/dev/roboracer_ws/src/transport_drivers/asio_cmake_module -DCMAKE_INSTALL_PREFIX=/home/dev/roboracer_ws/install/asio_cmake_module
[1.018s] Invoking command in '/home/dev/roboracer_ws/build/asio_cmake_module': CMAKE_PREFIX_PATH=/opt/ros/humble /usr/local/bin/cmake --build /home/dev/roboracer_ws/build/asio_cmake_module -- -j8 -l8
[1.133s] Invoked command in '/home/dev/roboracer_ws/build/asio_cmake_module' returned '0': CMAKE_PREFIX_PATH=/opt/ros/humble /usr/local/bin/cmake --build /home/dev/roboracer_ws/build/asio_cmake_module -- -j8 -l8
[1.135s] Invoking command in '/home/dev/roboracer_ws/build/asio_cmake_module': CMAKE_PREFIX_PATH=/opt/ros/humble /usr/local/bin/cmake --install /home/dev/roboracer_ws/build/asio_cmake_module
[1.203s] -- Install configuration: ""
[1.203s] -- Installing: /home/dev/roboracer_ws/install/asio_cmake_module/share/ament_index/resource_index/package_run_dependencies/asio_cmake_module
[1.206s] -- Installing: /home/dev/roboracer_ws/install/asio_cmake_module/share/ament_index/resource_index/parent_prefix_path/asio_cmake_module
[1.206s] -- Installing: /home/dev/roboracer_ws/install/asio_cmake_module/share/asio_cmake_module/environment/ament_prefix_path.sh
[1.206s] -- Installing: /home/dev/roboracer_ws/install/asio_cmake_module/share/asio_cmake_module/environment/ament_prefix_path.dsv
[1.206s] -- Installing: /home/dev/roboracer_ws/install/asio_cmake_module/share/asio_cmake_module/environment/path.sh
[1.207s] -- Installing: /home/dev/roboracer_ws/install/asio_cmake_module/share/asio_cmake_module/environment/path.dsv
[1.207s] -- Installing: /home/dev/roboracer_ws/install/asio_cmake_module/share/asio_cmake_module/local_setup.bash
[1.207s] -- Installing: /home/dev/roboracer_ws/install/asio_cmake_module/share/asio_cmake_module/local_setup.sh
[1.207s] -- Installing: /home/dev/roboracer_ws/install/asio_cmake_module/share/asio_cmake_module/local_setup.zsh
[1.207s] -- Installing: /home/dev/roboracer_ws/install/asio_cmake_module/share/asio_cmake_module/local_setup.dsv
[1.207s] -- Installing: /home/dev/roboracer_ws/install/asio_cmake_module/share/asio_cmake_module/package.dsv
[1.207s] -- Installing: /home/dev/roboracer_ws/install/asio_cmake_module/share/ament_index/resource_index/packages/asio_cmake_module
[1.207s] -- Installing: /home/dev/roboracer_ws/install/asio_cmake_module/share/asio_cmake_module/cmake/asio_cmake_module-extras.cmake
[1.207s] -- Installing: /home/dev/roboracer_ws/install/asio_cmake_module/share/asio_cmake_module/cmake/asio_cmake_moduleConfig.cmake
[1.207s] -- Installing: /home/dev/roboracer_ws/install/asio_cmake_module/share/asio_cmake_module/cmake/asio_cmake_moduleConfig-version.cmake
[1.207s] -- Installing: /home/dev/roboracer_ws/install/asio_cmake_module/share/asio_cmake_module/package.xml
[1.208s] -- Up-to-date: /home/dev/roboracer_ws/install/asio_cmake_module/share/asio_cmake_module/cmake
[1.208s] -- Installing: /home/dev/roboracer_ws/install/asio_cmake_module/share/asio_cmake_module/cmake/Modules
[1.208s] -- Installing: /home/dev/roboracer_ws/install/asio_cmake_module/share/asio_cmake_module/cmake/Modules/FindASIO.cmake
[1.210s] Invoked command in '/home/dev/roboracer_ws/build/asio_cmake_module' returned '0': CMAKE_PREFIX_PATH=/opt/ros/humble /usr/local/bin/cmake --install /home/dev/roboracer_ws/build/asio_cmake_module
