[0.044s] Invoking command in '/home/dev/roboracer_ws/build/vesc_msgs': CMAKE_PREFIX_PATH=/home/dev/roboracer_ws/install/vesc:/home/dev/roboracer_ws/install/vesc_driver:/home/dev/roboracer_ws/install/vesc_ackermann:/home/dev/roboracer_ws/install/roboracer_yolov8_detector:/home/dev/roboracer_ws/install/roboracer_py:/opt/ros/humble:/home/dev/roboracer_ws/install/vesc_msgs:/home/dev/roboracer_ws/install/udp_driver:/home/dev/roboracer_ws/install/serial_driver:/home/dev/roboracer_ws/install/roboracer_visual_odom:/home/dev/roboracer_ws/install/roboracer_localization:/home/dev/roboracer_ws/install/roboracer_description:/home/dev/roboracer_ws/install/roboracer_controller:/home/dev/roboracer_ws/install/pure_pursuit:/home/dev/roboracer_ws/install/io_context:/home/dev/roboracer_ws/install/gap_follow:/home/dev/roboracer_ws/install/asio_cmake_module /usr/local/bin/cmake --build /home/dev/roboracer_ws/build/vesc_msgs -- -j8 -l8
[0.186s] [  1%] Built target vesc_msgs__cpp
[0.186s] [ 12%] Built target vesc_msgs__rosidl_generator_c
[0.196s] [ 12%] Built target ament_cmake_python_copy_vesc_msgs
[0.211s] [ 23%] Built target vesc_msgs__rosidl_typesupport_cpp
[0.215s] [ 34%] Built target vesc_msgs__rosidl_typesupport_introspection_cpp
[0.216s] [ 45%] Built target vesc_msgs__rosidl_typesupport_fastrtps_cpp
[0.218s] [ 56%] Built target vesc_msgs__rosidl_typesupport_fastrtps_c
[0.219s] [ 67%] Built target vesc_msgs__rosidl_typesupport_introspection_c
[0.222s] [ 78%] Built target vesc_msgs__rosidl_typesupport_c
[0.235s] [ 78%] Built target vesc_msgs
[0.247s] [ 80%] Built target vesc_msgs__py
[0.261s] [ 89%] Built target vesc_msgs__rosidl_generator_py
[0.276s] [ 92%] Built target vesc_msgs__rosidl_typesupport_fastrtps_c__pyext
[0.277s] [ 96%] Built target vesc_msgs__rosidl_typesupport_c__pyext
[0.277s] [100%] Built target vesc_msgs__rosidl_typesupport_introspection_c__pyext
[0.418s] running egg_info
[0.418s] writing vesc_msgs.egg-info/PKG-INFO
[0.419s] writing dependency_links to vesc_msgs.egg-info/dependency_links.txt
[0.419s] writing top-level names to vesc_msgs.egg-info/top_level.txt
[0.421s] reading manifest file 'vesc_msgs.egg-info/SOURCES.txt'
[0.422s] writing manifest file 'vesc_msgs.egg-info/SOURCES.txt'
[0.467s] [100%] Built target ament_cmake_python_build_vesc_msgs_egg
[0.493s] Invoked command in '/home/dev/roboracer_ws/build/vesc_msgs' returned '0': CMAKE_PREFIX_PATH=/home/dev/roboracer_ws/install/vesc:/home/dev/roboracer_ws/install/vesc_driver:/home/dev/roboracer_ws/install/vesc_ackermann:/home/dev/roboracer_ws/install/roboracer_yolov8_detector:/home/dev/roboracer_ws/install/roboracer_py:/opt/ros/humble:/home/dev/roboracer_ws/install/vesc_msgs:/home/dev/roboracer_ws/install/udp_driver:/home/dev/roboracer_ws/install/serial_driver:/home/dev/roboracer_ws/install/roboracer_visual_odom:/home/dev/roboracer_ws/install/roboracer_localization:/home/dev/roboracer_ws/install/roboracer_description:/home/dev/roboracer_ws/install/roboracer_controller:/home/dev/roboracer_ws/install/pure_pursuit:/home/dev/roboracer_ws/install/io_context:/home/dev/roboracer_ws/install/gap_follow:/home/dev/roboracer_ws/install/asio_cmake_module /usr/local/bin/cmake --build /home/dev/roboracer_ws/build/vesc_msgs -- -j8 -l8
[0.495s] Invoking command in '/home/dev/roboracer_ws/build/vesc_msgs': CMAKE_PREFIX_PATH=/home/dev/roboracer_ws/install/vesc:/home/dev/roboracer_ws/install/vesc_driver:/home/dev/roboracer_ws/install/vesc_ackermann:/home/dev/roboracer_ws/install/roboracer_yolov8_detector:/home/dev/roboracer_ws/install/roboracer_py:/opt/ros/humble:/home/dev/roboracer_ws/install/vesc_msgs:/home/dev/roboracer_ws/install/udp_driver:/home/dev/roboracer_ws/install/serial_driver:/home/dev/roboracer_ws/install/roboracer_visual_odom:/home/dev/roboracer_ws/install/roboracer_localization:/home/dev/roboracer_ws/install/roboracer_description:/home/dev/roboracer_ws/install/roboracer_controller:/home/dev/roboracer_ws/install/pure_pursuit:/home/dev/roboracer_ws/install/io_context:/home/dev/roboracer_ws/install/gap_follow:/home/dev/roboracer_ws/install/asio_cmake_module /usr/local/bin/cmake --install /home/dev/roboracer_ws/build/vesc_msgs
[0.652s] -- Install configuration: ""
[0.652s] -- Up-to-date: /home/dev/roboracer_ws/install/vesc_msgs/share/ament_index/resource_index/rosidl_interfaces/vesc_msgs
[0.652s] -- Up-to-date: /home/dev/roboracer_ws/install/vesc_msgs/include/vesc_msgs/vesc_msgs
[0.652s] -- Up-to-date: /home/dev/roboracer_ws/install/vesc_msgs/include/vesc_msgs/vesc_msgs/msg
[0.652s] -- Up-to-date: /home/dev/roboracer_ws/install/vesc_msgs/include/vesc_msgs/vesc_msgs/msg/vesc_state.h
[0.654s] -- Up-to-date: /home/dev/roboracer_ws/install/vesc_msgs/include/vesc_msgs/vesc_msgs/msg/rosidl_generator_c__visibility_control.h
[0.654s] -- Up-to-date: /home/dev/roboracer_ws/install/vesc_msgs/include/vesc_msgs/vesc_msgs/msg/vesc_imu.h
[0.654s] -- Up-to-date: /home/dev/roboracer_ws/install/vesc_msgs/include/vesc_msgs/vesc_msgs/msg/detail
[0.654s] -- Up-to-date: /home/dev/roboracer_ws/install/vesc_msgs/include/vesc_msgs/vesc_msgs/msg/detail/vesc_imu__struct.h
[0.654s] -- Up-to-date: /home/dev/roboracer_ws/install/vesc_msgs/include/vesc_msgs/vesc_msgs/msg/detail/vesc_state__functions.c
[0.654s] -- Up-to-date: /home/dev/roboracer_ws/install/vesc_msgs/include/vesc_msgs/vesc_msgs/msg/detail/vesc_state_stamped__struct.h
[0.655s] -- Up-to-date: /home/dev/roboracer_ws/install/vesc_msgs/include/vesc_msgs/vesc_msgs/msg/detail/vesc_imu_stamped__type_support.h
[0.655s] -- Up-to-date: /home/dev/roboracer_ws/install/vesc_msgs/include/vesc_msgs/vesc_msgs/msg/detail/vesc_state__struct.h
[0.655s] -- Up-to-date: /home/dev/roboracer_ws/install/vesc_msgs/include/vesc_msgs/vesc_msgs/msg/detail/vesc_imu__functions.c
[0.655s] -- Up-to-date: /home/dev/roboracer_ws/install/vesc_msgs/include/vesc_msgs/vesc_msgs/msg/detail/vesc_state_stamped__functions.h
[0.655s] -- Up-to-date: /home/dev/roboracer_ws/install/vesc_msgs/include/vesc_msgs/vesc_msgs/msg/detail/vesc_imu_stamped__functions.h
[0.655s] -- Up-to-date: /home/dev/roboracer_ws/install/vesc_msgs/include/vesc_msgs/vesc_msgs/msg/detail/vesc_imu__functions.h
[0.655s] -- Up-to-date: /home/dev/roboracer_ws/install/vesc_msgs/include/vesc_msgs/vesc_msgs/msg/detail/vesc_state__functions.h
[0.655s] -- Up-to-date: /home/dev/roboracer_ws/install/vesc_msgs/include/vesc_msgs/vesc_msgs/msg/detail/vesc_imu_stamped__struct.h
[0.655s] -- Up-to-date: /home/dev/roboracer_ws/install/vesc_msgs/include/vesc_msgs/vesc_msgs/msg/detail/vesc_state__type_support.h
[0.655s] -- Up-to-date: /home/dev/roboracer_ws/install/vesc_msgs/include/vesc_msgs/vesc_msgs/msg/detail/vesc_imu__type_support.h
[0.655s] -- Up-to-date: /home/dev/roboracer_ws/install/vesc_msgs/include/vesc_msgs/vesc_msgs/msg/detail/vesc_state_stamped__functions.c
[0.655s] -- Up-to-date: /home/dev/roboracer_ws/install/vesc_msgs/include/vesc_msgs/vesc_msgs/msg/detail/vesc_state_stamped__type_support.h
[0.655s] -- Up-to-date: /home/dev/roboracer_ws/install/vesc_msgs/include/vesc_msgs/vesc_msgs/msg/detail/vesc_imu_stamped__functions.c
[0.656s] -- Up-to-date: /home/dev/roboracer_ws/install/vesc_msgs/include/vesc_msgs/vesc_msgs/msg/vesc_state_stamped.h
[0.656s] -- Up-to-date: /home/dev/roboracer_ws/install/vesc_msgs/include/vesc_msgs/vesc_msgs/msg/vesc_imu_stamped.h
[0.657s] -- Up-to-date: /home/dev/roboracer_ws/install/vesc_msgs/share/vesc_msgs/environment/library_path.sh
[0.657s] -- Up-to-date: /home/dev/roboracer_ws/install/vesc_msgs/share/vesc_msgs/environment/library_path.dsv
[0.657s] -- Up-to-date: /home/dev/roboracer_ws/install/vesc_msgs/lib/libvesc_msgs__rosidl_generator_c.so
[0.657s] -- Up-to-date: /home/dev/roboracer_ws/install/vesc_msgs/include/vesc_msgs/vesc_msgs
[0.657s] -- Up-to-date: /home/dev/roboracer_ws/install/vesc_msgs/include/vesc_msgs/vesc_msgs/msg
[0.657s] -- Up-to-date: /home/dev/roboracer_ws/install/vesc_msgs/include/vesc_msgs/vesc_msgs/msg/rosidl_typesupport_fastrtps_c__visibility_control.h
[0.657s] -- Up-to-date: /home/dev/roboracer_ws/install/vesc_msgs/include/vesc_msgs/vesc_msgs/msg/detail
[0.657s] -- Up-to-date: /home/dev/roboracer_ws/install/vesc_msgs/include/vesc_msgs/vesc_msgs/msg/detail/vesc_imu_stamped__rosidl_typesupport_fastrtps_c.h
[0.659s] -- Up-to-date: /home/dev/roboracer_ws/install/vesc_msgs/include/vesc_msgs/vesc_msgs/msg/detail/vesc_state__rosidl_typesupport_fastrtps_c.h
[0.660s] -- Up-to-date: /home/dev/roboracer_ws/install/vesc_msgs/include/vesc_msgs/vesc_msgs/msg/detail/vesc_state_stamped__rosidl_typesupport_fastrtps_c.h
[0.660s] -- Up-to-date: /home/dev/roboracer_ws/install/vesc_msgs/include/vesc_msgs/vesc_msgs/msg/detail/vesc_imu__rosidl_typesupport_fastrtps_c.h
[0.660s] -- Up-to-date: /home/dev/roboracer_ws/install/vesc_msgs/lib/libvesc_msgs__rosidl_typesupport_fastrtps_c.so
[0.660s] -- Up-to-date: /home/dev/roboracer_ws/install/vesc_msgs/include/vesc_msgs/vesc_msgs
[0.660s] -- Up-to-date: /home/dev/roboracer_ws/install/vesc_msgs/include/vesc_msgs/vesc_msgs/msg
[0.661s] -- Up-to-date: /home/dev/roboracer_ws/install/vesc_msgs/include/vesc_msgs/vesc_msgs/msg/detail
[0.661s] -- Up-to-date: /home/dev/roboracer_ws/install/vesc_msgs/include/vesc_msgs/vesc_msgs/msg/detail/vesc_imu_stamped__type_support.c
[0.661s] -- Up-to-date: /home/dev/roboracer_ws/install/vesc_msgs/include/vesc_msgs/vesc_msgs/msg/detail/vesc_imu__type_support.c
[0.661s] -- Up-to-date: /home/dev/roboracer_ws/install/vesc_msgs/include/vesc_msgs/vesc_msgs/msg/detail/vesc_imu_stamped__rosidl_typesupport_introspection_c.h
[0.661s] -- Up-to-date: /home/dev/roboracer_ws/install/vesc_msgs/include/vesc_msgs/vesc_msgs/msg/detail/vesc_imu__rosidl_typesupport_introspection_c.h
[0.661s] -- Up-to-date: /home/dev/roboracer_ws/install/vesc_msgs/include/vesc_msgs/vesc_msgs/msg/detail/vesc_state_stamped__rosidl_typesupport_introspection_c.h
[0.661s] -- Up-to-date: /home/dev/roboracer_ws/install/vesc_msgs/include/vesc_msgs/vesc_msgs/msg/detail/vesc_state_stamped__type_support.c
[0.661s] -- Up-to-date: /home/dev/roboracer_ws/install/vesc_msgs/include/vesc_msgs/vesc_msgs/msg/detail/vesc_state__type_support.c
[0.661s] -- Up-to-date: /home/dev/roboracer_ws/install/vesc_msgs/include/vesc_msgs/vesc_msgs/msg/detail/vesc_state__rosidl_typesupport_introspection_c.h
[0.661s] -- Up-to-date: /home/dev/roboracer_ws/install/vesc_msgs/include/vesc_msgs/vesc_msgs/msg/rosidl_typesupport_introspection_c__visibility_control.h
[0.661s] -- Up-to-date: /home/dev/roboracer_ws/install/vesc_msgs/lib/libvesc_msgs__rosidl_typesupport_introspection_c.so
[0.662s] -- Up-to-date: /home/dev/roboracer_ws/install/vesc_msgs/lib/libvesc_msgs__rosidl_typesupport_c.so
[0.663s] -- Up-to-date: /home/dev/roboracer_ws/install/vesc_msgs/include/vesc_msgs/vesc_msgs
[0.663s] -- Up-to-date: /home/dev/roboracer_ws/install/vesc_msgs/include/vesc_msgs/vesc_msgs/msg
[0.663s] -- Up-to-date: /home/dev/roboracer_ws/install/vesc_msgs/include/vesc_msgs/vesc_msgs/msg/detail
[0.663s] -- Up-to-date: /home/dev/roboracer_ws/install/vesc_msgs/include/vesc_msgs/vesc_msgs/msg/detail/vesc_state__traits.hpp
[0.663s] -- Up-to-date: /home/dev/roboracer_ws/install/vesc_msgs/include/vesc_msgs/vesc_msgs/msg/detail/vesc_imu_stamped__builder.hpp
[0.664s] -- Up-to-date: /home/dev/roboracer_ws/install/vesc_msgs/include/vesc_msgs/vesc_msgs/msg/detail/vesc_imu__builder.hpp
[0.664s] -- Up-to-date: /home/dev/roboracer_ws/install/vesc_msgs/include/vesc_msgs/vesc_msgs/msg/detail/vesc_imu__traits.hpp
[0.664s] -- Up-to-date: /home/dev/roboracer_ws/install/vesc_msgs/include/vesc_msgs/vesc_msgs/msg/detail/vesc_state__struct.hpp
[0.664s] -- Up-to-date: /home/dev/roboracer_ws/install/vesc_msgs/include/vesc_msgs/vesc_msgs/msg/detail/vesc_imu_stamped__struct.hpp
[0.665s] -- Up-to-date: /home/dev/roboracer_ws/install/vesc_msgs/include/vesc_msgs/vesc_msgs/msg/detail/vesc_state_stamped__type_support.hpp
[0.665s] -- Up-to-date: /home/dev/roboracer_ws/install/vesc_msgs/include/vesc_msgs/vesc_msgs/msg/detail/vesc_state_stamped__traits.hpp
[0.665s] -- Up-to-date: /home/dev/roboracer_ws/install/vesc_msgs/include/vesc_msgs/vesc_msgs/msg/detail/vesc_imu__type_support.hpp
[0.665s] -- Up-to-date: /home/dev/roboracer_ws/install/vesc_msgs/include/vesc_msgs/vesc_msgs/msg/detail/vesc_state__type_support.hpp
[0.665s] -- Up-to-date: /home/dev/roboracer_ws/install/vesc_msgs/include/vesc_msgs/vesc_msgs/msg/detail/vesc_imu_stamped__traits.hpp
[0.666s] -- Up-to-date: /home/dev/roboracer_ws/install/vesc_msgs/include/vesc_msgs/vesc_msgs/msg/detail/vesc_imu_stamped__type_support.hpp
[0.666s] -- Up-to-date: /home/dev/roboracer_ws/install/vesc_msgs/include/vesc_msgs/vesc_msgs/msg/detail/vesc_state_stamped__builder.hpp
[0.666s] -- Up-to-date: /home/dev/roboracer_ws/install/vesc_msgs/include/vesc_msgs/vesc_msgs/msg/detail/vesc_imu__struct.hpp
[0.666s] -- Up-to-date: /home/dev/roboracer_ws/install/vesc_msgs/include/vesc_msgs/vesc_msgs/msg/detail/vesc_state__builder.hpp
[0.666s] -- Up-to-date: /home/dev/roboracer_ws/install/vesc_msgs/include/vesc_msgs/vesc_msgs/msg/detail/vesc_state_stamped__struct.hpp
[0.667s] -- Up-to-date: /home/dev/roboracer_ws/install/vesc_msgs/include/vesc_msgs/vesc_msgs/msg/vesc_imu.hpp
[0.667s] -- Up-to-date: /home/dev/roboracer_ws/install/vesc_msgs/include/vesc_msgs/vesc_msgs/msg/vesc_state_stamped.hpp
[0.667s] -- Up-to-date: /home/dev/roboracer_ws/install/vesc_msgs/include/vesc_msgs/vesc_msgs/msg/vesc_imu_stamped.hpp
[0.667s] -- Up-to-date: /home/dev/roboracer_ws/install/vesc_msgs/include/vesc_msgs/vesc_msgs/msg/rosidl_generator_cpp__visibility_control.hpp
[0.668s] -- Up-to-date: /home/dev/roboracer_ws/install/vesc_msgs/include/vesc_msgs/vesc_msgs/msg/vesc_state.hpp
[0.669s] -- Up-to-date: /home/dev/roboracer_ws/install/vesc_msgs/include/vesc_msgs/vesc_msgs
[0.669s] -- Up-to-date: /home/dev/roboracer_ws/install/vesc_msgs/include/vesc_msgs/vesc_msgs/msg
[0.669s] -- Up-to-date: /home/dev/roboracer_ws/install/vesc_msgs/include/vesc_msgs/vesc_msgs/msg/rosidl_typesupport_fastrtps_cpp__visibility_control.h
[0.669s] -- Up-to-date: /home/dev/roboracer_ws/install/vesc_msgs/include/vesc_msgs/vesc_msgs/msg/detail
[0.670s] -- Up-to-date: /home/dev/roboracer_ws/install/vesc_msgs/include/vesc_msgs/vesc_msgs/msg/detail/dds_fastrtps
[0.670s] -- Up-to-date: /home/dev/roboracer_ws/install/vesc_msgs/include/vesc_msgs/vesc_msgs/msg/detail/vesc_imu_stamped__rosidl_typesupport_fastrtps_cpp.hpp
[0.670s] -- Up-to-date: /home/dev/roboracer_ws/install/vesc_msgs/include/vesc_msgs/vesc_msgs/msg/detail/vesc_imu__rosidl_typesupport_fastrtps_cpp.hpp
[0.670s] -- Up-to-date: /home/dev/roboracer_ws/install/vesc_msgs/include/vesc_msgs/vesc_msgs/msg/detail/vesc_state__rosidl_typesupport_fastrtps_cpp.hpp
[0.670s] -- Up-to-date: /home/dev/roboracer_ws/install/vesc_msgs/include/vesc_msgs/vesc_msgs/msg/detail/vesc_state_stamped__rosidl_typesupport_fastrtps_cpp.hpp
[0.673s] -- Up-to-date: /home/dev/roboracer_ws/install/vesc_msgs/lib/libvesc_msgs__rosidl_typesupport_fastrtps_cpp.so
[0.674s] -- Up-to-date: /home/dev/roboracer_ws/install/vesc_msgs/include/vesc_msgs/vesc_msgs
[0.675s] -- Up-to-date: /home/dev/roboracer_ws/install/vesc_msgs/include/vesc_msgs/vesc_msgs/msg
[0.675s] -- Up-to-date: /home/dev/roboracer_ws/install/vesc_msgs/include/vesc_msgs/vesc_msgs/msg/detail
[0.675s] -- Up-to-date: /home/dev/roboracer_ws/install/vesc_msgs/include/vesc_msgs/vesc_msgs/msg/detail/vesc_state_stamped__rosidl_typesupport_introspection_cpp.hpp
[0.675s] -- Up-to-date: /home/dev/roboracer_ws/install/vesc_msgs/include/vesc_msgs/vesc_msgs/msg/detail/vesc_imu__type_support.cpp
[0.675s] -- Up-to-date: /home/dev/roboracer_ws/install/vesc_msgs/include/vesc_msgs/vesc_msgs/msg/detail/vesc_state__type_support.cpp
[0.675s] -- Up-to-date: /home/dev/roboracer_ws/install/vesc_msgs/include/vesc_msgs/vesc_msgs/msg/detail/vesc_state_stamped__type_support.cpp
[0.675s] -- Up-to-date: /home/dev/roboracer_ws/install/vesc_msgs/include/vesc_msgs/vesc_msgs/msg/detail/vesc_imu_stamped__type_support.cpp
[0.675s] -- Up-to-date: /home/dev/roboracer_ws/install/vesc_msgs/include/vesc_msgs/vesc_msgs/msg/detail/vesc_imu_stamped__rosidl_typesupport_introspection_cpp.hpp
[0.675s] -- Up-to-date: /home/dev/roboracer_ws/install/vesc_msgs/include/vesc_msgs/vesc_msgs/msg/detail/vesc_state__rosidl_typesupport_introspection_cpp.hpp
[0.675s] -- Up-to-date: /home/dev/roboracer_ws/install/vesc_msgs/include/vesc_msgs/vesc_msgs/msg/detail/vesc_imu__rosidl_typesupport_introspection_cpp.hpp
[0.675s] -- Up-to-date: /home/dev/roboracer_ws/install/vesc_msgs/lib/libvesc_msgs__rosidl_typesupport_introspection_cpp.so
[0.676s] -- Up-to-date: /home/dev/roboracer_ws/install/vesc_msgs/lib/libvesc_msgs__rosidl_typesupport_cpp.so
[0.676s] -- Up-to-date: /home/dev/roboracer_ws/install/vesc_msgs/share/vesc_msgs/environment/pythonpath.sh
[0.676s] -- Up-to-date: /home/dev/roboracer_ws/install/vesc_msgs/share/vesc_msgs/environment/pythonpath.dsv
[0.676s] -- Up-to-date: /home/dev/roboracer_ws/install/vesc_msgs/local/lib/python3.10/dist-packages/vesc_msgs-1.1.0-py3.10.egg-info
[0.676s] -- Installing: /home/dev/roboracer_ws/install/vesc_msgs/local/lib/python3.10/dist-packages/vesc_msgs-1.1.0-py3.10.egg-info/top_level.txt
[0.676s] -- Installing: /home/dev/roboracer_ws/install/vesc_msgs/local/lib/python3.10/dist-packages/vesc_msgs-1.1.0-py3.10.egg-info/PKG-INFO
[0.676s] -- Installing: /home/dev/roboracer_ws/install/vesc_msgs/local/lib/python3.10/dist-packages/vesc_msgs-1.1.0-py3.10.egg-info/dependency_links.txt
[0.677s] -- Installing: /home/dev/roboracer_ws/install/vesc_msgs/local/lib/python3.10/dist-packages/vesc_msgs-1.1.0-py3.10.egg-info/SOURCES.txt
[0.677s] -- Up-to-date: /home/dev/roboracer_ws/install/vesc_msgs/local/lib/python3.10/dist-packages/vesc_msgs
[0.677s] -- Up-to-date: /home/dev/roboracer_ws/install/vesc_msgs/local/lib/python3.10/dist-packages/vesc_msgs/_vesc_msgs_s.ep.rosidl_typesupport_c.c
[0.677s] -- Up-to-date: /home/dev/roboracer_ws/install/vesc_msgs/local/lib/python3.10/dist-packages/vesc_msgs/libvesc_msgs__rosidl_generator_py.so
[0.677s] -- Up-to-date: /home/dev/roboracer_ws/install/vesc_msgs/local/lib/python3.10/dist-packages/vesc_msgs/_vesc_msgs_s.ep.rosidl_typesupport_fastrtps_c.c
[0.677s] -- Up-to-date: /home/dev/roboracer_ws/install/vesc_msgs/local/lib/python3.10/dist-packages/vesc_msgs/_vesc_msgs_s.ep.rosidl_typesupport_introspection_c.c
[0.677s] -- Up-to-date: /home/dev/roboracer_ws/install/vesc_msgs/local/lib/python3.10/dist-packages/vesc_msgs/__init__.py
[0.677s] -- Up-to-date: /home/dev/roboracer_ws/install/vesc_msgs/local/lib/python3.10/dist-packages/vesc_msgs/msg
[0.678s] -- Up-to-date: /home/dev/roboracer_ws/install/vesc_msgs/local/lib/python3.10/dist-packages/vesc_msgs/msg/_vesc_state_stamped.py
[0.678s] -- Up-to-date: /home/dev/roboracer_ws/install/vesc_msgs/local/lib/python3.10/dist-packages/vesc_msgs/msg/_vesc_state.py
[0.678s] -- Up-to-date: /home/dev/roboracer_ws/install/vesc_msgs/local/lib/python3.10/dist-packages/vesc_msgs/msg/_vesc_state_stamped_s.c
[0.679s] -- Up-to-date: /home/dev/roboracer_ws/install/vesc_msgs/local/lib/python3.10/dist-packages/vesc_msgs/msg/_vesc_imu_stamped_s.c
[0.679s] -- Up-to-date: /home/dev/roboracer_ws/install/vesc_msgs/local/lib/python3.10/dist-packages/vesc_msgs/msg/__init__.py
[0.679s] -- Up-to-date: /home/dev/roboracer_ws/install/vesc_msgs/local/lib/python3.10/dist-packages/vesc_msgs/msg/_vesc_imu.py
[0.679s] -- Up-to-date: /home/dev/roboracer_ws/install/vesc_msgs/local/lib/python3.10/dist-packages/vesc_msgs/msg/_vesc_imu_s.c
[0.679s] -- Up-to-date: /home/dev/roboracer_ws/install/vesc_msgs/local/lib/python3.10/dist-packages/vesc_msgs/msg/_vesc_state_s.c
[0.679s] -- Up-to-date: /home/dev/roboracer_ws/install/vesc_msgs/local/lib/python3.10/dist-packages/vesc_msgs/msg/_vesc_imu_stamped.py
[0.679s] -- Up-to-date: /home/dev/roboracer_ws/install/vesc_msgs/local/lib/python3.10/dist-packages/vesc_msgs/vesc_msgs_s__rosidl_typesupport_introspection_c.cpython-310-x86_64-linux-gnu.so
[0.679s] -- Up-to-date: /home/dev/roboracer_ws/install/vesc_msgs/local/lib/python3.10/dist-packages/vesc_msgs/vesc_msgs_s__rosidl_typesupport_c.cpython-310-x86_64-linux-gnu.so
[0.679s] -- Up-to-date: /home/dev/roboracer_ws/install/vesc_msgs/local/lib/python3.10/dist-packages/vesc_msgs/vesc_msgs_s__rosidl_typesupport_fastrtps_c.cpython-310-x86_64-linux-gnu.so
[0.701s] Listing '/home/dev/roboracer_ws/install/vesc_msgs/local/lib/python3.10/dist-packages/vesc_msgs'...
[0.701s] Listing '/home/dev/roboracer_ws/install/vesc_msgs/local/lib/python3.10/dist-packages/vesc_msgs/msg'...
[0.702s] -- Up-to-date: /home/dev/roboracer_ws/install/vesc_msgs/local/lib/python3.10/dist-packages/vesc_msgs/vesc_msgs_s__rosidl_typesupport_fastrtps_c.cpython-310-x86_64-linux-gnu.so
[0.702s] -- Up-to-date: /home/dev/roboracer_ws/install/vesc_msgs/local/lib/python3.10/dist-packages/vesc_msgs/vesc_msgs_s__rosidl_typesupport_introspection_c.cpython-310-x86_64-linux-gnu.so
[0.702s] -- Up-to-date: /home/dev/roboracer_ws/install/vesc_msgs/local/lib/python3.10/dist-packages/vesc_msgs/vesc_msgs_s__rosidl_typesupport_c.cpython-310-x86_64-linux-gnu.so
[0.703s] -- Up-to-date: /home/dev/roboracer_ws/install/vesc_msgs/lib/libvesc_msgs__rosidl_generator_py.so
[0.703s] -- Up-to-date: /home/dev/roboracer_ws/install/vesc_msgs/share/vesc_msgs/msg/VescState.idl
[0.703s] -- Up-to-date: /home/dev/roboracer_ws/install/vesc_msgs/share/vesc_msgs/msg/VescStateStamped.idl
[0.703s] -- Up-to-date: /home/dev/roboracer_ws/install/vesc_msgs/share/vesc_msgs/msg/VescImu.idl
[0.703s] -- Up-to-date: /home/dev/roboracer_ws/install/vesc_msgs/share/vesc_msgs/msg/VescImuStamped.idl
[0.703s] -- Up-to-date: /home/dev/roboracer_ws/install/vesc_msgs/share/vesc_msgs/msg/VescState.msg
[0.703s] -- Up-to-date: /home/dev/roboracer_ws/install/vesc_msgs/share/vesc_msgs/msg/VescStateStamped.msg
[0.703s] -- Up-to-date: /home/dev/roboracer_ws/install/vesc_msgs/share/vesc_msgs/msg/VescImu.msg
[0.703s] -- Up-to-date: /home/dev/roboracer_ws/install/vesc_msgs/share/vesc_msgs/msg/VescImuStamped.msg
[0.703s] -- Up-to-date: /home/dev/roboracer_ws/install/vesc_msgs/share/ament_index/resource_index/package_run_dependencies/vesc_msgs
[0.704s] -- Up-to-date: /home/dev/roboracer_ws/install/vesc_msgs/share/ament_index/resource_index/parent_prefix_path/vesc_msgs
[0.704s] -- Up-to-date: /home/dev/roboracer_ws/install/vesc_msgs/share/vesc_msgs/environment/ament_prefix_path.sh
[0.704s] -- Up-to-date: /home/dev/roboracer_ws/install/vesc_msgs/share/vesc_msgs/environment/ament_prefix_path.dsv
[0.704s] -- Up-to-date: /home/dev/roboracer_ws/install/vesc_msgs/share/vesc_msgs/environment/path.sh
[0.704s] -- Up-to-date: /home/dev/roboracer_ws/install/vesc_msgs/share/vesc_msgs/environment/path.dsv
[0.704s] -- Up-to-date: /home/dev/roboracer_ws/install/vesc_msgs/share/vesc_msgs/local_setup.bash
[0.704s] -- Up-to-date: /home/dev/roboracer_ws/install/vesc_msgs/share/vesc_msgs/local_setup.sh
[0.704s] -- Up-to-date: /home/dev/roboracer_ws/install/vesc_msgs/share/vesc_msgs/local_setup.zsh
[0.704s] -- Up-to-date: /home/dev/roboracer_ws/install/vesc_msgs/share/vesc_msgs/local_setup.dsv
[0.705s] -- Installing: /home/dev/roboracer_ws/install/vesc_msgs/share/vesc_msgs/package.dsv
[0.705s] -- Up-to-date: /home/dev/roboracer_ws/install/vesc_msgs/share/ament_index/resource_index/packages/vesc_msgs
[0.705s] -- Up-to-date: /home/dev/roboracer_ws/install/vesc_msgs/share/vesc_msgs/cmake/export_vesc_msgs__rosidl_generator_cExport.cmake
[0.705s] -- Up-to-date: /home/dev/roboracer_ws/install/vesc_msgs/share/vesc_msgs/cmake/export_vesc_msgs__rosidl_generator_cExport-noconfig.cmake
[0.705s] -- Up-to-date: /home/dev/roboracer_ws/install/vesc_msgs/share/vesc_msgs/cmake/export_vesc_msgs__rosidl_typesupport_fastrtps_cExport.cmake
[0.705s] -- Up-to-date: /home/dev/roboracer_ws/install/vesc_msgs/share/vesc_msgs/cmake/export_vesc_msgs__rosidl_typesupport_fastrtps_cExport-noconfig.cmake
[0.706s] -- Up-to-date: /home/dev/roboracer_ws/install/vesc_msgs/share/vesc_msgs/cmake/vesc_msgs__rosidl_typesupport_introspection_cExport.cmake
[0.706s] -- Up-to-date: /home/dev/roboracer_ws/install/vesc_msgs/share/vesc_msgs/cmake/vesc_msgs__rosidl_typesupport_introspection_cExport-noconfig.cmake
[0.707s] -- Up-to-date: /home/dev/roboracer_ws/install/vesc_msgs/share/vesc_msgs/cmake/vesc_msgs__rosidl_typesupport_cExport.cmake
[0.707s] -- Up-to-date: /home/dev/roboracer_ws/install/vesc_msgs/share/vesc_msgs/cmake/vesc_msgs__rosidl_typesupport_cExport-noconfig.cmake
[0.707s] -- Up-to-date: /home/dev/roboracer_ws/install/vesc_msgs/share/vesc_msgs/cmake/export_vesc_msgs__rosidl_generator_cppExport.cmake
[0.707s] -- Up-to-date: /home/dev/roboracer_ws/install/vesc_msgs/share/vesc_msgs/cmake/export_vesc_msgs__rosidl_typesupport_fastrtps_cppExport.cmake
[0.707s] -- Up-to-date: /home/dev/roboracer_ws/install/vesc_msgs/share/vesc_msgs/cmake/export_vesc_msgs__rosidl_typesupport_fastrtps_cppExport-noconfig.cmake
[0.707s] -- Up-to-date: /home/dev/roboracer_ws/install/vesc_msgs/share/vesc_msgs/cmake/vesc_msgs__rosidl_typesupport_introspection_cppExport.cmake
[0.707s] -- Up-to-date: /home/dev/roboracer_ws/install/vesc_msgs/share/vesc_msgs/cmake/vesc_msgs__rosidl_typesupport_introspection_cppExport-noconfig.cmake
[0.707s] -- Up-to-date: /home/dev/roboracer_ws/install/vesc_msgs/share/vesc_msgs/cmake/vesc_msgs__rosidl_typesupport_cppExport.cmake
[0.707s] -- Up-to-date: /home/dev/roboracer_ws/install/vesc_msgs/share/vesc_msgs/cmake/vesc_msgs__rosidl_typesupport_cppExport-noconfig.cmake
[0.707s] -- Up-to-date: /home/dev/roboracer_ws/install/vesc_msgs/share/vesc_msgs/cmake/export_vesc_msgs__rosidl_generator_pyExport.cmake
[0.707s] -- Up-to-date: /home/dev/roboracer_ws/install/vesc_msgs/share/vesc_msgs/cmake/export_vesc_msgs__rosidl_generator_pyExport-noconfig.cmake
[0.707s] -- Up-to-date: /home/dev/roboracer_ws/install/vesc_msgs/share/vesc_msgs/cmake/rosidl_cmake-extras.cmake
[0.707s] -- Up-to-date: /home/dev/roboracer_ws/install/vesc_msgs/share/vesc_msgs/cmake/ament_cmake_export_dependencies-extras.cmake
[0.708s] -- Up-to-date: /home/dev/roboracer_ws/install/vesc_msgs/share/vesc_msgs/cmake/ament_cmake_export_include_directories-extras.cmake
[0.708s] -- Up-to-date: /home/dev/roboracer_ws/install/vesc_msgs/share/vesc_msgs/cmake/ament_cmake_export_libraries-extras.cmake
[0.708s] -- Up-to-date: /home/dev/roboracer_ws/install/vesc_msgs/share/vesc_msgs/cmake/ament_cmake_export_targets-extras.cmake
[0.708s] -- Up-to-date: /home/dev/roboracer_ws/install/vesc_msgs/share/vesc_msgs/cmake/rosidl_cmake_export_typesupport_targets-extras.cmake
[0.708s] -- Up-to-date: /home/dev/roboracer_ws/install/vesc_msgs/share/vesc_msgs/cmake/rosidl_cmake_export_typesupport_libraries-extras.cmake
[0.708s] -- Up-to-date: /home/dev/roboracer_ws/install/vesc_msgs/share/vesc_msgs/cmake/vesc_msgsConfig.cmake
[0.708s] -- Up-to-date: /home/dev/roboracer_ws/install/vesc_msgs/share/vesc_msgs/cmake/vesc_msgsConfig-version.cmake
[0.708s] -- Up-to-date: /home/dev/roboracer_ws/install/vesc_msgs/share/vesc_msgs/package.xml
[0.777s] Invoked command in '/home/dev/roboracer_ws/build/vesc_msgs' returned '0': CMAKE_PREFIX_PATH=/home/dev/roboracer_ws/install/vesc:/home/dev/roboracer_ws/install/vesc_driver:/home/dev/roboracer_ws/install/vesc_ackermann:/home/dev/roboracer_ws/install/roboracer_yolov8_detector:/home/dev/roboracer_ws/install/roboracer_py:/opt/ros/humble:/home/dev/roboracer_ws/install/vesc_msgs:/home/dev/roboracer_ws/install/udp_driver:/home/dev/roboracer_ws/install/serial_driver:/home/dev/roboracer_ws/install/roboracer_visual_odom:/home/dev/roboracer_ws/install/roboracer_localization:/home/dev/roboracer_ws/install/roboracer_description:/home/dev/roboracer_ws/install/roboracer_controller:/home/dev/roboracer_ws/install/pure_pursuit:/home/dev/roboracer_ws/install/io_context:/home/dev/roboracer_ws/install/gap_follow:/home/dev/roboracer_ws/install/asio_cmake_module /usr/local/bin/cmake --install /home/dev/roboracer_ws/build/vesc_msgs
