[0.030s] Invoking command in '/home/dev/roboracer_ws/build/roboracer_localization': CMAKE_PREFIX_PATH=/opt/ros/humble /usr/local/bin/cmake --build /home/dev/roboracer_ws/build/roboracer_localization -- -j8 -l8
[0.392s] Invoked command in '/home/dev/roboracer_ws/build/roboracer_localization' returned '0': CMAKE_PREFIX_PATH=/opt/ros/humble /usr/local/bin/cmake --build /home/dev/roboracer_ws/build/roboracer_localization -- -j8 -l8
[0.393s] Invoking command in '/home/dev/roboracer_ws/build/roboracer_localization': CMAKE_PREFIX_PATH=/opt/ros/humble /usr/local/bin/cmake --install /home/dev/roboracer_ws/build/roboracer_localization
[0.542s] -- Install configuration: ""
[0.543s] -- Up-to-date: /home/dev/roboracer_ws/install/roboracer_localization/lib//roboracer_localization
[0.544s] -- Up-to-date: /home/dev/roboracer_ws/install/roboracer_localization/lib//roboracer_localization/__init__.py
[0.545s] -- Up-to-date: /home/dev/roboracer_ws/install/roboracer_localization/share/roboracer_localization/launch
[0.546s] -- Up-to-date: /home/dev/roboracer_ws/install/roboracer_localization/share/roboracer_localization/launch/local_localization.launch.py
[0.547s] -- Up-to-date: /home/dev/roboracer_ws/install/roboracer_localization/share/ament_index/resource_index/package_run_dependencies/roboracer_localization
[0.547s] -- Up-to-date: /home/dev/roboracer_ws/install/roboracer_localization/share/ament_index/resource_index/parent_prefix_path/roboracer_localization
[0.547s] -- Up-to-date: /home/dev/roboracer_ws/install/roboracer_localization/share/roboracer_localization/environment/ament_prefix_path.sh
[0.548s] -- Up-to-date: /home/dev/roboracer_ws/install/roboracer_localization/share/roboracer_localization/environment/ament_prefix_path.dsv
[0.548s] -- Up-to-date: /home/dev/roboracer_ws/install/roboracer_localization/share/roboracer_localization/environment/path.sh
[0.549s] -- Up-to-date: /home/dev/roboracer_ws/install/roboracer_localization/share/roboracer_localization/environment/path.dsv
[0.549s] -- Up-to-date: /home/dev/roboracer_ws/install/roboracer_localization/share/roboracer_localization/local_setup.bash
[0.549s] -- Up-to-date: /home/dev/roboracer_ws/install/roboracer_localization/share/roboracer_localization/local_setup.sh
[0.549s] -- Up-to-date: /home/dev/roboracer_ws/install/roboracer_localization/share/roboracer_localization/local_setup.zsh
[0.549s] -- Up-to-date: /home/dev/roboracer_ws/install/roboracer_localization/share/roboracer_localization/local_setup.dsv
[0.549s] -- Up-to-date: /home/dev/roboracer_ws/install/roboracer_localization/share/roboracer_localization/package.dsv
[0.549s] -- Up-to-date: /home/dev/roboracer_ws/install/roboracer_localization/share/ament_index/resource_index/packages/roboracer_localization
[0.549s] -- Up-to-date: /home/dev/roboracer_ws/install/roboracer_localization/share/roboracer_localization/cmake/roboracer_localizationConfig.cmake
[0.550s] -- Up-to-date: /home/dev/roboracer_ws/install/roboracer_localization/share/roboracer_localization/cmake/roboracer_localizationConfig-version.cmake
[0.554s] -- Up-to-date: /home/dev/roboracer_ws/install/roboracer_localization/share/roboracer_localization/package.xml
[0.640s] Invoked command in '/home/dev/roboracer_ws/build/roboracer_localization' returned '0': CMAKE_PREFIX_PATH=/opt/ros/humble /usr/local/bin/cmake --install /home/dev/roboracer_ws/build/roboracer_localization
