[0.088s] Invoking command in '/home/dev/roboracer_ws/build/roboracer_visual_odom': CMAKE_PREFIX_PATH=/opt/ros/humble /usr/local/bin/cmake --build /home/dev/roboracer_ws/build/roboracer_visual_odom -- -j8 -l8
[0.197s] [ 50%] Built target rgbd_pointcloud_publisher
[0.204s] [100%] Built target visual_odom
[0.346s] Invoked command in '/home/dev/roboracer_ws/build/roboracer_visual_odom' returned '0': CMAKE_PREFIX_PATH=/opt/ros/humble /usr/local/bin/cmake --build /home/dev/roboracer_ws/build/roboracer_visual_odom -- -j8 -l8
[0.348s] Invoking command in '/home/dev/roboracer_ws/build/roboracer_visual_odom': CMAKE_PREFIX_PATH=/opt/ros/humble /usr/local/bin/cmake --install /home/dev/roboracer_ws/build/roboracer_visual_odom
[0.437s] -- Install configuration: ""
[0.437s] -- Up-to-date: /home/dev/roboracer_ws/install/roboracer_visual_odom/lib/roboracer_visual_odom/visual_odom
[0.438s] -- Up-to-date: /home/dev/roboracer_ws/install/roboracer_visual_odom/lib/roboracer_visual_odom/rgbd_pointcloud_publisher
[0.438s] -- Up-to-date: /home/dev/roboracer_ws/install/roboracer_visual_odom/share/ament_index/resource_index/package_run_dependencies/roboracer_visual_odom
[0.439s] -- Up-to-date: /home/dev/roboracer_ws/install/roboracer_visual_odom/share/ament_index/resource_index/parent_prefix_path/roboracer_visual_odom
[0.439s] -- Up-to-date: /home/dev/roboracer_ws/install/roboracer_visual_odom/share/roboracer_visual_odom/environment/ament_prefix_path.sh
[0.439s] -- Up-to-date: /home/dev/roboracer_ws/install/roboracer_visual_odom/share/roboracer_visual_odom/environment/ament_prefix_path.dsv
[0.439s] -- Up-to-date: /home/dev/roboracer_ws/install/roboracer_visual_odom/share/roboracer_visual_odom/environment/path.sh
[0.439s] -- Up-to-date: /home/dev/roboracer_ws/install/roboracer_visual_odom/share/roboracer_visual_odom/environment/path.dsv
[0.439s] -- Up-to-date: /home/dev/roboracer_ws/install/roboracer_visual_odom/share/roboracer_visual_odom/local_setup.bash
[0.439s] -- Up-to-date: /home/dev/roboracer_ws/install/roboracer_visual_odom/share/roboracer_visual_odom/local_setup.sh
[0.439s] -- Up-to-date: /home/dev/roboracer_ws/install/roboracer_visual_odom/share/roboracer_visual_odom/local_setup.zsh
[0.439s] -- Up-to-date: /home/dev/roboracer_ws/install/roboracer_visual_odom/share/roboracer_visual_odom/local_setup.dsv
[0.440s] -- Installing: /home/dev/roboracer_ws/install/roboracer_visual_odom/share/roboracer_visual_odom/package.dsv
[0.440s] -- Up-to-date: /home/dev/roboracer_ws/install/roboracer_visual_odom/share/ament_index/resource_index/packages/roboracer_visual_odom
[0.440s] -- Up-to-date: /home/dev/roboracer_ws/install/roboracer_visual_odom/share/roboracer_visual_odom/cmake/ament_cmake_export_dependencies-extras.cmake
[0.441s] -- Up-to-date: /home/dev/roboracer_ws/install/roboracer_visual_odom/share/roboracer_visual_odom/cmake/roboracer_visual_odomConfig.cmake
[0.441s] -- Up-to-date: /home/dev/roboracer_ws/install/roboracer_visual_odom/share/roboracer_visual_odom/cmake/roboracer_visual_odomConfig-version.cmake
[0.442s] -- Up-to-date: /home/dev/roboracer_ws/install/roboracer_visual_odom/share/roboracer_visual_odom/package.xml
[0.443s] Invoked command in '/home/dev/roboracer_ws/build/roboracer_visual_odom' returned '0': CMAKE_PREFIX_PATH=/opt/ros/humble /usr/local/bin/cmake --install /home/dev/roboracer_ws/build/roboracer_visual_odom
