[0.026s] Invoking command in '/home/loq/roboracer_ws/src/build/roboracer_localization': CMAKE_PREFIX_PATH=${CMAKE_PREFIX_PATH}:/home/loq/drivingcar_ws/install/self_driving_car_pkg:/home/loq/bumperbot_ws/install/bumperbot_py_example:/home/loq/roboracer_ws/install/roboracer_py:/home/loq/ros2_action_ws/install/lifecycle_py:/home/loq/ros2_action_ws/install/action_py:/opt/ros/humble /usr/bin/cmake /home/loq/roboracer_ws/src/roboracer_localization -DCMAKE_INSTALL_PREFIX=/home/loq/roboracer_ws/src/install/roboracer_localization
[0.307s] -- The C compiler identification is GNU 11.4.0
[0.307s] -- The CXX compiler identification is GNU 11.4.0
[0.307s] -- Detecting C compiler ABI info
[0.307s] -- Detecting C compiler ABI info - done
[0.307s] -- Check for working C compiler: /usr/bin/cc - skipped
[0.307s] -- Detecting C compile features
[0.307s] -- Detecting C compile features - done
[0.307s] -- Detecting CXX compiler ABI info
[0.307s] -- Detecting CXX compiler ABI info - done
[0.308s] -- Check for working CXX compiler: /usr/bin/c++ - skipped
[0.308s] -- Detecting CXX compile features
[0.308s] -- Detecting CXX compile features - done
[0.308s] -- Found ament_cmake: 1.3.11 (/opt/ros/humble/share/ament_cmake/cmake)
[0.488s] -- Found Python3: /usr/bin/python3 (found version "3.10.12") found components: Interpreter 
[0.617s] -- Found rclpy: 3.3.16 (/opt/ros/humble/share/rclpy/cmake)
[0.621s] -- Found nav_msgs: 4.8.0 (/opt/ros/humble/share/nav_msgs/cmake)
[0.675s] -- Found rosidl_generator_c: 3.1.6 (/opt/ros/humble/share/rosidl_generator_c/cmake)
[0.684s] -- Found rosidl_adapter: 3.1.6 (/opt/ros/humble/share/rosidl_adapter/cmake)
[0.696s] -- Found rosidl_generator_cpp: 3.1.6 (/opt/ros/humble/share/rosidl_generator_cpp/cmake)
[0.713s] -- Using all available rosidl_typesupport_c: rosidl_typesupport_fastrtps_c;rosidl_typesupport_introspection_c
[0.736s] -- Using all available rosidl_typesupport_cpp: rosidl_typesupport_fastrtps_cpp;rosidl_typesupport_introspection_cpp
[0.800s] -- Found sensor_msgs: 4.8.0 (/opt/ros/humble/share/sensor_msgs/cmake)
[0.816s] -- Found ament_lint_auto: 0.12.12 (/opt/ros/humble/share/ament_lint_auto/cmake)
[0.920s] -- Added test 'copyright' to check source files copyright and LICENSE
[0.922s] -- Added test 'flake8' to check Python code syntax and style conventions
[0.923s] -- Added test 'lint_cmake' to check CMake code style
[0.924s] -- Added test 'pep257' to check Python code against some of the docstring style conventions in PEP 257
[0.926s] -- Added test 'xmllint' to check XML markup files
[0.927s] -- Configuring done
[0.931s] -- Generating done
[0.933s] -- Build files have been written to: /home/loq/roboracer_ws/src/build/roboracer_localization
[0.940s] Invoked command in '/home/loq/roboracer_ws/src/build/roboracer_localization' returned '0': CMAKE_PREFIX_PATH=${CMAKE_PREFIX_PATH}:/home/loq/drivingcar_ws/install/self_driving_car_pkg:/home/loq/bumperbot_ws/install/bumperbot_py_example:/home/loq/roboracer_ws/install/roboracer_py:/home/loq/ros2_action_ws/install/lifecycle_py:/home/loq/ros2_action_ws/install/action_py:/opt/ros/humble /usr/bin/cmake /home/loq/roboracer_ws/src/roboracer_localization -DCMAKE_INSTALL_PREFIX=/home/loq/roboracer_ws/src/install/roboracer_localization
[0.941s] Invoking command in '/home/loq/roboracer_ws/src/build/roboracer_localization': CMAKE_PREFIX_PATH=${CMAKE_PREFIX_PATH}:/home/loq/drivingcar_ws/install/self_driving_car_pkg:/home/loq/bumperbot_ws/install/bumperbot_py_example:/home/loq/roboracer_ws/install/roboracer_py:/home/loq/ros2_action_ws/install/lifecycle_py:/home/loq/ros2_action_ws/install/action_py:/opt/ros/humble /usr/bin/cmake --build /home/loq/roboracer_ws/src/build/roboracer_localization -- -j8 -l8
[0.982s] Invoked command in '/home/loq/roboracer_ws/src/build/roboracer_localization' returned '0': CMAKE_PREFIX_PATH=${CMAKE_PREFIX_PATH}:/home/loq/drivingcar_ws/install/self_driving_car_pkg:/home/loq/bumperbot_ws/install/bumperbot_py_example:/home/loq/roboracer_ws/install/roboracer_py:/home/loq/ros2_action_ws/install/lifecycle_py:/home/loq/ros2_action_ws/install/action_py:/opt/ros/humble /usr/bin/cmake --build /home/loq/roboracer_ws/src/build/roboracer_localization -- -j8 -l8
[0.983s] Invoking command in '/home/loq/roboracer_ws/src/build/roboracer_localization': CMAKE_PREFIX_PATH=${CMAKE_PREFIX_PATH}:/home/loq/drivingcar_ws/install/self_driving_car_pkg:/home/loq/bumperbot_ws/install/bumperbot_py_example:/home/loq/roboracer_ws/install/roboracer_py:/home/loq/ros2_action_ws/install/lifecycle_py:/home/loq/ros2_action_ws/install/action_py:/opt/ros/humble /usr/bin/cmake --install /home/loq/roboracer_ws/src/build/roboracer_localization
[0.991s] -- Install configuration: ""
[0.991s] -- Installing: /home/loq/roboracer_ws/src/install/roboracer_localization/lib//roboracer_localization
[0.991s] -- Installing: /home/loq/roboracer_ws/src/install/roboracer_localization/lib//roboracer_localization/__init__.py
[0.991s] -- Installing: /home/loq/roboracer_ws/src/install/roboracer_localization/share/roboracer_localization/launch
[0.991s] -- Installing: /home/loq/roboracer_ws/src/install/roboracer_localization/share/roboracer_localization/launch/local_localization.launch.py
[0.992s] -- Installing: /home/loq/roboracer_ws/src/install/roboracer_localization/share/ament_index/resource_index/package_run_dependencies/roboracer_localization
[0.992s] -- Installing: /home/loq/roboracer_ws/src/install/roboracer_localization/share/ament_index/resource_index/parent_prefix_path/roboracer_localization
[0.992s] -- Installing: /home/loq/roboracer_ws/src/install/roboracer_localization/share/roboracer_localization/environment/ament_prefix_path.sh
[0.992s] -- Installing: /home/loq/roboracer_ws/src/install/roboracer_localization/share/roboracer_localization/environment/ament_prefix_path.dsv
[0.992s] -- Installing: /home/loq/roboracer_ws/src/install/roboracer_localization/share/roboracer_localization/environment/path.sh
[0.992s] -- Installing: /home/loq/roboracer_ws/src/install/roboracer_localization/share/roboracer_localization/environment/path.dsv
[0.992s] -- Installing: /home/loq/roboracer_ws/src/install/roboracer_localization/share/roboracer_localization/local_setup.bash
[0.993s] -- Installing: /home/loq/roboracer_ws/src/install/roboracer_localization/share/roboracer_localization/local_setup.sh
[0.993s] -- Installing: /home/loq/roboracer_ws/src/install/roboracer_localization/share/roboracer_localization/local_setup.zsh
[0.993s] -- Installing: /home/loq/roboracer_ws/src/install/roboracer_localization/share/roboracer_localization/local_setup.dsv
[0.993s] -- Installing: /home/loq/roboracer_ws/src/install/roboracer_localization/share/roboracer_localization/package.dsv
[0.993s] -- Installing: /home/loq/roboracer_ws/src/install/roboracer_localization/share/ament_index/resource_index/packages/roboracer_localization
[0.993s] -- Installing: /home/loq/roboracer_ws/src/install/roboracer_localization/share/roboracer_localization/cmake/roboracer_localizationConfig.cmake
[0.993s] -- Installing: /home/loq/roboracer_ws/src/install/roboracer_localization/share/roboracer_localization/cmake/roboracer_localizationConfig-version.cmake
[0.994s] -- Installing: /home/loq/roboracer_ws/src/install/roboracer_localization/share/roboracer_localization/package.xml
[0.996s] Invoked command in '/home/loq/roboracer_ws/src/build/roboracer_localization' returned '0': CMAKE_PREFIX_PATH=${CMAKE_PREFIX_PATH}:/home/loq/drivingcar_ws/install/self_driving_car_pkg:/home/loq/bumperbot_ws/install/bumperbot_py_example:/home/loq/roboracer_ws/install/roboracer_py:/home/loq/ros2_action_ws/install/lifecycle_py:/home/loq/ros2_action_ws/install/action_py:/opt/ros/humble /usr/bin/cmake --install /home/loq/roboracer_ws/src/build/roboracer_localization
