[0.095s] Invoking command in '/home/dev/roboracer_ws/build/roboracer_visual_odom': CMAKE_PREFIX_PATH=/opt/ros/humble /usr/local/bin/cmake --build /home/dev/roboracer_ws/build/roboracer_visual_odom -- -j8 -l8
[0.177s] [0mCMake Deprecation Warning at CMakeLists.txt:1 (cmake_minimum_required):
[0.178s]   Compatibility with CMake < 3.10 will be removed from a future version of
[0.178s]   CMake.
[0.178s] 
[0.178s]   Update the VERSION argument <min> value.  Or, use the <min>...<max> syntax
[0.178s]   to tell CMake that the project requires at least <min> but has been updated
[0.178s]   to work with policies introduced by <max> or earlier.
[0.178s] 
[0.178s] [0m
[0.184s] -- Found ament_cmake: 1.3.11 (/opt/ros/humble/share/ament_cmake/cmake)
[0.416s] -- Found rclcpp: 16.0.12 (/opt/ros/humble/share/rclcpp/cmake)
[0.470s] -- Found rosidl_generator_c: 3.1.6 (/opt/ros/humble/share/rosidl_generator_c/cmake)
[0.471s] -- Found rosidl_adapter: 3.1.6 (/opt/ros/humble/share/rosidl_adapter/cmake)
[0.488s] -- Found rosidl_generator_cpp: 3.1.6 (/opt/ros/humble/share/rosidl_generator_cpp/cmake)
[0.503s] -- Using all available rosidl_typesupport_c: rosidl_typesupport_fastrtps_c;rosidl_typesupport_introspection_c
[0.523s] -- Using all available rosidl_typesupport_cpp: rosidl_typesupport_fastrtps_cpp;rosidl_typesupport_introspection_cpp
[0.569s] -- Found rmw_implementation_cmake: 6.1.2 (/opt/ros/humble/share/rmw_implementation_cmake/cmake)
[0.569s] -- Found rmw_fastrtps_cpp: 6.2.7 (/opt/ros/humble/share/rmw_fastrtps_cpp/cmake)
[0.750s] -- Using RMW implementation 'rmw_fastrtps_cpp' as default
[0.820s] -- Found sensor_msgs: 4.9.0 (/opt/ros/humble/share/sensor_msgs/cmake)
[0.878s] -- Found nav_msgs: 4.9.0 (/opt/ros/humble/share/nav_msgs/cmake)
[0.911s] -- Found tf2_ros: 0.25.13 (/opt/ros/humble/share/tf2_ros/cmake)
[1.028s] -- Found tf2_geometry_msgs: 0.25.13 (/opt/ros/humble/share/tf2_geometry_msgs/cmake)
[1.032s] -- Found eigen3_cmake_module: 0.1.1 (/opt/ros/humble/share/eigen3_cmake_module/cmake)
[1.034s] -- Found Eigen3: TRUE (found version "3.4.0")
[1.034s] -- Ensuring Eigen3 include directory is part of orocos-kdl CMake target
[1.036s] -- Found cv_bridge: 3.2.1 (/opt/ros/humble/share/cv_bridge/cmake)
[1.060s] -- Found OpenGL: /usr/lib/x86_64-linux-gnu/libOpenGL.so  found components: OpenGL
[1.068s] [33mCMake Warning (dev) at /usr/lib/x86_64-linux-gnu/cmake/pcl/PCLConfig.cmake:146 (find_package):
[1.068s]   Policy CMP0144 is not set: find_package uses upper-case <PACKAGENAME>_ROOT
[1.068s]   variables.  Run "cmake --help-policy CMP0144" for policy details.  Use the
[1.069s]   cmake_policy command to set the policy and suppress this warning.
[1.069s] 
[1.070s]   CMake variable EIGEN_ROOT is set to:
[1.070s] 
[1.070s]     /usr/include/eigen3
[1.070s] 
[1.070s]   For compatibility, find_package is ignoring the variable, but code in a
[1.070s]   .cmake module might still use it.
[1.070s] Call Stack (most recent call first):
[1.070s]   /usr/lib/x86_64-linux-gnu/cmake/pcl/PCLConfig.cmake:299 (find_eigen)
[1.070s]   /usr/lib/x86_64-linux-gnu/cmake/pcl/PCLConfig.cmake:543 (find_external_library)
[1.070s]   CMakeLists.txt:20 (find_package)
[1.070s] This warning is for project developers.  Use -Wno-dev to suppress it.
[1.070s] [0m
[1.075s] -- Eigen found (include: /usr/include/eigen3, version: 3.4.0)
[1.075s] [33mCMake Warning (dev) at /usr/lib/x86_64-linux-gnu/cmake/pcl/PCLConfig.cmake:128 (find_package):
[1.075s]   Policy CMP0167 is not set: The FindBoost module is removed.  Run "cmake
[1.075s]   --help-policy CMP0167" for policy details.  Use the cmake_policy command to
[1.075s]   set the policy and suppress this warning.
[1.075s] 
[1.076s] Call Stack (most recent call first):
[1.076s]   /usr/lib/x86_64-linux-gnu/cmake/pcl/PCLConfig.cmake:297 (find_boost)
[1.076s]   /usr/lib/x86_64-linux-gnu/cmake/pcl/PCLConfig.cmake:543 (find_external_library)
[1.076s]   CMakeLists.txt:20 (find_package)
[1.076s] This warning is for project developers.  Use -Wno-dev to suppress it.
[1.076s] [0m
[1.095s] [33mCMake Warning (dev) at /usr/lib/x86_64-linux-gnu/cmake/pcl/Modules/FindFLANN.cmake:44 (find_package):
[1.095s]   Policy CMP0144 is not set: find_package uses upper-case <PACKAGENAME>_ROOT
[1.095s]   variables.  Run "cmake --help-policy CMP0144" for policy details.  Use the
[1.095s]   cmake_policy command to set the policy and suppress this warning.
[1.095s] 
[1.095s]   CMake variable FLANN_ROOT is set to:
[1.096s] 
[1.096s]     /usr
[1.096s] 
[1.096s]   For compatibility, find_package is ignoring the variable, but code in a
[1.096s]   .cmake module might still use it.
[1.096s] Call Stack (most recent call first):
[1.096s]   /usr/lib/x86_64-linux-gnu/cmake/pcl/PCLConfig.cmake:256 (find_package)
[1.096s]   /usr/lib/x86_64-linux-gnu/cmake/pcl/PCLConfig.cmake:301 (find_flann)
[1.096s]   /usr/lib/x86_64-linux-gnu/cmake/pcl/PCLConfig.cmake:543 (find_external_library)
[1.096s]   CMakeLists.txt:20 (find_package)
[1.096s] This warning is for project developers.  Use -Wno-dev to suppress it.
[1.096s] [0m
[1.138s] -- FLANN found (include: /usr/include, lib: /usr/lib/x86_64-linux-gnu/libflann_cpp.so)
[1.182s] -- Found OpenGL: /usr/lib/x86_64-linux-gnu/libOpenGL.so  found components: OpenGL GLX
[1.431s] -- Found Eigen3: /usr/include/eigen3 (found version "3.4.0")
[1.847s] -- OpenNI found (version: 1.5.4.0, include: /usr/include/ni, lib: /usr/lib/libOpenNI.so;libusb::libusb)
[1.858s] -- OpenNI2 found (version: 2.2.0.33, include: /usr/include/openni2, lib: /usr/lib/x86_64-linux-gnu/libOpenNI2.so;libusb::libusb)
[1.858s] [0m** WARNING ** io features related to pcap will be disabled[0m
[2.229s] [33mCMake Warning (dev) at /usr/lib/x86_64-linux-gnu/cmake/pcl/PCLConfig.cmake:128 (find_package):
[2.229s]   Policy CMP0167 is not set: The FindBoost module is removed.  Run "cmake
[2.229s]   --help-policy CMP0167" for policy details.  Use the cmake_policy command to
[2.229s]   set the policy and suppress this warning.
[2.229s] 
[2.229s] Call Stack (most recent call first):
[2.229s]   /usr/lib/x86_64-linux-gnu/cmake/pcl/PCLConfig.cmake:297 (find_boost)
[2.229s]   /usr/lib/x86_64-linux-gnu/cmake/pcl/PCLConfig.cmake:543 (find_external_library)
[2.230s]   CMakeLists.txt:20 (find_package)
[2.230s] This warning is for project developers.  Use -Wno-dev to suppress it.
[2.230s] [0m
[2.243s] -- Eigen found (include: /usr/include/eigen3, version: 3.4.0)
[2.250s] -- OpenNI found (version: 1.5.4.0, include: /usr/include/ni, lib: /usr/lib/libOpenNI.so;libusb::libusb)
[2.257s] -- OpenNI2 found (version: 2.2.0.33, include: /usr/include/openni2, lib: /usr/lib/x86_64-linux-gnu/libOpenNI2.so;libusb::libusb)
[2.543s] -- Found Qhull version 8.0.2
[2.849s] -- OpenNI found (version: 1.5.4.0, include: /usr/include/ni, lib: /usr/lib/libOpenNI.so;libusb::libusb)
[3.109s] -- looking for PCL_COMMON
[3.109s] -- looking for PCL_KDTREE
[3.109s] -- looking for PCL_OCTREE
[3.110s] -- looking for PCL_SEARCH
[3.110s] -- looking for PCL_SAMPLE_CONSENSUS
[3.110s] -- looking for PCL_FILTERS
[3.110s] -- looking for PCL_2D
[3.111s] -- looking for PCL_GEOMETRY
[3.111s] -- looking for PCL_IO
[3.111s] -- looking for PCL_FEATURES
[3.112s] -- looking for PCL_ML
[3.112s] -- looking for PCL_SEGMENTATION
[3.112s] -- looking for PCL_VISUALIZATION
[3.113s] -- looking for PCL_SURFACE
[3.113s] -- looking for PCL_REGISTRATION
[3.113s] -- looking for PCL_KEYPOINTS
[3.114s] -- looking for PCL_TRACKING
[3.114s] -- looking for PCL_RECOGNITION
[3.114s] -- looking for PCL_STEREO
[3.115s] -- looking for PCL_APPS
[3.115s] -- looking for PCL_IN_HAND_SCANNER
[3.116s] -- looking for PCL_MODELER
[3.116s] -- looking for PCL_POINT_CLOUD_EDITOR
[3.116s] -- looking for PCL_OUTOFCORE
[3.117s] -- looking for PCL_PEOPLE
[3.118s] -- Found pcl_conversions: 2.4.5 (/opt/ros/humble/share/pcl_conversions/cmake)
[3.215s] -- Configuring done (3.0s)
[3.287s] -- Generating done (0.1s)
[3.293s] -- Build files have been written to: /home/dev/roboracer_ws/build/roboracer_visual_odom
[3.339s] [ 50%] Built target rgbd_pointcloud_publisher
[3.361s] [ 75%] [32mBuilding CXX object CMakeFiles/visual_odom.dir/src/visual_odom.cpp.o[0m
[8.604s] In file included from [01m[K/usr/local/ORB_SLAM3/Thirdparty/g2o/g2o/types/types_six_dof_expmap.h:37[m[K,
[8.604s]                  from [01m[K/usr/local/ORB_SLAM3/include/Converter.h:26[m[K,
[8.605s]                  from [01m[K/usr/local/ORB_SLAM3/include/Frame.h:33[m[K,
[8.606s]                  from [01m[K/usr/local/ORB_SLAM3/include/KeyFrame.h:28[m[K,
[8.607s]                  from [01m[K/usr/local/ORB_SLAM3/include/MapPoint.h:23[m[K,
[8.607s]                  from [01m[K/usr/local/ORB_SLAM3/include/FrameDrawer.h:24[m[K,
[8.608s]                  from [01m[K/usr/local/ORB_SLAM3/include/Viewer.h:23[m[K,
[8.613s]                  from [01m[K/usr/local/ORB_SLAM3/include/Tracking.h:26[m[K,
[8.613s]                  from [01m[K/usr/local/ORB_SLAM3/include/System.h:31[m[K,
[8.613s]                  from [01m[K/home/dev/roboracer_ws/src/roboracer_visual_odom/src/visual_odom.cpp:16[m[K:
[8.613s] [01m[K/usr/local/ORB_SLAM3/Thirdparty/g2o/g2o/types/../core/base_vertex.h:62:74:[m[K [01;35m[Kwarning: [m[K‘[01m[KEigen::AlignedBit[m[K’ is deprecated [[01;35m[K-Wdeprecated-declarations[m[K]
[8.613s]    62 |     typedef Eigen::Map<Matrix<double, D, D>, Matrix<double,D,D>::Flags & [01;35m[KAlignedBit[m[K ? Aligned : Unaligned >  HessianBlockType;
[8.613s]       |                                                                          [01;35m[K^~~~~~~~~~[m[K
[8.613s] In file included from [01m[K/usr/include/eigen3/Eigen/Core:161[m[K,
[8.613s]                  from [01m[K/usr/include/eigen3/Eigen/Dense:1[m[K,
[8.614s]                  from [01m[K/home/dev/roboracer_ws/src/roboracer_visual_odom/src/visual_odom.cpp:12[m[K:
[8.614s] [01m[K/usr/include/eigen3/Eigen/src/Core/util/Constants.h:167:37:[m[K [01;36m[Knote: [m[Kdeclared here
[8.617s]   167 | EIGEN_DEPRECATED const unsigned int [01;36m[KAlignedBit[m[K = 0x80;
[8.617s]       |                                     [01;36m[K^~~~~~~~~~[m[K
[8.671s] In file included from [01m[K/usr/local/ORB_SLAM3/Thirdparty/g2o/g2o/types/types_six_dof_expmap.h:38[m[K,
[8.671s]                  from [01m[K/usr/local/ORB_SLAM3/include/Converter.h:26[m[K,
[8.671s]                  from [01m[K/usr/local/ORB_SLAM3/include/Frame.h:33[m[K,
[8.671s]                  from [01m[K/usr/local/ORB_SLAM3/include/KeyFrame.h:28[m[K,
[8.672s]                  from [01m[K/usr/local/ORB_SLAM3/include/MapPoint.h:23[m[K,
[8.672s]                  from [01m[K/usr/local/ORB_SLAM3/include/FrameDrawer.h:24[m[K,
[8.672s]                  from [01m[K/usr/local/ORB_SLAM3/include/Viewer.h:23[m[K,
[8.672s]                  from [01m[K/usr/local/ORB_SLAM3/include/Tracking.h:26[m[K,
[8.672s]                  from [01m[K/usr/local/ORB_SLAM3/include/System.h:31[m[K,
[8.672s]                  from [01m[K/home/dev/roboracer_ws/src/roboracer_visual_odom/src/visual_odom.cpp:16[m[K:
[8.672s] [01m[K/usr/local/ORB_SLAM3/Thirdparty/g2o/g2o/types/../core/base_binary_edge.h:59:82:[m[K [01;35m[Kwarning: [m[K‘[01m[KEigen::AlignedBit[m[K’ is deprecated [[01;35m[K-Wdeprecated-declarations[m[K]
[8.672s]    59 |       typedef Eigen::Map<Matrix<double, Di, Dj>, Matrix<double, Di, Dj>::Flags & [01;35m[KAlignedBit[m[K ? Aligned : Unaligned > HessianBlockType;
[8.672s]       |                                                                                  [01;35m[K^~~~~~~~~~[m[K
[8.674s] In file included from [01m[K/usr/include/eigen3/Eigen/Core:161[m[K,
[8.674s]                  from [01m[K/usr/include/eigen3/Eigen/Dense:1[m[K,
[8.674s]                  from [01m[K/home/dev/roboracer_ws/src/roboracer_visual_odom/src/visual_odom.cpp:12[m[K:
[8.674s] [01m[K/usr/include/eigen3/Eigen/src/Core/util/Constants.h:167:37:[m[K [01;36m[Knote: [m[Kdeclared here
[8.674s]   167 | EIGEN_DEPRECATED const unsigned int [01;36m[KAlignedBit[m[K = 0x80;
[8.674s]       |                                     [01;36m[K^~~~~~~~~~[m[K
[8.674s] In file included from [01m[K/usr/local/ORB_SLAM3/Thirdparty/g2o/g2o/types/types_six_dof_expmap.h:38[m[K,
[8.674s]                  from [01m[K/usr/local/ORB_SLAM3/include/Converter.h:26[m[K,
[8.674s]                  from [01m[K/usr/local/ORB_SLAM3/include/Frame.h:33[m[K,
[8.674s]                  from [01m[K/usr/local/ORB_SLAM3/include/KeyFrame.h:28[m[K,
[8.675s]                  from [01m[K/usr/local/ORB_SLAM3/include/MapPoint.h:23[m[K,
[8.675s]                  from [01m[K/usr/local/ORB_SLAM3/include/FrameDrawer.h:24[m[K,
[8.675s]                  from [01m[K/usr/local/ORB_SLAM3/include/Viewer.h:23[m[K,
[8.675s]                  from [01m[K/usr/local/ORB_SLAM3/include/Tracking.h:26[m[K,
[8.675s]                  from [01m[K/usr/local/ORB_SLAM3/include/System.h:31[m[K,
[8.675s]                  from [01m[K/home/dev/roboracer_ws/src/roboracer_visual_odom/src/visual_odom.cpp:16[m[K:
[8.675s] [01m[K/usr/local/ORB_SLAM3/Thirdparty/g2o/g2o/types/../core/base_binary_edge.h:60:82:[m[K [01;35m[Kwarning: [m[K‘[01m[KEigen::AlignedBit[m[K’ is deprecated [[01;35m[K-Wdeprecated-declarations[m[K]
[8.675s]    60 |       typedef Eigen::Map<Matrix<double, Dj, Di>, Matrix<double, Dj, Di>::Flags & [01;35m[KAlignedBit[m[K ? Aligned : Unaligned > HessianBlockTransposedType;
[8.675s]       |                                                                                  [01;35m[K^~~~~~~~~~[m[K
[8.675s] In file included from [01m[K/usr/include/eigen3/Eigen/Core:161[m[K,
[8.675s]                  from [01m[K/usr/include/eigen3/Eigen/Dense:1[m[K,
[8.675s]                  from [01m[K/home/dev/roboracer_ws/src/roboracer_visual_odom/src/visual_odom.cpp:12[m[K:
[8.675s] [01m[K/usr/include/eigen3/Eigen/src/Core/util/Constants.h:167:37:[m[K [01;36m[Knote: [m[Kdeclared here
[8.675s]   167 | EIGEN_DEPRECATED const unsigned int [01;36m[KAlignedBit[m[K = 0x80;
[8.675s]       |                                     [01;36m[K^~~~~~~~~~[m[K
[10.219s] In file included from [01m[K/usr/local/ORB_SLAM3/Thirdparty/g2o/g2o/types/types_six_dof_expmap.h:37[m[K,
[10.219s]                  from [01m[K/usr/local/ORB_SLAM3/include/Converter.h:26[m[K,
[10.220s]                  from [01m[K/usr/local/ORB_SLAM3/include/Frame.h:33[m[K,
[10.222s]                  from [01m[K/usr/local/ORB_SLAM3/include/KeyFrame.h:28[m[K,
[10.223s]                  from [01m[K/usr/local/ORB_SLAM3/include/MapPoint.h:23[m[K,
[10.224s]                  from [01m[K/usr/local/ORB_SLAM3/include/FrameDrawer.h:24[m[K,
[10.224s]                  from [01m[K/usr/local/ORB_SLAM3/include/Viewer.h:23[m[K,
[10.225s]                  from [01m[K/usr/local/ORB_SLAM3/include/Tracking.h:26[m[K,
[10.229s]                  from [01m[K/usr/local/ORB_SLAM3/include/System.h:31[m[K,
[10.230s]                  from [01m[K/home/dev/roboracer_ws/src/roboracer_visual_odom/src/visual_odom.cpp:16[m[K:
[10.231s] /usr/local/ORB_SLAM3/Thirdparty/g2o/g2o/types/../core/base_vertex.h: In instantiation of ‘[01m[Kclass g2o::BaseVertex<3, Eigen::Matrix<double, 3, 1> >[m[K’:
[10.232s] [01m[K/usr/local/ORB_SLAM3/Thirdparty/g2o/g2o/types/types_sba.h:40:35:[m[K   required from here
[10.232s] [01m[K/usr/local/ORB_SLAM3/Thirdparty/g2o/g2o/types/../core/base_vertex.h:62:72:[m[K [01;35m[Kwarning: [m[K‘[01m[KEigen::AlignedBit[m[K’ is deprecated [[01;35m[K-Wdeprecated-declarations[m[K]
[10.233s]    62 |     typedef Eigen::Map<Matrix<double, D, D>, Matrix<double,D,D>::[01;35m[KFlags & AlignedBit[m[K ? Aligned : Unaligned >  HessianBlockType;
[10.234s]       |                                                                  [01;35m[K~~~~~~^~~~~~~~~~~~[m[K
[10.235s] In file included from [01m[K/usr/include/eigen3/Eigen/Core:161[m[K,
[10.235s]                  from [01m[K/usr/include/eigen3/Eigen/Dense:1[m[K,
[10.236s]                  from [01m[K/home/dev/roboracer_ws/src/roboracer_visual_odom/src/visual_odom.cpp:12[m[K:
[10.237s] [01m[K/usr/include/eigen3/Eigen/src/Core/util/Constants.h:167:37:[m[K [01;36m[Knote: [m[Kdeclared here
[10.238s]   167 | EIGEN_DEPRECATED const unsigned int [01;36m[KAlignedBit[m[K = 0x80;
[10.238s]       |                                     [01;36m[K^~~~~~~~~~[m[K
[10.320s] In file included from [01m[K/usr/local/ORB_SLAM3/Thirdparty/g2o/g2o/types/types_six_dof_expmap.h:37[m[K,
[10.320s]                  from [01m[K/usr/local/ORB_SLAM3/include/Converter.h:26[m[K,
[10.321s]                  from [01m[K/usr/local/ORB_SLAM3/include/Frame.h:33[m[K,
[10.321s]                  from [01m[K/usr/local/ORB_SLAM3/include/KeyFrame.h:28[m[K,
[10.321s]                  from [01m[K/usr/local/ORB_SLAM3/include/MapPoint.h:23[m[K,
[10.321s]                  from [01m[K/usr/local/ORB_SLAM3/include/FrameDrawer.h:24[m[K,
[10.321s]                  from [01m[K/usr/local/ORB_SLAM3/include/Viewer.h:23[m[K,
[10.321s]                  from [01m[K/usr/local/ORB_SLAM3/include/Tracking.h:26[m[K,
[10.321s]                  from [01m[K/usr/local/ORB_SLAM3/include/System.h:31[m[K,
[10.321s]                  from [01m[K/home/dev/roboracer_ws/src/roboracer_visual_odom/src/visual_odom.cpp:16[m[K:
[10.321s] /usr/local/ORB_SLAM3/Thirdparty/g2o/g2o/types/../core/base_vertex.h: In instantiation of ‘[01m[Kclass g2o::BaseVertex<6, g2o::SE3Quat>[m[K’:
[10.321s] [01m[K/usr/local/ORB_SLAM3/Thirdparty/g2o/g2o/types/types_six_dof_expmap.h:59:33:[m[K   required from here
[10.321s] [01m[K/usr/local/ORB_SLAM3/Thirdparty/g2o/g2o/types/../core/base_vertex.h:62:72:[m[K [01;35m[Kwarning: [m[K‘[01m[KEigen::AlignedBit[m[K’ is deprecated [[01;35m[K-Wdeprecated-declarations[m[K]
[10.321s]    62 |     typedef Eigen::Map<Matrix<double, D, D>, Matrix<double,D,D>::[01;35m[KFlags & AlignedBit[m[K ? Aligned : Unaligned >  HessianBlockType;
[10.322s]       |                                                                  [01;35m[K~~~~~~^~~~~~~~~~~~[m[K
[10.322s] In file included from [01m[K/usr/include/eigen3/Eigen/Core:161[m[K,
[10.322s]                  from [01m[K/usr/include/eigen3/Eigen/Dense:1[m[K,
[10.322s]                  from [01m[K/home/dev/roboracer_ws/src/roboracer_visual_odom/src/visual_odom.cpp:12[m[K:
[10.322s] [01m[K/usr/include/eigen3/Eigen/src/Core/util/Constants.h:167:37:[m[K [01;36m[Knote: [m[Kdeclared here
[10.322s]   167 | EIGEN_DEPRECATED const unsigned int [01;36m[KAlignedBit[m[K = 0x80;
[10.323s]       |                                     [01;36m[K^~~~~~~~~~[m[K
[10.421s] In file included from [01m[K/usr/local/ORB_SLAM3/Thirdparty/g2o/g2o/types/types_six_dof_expmap.h:38[m[K,
[10.422s]                  from [01m[K/usr/local/ORB_SLAM3/include/Converter.h:26[m[K,
[10.423s]                  from [01m[K/usr/local/ORB_SLAM3/include/Frame.h:33[m[K,
[10.424s]                  from [01m[K/usr/local/ORB_SLAM3/include/KeyFrame.h:28[m[K,
[10.424s]                  from [01m[K/usr/local/ORB_SLAM3/include/MapPoint.h:23[m[K,
[10.425s]                  from [01m[K/usr/local/ORB_SLAM3/include/FrameDrawer.h:24[m[K,
[10.429s]                  from [01m[K/usr/local/ORB_SLAM3/include/Viewer.h:23[m[K,
[10.430s]                  from [01m[K/usr/local/ORB_SLAM3/include/Tracking.h:26[m[K,
[10.431s]                  from [01m[K/usr/local/ORB_SLAM3/include/System.h:31[m[K,
[10.432s]                  from [01m[K/home/dev/roboracer_ws/src/roboracer_visual_odom/src/visual_odom.cpp:16[m[K:
[10.432s] /usr/local/ORB_SLAM3/Thirdparty/g2o/g2o/types/../core/base_binary_edge.h: In instantiation of ‘[01m[Kclass g2o::BaseBinaryEdge<6, g2o::SE3Quat, g2o::VertexSE3Expmap, g2o::VertexSE3Expmap>[m[K’:
[10.433s] [01m[K/usr/local/ORB_SLAM3/Thirdparty/g2o/g2o/types/types_six_dof_expmap.h:83:24:[m[K   required from here
[10.434s] [01m[K/usr/local/ORB_SLAM3/Thirdparty/g2o/g2o/types/../core/base_binary_edge.h:59:80:[m[K [01;35m[Kwarning: [m[K‘[01m[KEigen::AlignedBit[m[K’ is deprecated [[01;35m[K-Wdeprecated-declarations[m[K]
[10.435s]    59 |       typedef Eigen::Map<Matrix<double, Di, Dj>, Matrix<double, Di, Dj>::[01;35m[KFlags & AlignedBit[m[K ? Aligned : Unaligned > HessianBlockType;
[10.436s]       |                                                                          [01;35m[K~~~~~~^~~~~~~~~~~~[m[K
[10.436s] In file included from [01m[K/usr/include/eigen3/Eigen/Core:161[m[K,
[10.437s]                  from [01m[K/usr/include/eigen3/Eigen/Dense:1[m[K,
[10.438s]                  from [01m[K/home/dev/roboracer_ws/src/roboracer_visual_odom/src/visual_odom.cpp:12[m[K:
[10.438s] [01m[K/usr/include/eigen3/Eigen/src/Core/util/Constants.h:167:37:[m[K [01;36m[Knote: [m[Kdeclared here
[10.439s]   167 | EIGEN_DEPRECATED const unsigned int [01;36m[KAlignedBit[m[K = 0x80;
[10.440s]       |                                     [01;36m[K^~~~~~~~~~[m[K
[10.444s] In file included from [01m[K/usr/local/ORB_SLAM3/Thirdparty/g2o/g2o/types/types_six_dof_expmap.h:38[m[K,
[10.445s]                  from [01m[K/usr/local/ORB_SLAM3/include/Converter.h:26[m[K,
[10.446s]                  from [01m[K/usr/local/ORB_SLAM3/include/Frame.h:33[m[K,
[10.446s]                  from [01m[K/usr/local/ORB_SLAM3/include/KeyFrame.h:28[m[K,
[10.447s]                  from [01m[K/usr/local/ORB_SLAM3/include/MapPoint.h:23[m[K,
[10.448s]                  from [01m[K/usr/local/ORB_SLAM3/include/FrameDrawer.h:24[m[K,
[10.449s]                  from [01m[K/usr/local/ORB_SLAM3/include/Viewer.h:23[m[K,
[10.449s]                  from [01m[K/usr/local/ORB_SLAM3/include/Tracking.h:26[m[K,
[10.450s]                  from [01m[K/usr/local/ORB_SLAM3/include/System.h:31[m[K,
[10.451s]                  from [01m[K/home/dev/roboracer_ws/src/roboracer_visual_odom/src/visual_odom.cpp:16[m[K:
[10.451s] [01m[K/usr/local/ORB_SLAM3/Thirdparty/g2o/g2o/types/../core/base_binary_edge.h:60:80:[m[K [01;35m[Kwarning: [m[K‘[01m[KEigen::AlignedBit[m[K’ is deprecated [[01;35m[K-Wdeprecated-declarations[m[K]
[10.452s]    60 |       typedef Eigen::Map<Matrix<double, Dj, Di>, Matrix<double, Dj, Di>::[01;35m[KFlags & AlignedBit[m[K ? Aligned : Unaligned > HessianBlockTransposedType;
[10.453s]       |                                                                          [01;35m[K~~~~~~^~~~~~~~~~~~[m[K
[10.454s] In file included from [01m[K/usr/include/eigen3/Eigen/Core:161[m[K,
[10.454s]                  from [01m[K/usr/include/eigen3/Eigen/Dense:1[m[K,
[10.455s]                  from [01m[K/home/dev/roboracer_ws/src/roboracer_visual_odom/src/visual_odom.cpp:12[m[K:
[10.456s] [01m[K/usr/include/eigen3/Eigen/src/Core/util/Constants.h:167:37:[m[K [01;36m[Knote: [m[Kdeclared here
[10.457s]   167 | EIGEN_DEPRECATED const unsigned int [01;36m[KAlignedBit[m[K = 0x80;
[10.457s]       |                                     [01;36m[K^~~~~~~~~~[m[K
[10.571s] In file included from [01m[K/usr/local/ORB_SLAM3/Thirdparty/g2o/g2o/types/types_six_dof_expmap.h:38[m[K,
[10.572s]                  from [01m[K/usr/local/ORB_SLAM3/include/Converter.h:26[m[K,
[10.573s]                  from [01m[K/usr/local/ORB_SLAM3/include/Frame.h:33[m[K,
[10.573s]                  from [01m[K/usr/local/ORB_SLAM3/include/KeyFrame.h:28[m[K,
[10.574s]                  from [01m[K/usr/local/ORB_SLAM3/include/MapPoint.h:23[m[K,
[10.575s]                  from [01m[K/usr/local/ORB_SLAM3/include/FrameDrawer.h:24[m[K,
[10.575s]                  from [01m[K/usr/local/ORB_SLAM3/include/Viewer.h:23[m[K,
[10.576s]                  from [01m[K/usr/local/ORB_SLAM3/include/Tracking.h:26[m[K,
[10.576s]                  from [01m[K/usr/local/ORB_SLAM3/include/System.h:31[m[K,
[10.577s]                  from [01m[K/home/dev/roboracer_ws/src/roboracer_visual_odom/src/visual_odom.cpp:16[m[K:
[10.578s] /usr/local/ORB_SLAM3/Thirdparty/g2o/g2o/types/../core/base_binary_edge.h: In instantiation of ‘[01m[Kclass g2o::BaseBinaryEdge<2, Eigen::Matrix<double, 2, 1>, g2o::VertexSBAPointXYZ, g2o::VertexSE3Expmap>[m[K’:
[10.578s] [01m[K/usr/local/ORB_SLAM3/Thirdparty/g2o/g2o/types/types_six_dof_expmap.h:114:35:[m[K   required from here
[10.582s] [01m[K/usr/local/ORB_SLAM3/Thirdparty/g2o/g2o/types/../core/base_binary_edge.h:59:80:[m[K [01;35m[Kwarning: [m[K‘[01m[KEigen::AlignedBit[m[K’ is deprecated [[01;35m[K-Wdeprecated-declarations[m[K]
[10.583s]    59 |       typedef Eigen::Map<Matrix<double, Di, Dj>, Matrix<double, Di, Dj>::[01;35m[KFlags & AlignedBit[m[K ? Aligned : Unaligned > HessianBlockType;
[10.584s]       |                                                                          [01;35m[K~~~~~~^~~~~~~~~~~~[m[K
[10.585s] In file included from [01m[K/usr/include/eigen3/Eigen/Core:161[m[K,
[10.585s]                  from [01m[K/usr/include/eigen3/Eigen/Dense:1[m[K,
[10.586s]                  from [01m[K/home/dev/roboracer_ws/src/roboracer_visual_odom/src/visual_odom.cpp:12[m[K:
[10.586s] [01m[K/usr/include/eigen3/Eigen/src/Core/util/Constants.h:167:37:[m[K [01;36m[Knote: [m[Kdeclared here
[10.587s]   167 | EIGEN_DEPRECATED const unsigned int [01;36m[KAlignedBit[m[K = 0x80;
[10.588s]       |                                     [01;36m[K^~~~~~~~~~[m[K
[10.595s] In file included from [01m[K/usr/local/ORB_SLAM3/Thirdparty/g2o/g2o/types/types_six_dof_expmap.h:38[m[K,
[10.595s]                  from [01m[K/usr/local/ORB_SLAM3/include/Converter.h:26[m[K,
[10.595s]                  from [01m[K/usr/local/ORB_SLAM3/include/Frame.h:33[m[K,
[10.595s]                  from [01m[K/usr/local/ORB_SLAM3/include/KeyFrame.h:28[m[K,
[10.596s]                  from [01m[K/usr/local/ORB_SLAM3/include/MapPoint.h:23[m[K,
[10.596s]                  from [01m[K/usr/local/ORB_SLAM3/include/FrameDrawer.h:24[m[K,
[10.596s]                  from [01m[K/usr/local/ORB_SLAM3/include/Viewer.h:23[m[K,
[10.599s]                  from [01m[K/usr/local/ORB_SLAM3/include/Tracking.h:26[m[K,
[10.599s]                  from [01m[K/usr/local/ORB_SLAM3/include/System.h:31[m[K,
[10.599s]                  from [01m[K/home/dev/roboracer_ws/src/roboracer_visual_odom/src/visual_odom.cpp:16[m[K:
[10.600s] [01m[K/usr/local/ORB_SLAM3/Thirdparty/g2o/g2o/types/../core/base_binary_edge.h:60:80:[m[K [01;35m[Kwarning: [m[K‘[01m[KEigen::AlignedBit[m[K’ is deprecated [[01;35m[K-Wdeprecated-declarations[m[K]
[10.600s]    60 |       typedef Eigen::Map<Matrix<double, Dj, Di>, Matrix<double, Dj, Di>::[01;35m[KFlags & AlignedBit[m[K ? Aligned : Unaligned > HessianBlockTransposedType;
[10.600s]       |                                                                          [01;35m[K~~~~~~^~~~~~~~~~~~[m[K
[10.600s] In file included from [01m[K/usr/include/eigen3/Eigen/Core:161[m[K,
[10.600s]                  from [01m[K/usr/include/eigen3/Eigen/Dense:1[m[K,
[10.600s]                  from [01m[K/home/dev/roboracer_ws/src/roboracer_visual_odom/src/visual_odom.cpp:12[m[K:
[10.600s] [01m[K/usr/include/eigen3/Eigen/src/Core/util/Constants.h:167:37:[m[K [01;36m[Knote: [m[Kdeclared here
[10.600s]   167 | EIGEN_DEPRECATED const unsigned int [01;36m[KAlignedBit[m[K = 0x80;
[10.600s]       |                                     [01;36m[K^~~~~~~~~~[m[K
[10.803s] In file included from [01m[K/usr/local/ORB_SLAM3/Thirdparty/g2o/g2o/types/types_six_dof_expmap.h:38[m[K,
[10.804s]                  from [01m[K/usr/local/ORB_SLAM3/include/Converter.h:26[m[K,
[10.805s]                  from [01m[K/usr/local/ORB_SLAM3/include/Frame.h:33[m[K,
[10.805s]                  from [01m[K/usr/local/ORB_SLAM3/include/KeyFrame.h:28[m[K,
[10.806s]                  from [01m[K/usr/local/ORB_SLAM3/include/MapPoint.h:23[m[K,
[10.807s]                  from [01m[K/usr/local/ORB_SLAM3/include/FrameDrawer.h:24[m[K,
[10.808s]                  from [01m[K/usr/local/ORB_SLAM3/include/Viewer.h:23[m[K,
[10.808s]                  from [01m[K/usr/local/ORB_SLAM3/include/Tracking.h:26[m[K,
[10.810s]                  from [01m[K/usr/local/ORB_SLAM3/include/System.h:31[m[K,
[10.811s]                  from [01m[K/home/dev/roboracer_ws/src/roboracer_visual_odom/src/visual_odom.cpp:16[m[K:
[10.812s] /usr/local/ORB_SLAM3/Thirdparty/g2o/g2o/types/../core/base_binary_edge.h: In instantiation of ‘[01m[Kclass g2o::BaseBinaryEdge<3, Eigen::Matrix<double, 3, 1>, g2o::VertexSBAPointXYZ, g2o::VertexSE3Expmap>[m[K’:
[10.812s] [01m[K/usr/local/ORB_SLAM3/Thirdparty/g2o/g2o/types/types_six_dof_expmap.h:146:41:[m[K   required from here
[10.817s] [01m[K/usr/local/ORB_SLAM3/Thirdparty/g2o/g2o/types/../core/base_binary_edge.h:59:80:[m[K [01;35m[Kwarning: [m[K‘[01m[KEigen::AlignedBit[m[K’ is deprecated [[01;35m[K-Wdeprecated-declarations[m[K]
[10.818s]    59 |       typedef Eigen::Map<Matrix<double, Di, Dj>, Matrix<double, Di, Dj>::[01;35m[KFlags & AlignedBit[m[K ? Aligned : Unaligned > HessianBlockType;
[10.819s]       |                                                                          [01;35m[K~~~~~~^~~~~~~~~~~~[m[K
[10.820s] In file included from [01m[K/usr/include/eigen3/Eigen/Core:161[m[K,
[10.820s]                  from [01m[K/usr/include/eigen3/Eigen/Dense:1[m[K,
[10.821s]                  from [01m[K/home/dev/roboracer_ws/src/roboracer_visual_odom/src/visual_odom.cpp:12[m[K:
[10.822s] [01m[K/usr/include/eigen3/Eigen/src/Core/util/Constants.h:167:37:[m[K [01;36m[Knote: [m[Kdeclared here
[10.823s]   167 | EIGEN_DEPRECATED const unsigned int [01;36m[KAlignedBit[m[K = 0x80;
[10.823s]       |                                     [01;36m[K^~~~~~~~~~[m[K
[10.824s] In file included from [01m[K/usr/local/ORB_SLAM3/Thirdparty/g2o/g2o/types/types_six_dof_expmap.h:38[m[K,
[10.825s]                  from [01m[K/usr/local/ORB_SLAM3/include/Converter.h:26[m[K,
[10.825s]                  from [01m[K/usr/local/ORB_SLAM3/include/Frame.h:33[m[K,
[10.826s]                  from [01m[K/usr/local/ORB_SLAM3/include/KeyFrame.h:28[m[K,
[10.827s]                  from [01m[K/usr/local/ORB_SLAM3/include/MapPoint.h:23[m[K,
[10.828s]                  from [01m[K/usr/local/ORB_SLAM3/include/FrameDrawer.h:24[m[K,
[10.829s]                  from [01m[K/usr/local/ORB_SLAM3/include/Viewer.h:23[m[K,
[10.829s]                  from [01m[K/usr/local/ORB_SLAM3/include/Tracking.h:26[m[K,
[10.829s]                  from [01m[K/usr/local/ORB_SLAM3/include/System.h:31[m[K,
[10.829s]                  from [01m[K/home/dev/roboracer_ws/src/roboracer_visual_odom/src/visual_odom.cpp:16[m[K:
[10.829s] [01m[K/usr/local/ORB_SLAM3/Thirdparty/g2o/g2o/types/../core/base_binary_edge.h:60:80:[m[K [01;35m[Kwarning: [m[K‘[01m[KEigen::AlignedBit[m[K’ is deprecated [[01;35m[K-Wdeprecated-declarations[m[K]
[10.829s]    60 |       typedef Eigen::Map<Matrix<double, Dj, Di>, Matrix<double, Dj, Di>::[01;35m[KFlags & AlignedBit[m[K ? Aligned : Unaligned > HessianBlockTransposedType;
[10.829s]       |                                                                          [01;35m[K~~~~~~^~~~~~~~~~~~[m[K
[10.829s] In file included from [01m[K/usr/include/eigen3/Eigen/Core:161[m[K,
[10.829s]                  from [01m[K/usr/include/eigen3/Eigen/Dense:1[m[K,
[10.829s]                  from [01m[K/home/dev/roboracer_ws/src/roboracer_visual_odom/src/visual_odom.cpp:12[m[K:
[10.830s] [01m[K/usr/include/eigen3/Eigen/src/Core/util/Constants.h:167:37:[m[K [01;36m[Knote: [m[Kdeclared here
[10.830s]   167 | EIGEN_DEPRECATED const unsigned int [01;36m[KAlignedBit[m[K = 0x80;
[10.830s]       |                                     [01;36m[K^~~~~~~~~~[m[K
[11.296s] In file included from [01m[K/usr/local/ORB_SLAM3/Thirdparty/g2o/g2o/types/types_six_dof_expmap.h:37[m[K,
[11.296s]                  from [01m[K/usr/local/ORB_SLAM3/include/Converter.h:26[m[K,
[11.296s]                  from [01m[K/usr/local/ORB_SLAM3/include/Frame.h:33[m[K,
[11.296s]                  from [01m[K/usr/local/ORB_SLAM3/include/KeyFrame.h:28[m[K,
[11.296s]                  from [01m[K/usr/local/ORB_SLAM3/include/MapPoint.h:23[m[K,
[11.296s]                  from [01m[K/usr/local/ORB_SLAM3/include/FrameDrawer.h:24[m[K,
[11.296s]                  from [01m[K/usr/local/ORB_SLAM3/include/Viewer.h:23[m[K,
[11.296s]                  from [01m[K/usr/local/ORB_SLAM3/include/Tracking.h:26[m[K,
[11.296s]                  from [01m[K/usr/local/ORB_SLAM3/include/System.h:31[m[K,
[11.296s]                  from [01m[K/home/dev/roboracer_ws/src/roboracer_visual_odom/src/visual_odom.cpp:16[m[K:
[11.297s] /usr/local/ORB_SLAM3/Thirdparty/g2o/g2o/types/../core/base_vertex.h: In instantiation of ‘[01m[Kclass g2o::BaseVertex<7, g2o::Sim3>[m[K’:
[11.297s] [01m[K/usr/local/ORB_SLAM3/Thirdparty/g2o/g2o/types/types_seven_dof_expmap.h:48:35:[m[K   required from here
[11.297s] [01m[K/usr/local/ORB_SLAM3/Thirdparty/g2o/g2o/types/../core/base_vertex.h:62:72:[m[K [01;35m[Kwarning: [m[K‘[01m[KEigen::AlignedBit[m[K’ is deprecated [[01;35m[K-Wdeprecated-declarations[m[K]
[11.297s]    62 |     typedef Eigen::Map<Matrix<double, D, D>, Matrix<double,D,D>::[01;35m[KFlags & AlignedBit[m[K ? Aligned : Unaligned >  HessianBlockType;
[11.297s]       |                                                                  [01;35m[K~~~~~~^~~~~~~~~~~~[m[K
[11.297s] In file included from [01m[K/usr/include/eigen3/Eigen/Core:161[m[K,
[11.297s]                  from [01m[K/usr/include/eigen3/Eigen/Dense:1[m[K,
[11.297s]                  from [01m[K/home/dev/roboracer_ws/src/roboracer_visual_odom/src/visual_odom.cpp:12[m[K:
[11.297s] [01m[K/usr/include/eigen3/Eigen/src/Core/util/Constants.h:167:37:[m[K [01;36m[Knote: [m[Kdeclared here
[11.297s]   167 | EIGEN_DEPRECATED const unsigned int [01;36m[KAlignedBit[m[K = 0x80;
[11.297s]       |                                     [01;36m[K^~~~~~~~~~[m[K
[11.357s] In file included from [01m[K/usr/local/ORB_SLAM3/Thirdparty/g2o/g2o/types/types_six_dof_expmap.h:38[m[K,
[11.357s]                  from [01m[K/usr/local/ORB_SLAM3/include/Converter.h:26[m[K,
[11.357s]                  from [01m[K/usr/local/ORB_SLAM3/include/Frame.h:33[m[K,
[11.357s]                  from [01m[K/usr/local/ORB_SLAM3/include/KeyFrame.h:28[m[K,
[11.357s]                  from [01m[K/usr/local/ORB_SLAM3/include/MapPoint.h:23[m[K,
[11.357s]                  from [01m[K/usr/local/ORB_SLAM3/include/FrameDrawer.h:24[m[K,
[11.357s]                  from [01m[K/usr/local/ORB_SLAM3/include/Viewer.h:23[m[K,
[11.357s]                  from [01m[K/usr/local/ORB_SLAM3/include/Tracking.h:26[m[K,
[11.357s]                  from [01m[K/usr/local/ORB_SLAM3/include/System.h:31[m[K,
[11.358s]                  from [01m[K/home/dev/roboracer_ws/src/roboracer_visual_odom/src/visual_odom.cpp:16[m[K:
[11.358s] /usr/local/ORB_SLAM3/Thirdparty/g2o/g2o/types/../core/base_binary_edge.h: In instantiation of ‘[01m[Kclass g2o::BaseBinaryEdge<7, g2o::Sim3, g2o::VertexSim3Expmap, g2o::VertexSim3Expmap>[m[K’:
[11.358s] [01m[K/usr/local/ORB_SLAM3/Thirdparty/g2o/g2o/types/types_seven_dof_expmap.h:99:27:[m[K   required from here
[11.358s] [01m[K/usr/local/ORB_SLAM3/Thirdparty/g2o/g2o/types/../core/base_binary_edge.h:59:80:[m[K [01;35m[Kwarning: [m[K‘[01m[KEigen::AlignedBit[m[K’ is deprecated [[01;35m[K-Wdeprecated-declarations[m[K]
[11.358s]    59 |       typedef Eigen::Map<Matrix<double, Di, Dj>, Matrix<double, Di, Dj>::[01;35m[KFlags & AlignedBit[m[K ? Aligned : Unaligned > HessianBlockType;
[11.358s]       |                                                                          [01;35m[K~~~~~~^~~~~~~~~~~~[m[K
[11.358s] In file included from [01m[K/usr/include/eigen3/Eigen/Core:161[m[K,
[11.358s]                  from [01m[K/usr/include/eigen3/Eigen/Dense:1[m[K,
[11.358s]                  from [01m[K/home/dev/roboracer_ws/src/roboracer_visual_odom/src/visual_odom.cpp:12[m[K:
[11.358s] [01m[K/usr/include/eigen3/Eigen/src/Core/util/Constants.h:167:37:[m[K [01;36m[Knote: [m[Kdeclared here
[11.358s]   167 | EIGEN_DEPRECATED const unsigned int [01;36m[KAlignedBit[m[K = 0x80;
[11.358s]       |                                     [01;36m[K^~~~~~~~~~[m[K
[11.358s] In file included from [01m[K/usr/local/ORB_SLAM3/Thirdparty/g2o/g2o/types/types_six_dof_expmap.h:38[m[K,
[11.358s]                  from [01m[K/usr/local/ORB_SLAM3/include/Converter.h:26[m[K,
[11.358s]                  from [01m[K/usr/local/ORB_SLAM3/include/Frame.h:33[m[K,
[11.358s]                  from [01m[K/usr/local/ORB_SLAM3/include/KeyFrame.h:28[m[K,
[11.358s]                  from [01m[K/usr/local/ORB_SLAM3/include/MapPoint.h:23[m[K,
[11.359s]                  from [01m[K/usr/local/ORB_SLAM3/include/FrameDrawer.h:24[m[K,
[11.359s]                  from [01m[K/usr/local/ORB_SLAM3/include/Viewer.h:23[m[K,
[11.359s]                  from [01m[K/usr/local/ORB_SLAM3/include/Tracking.h:26[m[K,
[11.359s]                  from [01m[K/usr/local/ORB_SLAM3/include/System.h:31[m[K,
[11.359s]                  from [01m[K/home/dev/roboracer_ws/src/roboracer_visual_odom/src/visual_odom.cpp:16[m[K:
[11.359s] [01m[K/usr/local/ORB_SLAM3/Thirdparty/g2o/g2o/types/../core/base_binary_edge.h:60:80:[m[K [01;35m[Kwarning: [m[K‘[01m[KEigen::AlignedBit[m[K’ is deprecated [[01;35m[K-Wdeprecated-declarations[m[K]
[11.359s]    60 |       typedef Eigen::Map<Matrix<double, Dj, Di>, Matrix<double, Dj, Di>::[01;35m[KFlags & AlignedBit[m[K ? Aligned : Unaligned > HessianBlockTransposedType;
[11.359s]       |                                                                          [01;35m[K~~~~~~^~~~~~~~~~~~[m[K
[11.359s] In file included from [01m[K/usr/include/eigen3/Eigen/Core:161[m[K,
[11.359s]                  from [01m[K/usr/include/eigen3/Eigen/Dense:1[m[K,
[11.359s]                  from [01m[K/home/dev/roboracer_ws/src/roboracer_visual_odom/src/visual_odom.cpp:12[m[K:
[11.359s] [01m[K/usr/include/eigen3/Eigen/src/Core/util/Constants.h:167:37:[m[K [01;36m[Knote: [m[Kdeclared here
[11.359s]   167 | EIGEN_DEPRECATED const unsigned int [01;36m[KAlignedBit[m[K = 0x80;
[11.359s]       |                                     [01;36m[K^~~~~~~~~~[m[K
[11.434s] In file included from [01m[K/usr/local/ORB_SLAM3/Thirdparty/g2o/g2o/types/types_six_dof_expmap.h:38[m[K,
[11.435s]                  from [01m[K/usr/local/ORB_SLAM3/include/Converter.h:26[m[K,
[11.435s]                  from [01m[K/usr/local/ORB_SLAM3/include/Frame.h:33[m[K,
[11.435s]                  from [01m[K/usr/local/ORB_SLAM3/include/KeyFrame.h:28[m[K,
[11.435s]                  from [01m[K/usr/local/ORB_SLAM3/include/MapPoint.h:23[m[K,
[11.435s]                  from [01m[K/usr/local/ORB_SLAM3/include/FrameDrawer.h:24[m[K,
[11.435s]                  from [01m[K/usr/local/ORB_SLAM3/include/Viewer.h:23[m[K,
[11.435s]                  from [01m[K/usr/local/ORB_SLAM3/include/Tracking.h:26[m[K,
[11.435s]                  from [01m[K/usr/local/ORB_SLAM3/include/System.h:31[m[K,
[11.435s]                  from [01m[K/home/dev/roboracer_ws/src/roboracer_visual_odom/src/visual_odom.cpp:16[m[K:
[11.435s] /usr/local/ORB_SLAM3/Thirdparty/g2o/g2o/types/../core/base_binary_edge.h: In instantiation of ‘[01m[Kclass g2o::BaseBinaryEdge<2, Eigen::Matrix<double, 2, 1>, g2o::VertexSBAPointXYZ, g2o::VertexSim3Expmap>[m[K’:
[11.435s] [01m[K/usr/local/ORB_SLAM3/Thirdparty/g2o/g2o/types/types_seven_dof_expmap.h:130:36:[m[K   required from here
[11.435s] [01m[K/usr/local/ORB_SLAM3/Thirdparty/g2o/g2o/types/../core/base_binary_edge.h:59:80:[m[K [01;35m[Kwarning: [m[K‘[01m[KEigen::AlignedBit[m[K’ is deprecated [[01;35m[K-Wdeprecated-declarations[m[K]
[11.435s]    59 |       typedef Eigen::Map<Matrix<double, Di, Dj>, Matrix<double, Di, Dj>::[01;35m[KFlags & AlignedBit[m[K ? Aligned : Unaligned > HessianBlockType;
[11.435s]       |                                                                          [01;35m[K~~~~~~^~~~~~~~~~~~[m[K
[11.436s] In file included from [01m[K/usr/include/eigen3/Eigen/Core:161[m[K,
[11.436s]                  from [01m[K/usr/include/eigen3/Eigen/Dense:1[m[K,
[11.436s]                  from [01m[K/home/dev/roboracer_ws/src/roboracer_visual_odom/src/visual_odom.cpp:12[m[K:
[11.436s] [01m[K/usr/include/eigen3/Eigen/src/Core/util/Constants.h:167:37:[m[K [01;36m[Knote: [m[Kdeclared here
[11.436s]   167 | EIGEN_DEPRECATED const unsigned int [01;36m[KAlignedBit[m[K = 0x80;
[11.436s]       |                                     [01;36m[K^~~~~~~~~~[m[K
[11.464s] In file included from [01m[K/usr/local/ORB_SLAM3/Thirdparty/g2o/g2o/types/types_six_dof_expmap.h:38[m[K,
[11.464s]                  from [01m[K/usr/local/ORB_SLAM3/include/Converter.h:26[m[K,
[11.464s]                  from [01m[K/usr/local/ORB_SLAM3/include/Frame.h:33[m[K,
[11.464s]                  from [01m[K/usr/local/ORB_SLAM3/include/KeyFrame.h:28[m[K,
[11.464s]                  from [01m[K/usr/local/ORB_SLAM3/include/MapPoint.h:23[m[K,
[11.464s]                  from [01m[K/usr/local/ORB_SLAM3/include/FrameDrawer.h:24[m[K,
[11.464s]                  from [01m[K/usr/local/ORB_SLAM3/include/Viewer.h:23[m[K,
[11.464s]                  from [01m[K/usr/local/ORB_SLAM3/include/Tracking.h:26[m[K,
[11.464s]                  from [01m[K/usr/local/ORB_SLAM3/include/System.h:31[m[K,
[11.465s]                  from [01m[K/home/dev/roboracer_ws/src/roboracer_visual_odom/src/visual_odom.cpp:16[m[K:
[11.465s] [01m[K/usr/local/ORB_SLAM3/Thirdparty/g2o/g2o/types/../core/base_binary_edge.h:60:80:[m[K [01;35m[Kwarning: [m[K‘[01m[KEigen::AlignedBit[m[K’ is deprecated [[01;35m[K-Wdeprecated-declarations[m[K]
[11.465s]    60 |       typedef Eigen::Map<Matrix<double, Dj, Di>, Matrix<double, Dj, Di>::[01;35m[KFlags & AlignedBit[m[K ? Aligned : Unaligned > HessianBlockTransposedType;
[11.465s]       |                                                                          [01;35m[K~~~~~~^~~~~~~~~~~~[m[K
[11.465s] In file included from [01m[K/usr/include/eigen3/Eigen/Core:161[m[K,
[11.465s]                  from [01m[K/usr/include/eigen3/Eigen/Dense:1[m[K,
[11.465s]                  from [01m[K/home/dev/roboracer_ws/src/roboracer_visual_odom/src/visual_odom.cpp:12[m[K:
[11.465s] [01m[K/usr/include/eigen3/Eigen/src/Core/util/Constants.h:167:37:[m[K [01;36m[Knote: [m[Kdeclared here
[11.465s]   167 | EIGEN_DEPRECATED const unsigned int [01;36m[KAlignedBit[m[K = 0x80;
[11.465s]       |                                     [01;36m[K^~~~~~~~~~[m[K
[30.299s] [100%] [32m[1mLinking CXX executable visual_odom[0m
[32.454s] [100%] Built target visual_odom
