[35m[1mConsolidate compiler generated dependencies of target pure_pursuit[0m
[35m[1mConsolidate compiler generated dependencies of target waypoint_visualizer[0m
[ 50%] Built target pure_pursuit
[100%] Built target waypoint_visualizer
-- Install configuration: ""
-- Up-to-date: /home/loq/roboracer_ws/roboracer_dissertation/install/pure_pursuit/lib/pure_pursuit/pure_pursuit
-- Up-to-date: /home/loq/roboracer_ws/roboracer_dissertation/install/pure_pursuit/lib/pure_pursuit/waypoint_visualizer
-- Up-to-date: /home/loq/roboracer_ws/roboracer_dissertation/install/pure_pursuit/share/pure_pursuit/launch
-- Up-to-date: /home/loq/roboracer_ws/roboracer_dissertation/install/pure_pursuit/share/pure_pursuit/launch/slam_toolbox.launch.py
-- Up-to-date: /home/loq/roboracer_ws/roboracer_dissertation/install/pure_pursuit/share/pure_pursuit/launch/sim_pure_pursuit.rviz
-- Up-to-date: /home/loq/roboracer_ws/roboracer_dissertation/install/pure_pursuit/share/pure_pursuit/launch/sim_pure_pursuit_launch.py
-- Up-to-date: /home/loq/roboracer_ws/roboracer_dissertation/install/pure_pursuit/share/pure_pursuit/config
-- Up-to-date: /home/loq/roboracer_ws/roboracer_dissertation/install/pure_pursuit/share/pure_pursuit/config/sim_config.yaml
-- Up-to-date: /home/loq/roboracer_ws/roboracer_dissertation/install/pure_pursuit/share/pure_pursuit/config/mapper_params_online_async.yaml
-- Up-to-date: /home/loq/roboracer_ws/roboracer_dissertation/install/pure_pursuit/share/ament_index/resource_index/package_run_dependencies/pure_pursuit
-- Up-to-date: /home/loq/roboracer_ws/roboracer_dissertation/install/pure_pursuit/share/ament_index/resource_index/parent_prefix_path/pure_pursuit
-- Up-to-date: /home/loq/roboracer_ws/roboracer_dissertation/install/pure_pursuit/share/pure_pursuit/environment/ament_prefix_path.sh
-- Up-to-date: /home/loq/roboracer_ws/roboracer_dissertation/install/pure_pursuit/share/pure_pursuit/environment/ament_prefix_path.dsv
-- Up-to-date: /home/loq/roboracer_ws/roboracer_dissertation/install/pure_pursuit/share/pure_pursuit/environment/path.sh
-- Up-to-date: /home/loq/roboracer_ws/roboracer_dissertation/install/pure_pursuit/share/pure_pursuit/environment/path.dsv
-- Up-to-date: /home/loq/roboracer_ws/roboracer_dissertation/install/pure_pursuit/share/pure_pursuit/local_setup.bash
-- Up-to-date: /home/loq/roboracer_ws/roboracer_dissertation/install/pure_pursuit/share/pure_pursuit/local_setup.sh
-- Up-to-date: /home/loq/roboracer_ws/roboracer_dissertation/install/pure_pursuit/share/pure_pursuit/local_setup.zsh
-- Up-to-date: /home/loq/roboracer_ws/roboracer_dissertation/install/pure_pursuit/share/pure_pursuit/local_setup.dsv
-- Installing: /home/loq/roboracer_ws/roboracer_dissertation/install/pure_pursuit/share/pure_pursuit/package.dsv
-- Up-to-date: /home/loq/roboracer_ws/roboracer_dissertation/install/pure_pursuit/share/ament_index/resource_index/packages/pure_pursuit
-- Up-to-date: /home/loq/roboracer_ws/roboracer_dissertation/install/pure_pursuit/share/pure_pursuit/cmake/pure_pursuitConfig.cmake
-- Up-to-date: /home/loq/roboracer_ws/roboracer_dissertation/install/pure_pursuit/share/pure_pursuit/cmake/pure_pursuitConfig-version.cmake
-- Up-to-date: /home/loq/roboracer_ws/roboracer_dissertation/install/pure_pursuit/share/pure_pursuit/package.xml
