[0.263s] Invoking command in '/home/loq/roboracer_ws/roboracer_dissertation/build/pure_pursuit': CMAKE_PREFIX_PATH=${CMAKE_PREFIX_PATH}:/home/loq/drivingcar_ws/install/self_driving_car_pkg:/home/loq/bumperbot_ws/install/bumperbot_py_example:/home/loq/ros2_action_ws/install/lifecycle_py:/home/loq/ros2_action_ws/install/action_py:/opt/ros/humble /usr/bin/cmake --build /home/loq/roboracer_ws/roboracer_dissertation/build/pure_pursuit -- -j8 -l8
[0.541s] [35m[1mConsolidate compiler generated dependencies of target pure_pursuit[0m
[0.541s] [35m[1mConsolidate compiler generated dependencies of target waypoint_visualizer[0m
[0.541s] [ 50%] Built target pure_pursuit
[0.542s] [100%] Built target waypoint_visualizer
[0.556s] Invoked command in '/home/loq/roboracer_ws/roboracer_dissertation/build/pure_pursuit' returned '0': CMAKE_PREFIX_PATH=${CMAKE_PREFIX_PATH}:/home/loq/drivingcar_ws/install/self_driving_car_pkg:/home/loq/bumperbot_ws/install/bumperbot_py_example:/home/loq/ros2_action_ws/install/lifecycle_py:/home/loq/ros2_action_ws/install/action_py:/opt/ros/humble /usr/bin/cmake --build /home/loq/roboracer_ws/roboracer_dissertation/build/pure_pursuit -- -j8 -l8
[0.557s] Invoking command in '/home/loq/roboracer_ws/roboracer_dissertation/build/pure_pursuit': CMAKE_PREFIX_PATH=${CMAKE_PREFIX_PATH}:/home/loq/drivingcar_ws/install/self_driving_car_pkg:/home/loq/bumperbot_ws/install/bumperbot_py_example:/home/loq/ros2_action_ws/install/lifecycle_py:/home/loq/ros2_action_ws/install/action_py:/opt/ros/humble /usr/bin/cmake --install /home/loq/roboracer_ws/roboracer_dissertation/build/pure_pursuit
[0.591s] -- Install configuration: ""
[0.594s] -- Up-to-date: /home/loq/roboracer_ws/roboracer_dissertation/install/pure_pursuit/lib/pure_pursuit/pure_pursuit
[0.611s] -- Up-to-date: /home/loq/roboracer_ws/roboracer_dissertation/install/pure_pursuit/lib/pure_pursuit/waypoint_visualizer
[0.611s] -- Up-to-date: /home/loq/roboracer_ws/roboracer_dissertation/install/pure_pursuit/share/pure_pursuit/launch
[0.612s] -- Up-to-date: /home/loq/roboracer_ws/roboracer_dissertation/install/pure_pursuit/share/pure_pursuit/launch/slam_toolbox.launch.py
[0.613s] -- Up-to-date: /home/loq/roboracer_ws/roboracer_dissertation/install/pure_pursuit/share/pure_pursuit/launch/sim_pure_pursuit.rviz
[0.613s] -- Up-to-date: /home/loq/roboracer_ws/roboracer_dissertation/install/pure_pursuit/share/pure_pursuit/launch/sim_pure_pursuit_launch.py
[0.613s] -- Up-to-date: /home/loq/roboracer_ws/roboracer_dissertation/install/pure_pursuit/share/pure_pursuit/config
[0.613s] -- Up-to-date: /home/loq/roboracer_ws/roboracer_dissertation/install/pure_pursuit/share/pure_pursuit/config/sim_config.yaml
[0.613s] -- Up-to-date: /home/loq/roboracer_ws/roboracer_dissertation/install/pure_pursuit/share/pure_pursuit/config/mapper_params_online_async.yaml
[0.613s] -- Up-to-date: /home/loq/roboracer_ws/roboracer_dissertation/install/pure_pursuit/share/ament_index/resource_index/package_run_dependencies/pure_pursuit
[0.613s] -- Up-to-date: /home/loq/roboracer_ws/roboracer_dissertation/install/pure_pursuit/share/ament_index/resource_index/parent_prefix_path/pure_pursuit
[0.613s] -- Up-to-date: /home/loq/roboracer_ws/roboracer_dissertation/install/pure_pursuit/share/pure_pursuit/environment/ament_prefix_path.sh
[0.613s] -- Up-to-date: /home/loq/roboracer_ws/roboracer_dissertation/install/pure_pursuit/share/pure_pursuit/environment/ament_prefix_path.dsv
[0.613s] -- Up-to-date: /home/loq/roboracer_ws/roboracer_dissertation/install/pure_pursuit/share/pure_pursuit/environment/path.sh
[0.613s] -- Up-to-date: /home/loq/roboracer_ws/roboracer_dissertation/install/pure_pursuit/share/pure_pursuit/environment/path.dsv
[0.614s] -- Up-to-date: /home/loq/roboracer_ws/roboracer_dissertation/install/pure_pursuit/share/pure_pursuit/local_setup.bash
[0.614s] -- Up-to-date: /home/loq/roboracer_ws/roboracer_dissertation/install/pure_pursuit/share/pure_pursuit/local_setup.sh
[0.614s] -- Up-to-date: /home/loq/roboracer_ws/roboracer_dissertation/install/pure_pursuit/share/pure_pursuit/local_setup.zsh
[0.614s] -- Up-to-date: /home/loq/roboracer_ws/roboracer_dissertation/install/pure_pursuit/share/pure_pursuit/local_setup.dsv
[0.614s] -- Installing: /home/loq/roboracer_ws/roboracer_dissertation/install/pure_pursuit/share/pure_pursuit/package.dsv
[0.614s] -- Up-to-date: /home/loq/roboracer_ws/roboracer_dissertation/install/pure_pursuit/share/ament_index/resource_index/packages/pure_pursuit
[0.614s] -- Up-to-date: /home/loq/roboracer_ws/roboracer_dissertation/install/pure_pursuit/share/pure_pursuit/cmake/pure_pursuitConfig.cmake
[0.614s] -- Up-to-date: /home/loq/roboracer_ws/roboracer_dissertation/install/pure_pursuit/share/pure_pursuit/cmake/pure_pursuitConfig-version.cmake
[0.614s] -- Up-to-date: /home/loq/roboracer_ws/roboracer_dissertation/install/pure_pursuit/share/pure_pursuit/package.xml
[0.707s] Invoked command in '/home/loq/roboracer_ws/roboracer_dissertation/build/pure_pursuit' returned '0': CMAKE_PREFIX_PATH=${CMAKE_PREFIX_PATH}:/home/loq/drivingcar_ws/install/self_driving_car_pkg:/home/loq/bumperbot_ws/install/bumperbot_py_example:/home/loq/ros2_action_ws/install/lifecycle_py:/home/loq/ros2_action_ws/install/action_py:/opt/ros/humble /usr/bin/cmake --install /home/loq/roboracer_ws/roboracer_dissertation/build/pure_pursuit
