[0.177s] DEBUG:colcon:Command line arguments: ['/usr/bin/colcon', 'build']
[0.177s] DEBUG:colcon:Parsed command line arguments: Namespace(log_base=None, log_level=None, verb_name='build', build_base='build', install_base='install', merge_install=False, symlink_install=False, test_result_base=None, continue_on_error=False, executor='parallel', parallel_workers=8, event_handlers=None, ignore_user_meta=False, metas=['./colcon.meta'], base_paths=['.'], packages_ignore=None, packages_ignore_regex=None, paths=None, packages_up_to=None, packages_up_to_regex=None, packages_above=None, packages_above_and_dependencies=None, packages_above_depth=None, packages_select_by_dep=None, packages_skip_by_dep=None, packages_skip_up_to=None, packages_select_build_failed=False, packages_skip_build_finished=False, packages_select_test_failures=False, packages_skip_test_passed=False, packages_select=None, packages_skip=None, packages_select_regex=None, packages_skip_regex=None, packages_start=None, packages_end=None, allow_overriding=[], cmake_args=None, cmake_target=None, cmake_target_skip_unavailable=False, cmake_clean_cache=False, cmake_clean_first=False, cmake_force_configure=False, ament_cmake_args=None, catkin_cmake_args=None, catkin_skip_building_tests=False, verb_parser=<colcon_defaults.argument_parser.defaults.DefaultArgumentsDecorator object at 0x7d7d08d68760>, verb_extension=<colcon_core.verb.build.BuildVerb object at 0x7d7d08d2bbe0>, main=<bound method BuildVerb.main of <colcon_core.verb.build.BuildVerb object at 0x7d7d08d2bbe0>>)
[0.431s] Level 1:colcon.colcon_core.package_discovery:discover_packages(colcon_meta) check parameters
[0.432s] Level 1:colcon.colcon_core.package_discovery:discover_packages(recursive) check parameters
[0.432s] Level 1:colcon.colcon_core.package_discovery:discover_packages(ignore) check parameters
[0.432s] Level 1:colcon.colcon_core.package_discovery:discover_packages(path) check parameters
[0.432s] Level 1:colcon.colcon_core.package_discovery:discover_packages(colcon_meta) discover
[0.432s] Level 1:colcon.colcon_core.package_discovery:discover_packages(recursive) discover
[0.432s] INFO:colcon.colcon_core.package_discovery:Crawling recursively for packages in '/home/loq/roboracer_ws'
[0.432s] Level 1:colcon.colcon_core.package_identification:_identify(.) by extensions ['ignore', 'ignore_ament_install']
[0.432s] Level 1:colcon.colcon_core.package_identification:_identify(.) by extension 'ignore'
[0.432s] Level 1:colcon.colcon_core.package_identification:_identify(.) by extension 'ignore_ament_install'
[0.432s] Level 1:colcon.colcon_core.package_identification:_identify(.) by extensions ['colcon_pkg']
[0.432s] Level 1:colcon.colcon_core.package_identification:_identify(.) by extension 'colcon_pkg'
[0.432s] Level 1:colcon.colcon_core.package_identification:_identify(.) by extensions ['colcon_meta']
[0.432s] Level 1:colcon.colcon_core.package_identification:_identify(.) by extension 'colcon_meta'
[0.432s] Level 1:colcon.colcon_core.package_identification:_identify(.) by extensions ['ros']
[0.433s] Level 1:colcon.colcon_core.package_identification:_identify(.) by extension 'ros'
[0.467s] Level 1:colcon.colcon_core.package_identification:_identify(.) by extensions ['cmake', 'python']
[0.467s] Level 1:colcon.colcon_core.package_identification:_identify(.) by extension 'cmake'
[0.467s] Level 1:colcon.colcon_core.package_identification:_identify(.) by extension 'python'
[0.467s] Level 1:colcon.colcon_core.package_identification:_identify(.) by extensions ['python_setup_py']
[0.468s] Level 1:colcon.colcon_core.package_identification:_identify(.) by extension 'python_setup_py'
[0.468s] Level 1:colcon.colcon_core.package_identification:_identify(build) by extensions ['ignore', 'ignore_ament_install']
[0.468s] Level 1:colcon.colcon_core.package_identification:_identify(build) by extension 'ignore'
[0.468s] Level 1:colcon.colcon_core.package_identification:_identify(build) ignored
[0.468s] Level 1:colcon.colcon_core.package_identification:_identify(install) by extensions ['ignore', 'ignore_ament_install']
[0.468s] Level 1:colcon.colcon_core.package_identification:_identify(install) by extension 'ignore'
[0.468s] Level 1:colcon.colcon_core.package_identification:_identify(install) ignored
[0.469s] Level 1:colcon.colcon_core.package_identification:_identify(log) by extensions ['ignore', 'ignore_ament_install']
[0.469s] Level 1:colcon.colcon_core.package_identification:_identify(log) by extension 'ignore'
[0.469s] Level 1:colcon.colcon_core.package_identification:_identify(log) ignored
[0.469s] Level 1:colcon.colcon_core.package_identification:_identify(src) by extensions ['ignore', 'ignore_ament_install']
[0.469s] Level 1:colcon.colcon_core.package_identification:_identify(src) by extension 'ignore'
[0.469s] Level 1:colcon.colcon_core.package_identification:_identify(src) by extension 'ignore_ament_install'
[0.469s] Level 1:colcon.colcon_core.package_identification:_identify(src) by extensions ['colcon_pkg']
[0.469s] Level 1:colcon.colcon_core.package_identification:_identify(src) by extension 'colcon_pkg'
[0.469s] Level 1:colcon.colcon_core.package_identification:_identify(src) by extensions ['colcon_meta']
[0.469s] Level 1:colcon.colcon_core.package_identification:_identify(src) by extension 'colcon_meta'
[0.469s] Level 1:colcon.colcon_core.package_identification:_identify(src) by extensions ['ros']
[0.469s] Level 1:colcon.colcon_core.package_identification:_identify(src) by extension 'ros'
[0.469s] Level 1:colcon.colcon_core.package_identification:_identify(src) by extensions ['cmake', 'python']
[0.469s] Level 1:colcon.colcon_core.package_identification:_identify(src) by extension 'cmake'
[0.469s] Level 1:colcon.colcon_core.package_identification:_identify(src) by extension 'python'
[0.469s] Level 1:colcon.colcon_core.package_identification:_identify(src) by extensions ['python_setup_py']
[0.469s] Level 1:colcon.colcon_core.package_identification:_identify(src) by extension 'python_setup_py'
[0.470s] Level 1:colcon.colcon_core.package_identification:_identify(src/build) by extensions ['ignore', 'ignore_ament_install']
[0.470s] Level 1:colcon.colcon_core.package_identification:_identify(src/build) by extension 'ignore'
[0.470s] Level 1:colcon.colcon_core.package_identification:_identify(src/build) ignored
[0.470s] Level 1:colcon.colcon_core.package_identification:_identify(src/install) by extensions ['ignore', 'ignore_ament_install']
[0.470s] Level 1:colcon.colcon_core.package_identification:_identify(src/install) by extension 'ignore'
[0.470s] Level 1:colcon.colcon_core.package_identification:_identify(src/install) ignored
[0.470s] Level 1:colcon.colcon_core.package_identification:_identify(src/log) by extensions ['ignore', 'ignore_ament_install']
[0.470s] Level 1:colcon.colcon_core.package_identification:_identify(src/log) by extension 'ignore'
[0.470s] Level 1:colcon.colcon_core.package_identification:_identify(src/log) ignored
[0.470s] Level 1:colcon.colcon_core.package_identification:_identify(src/roboracer_controller) by extensions ['ignore', 'ignore_ament_install']
[0.470s] Level 1:colcon.colcon_core.package_identification:_identify(src/roboracer_controller) by extension 'ignore'
[0.470s] Level 1:colcon.colcon_core.package_identification:_identify(src/roboracer_controller) by extension 'ignore_ament_install'
[0.471s] Level 1:colcon.colcon_core.package_identification:_identify(src/roboracer_controller) by extensions ['colcon_pkg']
[0.471s] Level 1:colcon.colcon_core.package_identification:_identify(src/roboracer_controller) by extension 'colcon_pkg'
[0.471s] Level 1:colcon.colcon_core.package_identification:_identify(src/roboracer_controller) by extensions ['colcon_meta']
[0.471s] Level 1:colcon.colcon_core.package_identification:_identify(src/roboracer_controller) by extension 'colcon_meta'
[0.471s] Level 1:colcon.colcon_core.package_identification:_identify(src/roboracer_controller) by extensions ['ros']
[0.471s] Level 1:colcon.colcon_core.package_identification:_identify(src/roboracer_controller) by extension 'ros'
[0.474s] DEBUG:colcon.colcon_core.package_identification:Package 'src/roboracer_controller' with type 'ros.ament_cmake' and name 'roboracer_controller'
[0.475s] Level 1:colcon.colcon_core.package_identification:_identify(src/roboracer_description) by extensions ['ignore', 'ignore_ament_install']
[0.475s] Level 1:colcon.colcon_core.package_identification:_identify(src/roboracer_description) by extension 'ignore'
[0.475s] Level 1:colcon.colcon_core.package_identification:_identify(src/roboracer_description) by extension 'ignore_ament_install'
[0.475s] Level 1:colcon.colcon_core.package_identification:_identify(src/roboracer_description) by extensions ['colcon_pkg']
[0.475s] Level 1:colcon.colcon_core.package_identification:_identify(src/roboracer_description) by extension 'colcon_pkg'
[0.475s] Level 1:colcon.colcon_core.package_identification:_identify(src/roboracer_description) by extensions ['colcon_meta']
[0.475s] Level 1:colcon.colcon_core.package_identification:_identify(src/roboracer_description) by extension 'colcon_meta'
[0.475s] Level 1:colcon.colcon_core.package_identification:_identify(src/roboracer_description) by extensions ['ros']
[0.475s] Level 1:colcon.colcon_core.package_identification:_identify(src/roboracer_description) by extension 'ros'
[0.478s] DEBUG:colcon.colcon_core.package_identification:Package 'src/roboracer_description' with type 'ros.ament_cmake' and name 'roboracer_description'
[0.478s] Level 1:colcon.colcon_core.package_identification:_identify(src/roboracer_localization) by extensions ['ignore', 'ignore_ament_install']
[0.479s] Level 1:colcon.colcon_core.package_identification:_identify(src/roboracer_localization) by extension 'ignore'
[0.479s] Level 1:colcon.colcon_core.package_identification:_identify(src/roboracer_localization) by extension 'ignore_ament_install'
[0.479s] Level 1:colcon.colcon_core.package_identification:_identify(src/roboracer_localization) by extensions ['colcon_pkg']
[0.479s] Level 1:colcon.colcon_core.package_identification:_identify(src/roboracer_localization) by extension 'colcon_pkg'
[0.479s] Level 1:colcon.colcon_core.package_identification:_identify(src/roboracer_localization) by extensions ['colcon_meta']
[0.479s] Level 1:colcon.colcon_core.package_identification:_identify(src/roboracer_localization) by extension 'colcon_meta'
[0.479s] Level 1:colcon.colcon_core.package_identification:_identify(src/roboracer_localization) by extensions ['ros']
[0.479s] Level 1:colcon.colcon_core.package_identification:_identify(src/roboracer_localization) by extension 'ros'
[0.480s] DEBUG:colcon.colcon_core.package_identification:Package 'src/roboracer_localization' with type 'ros.ament_cmake' and name 'roboracer_localization'
[0.480s] Level 1:colcon.colcon_core.package_identification:_identify(src/roboracer_py) by extensions ['ignore', 'ignore_ament_install']
[0.480s] Level 1:colcon.colcon_core.package_identification:_identify(src/roboracer_py) by extension 'ignore'
[0.480s] Level 1:colcon.colcon_core.package_identification:_identify(src/roboracer_py) by extension 'ignore_ament_install'
[0.481s] Level 1:colcon.colcon_core.package_identification:_identify(src/roboracer_py) by extensions ['colcon_pkg']
[0.481s] Level 1:colcon.colcon_core.package_identification:_identify(src/roboracer_py) by extension 'colcon_pkg'
[0.481s] Level 1:colcon.colcon_core.package_identification:_identify(src/roboracer_py) by extensions ['colcon_meta']
[0.481s] Level 1:colcon.colcon_core.package_identification:_identify(src/roboracer_py) by extension 'colcon_meta'
[0.481s] Level 1:colcon.colcon_core.package_identification:_identify(src/roboracer_py) by extensions ['ros']
[0.481s] Level 1:colcon.colcon_core.package_identification:_identify(src/roboracer_py) by extension 'ros'
[0.482s] DEBUG:colcon.colcon_core.package_identification:Package 'src/roboracer_py' with type 'ros.ament_python' and name 'roboracer_py'
[0.482s] Level 1:colcon.colcon_core.package_identification:_identify(src/roboracer_visual_odom) by extensions ['ignore', 'ignore_ament_install']
[0.482s] Level 1:colcon.colcon_core.package_identification:_identify(src/roboracer_visual_odom) by extension 'ignore'
[0.482s] Level 1:colcon.colcon_core.package_identification:_identify(src/roboracer_visual_odom) by extension 'ignore_ament_install'
[0.482s] Level 1:colcon.colcon_core.package_identification:_identify(src/roboracer_visual_odom) by extensions ['colcon_pkg']
[0.482s] Level 1:colcon.colcon_core.package_identification:_identify(src/roboracer_visual_odom) by extension 'colcon_pkg'
[0.482s] Level 1:colcon.colcon_core.package_identification:_identify(src/roboracer_visual_odom) by extensions ['colcon_meta']
[0.482s] Level 1:colcon.colcon_core.package_identification:_identify(src/roboracer_visual_odom) by extension 'colcon_meta'
[0.482s] Level 1:colcon.colcon_core.package_identification:_identify(src/roboracer_visual_odom) by extensions ['ros']
[0.482s] Level 1:colcon.colcon_core.package_identification:_identify(src/roboracer_visual_odom) by extension 'ros'
[0.484s] DEBUG:colcon.colcon_core.package_identification:Package 'src/roboracer_visual_odom' with type 'ros.ament_cmake' and name 'roboracer_visual_odom'
[0.484s] Level 1:colcon.colcon_core.package_discovery:discover_packages(recursive) using defaults
[0.484s] Level 1:colcon.colcon_core.package_discovery:discover_packages(ignore) discover
[0.484s] Level 1:colcon.colcon_core.package_discovery:discover_packages(ignore) using defaults
[0.484s] Level 1:colcon.colcon_core.package_discovery:discover_packages(path) discover
[0.484s] Level 1:colcon.colcon_core.package_discovery:discover_packages(path) using defaults
[0.511s] Level 1:colcon.colcon_core.package_discovery:discover_packages(prefix_path) check parameters
[0.511s] Level 1:colcon.colcon_core.package_discovery:discover_packages(prefix_path) discover
[0.522s] DEBUG:colcon.colcon_installed_package_information.package_discovery:Found 5 installed packages in /home/loq/bumperbot_ws/install
[0.522s] DEBUG:colcon.colcon_installed_package_information.package_discovery:Found 5 installed packages in /home/loq/roboracer_ws/install
[0.523s] DEBUG:colcon.colcon_installed_package_information.package_discovery:Found 4 installed packages in /home/loq/ros2_action_ws/install
[0.524s] DEBUG:colcon.colcon_installed_package_information.package_discovery:Found 3 installed packages in /home/loq/turtlebot3_ws/install
[0.524s] DEBUG:colcon.colcon_installed_package_information.package_discovery:Found 2 installed packages in /home/loq/drivingcar_ws/install
[0.525s] DEBUG:colcon.colcon_installed_package_information.package_discovery:Found 5 installed packages in /home/loq/Downloads/ros2-ackermann-vehicle-gz-sim-harmonic-nav2-main/install
[0.527s] DEBUG:colcon.colcon_installed_package_information.package_discovery:Found 401 installed packages in /opt/ros/humble
[0.532s] Level 1:colcon.colcon_core.package_discovery:discover_packages(prefix_path) using defaults
[0.640s] Level 5:colcon.colcon_core.verb:set package 'roboracer_controller' build argument 'cmake_args' from command line to 'None'
[0.640s] Level 5:colcon.colcon_core.verb:set package 'roboracer_controller' build argument 'cmake_target' from command line to 'None'
[0.640s] Level 5:colcon.colcon_core.verb:set package 'roboracer_controller' build argument 'cmake_target_skip_unavailable' from command line to 'False'
[0.640s] Level 5:colcon.colcon_core.verb:set package 'roboracer_controller' build argument 'cmake_clean_cache' from command line to 'False'
[0.640s] Level 5:colcon.colcon_core.verb:set package 'roboracer_controller' build argument 'cmake_clean_first' from command line to 'False'
[0.640s] Level 5:colcon.colcon_core.verb:set package 'roboracer_controller' build argument 'cmake_force_configure' from command line to 'False'
[0.640s] Level 5:colcon.colcon_core.verb:set package 'roboracer_controller' build argument 'ament_cmake_args' from command line to 'None'
[0.640s] Level 5:colcon.colcon_core.verb:set package 'roboracer_controller' build argument 'catkin_cmake_args' from command line to 'None'
[0.641s] Level 5:colcon.colcon_core.verb:set package 'roboracer_controller' build argument 'catkin_skip_building_tests' from command line to 'False'
[0.641s] DEBUG:colcon.colcon_core.verb:Building package 'roboracer_controller' with the following arguments: {'ament_cmake_args': None, 'build_base': '/home/loq/roboracer_ws/build/roboracer_controller', 'catkin_cmake_args': None, 'catkin_skip_building_tests': False, 'cmake_args': None, 'cmake_clean_cache': False, 'cmake_clean_first': False, 'cmake_force_configure': False, 'cmake_target': None, 'cmake_target_skip_unavailable': False, 'install_base': '/home/loq/roboracer_ws/install/roboracer_controller', 'merge_install': False, 'path': '/home/loq/roboracer_ws/src/roboracer_controller', 'symlink_install': False, 'test_result_base': None}
[0.641s] Level 5:colcon.colcon_core.verb:set package 'roboracer_description' build argument 'cmake_args' from command line to 'None'
[0.641s] Level 5:colcon.colcon_core.verb:set package 'roboracer_description' build argument 'cmake_target' from command line to 'None'
[0.641s] Level 5:colcon.colcon_core.verb:set package 'roboracer_description' build argument 'cmake_target_skip_unavailable' from command line to 'False'
[0.641s] Level 5:colcon.colcon_core.verb:set package 'roboracer_description' build argument 'cmake_clean_cache' from command line to 'False'
[0.641s] Level 5:colcon.colcon_core.verb:set package 'roboracer_description' build argument 'cmake_clean_first' from command line to 'False'
[0.641s] Level 5:colcon.colcon_core.verb:set package 'roboracer_description' build argument 'cmake_force_configure' from command line to 'False'
[0.641s] Level 5:colcon.colcon_core.verb:set package 'roboracer_description' build argument 'ament_cmake_args' from command line to 'None'
[0.641s] Level 5:colcon.colcon_core.verb:set package 'roboracer_description' build argument 'catkin_cmake_args' from command line to 'None'
[0.641s] Level 5:colcon.colcon_core.verb:set package 'roboracer_description' build argument 'catkin_skip_building_tests' from command line to 'False'
[0.641s] DEBUG:colcon.colcon_core.verb:Building package 'roboracer_description' with the following arguments: {'ament_cmake_args': None, 'build_base': '/home/loq/roboracer_ws/build/roboracer_description', 'catkin_cmake_args': None, 'catkin_skip_building_tests': False, 'cmake_args': None, 'cmake_clean_cache': False, 'cmake_clean_first': False, 'cmake_force_configure': False, 'cmake_target': None, 'cmake_target_skip_unavailable': False, 'install_base': '/home/loq/roboracer_ws/install/roboracer_description', 'merge_install': False, 'path': '/home/loq/roboracer_ws/src/roboracer_description', 'symlink_install': False, 'test_result_base': None}
[0.642s] Level 5:colcon.colcon_core.verb:set package 'roboracer_localization' build argument 'cmake_args' from command line to 'None'
[0.642s] Level 5:colcon.colcon_core.verb:set package 'roboracer_localization' build argument 'cmake_target' from command line to 'None'
[0.642s] Level 5:colcon.colcon_core.verb:set package 'roboracer_localization' build argument 'cmake_target_skip_unavailable' from command line to 'False'
[0.642s] Level 5:colcon.colcon_core.verb:set package 'roboracer_localization' build argument 'cmake_clean_cache' from command line to 'False'
[0.642s] Level 5:colcon.colcon_core.verb:set package 'roboracer_localization' build argument 'cmake_clean_first' from command line to 'False'
[0.642s] Level 5:colcon.colcon_core.verb:set package 'roboracer_localization' build argument 'cmake_force_configure' from command line to 'False'
[0.642s] Level 5:colcon.colcon_core.verb:set package 'roboracer_localization' build argument 'ament_cmake_args' from command line to 'None'
[0.642s] Level 5:colcon.colcon_core.verb:set package 'roboracer_localization' build argument 'catkin_cmake_args' from command line to 'None'
[0.642s] Level 5:colcon.colcon_core.verb:set package 'roboracer_localization' build argument 'catkin_skip_building_tests' from command line to 'False'
[0.642s] DEBUG:colcon.colcon_core.verb:Building package 'roboracer_localization' with the following arguments: {'ament_cmake_args': None, 'build_base': '/home/loq/roboracer_ws/build/roboracer_localization', 'catkin_cmake_args': None, 'catkin_skip_building_tests': False, 'cmake_args': None, 'cmake_clean_cache': False, 'cmake_clean_first': False, 'cmake_force_configure': False, 'cmake_target': None, 'cmake_target_skip_unavailable': False, 'install_base': '/home/loq/roboracer_ws/install/roboracer_localization', 'merge_install': False, 'path': '/home/loq/roboracer_ws/src/roboracer_localization', 'symlink_install': False, 'test_result_base': None}
[0.642s] Level 5:colcon.colcon_core.verb:set package 'roboracer_py' build argument 'cmake_args' from command line to 'None'
[0.642s] Level 5:colcon.colcon_core.verb:set package 'roboracer_py' build argument 'cmake_target' from command line to 'None'
[0.642s] Level 5:colcon.colcon_core.verb:set package 'roboracer_py' build argument 'cmake_target_skip_unavailable' from command line to 'False'
[0.642s] Level 5:colcon.colcon_core.verb:set package 'roboracer_py' build argument 'cmake_clean_cache' from command line to 'False'
[0.642s] Level 5:colcon.colcon_core.verb:set package 'roboracer_py' build argument 'cmake_clean_first' from command line to 'False'
[0.642s] Level 5:colcon.colcon_core.verb:set package 'roboracer_py' build argument 'cmake_force_configure' from command line to 'False'
[0.643s] Level 5:colcon.colcon_core.verb:set package 'roboracer_py' build argument 'ament_cmake_args' from command line to 'None'
[0.643s] Level 5:colcon.colcon_core.verb:set package 'roboracer_py' build argument 'catkin_cmake_args' from command line to 'None'
[0.643s] Level 5:colcon.colcon_core.verb:set package 'roboracer_py' build argument 'catkin_skip_building_tests' from command line to 'False'
[0.643s] DEBUG:colcon.colcon_core.verb:Building package 'roboracer_py' with the following arguments: {'ament_cmake_args': None, 'build_base': '/home/loq/roboracer_ws/build/roboracer_py', 'catkin_cmake_args': None, 'catkin_skip_building_tests': False, 'cmake_args': None, 'cmake_clean_cache': False, 'cmake_clean_first': False, 'cmake_force_configure': False, 'cmake_target': None, 'cmake_target_skip_unavailable': False, 'install_base': '/home/loq/roboracer_ws/install/roboracer_py', 'merge_install': False, 'path': '/home/loq/roboracer_ws/src/roboracer_py', 'symlink_install': False, 'test_result_base': None}
[0.643s] Level 5:colcon.colcon_core.verb:set package 'roboracer_visual_odom' build argument 'cmake_args' from command line to 'None'
[0.643s] Level 5:colcon.colcon_core.verb:set package 'roboracer_visual_odom' build argument 'cmake_target' from command line to 'None'
[0.643s] Level 5:colcon.colcon_core.verb:set package 'roboracer_visual_odom' build argument 'cmake_target_skip_unavailable' from command line to 'False'
[0.643s] Level 5:colcon.colcon_core.verb:set package 'roboracer_visual_odom' build argument 'cmake_clean_cache' from command line to 'False'
[0.643s] Level 5:colcon.colcon_core.verb:set package 'roboracer_visual_odom' build argument 'cmake_clean_first' from command line to 'False'
[0.643s] Level 5:colcon.colcon_core.verb:set package 'roboracer_visual_odom' build argument 'cmake_force_configure' from command line to 'False'
[0.643s] Level 5:colcon.colcon_core.verb:set package 'roboracer_visual_odom' build argument 'ament_cmake_args' from command line to 'None'
[0.643s] Level 5:colcon.colcon_core.verb:set package 'roboracer_visual_odom' build argument 'catkin_cmake_args' from command line to 'None'
[0.643s] Level 5:colcon.colcon_core.verb:set package 'roboracer_visual_odom' build argument 'catkin_skip_building_tests' from command line to 'False'
[0.643s] DEBUG:colcon.colcon_core.verb:Building package 'roboracer_visual_odom' with the following arguments: {'ament_cmake_args': None, 'build_base': '/home/loq/roboracer_ws/build/roboracer_visual_odom', 'catkin_cmake_args': None, 'catkin_skip_building_tests': False, 'cmake_args': None, 'cmake_clean_cache': False, 'cmake_clean_first': False, 'cmake_force_configure': False, 'cmake_target': None, 'cmake_target_skip_unavailable': False, 'install_base': '/home/loq/roboracer_ws/install/roboracer_visual_odom', 'merge_install': False, 'path': '/home/loq/roboracer_ws/src/roboracer_visual_odom', 'symlink_install': False, 'test_result_base': None}
[0.643s] INFO:colcon.colcon_core.executor:Executing jobs using 'parallel' executor
[0.645s] DEBUG:colcon.colcon_parallel_executor.executor.parallel:run_until_complete
[0.645s] INFO:colcon.colcon_ros.task.ament_cmake.build:Building ROS package in '/home/loq/roboracer_ws/src/roboracer_controller' with build type 'ament_cmake'
[0.645s] INFO:colcon.colcon_cmake.task.cmake.build:Building CMake package in '/home/loq/roboracer_ws/src/roboracer_controller'
[0.654s] INFO:colcon.colcon_core.plugin_system:Skipping extension 'colcon_core.shell.bat': Not used on non-Windows systems
[0.655s] INFO:colcon.colcon_core.shell:Skip shell extension 'powershell' for command environment: Not usable outside of PowerShell
[0.655s] DEBUG:colcon.colcon_core.shell:Skip shell extension 'dsv' for command environment
[0.665s] INFO:colcon.colcon_ros.task.ament_cmake.build:Building ROS package in '/home/loq/roboracer_ws/src/roboracer_description' with build type 'ament_cmake'
[0.665s] INFO:colcon.colcon_cmake.task.cmake.build:Building CMake package in '/home/loq/roboracer_ws/src/roboracer_description'
[0.665s] INFO:colcon.colcon_core.shell:Skip shell extension 'powershell' for command environment: Not usable outside of PowerShell
[0.665s] DEBUG:colcon.colcon_core.shell:Skip shell extension 'dsv' for command environment
[0.677s] INFO:colcon.colcon_ros.task.ament_cmake.build:Building ROS package in '/home/loq/roboracer_ws/src/roboracer_localization' with build type 'ament_cmake'
[0.677s] INFO:colcon.colcon_cmake.task.cmake.build:Building CMake package in '/home/loq/roboracer_ws/src/roboracer_localization'
[0.677s] INFO:colcon.colcon_core.shell:Skip shell extension 'powershell' for command environment: Not usable outside of PowerShell
[0.678s] DEBUG:colcon.colcon_core.shell:Skip shell extension 'dsv' for command environment
[0.688s] INFO:colcon.colcon_ros.task.ament_python.build:Building ROS package in '/home/loq/roboracer_ws/src/roboracer_py' with build type 'ament_python'
[0.688s] Level 1:colcon.colcon_core.shell:create_environment_hook('roboracer_py', 'ament_prefix_path')
[0.689s] INFO:colcon.colcon_core.shell:Creating environment hook '/home/loq/roboracer_ws/install/roboracer_py/share/roboracer_py/hook/ament_prefix_path.ps1'
[0.690s] INFO:colcon.colcon_core.shell:Creating environment descriptor '/home/loq/roboracer_ws/install/roboracer_py/share/roboracer_py/hook/ament_prefix_path.dsv'
[0.691s] INFO:colcon.colcon_core.shell:Creating environment hook '/home/loq/roboracer_ws/install/roboracer_py/share/roboracer_py/hook/ament_prefix_path.sh'
[0.693s] INFO:colcon.colcon_core.shell:Skip shell extension 'powershell' for command environment: Not usable outside of PowerShell
[0.693s] DEBUG:colcon.colcon_core.shell:Skip shell extension 'dsv' for command environment
[0.702s] INFO:colcon.colcon_ros.task.ament_cmake.build:Building ROS package in '/home/loq/roboracer_ws/src/roboracer_visual_odom' with build type 'ament_cmake'
[0.703s] INFO:colcon.colcon_cmake.task.cmake.build:Building CMake package in '/home/loq/roboracer_ws/src/roboracer_visual_odom'
[0.703s] INFO:colcon.colcon_core.shell:Skip shell extension 'powershell' for command environment: Not usable outside of PowerShell
[0.703s] DEBUG:colcon.colcon_core.shell:Skip shell extension 'dsv' for command environment
[0.719s] DEBUG:colcon.colcon_core.event_handler.log_command:Invoking command in '/home/loq/roboracer_ws/build/roboracer_controller': CMAKE_PREFIX_PATH=${CMAKE_PREFIX_PATH}:/home/loq/drivingcar_ws/install/self_driving_car_pkg:/home/loq/bumperbot_ws/install/bumperbot_py_example:/home/loq/roboracer_ws/install/roboracer_py:/home/loq/ros2_action_ws/install/lifecycle_py:/home/loq/ros2_action_ws/install/action_py:/opt/ros/humble /usr/bin/cmake --build /home/loq/roboracer_ws/build/roboracer_controller -- -j8 -l8
[0.727s] DEBUG:colcon.colcon_core.event_handler.log_command:Invoking command in '/home/loq/roboracer_ws/build/roboracer_description': CMAKE_PREFIX_PATH=${CMAKE_PREFIX_PATH}:/home/loq/drivingcar_ws/install/self_driving_car_pkg:/home/loq/bumperbot_ws/install/bumperbot_py_example:/home/loq/roboracer_ws/install/roboracer_py:/home/loq/ros2_action_ws/install/lifecycle_py:/home/loq/ros2_action_ws/install/action_py:/opt/ros/humble /usr/bin/cmake --build /home/loq/roboracer_ws/build/roboracer_description -- -j8 -l8
[0.737s] DEBUG:colcon.colcon_core.event_handler.log_command:Invoking command in '/home/loq/roboracer_ws/build/roboracer_localization': CMAKE_PREFIX_PATH=${CMAKE_PREFIX_PATH}:/home/loq/drivingcar_ws/install/self_driving_car_pkg:/home/loq/bumperbot_ws/install/bumperbot_py_example:/home/loq/roboracer_ws/install/roboracer_py:/home/loq/ros2_action_ws/install/lifecycle_py:/home/loq/ros2_action_ws/install/action_py:/opt/ros/humble /usr/bin/cmake --build /home/loq/roboracer_ws/build/roboracer_localization -- -j8 -l8
[1.137s] INFO:colcon.colcon_core.task.python.build:Building Python package in '/home/loq/roboracer_ws/src/roboracer_py'
[1.137s] INFO:colcon.colcon_core.shell:Skip shell extension 'powershell' for command environment: Not usable outside of PowerShell
[1.137s] DEBUG:colcon.colcon_core.shell:Skip shell extension 'dsv' for command environment
[1.155s] DEBUG:colcon.colcon_core.event_handler.log_command:Invoking command in '/home/loq/roboracer_ws/build/roboracer_visual_odom': CMAKE_PREFIX_PATH=${CMAKE_PREFIX_PATH}:/home/loq/drivingcar_ws/install/self_driving_car_pkg:/home/loq/bumperbot_ws/install/bumperbot_py_example:/home/loq/roboracer_ws/install/roboracer_py:/home/loq/ros2_action_ws/install/lifecycle_py:/home/loq/ros2_action_ws/install/action_py:/opt/ros/humble /usr/bin/cmake --build /home/loq/roboracer_ws/build/roboracer_visual_odom -- -j8 -l8
[1.156s] DEBUG:colcon.colcon_core.event_handler.log_command:Invoked command in '/home/loq/roboracer_ws/build/roboracer_localization' returned '0': CMAKE_PREFIX_PATH=${CMAKE_PREFIX_PATH}:/home/loq/drivingcar_ws/install/self_driving_car_pkg:/home/loq/bumperbot_ws/install/bumperbot_py_example:/home/loq/roboracer_ws/install/roboracer_py:/home/loq/ros2_action_ws/install/lifecycle_py:/home/loq/ros2_action_ws/install/action_py:/opt/ros/humble /usr/bin/cmake --build /home/loq/roboracer_ws/build/roboracer_localization -- -j8 -l8
[1.170s] DEBUG:colcon.colcon_core.event_handler.log_command:Invoking command in '/home/loq/roboracer_ws/build/roboracer_localization': CMAKE_PREFIX_PATH=${CMAKE_PREFIX_PATH}:/home/loq/drivingcar_ws/install/self_driving_car_pkg:/home/loq/bumperbot_ws/install/bumperbot_py_example:/home/loq/roboracer_ws/install/roboracer_py:/home/loq/ros2_action_ws/install/lifecycle_py:/home/loq/ros2_action_ws/install/action_py:/opt/ros/humble /usr/bin/cmake --install /home/loq/roboracer_ws/build/roboracer_localization
[1.175s] DEBUG:colcon.colcon_core.event_handler.log_command:Invoked command in '/home/loq/roboracer_ws/build/roboracer_description' returned '0': CMAKE_PREFIX_PATH=${CMAKE_PREFIX_PATH}:/home/loq/drivingcar_ws/install/self_driving_car_pkg:/home/loq/bumperbot_ws/install/bumperbot_py_example:/home/loq/roboracer_ws/install/roboracer_py:/home/loq/ros2_action_ws/install/lifecycle_py:/home/loq/ros2_action_ws/install/action_py:/opt/ros/humble /usr/bin/cmake --build /home/loq/roboracer_ws/build/roboracer_description -- -j8 -l8
[1.178s] DEBUG:colcon.colcon_core.event_handler.log_command:Invoking command in '/home/loq/roboracer_ws/build/roboracer_description': CMAKE_PREFIX_PATH=${CMAKE_PREFIX_PATH}:/home/loq/drivingcar_ws/install/self_driving_car_pkg:/home/loq/bumperbot_ws/install/bumperbot_py_example:/home/loq/roboracer_ws/install/roboracer_py:/home/loq/ros2_action_ws/install/lifecycle_py:/home/loq/ros2_action_ws/install/action_py:/opt/ros/humble /usr/bin/cmake --install /home/loq/roboracer_ws/build/roboracer_description
[1.179s] DEBUG:colcon.colcon_core.event_handler.log_command:Invoked command in '/home/loq/roboracer_ws/build/roboracer_controller' returned '0': CMAKE_PREFIX_PATH=${CMAKE_PREFIX_PATH}:/home/loq/drivingcar_ws/install/self_driving_car_pkg:/home/loq/bumperbot_ws/install/bumperbot_py_example:/home/loq/roboracer_ws/install/roboracer_py:/home/loq/ros2_action_ws/install/lifecycle_py:/home/loq/ros2_action_ws/install/action_py:/opt/ros/humble /usr/bin/cmake --build /home/loq/roboracer_ws/build/roboracer_controller -- -j8 -l8
[1.185s] DEBUG:colcon.colcon_core.event_handler.log_command:Invoking command in '/home/loq/roboracer_ws/build/roboracer_controller': CMAKE_PREFIX_PATH=${CMAKE_PREFIX_PATH}:/home/loq/drivingcar_ws/install/self_driving_car_pkg:/home/loq/bumperbot_ws/install/bumperbot_py_example:/home/loq/roboracer_ws/install/roboracer_py:/home/loq/ros2_action_ws/install/lifecycle_py:/home/loq/ros2_action_ws/install/action_py:/opt/ros/humble /usr/bin/cmake --install /home/loq/roboracer_ws/build/roboracer_controller
[1.198s] Level 1:colcon.colcon_core.environment:create_environment_scripts_only(roboracer_localization)
[1.203s] DEBUG:colcon.colcon_core.event_handler.log_command:Invoked command in '/home/loq/roboracer_ws/build/roboracer_localization' returned '0': CMAKE_PREFIX_PATH=${CMAKE_PREFIX_PATH}:/home/loq/drivingcar_ws/install/self_driving_car_pkg:/home/loq/bumperbot_ws/install/bumperbot_py_example:/home/loq/roboracer_ws/install/roboracer_py:/home/loq/ros2_action_ws/install/lifecycle_py:/home/loq/ros2_action_ws/install/action_py:/opt/ros/humble /usr/bin/cmake --install /home/loq/roboracer_ws/build/roboracer_localization
[1.220s] Level 1:colcon.colcon_core.environment:checking '/home/loq/roboracer_ws/install/roboracer_localization' for CMake module files
[1.223s] Level 1:colcon.colcon_core.environment:checking '/home/loq/roboracer_ws/install/roboracer_localization' for CMake config files
[1.223s] Level 1:colcon.colcon_core.shell:create_environment_hook('roboracer_localization', 'cmake_prefix_path')
[1.223s] INFO:colcon.colcon_core.shell:Creating environment hook '/home/loq/roboracer_ws/install/roboracer_localization/share/roboracer_localization/hook/cmake_prefix_path.ps1'
[1.225s] INFO:colcon.colcon_core.shell:Creating environment descriptor '/home/loq/roboracer_ws/install/roboracer_localization/share/roboracer_localization/hook/cmake_prefix_path.dsv'
[1.225s] INFO:colcon.colcon_core.shell:Creating environment hook '/home/loq/roboracer_ws/install/roboracer_localization/share/roboracer_localization/hook/cmake_prefix_path.sh'
[1.226s] Level 1:colcon.colcon_core.environment:checking '/home/loq/roboracer_ws/install/roboracer_localization/lib'
[1.226s] Level 1:colcon.colcon_core.environment:checking '/home/loq/roboracer_ws/install/roboracer_localization/bin'
[1.226s] Level 1:colcon.colcon_core.environment:checking '/home/loq/roboracer_ws/install/roboracer_localization/lib/pkgconfig/roboracer_localization.pc'
[1.227s] Level 1:colcon.colcon_core.environment:checking '/home/loq/roboracer_ws/install/roboracer_localization/lib/python3.10/site-packages'
[1.227s] Level 1:colcon.colcon_core.environment:checking '/home/loq/roboracer_ws/install/roboracer_localization/bin'
[1.229s] INFO:colcon.colcon_core.shell:Creating package script '/home/loq/roboracer_ws/install/roboracer_localization/share/roboracer_localization/package.ps1'
[1.230s] INFO:colcon.colcon_core.shell:Creating package descriptor '/home/loq/roboracer_ws/install/roboracer_localization/share/roboracer_localization/package.dsv'
[1.232s] INFO:colcon.colcon_core.shell:Creating package script '/home/loq/roboracer_ws/install/roboracer_localization/share/roboracer_localization/package.sh'
[1.233s] INFO:colcon.colcon_core.shell:Creating package script '/home/loq/roboracer_ws/install/roboracer_localization/share/roboracer_localization/package.bash'
[1.237s] INFO:colcon.colcon_core.shell:Creating package script '/home/loq/roboracer_ws/install/roboracer_localization/share/roboracer_localization/package.zsh'
[1.243s] Level 1:colcon.colcon_core.environment:create_file_with_runtime_dependencies(/home/loq/roboracer_ws/install/roboracer_localization/share/colcon-core/packages/roboracer_localization)
[1.244s] Level 1:colcon.colcon_core.environment:create_environment_scripts_only(roboracer_localization)
[1.244s] Level 1:colcon.colcon_core.environment:checking '/home/loq/roboracer_ws/install/roboracer_localization' for CMake module files
[1.244s] Level 1:colcon.colcon_core.environment:checking '/home/loq/roboracer_ws/install/roboracer_localization' for CMake config files
[1.245s] Level 1:colcon.colcon_core.shell:create_environment_hook('roboracer_localization', 'cmake_prefix_path')
[1.245s] INFO:colcon.colcon_core.shell:Creating environment hook '/home/loq/roboracer_ws/install/roboracer_localization/share/roboracer_localization/hook/cmake_prefix_path.ps1'
[1.246s] INFO:colcon.colcon_core.shell:Creating environment descriptor '/home/loq/roboracer_ws/install/roboracer_localization/share/roboracer_localization/hook/cmake_prefix_path.dsv'
[1.247s] INFO:colcon.colcon_core.shell:Creating environment hook '/home/loq/roboracer_ws/install/roboracer_localization/share/roboracer_localization/hook/cmake_prefix_path.sh'
[1.249s] Level 1:colcon.colcon_core.environment:checking '/home/loq/roboracer_ws/install/roboracer_localization/lib'
[1.249s] Level 1:colcon.colcon_core.environment:checking '/home/loq/roboracer_ws/install/roboracer_localization/bin'
[1.250s] Level 1:colcon.colcon_core.environment:checking '/home/loq/roboracer_ws/install/roboracer_localization/lib/pkgconfig/roboracer_localization.pc'
[1.250s] Level 1:colcon.colcon_core.environment:checking '/home/loq/roboracer_ws/install/roboracer_localization/lib/python3.10/site-packages'
[1.250s] Level 1:colcon.colcon_core.environment:checking '/home/loq/roboracer_ws/install/roboracer_localization/bin'
[1.251s] INFO:colcon.colcon_core.shell:Creating package script '/home/loq/roboracer_ws/install/roboracer_localization/share/roboracer_localization/package.ps1'
[1.252s] INFO:colcon.colcon_core.shell:Creating package descriptor '/home/loq/roboracer_ws/install/roboracer_localization/share/roboracer_localization/package.dsv'
[1.254s] INFO:colcon.colcon_core.shell:Creating package script '/home/loq/roboracer_ws/install/roboracer_localization/share/roboracer_localization/package.sh'
[1.255s] INFO:colcon.colcon_core.shell:Creating package script '/home/loq/roboracer_ws/install/roboracer_localization/share/roboracer_localization/package.bash'
[1.255s] INFO:colcon.colcon_core.shell:Creating package script '/home/loq/roboracer_ws/install/roboracer_localization/share/roboracer_localization/package.zsh'
[1.256s] Level 1:colcon.colcon_core.environment:create_file_with_runtime_dependencies(/home/loq/roboracer_ws/install/roboracer_localization/share/colcon-core/packages/roboracer_localization)
[1.257s] Level 1:colcon.colcon_core.environment:create_environment_scripts_only(roboracer_description)
[1.258s] Level 1:colcon.colcon_core.environment:checking '/home/loq/roboracer_ws/install/roboracer_description' for CMake module files
[1.259s] DEBUG:colcon.colcon_core.event_handler.log_command:Invoked command in '/home/loq/roboracer_ws/build/roboracer_description' returned '0': CMAKE_PREFIX_PATH=${CMAKE_PREFIX_PATH}:/home/loq/drivingcar_ws/install/self_driving_car_pkg:/home/loq/bumperbot_ws/install/bumperbot_py_example:/home/loq/roboracer_ws/install/roboracer_py:/home/loq/ros2_action_ws/install/lifecycle_py:/home/loq/ros2_action_ws/install/action_py:/opt/ros/humble /usr/bin/cmake --install /home/loq/roboracer_ws/build/roboracer_description
[1.259s] Level 1:colcon.colcon_core.environment:checking '/home/loq/roboracer_ws/install/roboracer_description' for CMake config files
[1.262s] Level 1:colcon.colcon_core.shell:create_environment_hook('roboracer_description', 'cmake_prefix_path')
[1.263s] INFO:colcon.colcon_core.shell:Creating environment hook '/home/loq/roboracer_ws/install/roboracer_description/share/roboracer_description/hook/cmake_prefix_path.ps1'
[1.263s] INFO:colcon.colcon_core.shell:Creating environment descriptor '/home/loq/roboracer_ws/install/roboracer_description/share/roboracer_description/hook/cmake_prefix_path.dsv'
[1.264s] INFO:colcon.colcon_core.shell:Creating environment hook '/home/loq/roboracer_ws/install/roboracer_description/share/roboracer_description/hook/cmake_prefix_path.sh'
[1.264s] Level 1:colcon.colcon_core.environment:checking '/home/loq/roboracer_ws/install/roboracer_description/bin'
[1.264s] Level 1:colcon.colcon_core.environment:checking '/home/loq/roboracer_ws/install/roboracer_description/lib/pkgconfig/roboracer_description.pc'
[1.265s] Level 1:colcon.colcon_core.environment:checking '/home/loq/roboracer_ws/install/roboracer_description/lib/python3.10/site-packages'
[1.265s] Level 1:colcon.colcon_core.environment:checking '/home/loq/roboracer_ws/install/roboracer_description/bin'
[1.265s] INFO:colcon.colcon_core.shell:Creating package script '/home/loq/roboracer_ws/install/roboracer_description/share/roboracer_description/package.ps1'
[1.266s] INFO:colcon.colcon_core.shell:Creating package descriptor '/home/loq/roboracer_ws/install/roboracer_description/share/roboracer_description/package.dsv'
[1.266s] INFO:colcon.colcon_core.shell:Creating package script '/home/loq/roboracer_ws/install/roboracer_description/share/roboracer_description/package.sh'
[1.267s] INFO:colcon.colcon_core.shell:Creating package script '/home/loq/roboracer_ws/install/roboracer_description/share/roboracer_description/package.bash'
[1.267s] INFO:colcon.colcon_core.shell:Creating package script '/home/loq/roboracer_ws/install/roboracer_description/share/roboracer_description/package.zsh'
[1.267s] Level 1:colcon.colcon_core.environment:create_file_with_runtime_dependencies(/home/loq/roboracer_ws/install/roboracer_description/share/colcon-core/packages/roboracer_description)
[1.268s] Level 1:colcon.colcon_core.environment:create_environment_scripts_only(roboracer_description)
[1.268s] Level 1:colcon.colcon_core.environment:checking '/home/loq/roboracer_ws/install/roboracer_description' for CMake module files
[1.269s] Level 1:colcon.colcon_core.environment:checking '/home/loq/roboracer_ws/install/roboracer_description' for CMake config files
[1.272s] Level 1:colcon.colcon_core.shell:create_environment_hook('roboracer_description', 'cmake_prefix_path')
[1.272s] INFO:colcon.colcon_core.shell:Creating environment hook '/home/loq/roboracer_ws/install/roboracer_description/share/roboracer_description/hook/cmake_prefix_path.ps1'
[1.273s] INFO:colcon.colcon_core.shell:Creating environment descriptor '/home/loq/roboracer_ws/install/roboracer_description/share/roboracer_description/hook/cmake_prefix_path.dsv'
[1.273s] INFO:colcon.colcon_core.shell:Creating environment hook '/home/loq/roboracer_ws/install/roboracer_description/share/roboracer_description/hook/cmake_prefix_path.sh'
[1.274s] Level 1:colcon.colcon_core.environment:checking '/home/loq/roboracer_ws/install/roboracer_description/bin'
[1.274s] Level 1:colcon.colcon_core.environment:checking '/home/loq/roboracer_ws/install/roboracer_description/lib/pkgconfig/roboracer_description.pc'
[1.274s] Level 1:colcon.colcon_core.environment:checking '/home/loq/roboracer_ws/install/roboracer_description/lib/python3.10/site-packages'
[1.274s] Level 1:colcon.colcon_core.environment:checking '/home/loq/roboracer_ws/install/roboracer_description/bin'
[1.275s] INFO:colcon.colcon_core.shell:Creating package script '/home/loq/roboracer_ws/install/roboracer_description/share/roboracer_description/package.ps1'
[1.275s] INFO:colcon.colcon_core.shell:Creating package descriptor '/home/loq/roboracer_ws/install/roboracer_description/share/roboracer_description/package.dsv'
[1.276s] INFO:colcon.colcon_core.shell:Creating package script '/home/loq/roboracer_ws/install/roboracer_description/share/roboracer_description/package.sh'
[1.276s] INFO:colcon.colcon_core.shell:Creating package script '/home/loq/roboracer_ws/install/roboracer_description/share/roboracer_description/package.bash'
[1.276s] INFO:colcon.colcon_core.shell:Creating package script '/home/loq/roboracer_ws/install/roboracer_description/share/roboracer_description/package.zsh'
[1.277s] Level 1:colcon.colcon_core.environment:create_file_with_runtime_dependencies(/home/loq/roboracer_ws/install/roboracer_description/share/colcon-core/packages/roboracer_description)
[1.277s] Level 1:colcon.colcon_core.environment:create_environment_scripts_only(roboracer_controller)
[1.277s] Level 1:colcon.colcon_core.environment:checking '/home/loq/roboracer_ws/install/roboracer_controller' for CMake module files
[1.278s] Level 1:colcon.colcon_core.environment:checking '/home/loq/roboracer_ws/install/roboracer_controller' for CMake config files
[1.279s] DEBUG:colcon.colcon_core.event_handler.log_command:Invoked command in '/home/loq/roboracer_ws/build/roboracer_controller' returned '0': CMAKE_PREFIX_PATH=${CMAKE_PREFIX_PATH}:/home/loq/drivingcar_ws/install/self_driving_car_pkg:/home/loq/bumperbot_ws/install/bumperbot_py_example:/home/loq/roboracer_ws/install/roboracer_py:/home/loq/ros2_action_ws/install/lifecycle_py:/home/loq/ros2_action_ws/install/action_py:/opt/ros/humble /usr/bin/cmake --install /home/loq/roboracer_ws/build/roboracer_controller
[1.279s] Level 1:colcon.colcon_core.shell:create_environment_hook('roboracer_controller', 'cmake_prefix_path')
[1.279s] INFO:colcon.colcon_core.shell:Creating environment hook '/home/loq/roboracer_ws/install/roboracer_controller/share/roboracer_controller/hook/cmake_prefix_path.ps1'
[1.280s] INFO:colcon.colcon_core.shell:Creating environment descriptor '/home/loq/roboracer_ws/install/roboracer_controller/share/roboracer_controller/hook/cmake_prefix_path.dsv'
[1.280s] INFO:colcon.colcon_core.shell:Creating environment hook '/home/loq/roboracer_ws/install/roboracer_controller/share/roboracer_controller/hook/cmake_prefix_path.sh'
[1.281s] Level 1:colcon.colcon_core.environment:checking '/home/loq/roboracer_ws/install/roboracer_controller/lib'
[1.281s] Level 1:colcon.colcon_core.environment:checking '/home/loq/roboracer_ws/install/roboracer_controller/bin'
[1.281s] Level 1:colcon.colcon_core.environment:checking '/home/loq/roboracer_ws/install/roboracer_controller/lib/pkgconfig/roboracer_controller.pc'
[1.281s] Level 1:colcon.colcon_core.environment:checking '/home/loq/roboracer_ws/install/roboracer_controller/lib/python3.10/site-packages'
[1.281s] Level 1:colcon.colcon_core.environment:checking '/home/loq/roboracer_ws/install/roboracer_controller/bin'
[1.282s] INFO:colcon.colcon_core.shell:Creating package script '/home/loq/roboracer_ws/install/roboracer_controller/share/roboracer_controller/package.ps1'
[1.282s] INFO:colcon.colcon_core.shell:Creating package descriptor '/home/loq/roboracer_ws/install/roboracer_controller/share/roboracer_controller/package.dsv'
[1.283s] INFO:colcon.colcon_core.shell:Creating package script '/home/loq/roboracer_ws/install/roboracer_controller/share/roboracer_controller/package.sh'
[1.283s] INFO:colcon.colcon_core.shell:Creating package script '/home/loq/roboracer_ws/install/roboracer_controller/share/roboracer_controller/package.bash'
[1.284s] INFO:colcon.colcon_core.shell:Creating package script '/home/loq/roboracer_ws/install/roboracer_controller/share/roboracer_controller/package.zsh'
[1.284s] Level 1:colcon.colcon_core.environment:create_file_with_runtime_dependencies(/home/loq/roboracer_ws/install/roboracer_controller/share/colcon-core/packages/roboracer_controller)
[1.285s] Level 1:colcon.colcon_core.environment:create_environment_scripts_only(roboracer_controller)
[1.285s] Level 1:colcon.colcon_core.environment:checking '/home/loq/roboracer_ws/install/roboracer_controller' for CMake module files
[1.286s] Level 1:colcon.colcon_core.environment:checking '/home/loq/roboracer_ws/install/roboracer_controller' for CMake config files
[1.286s] Level 1:colcon.colcon_core.shell:create_environment_hook('roboracer_controller', 'cmake_prefix_path')
[1.286s] INFO:colcon.colcon_core.shell:Creating environment hook '/home/loq/roboracer_ws/install/roboracer_controller/share/roboracer_controller/hook/cmake_prefix_path.ps1'
[1.287s] INFO:colcon.colcon_core.shell:Creating environment descriptor '/home/loq/roboracer_ws/install/roboracer_controller/share/roboracer_controller/hook/cmake_prefix_path.dsv'
[1.287s] INFO:colcon.colcon_core.shell:Creating environment hook '/home/loq/roboracer_ws/install/roboracer_controller/share/roboracer_controller/hook/cmake_prefix_path.sh'
[1.288s] Level 1:colcon.colcon_core.environment:checking '/home/loq/roboracer_ws/install/roboracer_controller/lib'
[1.288s] Level 1:colcon.colcon_core.environment:checking '/home/loq/roboracer_ws/install/roboracer_controller/bin'
[1.288s] Level 1:colcon.colcon_core.environment:checking '/home/loq/roboracer_ws/install/roboracer_controller/lib/pkgconfig/roboracer_controller.pc'
[1.288s] Level 1:colcon.colcon_core.environment:checking '/home/loq/roboracer_ws/install/roboracer_controller/lib/python3.10/site-packages'
[1.289s] Level 1:colcon.colcon_core.environment:checking '/home/loq/roboracer_ws/install/roboracer_controller/bin'
[1.289s] INFO:colcon.colcon_core.shell:Creating package script '/home/loq/roboracer_ws/install/roboracer_controller/share/roboracer_controller/package.ps1'
[1.290s] INFO:colcon.colcon_core.shell:Creating package descriptor '/home/loq/roboracer_ws/install/roboracer_controller/share/roboracer_controller/package.dsv'
[1.290s] INFO:colcon.colcon_core.shell:Creating package script '/home/loq/roboracer_ws/install/roboracer_controller/share/roboracer_controller/package.sh'
[1.290s] INFO:colcon.colcon_core.shell:Creating package script '/home/loq/roboracer_ws/install/roboracer_controller/share/roboracer_controller/package.bash'
[1.291s] INFO:colcon.colcon_core.shell:Creating package script '/home/loq/roboracer_ws/install/roboracer_controller/share/roboracer_controller/package.zsh'
[1.291s] Level 1:colcon.colcon_core.environment:create_file_with_runtime_dependencies(/home/loq/roboracer_ws/install/roboracer_controller/share/colcon-core/packages/roboracer_controller)
[1.730s] DEBUG:colcon.colcon_core.event_handler.log_command:Invoking command in '/home/loq/roboracer_ws/src/roboracer_py': PYTHONPATH=/home/loq/roboracer_ws/build/roboracer_py/prefix_override:/usr/lib/python3/dist-packages/colcon_core/task/python/colcon_distutils_commands:/home/loq/roboracer_ws/install/roboracer_py/lib/python3.10/site-packages:${PYTHONPATH} /usr/bin/python3 -W ignore:setup.py install is deprecated -W ignore:easy_install command is deprecated setup.py egg_info --egg-base ../../build/roboracer_py build --build-base /home/loq/roboracer_ws/build/roboracer_py/build install --record /home/loq/roboracer_ws/build/roboracer_py/install.log --single-version-externally-managed install_data
[2.152s] Level 1:colcon.colcon_core.environment:checking '/home/loq/roboracer_ws/install/roboracer_py' for CMake module files
[2.153s] DEBUG:colcon.colcon_core.event_handler.log_command:Invoked command in '/home/loq/roboracer_ws/src/roboracer_py' returned '0': PYTHONPATH=/home/loq/roboracer_ws/build/roboracer_py/prefix_override:/usr/lib/python3/dist-packages/colcon_core/task/python/colcon_distutils_commands:/home/loq/roboracer_ws/install/roboracer_py/lib/python3.10/site-packages:${PYTHONPATH} /usr/bin/python3 -W ignore:setup.py install is deprecated -W ignore:easy_install command is deprecated setup.py egg_info --egg-base ../../build/roboracer_py build --build-base /home/loq/roboracer_ws/build/roboracer_py/build install --record /home/loq/roboracer_ws/build/roboracer_py/install.log --single-version-externally-managed install_data
[2.153s] Level 1:colcon.colcon_core.environment:checking '/home/loq/roboracer_ws/install/roboracer_py' for CMake config files
[2.154s] Level 1:colcon.colcon_core.environment:checking '/home/loq/roboracer_ws/install/roboracer_py/lib'
[2.154s] Level 1:colcon.colcon_core.environment:checking '/home/loq/roboracer_ws/install/roboracer_py/bin'
[2.154s] Level 1:colcon.colcon_core.environment:checking '/home/loq/roboracer_ws/install/roboracer_py/lib/pkgconfig/roboracer_py.pc'
[2.154s] Level 1:colcon.colcon_core.environment:checking '/home/loq/roboracer_ws/install/roboracer_py/lib/python3.10/site-packages'
[2.154s] Level 1:colcon.colcon_core.shell:create_environment_hook('roboracer_py', 'pythonpath')
[2.155s] INFO:colcon.colcon_core.shell:Creating environment hook '/home/loq/roboracer_ws/install/roboracer_py/share/roboracer_py/hook/pythonpath.ps1'
[2.155s] INFO:colcon.colcon_core.shell:Creating environment descriptor '/home/loq/roboracer_ws/install/roboracer_py/share/roboracer_py/hook/pythonpath.dsv'
[2.156s] INFO:colcon.colcon_core.shell:Creating environment hook '/home/loq/roboracer_ws/install/roboracer_py/share/roboracer_py/hook/pythonpath.sh'
[2.156s] Level 1:colcon.colcon_core.environment:checking '/home/loq/roboracer_ws/install/roboracer_py/bin'
[2.156s] Level 1:colcon.colcon_core.environment:create_environment_scripts_only(roboracer_py)
[2.157s] INFO:colcon.colcon_core.shell:Creating package script '/home/loq/roboracer_ws/install/roboracer_py/share/roboracer_py/package.ps1'
[2.157s] INFO:colcon.colcon_core.shell:Creating package descriptor '/home/loq/roboracer_ws/install/roboracer_py/share/roboracer_py/package.dsv'
[2.158s] INFO:colcon.colcon_core.shell:Creating package script '/home/loq/roboracer_ws/install/roboracer_py/share/roboracer_py/package.sh'
[2.158s] INFO:colcon.colcon_core.shell:Creating package script '/home/loq/roboracer_ws/install/roboracer_py/share/roboracer_py/package.bash'
[2.159s] INFO:colcon.colcon_core.shell:Creating package script '/home/loq/roboracer_ws/install/roboracer_py/share/roboracer_py/package.zsh'
[2.159s] Level 1:colcon.colcon_core.environment:create_file_with_runtime_dependencies(/home/loq/roboracer_ws/install/roboracer_py/share/colcon-core/packages/roboracer_py)
[23.672s] DEBUG:colcon.colcon_core.event_handler.log_command:Invoked command in '/home/loq/roboracer_ws/build/roboracer_visual_odom' returned '0': CMAKE_PREFIX_PATH=${CMAKE_PREFIX_PATH}:/home/loq/drivingcar_ws/install/self_driving_car_pkg:/home/loq/bumperbot_ws/install/bumperbot_py_example:/home/loq/roboracer_ws/install/roboracer_py:/home/loq/ros2_action_ws/install/lifecycle_py:/home/loq/ros2_action_ws/install/action_py:/opt/ros/humble /usr/bin/cmake --build /home/loq/roboracer_ws/build/roboracer_visual_odom -- -j8 -l8
[23.681s] DEBUG:colcon.colcon_core.event_handler.log_command:Invoking command in '/home/loq/roboracer_ws/build/roboracer_visual_odom': CMAKE_PREFIX_PATH=${CMAKE_PREFIX_PATH}:/home/loq/drivingcar_ws/install/self_driving_car_pkg:/home/loq/bumperbot_ws/install/bumperbot_py_example:/home/loq/roboracer_ws/install/roboracer_py:/home/loq/ros2_action_ws/install/lifecycle_py:/home/loq/ros2_action_ws/install/action_py:/opt/ros/humble /usr/bin/cmake --install /home/loq/roboracer_ws/build/roboracer_visual_odom
[23.696s] Level 1:colcon.colcon_core.environment:create_environment_scripts_only(roboracer_visual_odom)
[23.696s] Level 1:colcon.colcon_core.environment:checking '/home/loq/roboracer_ws/install/roboracer_visual_odom' for CMake module files
[23.696s] DEBUG:colcon.colcon_core.event_handler.log_command:Invoked command in '/home/loq/roboracer_ws/build/roboracer_visual_odom' returned '0': CMAKE_PREFIX_PATH=${CMAKE_PREFIX_PATH}:/home/loq/drivingcar_ws/install/self_driving_car_pkg:/home/loq/bumperbot_ws/install/bumperbot_py_example:/home/loq/roboracer_ws/install/roboracer_py:/home/loq/ros2_action_ws/install/lifecycle_py:/home/loq/ros2_action_ws/install/action_py:/opt/ros/humble /usr/bin/cmake --install /home/loq/roboracer_ws/build/roboracer_visual_odom
[23.697s] Level 1:colcon.colcon_core.environment:checking '/home/loq/roboracer_ws/install/roboracer_visual_odom' for CMake config files
[23.697s] Level 1:colcon.colcon_core.shell:create_environment_hook('roboracer_visual_odom', 'cmake_prefix_path')
[23.697s] INFO:colcon.colcon_core.shell:Creating environment hook '/home/loq/roboracer_ws/install/roboracer_visual_odom/share/roboracer_visual_odom/hook/cmake_prefix_path.ps1'
[23.697s] INFO:colcon.colcon_core.shell:Creating environment descriptor '/home/loq/roboracer_ws/install/roboracer_visual_odom/share/roboracer_visual_odom/hook/cmake_prefix_path.dsv'
[23.698s] INFO:colcon.colcon_core.shell:Creating environment hook '/home/loq/roboracer_ws/install/roboracer_visual_odom/share/roboracer_visual_odom/hook/cmake_prefix_path.sh'
[23.698s] Level 1:colcon.colcon_core.environment:checking '/home/loq/roboracer_ws/install/roboracer_visual_odom/lib'
[23.698s] Level 1:colcon.colcon_core.environment:checking '/home/loq/roboracer_ws/install/roboracer_visual_odom/bin'
[23.698s] Level 1:colcon.colcon_core.environment:checking '/home/loq/roboracer_ws/install/roboracer_visual_odom/lib/pkgconfig/roboracer_visual_odom.pc'
[23.698s] Level 1:colcon.colcon_core.environment:checking '/home/loq/roboracer_ws/install/roboracer_visual_odom/lib/python3.10/site-packages'
[23.698s] Level 1:colcon.colcon_core.environment:checking '/home/loq/roboracer_ws/install/roboracer_visual_odom/bin'
[23.699s] INFO:colcon.colcon_core.shell:Creating package script '/home/loq/roboracer_ws/install/roboracer_visual_odom/share/roboracer_visual_odom/package.ps1'
[23.699s] INFO:colcon.colcon_core.shell:Creating package descriptor '/home/loq/roboracer_ws/install/roboracer_visual_odom/share/roboracer_visual_odom/package.dsv'
[23.699s] INFO:colcon.colcon_core.shell:Creating package script '/home/loq/roboracer_ws/install/roboracer_visual_odom/share/roboracer_visual_odom/package.sh'
[23.700s] INFO:colcon.colcon_core.shell:Creating package script '/home/loq/roboracer_ws/install/roboracer_visual_odom/share/roboracer_visual_odom/package.bash'
[23.700s] INFO:colcon.colcon_core.shell:Creating package script '/home/loq/roboracer_ws/install/roboracer_visual_odom/share/roboracer_visual_odom/package.zsh'
[23.700s] Level 1:colcon.colcon_core.environment:create_file_with_runtime_dependencies(/home/loq/roboracer_ws/install/roboracer_visual_odom/share/colcon-core/packages/roboracer_visual_odom)
[23.700s] Level 1:colcon.colcon_core.environment:create_environment_scripts_only(roboracer_visual_odom)
[23.701s] Level 1:colcon.colcon_core.environment:checking '/home/loq/roboracer_ws/install/roboracer_visual_odom' for CMake module files
[23.701s] Level 1:colcon.colcon_core.environment:checking '/home/loq/roboracer_ws/install/roboracer_visual_odom' for CMake config files
[23.701s] Level 1:colcon.colcon_core.shell:create_environment_hook('roboracer_visual_odom', 'cmake_prefix_path')
[23.701s] INFO:colcon.colcon_core.shell:Creating environment hook '/home/loq/roboracer_ws/install/roboracer_visual_odom/share/roboracer_visual_odom/hook/cmake_prefix_path.ps1'
[23.701s] INFO:colcon.colcon_core.shell:Creating environment descriptor '/home/loq/roboracer_ws/install/roboracer_visual_odom/share/roboracer_visual_odom/hook/cmake_prefix_path.dsv'
[23.702s] INFO:colcon.colcon_core.shell:Creating environment hook '/home/loq/roboracer_ws/install/roboracer_visual_odom/share/roboracer_visual_odom/hook/cmake_prefix_path.sh'
[23.702s] Level 1:colcon.colcon_core.environment:checking '/home/loq/roboracer_ws/install/roboracer_visual_odom/lib'
[23.702s] Level 1:colcon.colcon_core.environment:checking '/home/loq/roboracer_ws/install/roboracer_visual_odom/bin'
[23.702s] Level 1:colcon.colcon_core.environment:checking '/home/loq/roboracer_ws/install/roboracer_visual_odom/lib/pkgconfig/roboracer_visual_odom.pc'
[23.702s] Level 1:colcon.colcon_core.environment:checking '/home/loq/roboracer_ws/install/roboracer_visual_odom/lib/python3.10/site-packages'
[23.702s] Level 1:colcon.colcon_core.environment:checking '/home/loq/roboracer_ws/install/roboracer_visual_odom/bin'
[23.703s] INFO:colcon.colcon_core.shell:Creating package script '/home/loq/roboracer_ws/install/roboracer_visual_odom/share/roboracer_visual_odom/package.ps1'
[23.703s] INFO:colcon.colcon_core.shell:Creating package descriptor '/home/loq/roboracer_ws/install/roboracer_visual_odom/share/roboracer_visual_odom/package.dsv'
[23.703s] INFO:colcon.colcon_core.shell:Creating package script '/home/loq/roboracer_ws/install/roboracer_visual_odom/share/roboracer_visual_odom/package.sh'
[23.704s] INFO:colcon.colcon_core.shell:Creating package script '/home/loq/roboracer_ws/install/roboracer_visual_odom/share/roboracer_visual_odom/package.bash'
[23.704s] INFO:colcon.colcon_core.shell:Creating package script '/home/loq/roboracer_ws/install/roboracer_visual_odom/share/roboracer_visual_odom/package.zsh'
[23.704s] Level 1:colcon.colcon_core.environment:create_file_with_runtime_dependencies(/home/loq/roboracer_ws/install/roboracer_visual_odom/share/colcon-core/packages/roboracer_visual_odom)
[23.704s] DEBUG:colcon.colcon_parallel_executor.executor.parallel:closing loop
[23.704s] DEBUG:colcon.colcon_parallel_executor.executor.parallel:loop closed
[23.705s] DEBUG:colcon.colcon_parallel_executor.executor.parallel:run_until_complete finished with '0'
[23.705s] DEBUG:colcon.colcon_core.event_reactor:joining thread
[23.710s] INFO:colcon.colcon_core.plugin_system:Skipping extension 'colcon_notification.desktop_notification.terminal_notifier': Not used on non-Darwin systems
[23.710s] INFO:colcon.colcon_core.plugin_system:Skipping extension 'colcon_notification.desktop_notification.win32': Not used on non-Windows systems
[23.710s] INFO:colcon.colcon_notification.desktop_notification:Sending desktop notification using 'notify2'
[23.744s] DEBUG:colcon.colcon_core.event_reactor:joined thread
[23.744s] INFO:colcon.colcon_core.shell:Creating prefix script '/home/loq/roboracer_ws/install/local_setup.ps1'
[23.745s] INFO:colcon.colcon_core.shell:Creating prefix util module '/home/loq/roboracer_ws/install/_local_setup_util_ps1.py'
[23.746s] INFO:colcon.colcon_core.shell:Creating prefix chain script '/home/loq/roboracer_ws/install/setup.ps1'
[23.748s] INFO:colcon.colcon_core.shell:Creating prefix script '/home/loq/roboracer_ws/install/local_setup.sh'
[23.749s] INFO:colcon.colcon_core.shell:Creating prefix util module '/home/loq/roboracer_ws/install/_local_setup_util_sh.py'
[23.749s] INFO:colcon.colcon_core.shell:Creating prefix chain script '/home/loq/roboracer_ws/install/setup.sh'
[23.751s] INFO:colcon.colcon_core.shell:Creating prefix script '/home/loq/roboracer_ws/install/local_setup.bash'
[23.751s] INFO:colcon.colcon_core.shell:Creating prefix chain script '/home/loq/roboracer_ws/install/setup.bash'
[23.753s] INFO:colcon.colcon_core.shell:Creating prefix script '/home/loq/roboracer_ws/install/local_setup.zsh'
[23.754s] INFO:colcon.colcon_core.shell:Creating prefix chain script '/home/loq/roboracer_ws/install/setup.zsh'
