[0.037s] Invoking command in '/home/dev/roboracer_ws/build/pure_pursuit': CMAKE_PREFIX_PATH=/home/dev/roboracer_ws/install/vesc:/home/dev/roboracer_ws/install/vesc_driver:/home/dev/roboracer_ws/install/vesc_ackermann:/home/dev/roboracer_ws/install/roboracer_yolov8_detector:/home/dev/roboracer_ws/install/roboracer_py:/opt/ros/humble:/home/dev/roboracer_ws/install/vesc_msgs:/home/dev/roboracer_ws/install/udp_driver:/home/dev/roboracer_ws/install/serial_driver:/home/dev/roboracer_ws/install/roboracer_visual_odom:/home/dev/roboracer_ws/install/roboracer_localization:/home/dev/roboracer_ws/install/roboracer_description:/home/dev/roboracer_ws/install/roboracer_controller:/home/dev/roboracer_ws/install/pure_pursuit:/home/dev/roboracer_ws/install/io_context:/home/dev/roboracer_ws/install/gap_follow:/home/dev/roboracer_ws/install/asio_cmake_module /usr/local/bin/cmake --build /home/dev/roboracer_ws/build/pure_pursuit -- -j8 -l8
[0.195s] [ 50%] Built target pure_pursuit
[0.195s] [100%] Built target waypoint_visualizer
[0.462s] Invoked command in '/home/dev/roboracer_ws/build/pure_pursuit' returned '0': CMAKE_PREFIX_PATH=/home/dev/roboracer_ws/install/vesc:/home/dev/roboracer_ws/install/vesc_driver:/home/dev/roboracer_ws/install/vesc_ackermann:/home/dev/roboracer_ws/install/roboracer_yolov8_detector:/home/dev/roboracer_ws/install/roboracer_py:/opt/ros/humble:/home/dev/roboracer_ws/install/vesc_msgs:/home/dev/roboracer_ws/install/udp_driver:/home/dev/roboracer_ws/install/serial_driver:/home/dev/roboracer_ws/install/roboracer_visual_odom:/home/dev/roboracer_ws/install/roboracer_localization:/home/dev/roboracer_ws/install/roboracer_description:/home/dev/roboracer_ws/install/roboracer_controller:/home/dev/roboracer_ws/install/pure_pursuit:/home/dev/roboracer_ws/install/io_context:/home/dev/roboracer_ws/install/gap_follow:/home/dev/roboracer_ws/install/asio_cmake_module /usr/local/bin/cmake --build /home/dev/roboracer_ws/build/pure_pursuit -- -j8 -l8
[0.463s] Invoking command in '/home/dev/roboracer_ws/build/pure_pursuit': CMAKE_PREFIX_PATH=/home/dev/roboracer_ws/install/vesc:/home/dev/roboracer_ws/install/vesc_driver:/home/dev/roboracer_ws/install/vesc_ackermann:/home/dev/roboracer_ws/install/roboracer_yolov8_detector:/home/dev/roboracer_ws/install/roboracer_py:/opt/ros/humble:/home/dev/roboracer_ws/install/vesc_msgs:/home/dev/roboracer_ws/install/udp_driver:/home/dev/roboracer_ws/install/serial_driver:/home/dev/roboracer_ws/install/roboracer_visual_odom:/home/dev/roboracer_ws/install/roboracer_localization:/home/dev/roboracer_ws/install/roboracer_description:/home/dev/roboracer_ws/install/roboracer_controller:/home/dev/roboracer_ws/install/pure_pursuit:/home/dev/roboracer_ws/install/io_context:/home/dev/roboracer_ws/install/gap_follow:/home/dev/roboracer_ws/install/asio_cmake_module /usr/local/bin/cmake --install /home/dev/roboracer_ws/build/pure_pursuit
[0.624s] -- Install configuration: ""
[0.628s] -- Up-to-date: /home/dev/roboracer_ws/install/pure_pursuit/lib/pure_pursuit/pure_pursuit
[0.628s] -- Up-to-date: /home/dev/roboracer_ws/install/pure_pursuit/lib/pure_pursuit/waypoint_visualizer
[0.629s] -- Up-to-date: /home/dev/roboracer_ws/install/pure_pursuit/share/pure_pursuit/launch
[0.629s] -- Up-to-date: /home/dev/roboracer_ws/install/pure_pursuit/share/pure_pursuit/launch/slam_toolbox.launch.py
[0.629s] -- Up-to-date: /home/dev/roboracer_ws/install/pure_pursuit/share/pure_pursuit/launch/sim_pure_pursuit.rviz
[0.629s] -- Up-to-date: /home/dev/roboracer_ws/install/pure_pursuit/share/pure_pursuit/launch/sim_pure_pursuit_launch.py
[0.629s] -- Up-to-date: /home/dev/roboracer_ws/install/pure_pursuit/share/pure_pursuit/config
[0.629s] -- Up-to-date: /home/dev/roboracer_ws/install/pure_pursuit/share/pure_pursuit/config/sim_config.yaml
[0.629s] -- Up-to-date: /home/dev/roboracer_ws/install/pure_pursuit/share/pure_pursuit/config/mapper_params_online_async.yaml
[0.630s] -- Up-to-date: /home/dev/roboracer_ws/install/pure_pursuit/share/ament_index/resource_index/package_run_dependencies/pure_pursuit
[0.630s] -- Up-to-date: /home/dev/roboracer_ws/install/pure_pursuit/share/ament_index/resource_index/parent_prefix_path/pure_pursuit
[0.630s] -- Up-to-date: /home/dev/roboracer_ws/install/pure_pursuit/share/pure_pursuit/environment/ament_prefix_path.sh
[0.631s] -- Up-to-date: /home/dev/roboracer_ws/install/pure_pursuit/share/pure_pursuit/environment/ament_prefix_path.dsv
[0.631s] -- Up-to-date: /home/dev/roboracer_ws/install/pure_pursuit/share/pure_pursuit/environment/path.sh
[0.631s] -- Up-to-date: /home/dev/roboracer_ws/install/pure_pursuit/share/pure_pursuit/environment/path.dsv
[0.631s] -- Up-to-date: /home/dev/roboracer_ws/install/pure_pursuit/share/pure_pursuit/local_setup.bash
[0.631s] -- Up-to-date: /home/dev/roboracer_ws/install/pure_pursuit/share/pure_pursuit/local_setup.sh
[0.631s] -- Up-to-date: /home/dev/roboracer_ws/install/pure_pursuit/share/pure_pursuit/local_setup.zsh
[0.631s] -- Up-to-date: /home/dev/roboracer_ws/install/pure_pursuit/share/pure_pursuit/local_setup.dsv
[0.631s] -- Installing: /home/dev/roboracer_ws/install/pure_pursuit/share/pure_pursuit/package.dsv
[0.632s] -- Up-to-date: /home/dev/roboracer_ws/install/pure_pursuit/share/ament_index/resource_index/packages/pure_pursuit
[0.632s] -- Up-to-date: /home/dev/roboracer_ws/install/pure_pursuit/share/pure_pursuit/cmake/pure_pursuitConfig.cmake
[0.632s] -- Up-to-date: /home/dev/roboracer_ws/install/pure_pursuit/share/pure_pursuit/cmake/pure_pursuitConfig-version.cmake
[0.632s] -- Up-to-date: /home/dev/roboracer_ws/install/pure_pursuit/share/pure_pursuit/package.xml
[0.715s] Invoked command in '/home/dev/roboracer_ws/build/pure_pursuit' returned '0': CMAKE_PREFIX_PATH=/home/dev/roboracer_ws/install/vesc:/home/dev/roboracer_ws/install/vesc_driver:/home/dev/roboracer_ws/install/vesc_ackermann:/home/dev/roboracer_ws/install/roboracer_yolov8_detector:/home/dev/roboracer_ws/install/roboracer_py:/opt/ros/humble:/home/dev/roboracer_ws/install/vesc_msgs:/home/dev/roboracer_ws/install/udp_driver:/home/dev/roboracer_ws/install/serial_driver:/home/dev/roboracer_ws/install/roboracer_visual_odom:/home/dev/roboracer_ws/install/roboracer_localization:/home/dev/roboracer_ws/install/roboracer_description:/home/dev/roboracer_ws/install/roboracer_controller:/home/dev/roboracer_ws/install/pure_pursuit:/home/dev/roboracer_ws/install/io_context:/home/dev/roboracer_ws/install/gap_follow:/home/dev/roboracer_ws/install/asio_cmake_module /usr/local/bin/cmake --install /home/dev/roboracer_ws/build/pure_pursuit
