[0.782s] Invoking command in '/home/loq/roboracer_ws/src/roboracer_py': PYTHONPATH=/home/loq/roboracer_ws/build/roboracer_py/prefix_override:/usr/lib/python3/dist-packages/colcon_core/task/python/colcon_distutils_commands:/home/loq/roboracer_ws/install/roboracer_py/lib/python3.10/site-packages:${PYTHONPATH} /usr/bin/python3 -W ignore:setup.py install is deprecated -W ignore:easy_install command is deprecated setup.py egg_info --egg-base ../../build/roboracer_py build --build-base /home/loq/roboracer_ws/build/roboracer_py/build install --record /home/loq/roboracer_ws/build/roboracer_py/install.log --single-version-externally-managed install_data
[1.085s] running egg_info
[1.085s] creating ../../build/roboracer_py/roboracer_py.egg-info
[1.085s] writing ../../build/roboracer_py/roboracer_py.egg-info/PKG-INFO
[1.085s] writing dependency_links to ../../build/roboracer_py/roboracer_py.egg-info/dependency_links.txt
[1.085s] writing entry points to ../../build/roboracer_py/roboracer_py.egg-info/entry_points.txt
[1.085s] writing requirements to ../../build/roboracer_py/roboracer_py.egg-info/requires.txt
[1.085s] writing top-level names to ../../build/roboracer_py/roboracer_py.egg-info/top_level.txt
[1.086s] writing manifest file '../../build/roboracer_py/roboracer_py.egg-info/SOURCES.txt'
[1.088s] reading manifest file '../../build/roboracer_py/roboracer_py.egg-info/SOURCES.txt'
[1.088s] writing manifest file '../../build/roboracer_py/roboracer_py.egg-info/SOURCES.txt'
[1.089s] running build
[1.089s] running build_py
[1.089s] creating /home/loq/roboracer_ws/build/roboracer_py/build
[1.089s] creating /home/loq/roboracer_ws/build/roboracer_py/build/lib
[1.089s] creating /home/loq/roboracer_ws/build/roboracer_py/build/lib/roboracer_py
[1.089s] copying roboracer_py/__init__.py -> /home/loq/roboracer_ws/build/roboracer_py/build/lib/roboracer_py
[1.089s] copying roboracer_py/gap_follow.py -> /home/loq/roboracer_ws/build/roboracer_py/build/lib/roboracer_py
[1.089s] copying roboracer_py/disparity_extender.py -> /home/loq/roboracer_ws/build/roboracer_py/build/lib/roboracer_py
[1.089s] running install
[1.090s] running install_lib
[1.090s] creating /home/loq/roboracer_ws/install/roboracer_py/lib/python3.10/site-packages/roboracer_py
[1.091s] copying /home/loq/roboracer_ws/build/roboracer_py/build/lib/roboracer_py/__init__.py -> /home/loq/roboracer_ws/install/roboracer_py/lib/python3.10/site-packages/roboracer_py
[1.091s] copying /home/loq/roboracer_ws/build/roboracer_py/build/lib/roboracer_py/gap_follow.py -> /home/loq/roboracer_ws/install/roboracer_py/lib/python3.10/site-packages/roboracer_py
[1.091s] copying /home/loq/roboracer_ws/build/roboracer_py/build/lib/roboracer_py/disparity_extender.py -> /home/loq/roboracer_ws/install/roboracer_py/lib/python3.10/site-packages/roboracer_py
[1.091s] byte-compiling /home/loq/roboracer_ws/install/roboracer_py/lib/python3.10/site-packages/roboracer_py/__init__.py to __init__.cpython-310.pyc
[1.092s] byte-compiling /home/loq/roboracer_ws/install/roboracer_py/lib/python3.10/site-packages/roboracer_py/gap_follow.py to gap_follow.cpython-310.pyc
[1.093s] byte-compiling /home/loq/roboracer_ws/install/roboracer_py/lib/python3.10/site-packages/roboracer_py/disparity_extender.py to disparity_extender.cpython-310.pyc
[1.094s] running install_data
[1.094s] creating /home/loq/roboracer_ws/install/roboracer_py/share/ament_index
[1.094s] creating /home/loq/roboracer_ws/install/roboracer_py/share/ament_index/resource_index
[1.094s] creating /home/loq/roboracer_ws/install/roboracer_py/share/ament_index/resource_index/packages
[1.094s] copying resource/roboracer_py -> /home/loq/roboracer_ws/install/roboracer_py/share/ament_index/resource_index/packages
[1.094s] copying package.xml -> /home/loq/roboracer_ws/install/roboracer_py/share/roboracer_py
[1.095s] running install_egg_info
[1.096s] Copying ../../build/roboracer_py/roboracer_py.egg-info to /home/loq/roboracer_ws/install/roboracer_py/lib/python3.10/site-packages/roboracer_py-0.0.0-py3.10.egg-info
[1.097s] running install_scripts
[1.120s] Installing disparity_extender script to /home/loq/roboracer_ws/install/roboracer_py/lib/roboracer_py
[1.121s] Installing gap_follow script to /home/loq/roboracer_ws/install/roboracer_py/lib/roboracer_py
[1.121s] writing list of installed files to '/home/loq/roboracer_ws/build/roboracer_py/install.log'
[1.163s] Invoked command in '/home/loq/roboracer_ws/src/roboracer_py' returned '0': PYTHONPATH=/home/loq/roboracer_ws/build/roboracer_py/prefix_override:/usr/lib/python3/dist-packages/colcon_core/task/python/colcon_distutils_commands:/home/loq/roboracer_ws/install/roboracer_py/lib/python3.10/site-packages:${PYTHONPATH} /usr/bin/python3 -W ignore:setup.py install is deprecated -W ignore:easy_install command is deprecated setup.py egg_info --egg-base ../../build/roboracer_py build --build-base /home/loq/roboracer_ws/build/roboracer_py/build install --record /home/loq/roboracer_ws/build/roboracer_py/install.log --single-version-externally-managed install_data
