[0.008s] Invoking command in '/home/dev/roboracer_ws/build/vesc_ackermann': AMENT_PREFIX_PATH=/home/dev/roboracer_ws/install/vesc_msgs:${AMENT_PREFIX_PATH} CMAKE_PREFIX_PATH=/opt/ros/humble:/home/dev/roboracer_ws/install/vesc_msgs LD_LIBRARY_PATH=/home/dev/roboracer_ws/install/vesc_msgs/lib:${LD_LIBRARY_PATH} PYTHONPATH=/home/dev/roboracer_ws/install/vesc_msgs/local/lib/python3.10/dist-packages:${PYTHONPATH} /usr/local/bin/cmake /home/dev/roboracer_ws/src/vesc/vesc_ackermann -DCMAKE_INSTALL_PREFIX=/home/dev/roboracer_ws/install/vesc_ackermann
[0.071s] [0mCMake Deprecation Warning at CMakeLists.txt:1 (cmake_minimum_required):
[0.071s]   Compatibility with CMake < 3.10 will be removed from a future version of
[0.071s]   CMake.
[0.072s] 
[0.072s]   Update the VERSION argument <min> value.  Or, use the <min>...<max> syntax
[0.072s]   to tell CMake that the project requires at least <min> but has been updated
[0.072s]   to work with policies introduced by <max> or earlier.
[0.072s] 
[0.072s] [0m
[0.111s] -- The C compiler identification is GNU 11.4.0
[0.168s] -- The CXX compiler identification is GNU 11.4.0
[0.176s] -- Detecting C compiler ABI info
[0.227s] -- Detecting C compiler ABI info - done
[0.240s] -- Check for working C compiler: /usr/bin/cc - skipped
[0.240s] -- Detecting C compile features
[0.241s] -- Detecting C compile features - done
[0.251s] -- Detecting CXX compiler ABI info
[0.310s] -- Detecting CXX compiler ABI info - done
[0.323s] -- Check for working CXX compiler: /usr/bin/c++ - skipped
[0.323s] -- Detecting CXX compile features
[0.324s] -- Detecting CXX compile features - done
[0.332s] -- Found ament_cmake_auto: 1.3.11 (/opt/ros/humble/share/ament_cmake_auto/cmake)
[0.453s] -- Found Python3: /usr/bin/python3 (found version "3.10.12") found components: Interpreter
[0.646s] -- Found rosidl_generator_c: 3.1.6 (/opt/ros/humble/share/rosidl_generator_c/cmake)
[0.653s] -- Found rosidl_adapter: 3.1.6 (/opt/ros/humble/share/rosidl_adapter/cmake)
[0.664s] -- Found rosidl_generator_cpp: 3.1.6 (/opt/ros/humble/share/rosidl_generator_cpp/cmake)
[0.678s] -- Using all available rosidl_typesupport_c: rosidl_typesupport_fastrtps_c;rosidl_typesupport_introspection_c
[0.697s] -- Using all available rosidl_typesupport_cpp: rosidl_typesupport_fastrtps_cpp;rosidl_typesupport_introspection_cpp
[0.855s] -- Found rmw_implementation_cmake: 6.1.2 (/opt/ros/humble/share/rmw_implementation_cmake/cmake)
[0.859s] -- Found rmw_fastrtps_cpp: 6.2.7 (/opt/ros/humble/share/rmw_fastrtps_cpp/cmake)
[0.959s] -- Found OpenSSL: /usr/lib/x86_64-linux-gnu/libcrypto.so (found version "3.0.2")
[0.997s] -- Found FastRTPS: /opt/ros/humble/include
[1.055s] -- Using RMW implementation 'rmw_fastrtps_cpp' as default
[1.067s] -- Performing Test CMAKE_HAVE_LIBC_PTHREAD
[1.126s] -- Performing Test CMAKE_HAVE_LIBC_PTHREAD - Success
[1.127s] -- Found Threads: TRUE
[1.354s] -- Found ament_lint_auto: 0.12.12 (/opt/ros/humble/share/ament_lint_auto/cmake)
[1.384s] -- Added test 'copyright' to check source files copyright and LICENSE
[1.386s] -- Added test 'cppcheck' to perform static code analysis on C / C++ code
[1.386s] -- Configured cppcheck include dirs: /home/dev/roboracer_ws/src/vesc/vesc_ackermann/include
[1.386s] -- Configured cppcheck exclude dirs and/or files: 
[1.387s] -- Added test 'cpplint' to check C / C++ code against the Google style
[1.387s] -- Configured cpplint exclude dirs and/or files: 
[1.388s] -- Added test 'lint_cmake' to check CMake code style
[1.390s] -- Added test 'uncrustify' to check C / C++ code style
[1.390s] -- Configured uncrustify additional arguments: 
[1.390s] -- Added test 'xmllint' to check XML markup files
[1.393s] -- Configuring done (1.3s)
[1.426s] -- Generating done (0.0s)
[1.430s] -- Build files have been written to: /home/dev/roboracer_ws/build/vesc_ackermann
[1.443s] Invoked command in '/home/dev/roboracer_ws/build/vesc_ackermann' returned '0': AMENT_PREFIX_PATH=/home/dev/roboracer_ws/install/vesc_msgs:${AMENT_PREFIX_PATH} CMAKE_PREFIX_PATH=/opt/ros/humble:/home/dev/roboracer_ws/install/vesc_msgs LD_LIBRARY_PATH=/home/dev/roboracer_ws/install/vesc_msgs/lib:${LD_LIBRARY_PATH} PYTHONPATH=/home/dev/roboracer_ws/install/vesc_msgs/local/lib/python3.10/dist-packages:${PYTHONPATH} /usr/local/bin/cmake /home/dev/roboracer_ws/src/vesc/vesc_ackermann -DCMAKE_INSTALL_PREFIX=/home/dev/roboracer_ws/install/vesc_ackermann
[1.444s] Invoking command in '/home/dev/roboracer_ws/build/vesc_ackermann': AMENT_PREFIX_PATH=/home/dev/roboracer_ws/install/vesc_msgs:${AMENT_PREFIX_PATH} CMAKE_PREFIX_PATH=/opt/ros/humble:/home/dev/roboracer_ws/install/vesc_msgs LD_LIBRARY_PATH=/home/dev/roboracer_ws/install/vesc_msgs/lib:${LD_LIBRARY_PATH} PYTHONPATH=/home/dev/roboracer_ws/install/vesc_msgs/local/lib/python3.10/dist-packages:${PYTHONPATH} /usr/local/bin/cmake --build /home/dev/roboracer_ws/build/vesc_ackermann -- -j8 -l8
[1.561s] [ 14%] [32mBuilding CXX object CMakeFiles/vesc_to_odom_node.dir/rclcpp_components/node_main_vesc_to_odom_node.cpp.o[0m
[1.562s] [ 28%] [32mBuilding CXX object CMakeFiles/vesc_ackermann.dir/src/ackermann_to_vesc.cpp.o[0m
[1.563s] [ 57%] [32mBuilding CXX object CMakeFiles/ackermann_to_vesc_node.dir/rclcpp_components/node_main_ackermann_to_vesc_node.cpp.o[0m
[1.563s] [ 57%] [32mBuilding CXX object CMakeFiles/vesc_ackermann.dir/src/vesc_to_odom.cpp.o[0m
[5.224s] [ 71%] [32m[1mLinking CXX executable vesc_to_odom_node[0m
[5.400s] [ 71%] Built target vesc_to_odom_node
[5.504s] [ 85%] [32m[1mLinking CXX executable ackermann_to_vesc_node[0m
[5.617s] [ 85%] Built target ackermann_to_vesc_node
[12.351s] [100%] [32m[1mLinking CXX shared library libvesc_ackermann.so[0m
[13.169s] [100%] Built target vesc_ackermann
