[0.039s] Invoking command in '/home/loq/roboracer_ws/build/roboracer_controller': CMAKE_PREFIX_PATH=${CMAKE_PREFIX_PATH}:/home/loq/drivingcar_ws/install/self_driving_car_pkg:/home/loq/bumperbot_ws/install/bumperbot_py_example:/home/loq/roboracer_ws/install/roboracer_yolov8_detector:/home/loq/roboracer_ws/install/roboracer_py:/home/loq/ros2_action_ws/install/lifecycle_py:/home/loq/ros2_action_ws/install/action_py:/opt/ros/humble /usr/bin/cmake /home/loq/roboracer_ws/src/roboracer_controller -DAMENT_CMAKE_SYMLINK_INSTALL=1 -DCMAKE_INSTALL_PREFIX=/home/loq/roboracer_ws/install/roboracer_controller
[0.297s] -- Found ament_cmake: 1.3.11 (/opt/ros/humble/share/ament_cmake/cmake)
[0.298s] -- Override CMake install command with custom implementation using symlinks instead of copying resources
[0.298s] -- Found rclpy: 3.3.16 (/opt/ros/humble/share/rclpy/cmake)
[0.298s] -- Found geometry_msgs: 4.8.0 (/opt/ros/humble/share/geometry_msgs/cmake)
[0.298s] -- Found rosidl_generator_c: 3.1.6 (/opt/ros/humble/share/rosidl_generator_c/cmake)
[0.298s] -- Found rosidl_adapter: 3.1.6 (/opt/ros/humble/share/rosidl_adapter/cmake)
[0.298s] -- Found rosidl_generator_cpp: 3.1.6 (/opt/ros/humble/share/rosidl_generator_cpp/cmake)
[0.298s] -- Using all available rosidl_typesupport_c: rosidl_typesupport_fastrtps_c;rosidl_typesupport_introspection_c
[0.298s] -- Using all available rosidl_typesupport_cpp: rosidl_typesupport_fastrtps_cpp;rosidl_typesupport_introspection_cpp
[0.298s] -- Found sensor_msgs: 4.8.0 (/opt/ros/humble/share/sensor_msgs/cmake)
[0.299s] -- Found nav_msgs: 4.8.0 (/opt/ros/humble/share/nav_msgs/cmake)
[0.299s] -- Found tf2_ros: 0.25.12 (/opt/ros/humble/share/tf2_ros/cmake)
[0.306s] -- Found rmw_implementation_cmake: 6.1.2 (/opt/ros/humble/share/rmw_implementation_cmake/cmake)
[0.308s] -- Found rmw_cyclonedds_cpp: 1.3.4 (/opt/ros/humble/share/rmw_cyclonedds_cpp/cmake)
[0.325s] -- Using RMW implementation 'rmw_cyclonedds_cpp' as default
[0.399s] -- Found ackermann_msgs: 2.0.2 (/opt/ros/humble/share/ackermann_msgs/cmake)
[0.408s] -- Found ament_lint_auto: 0.12.12 (/opt/ros/humble/share/ament_lint_auto/cmake)
[0.469s] -- Added test 'flake8' to check Python code syntax and style conventions
[0.470s] -- Added test 'lint_cmake' to check CMake code style
[0.470s] -- Added test 'pep257' to check Python code against some of the docstring style conventions in PEP 257
[0.471s] -- Added test 'xmllint' to check XML markup files
[0.472s] -- Configuring done
[0.477s] -- Generating done
[0.479s] -- Build files have been written to: /home/loq/roboracer_ws/build/roboracer_controller
[0.553s] Invoked command in '/home/loq/roboracer_ws/build/roboracer_controller' returned '0': CMAKE_PREFIX_PATH=${CMAKE_PREFIX_PATH}:/home/loq/drivingcar_ws/install/self_driving_car_pkg:/home/loq/bumperbot_ws/install/bumperbot_py_example:/home/loq/roboracer_ws/install/roboracer_yolov8_detector:/home/loq/roboracer_ws/install/roboracer_py:/home/loq/ros2_action_ws/install/lifecycle_py:/home/loq/ros2_action_ws/install/action_py:/opt/ros/humble /usr/bin/cmake /home/loq/roboracer_ws/src/roboracer_controller -DAMENT_CMAKE_SYMLINK_INSTALL=1 -DCMAKE_INSTALL_PREFIX=/home/loq/roboracer_ws/install/roboracer_controller
[0.554s] Invoking command in '/home/loq/roboracer_ws/build/roboracer_controller': CMAKE_PREFIX_PATH=${CMAKE_PREFIX_PATH}:/home/loq/drivingcar_ws/install/self_driving_car_pkg:/home/loq/bumperbot_ws/install/bumperbot_py_example:/home/loq/roboracer_ws/install/roboracer_yolov8_detector:/home/loq/roboracer_ws/install/roboracer_py:/home/loq/ros2_action_ws/install/lifecycle_py:/home/loq/ros2_action_ws/install/action_py:/opt/ros/humble /usr/bin/cmake --build /home/loq/roboracer_ws/build/roboracer_controller -- -j8 -l8
[0.606s] Invoked command in '/home/loq/roboracer_ws/build/roboracer_controller' returned '0': CMAKE_PREFIX_PATH=${CMAKE_PREFIX_PATH}:/home/loq/drivingcar_ws/install/self_driving_car_pkg:/home/loq/bumperbot_ws/install/bumperbot_py_example:/home/loq/roboracer_ws/install/roboracer_yolov8_detector:/home/loq/roboracer_ws/install/roboracer_py:/home/loq/ros2_action_ws/install/lifecycle_py:/home/loq/ros2_action_ws/install/action_py:/opt/ros/humble /usr/bin/cmake --build /home/loq/roboracer_ws/build/roboracer_controller -- -j8 -l8
[0.607s] Invoking command in '/home/loq/roboracer_ws/build/roboracer_controller': CMAKE_PREFIX_PATH=${CMAKE_PREFIX_PATH}:/home/loq/drivingcar_ws/install/self_driving_car_pkg:/home/loq/bumperbot_ws/install/bumperbot_py_example:/home/loq/roboracer_ws/install/roboracer_yolov8_detector:/home/loq/roboracer_ws/install/roboracer_py:/home/loq/ros2_action_ws/install/lifecycle_py:/home/loq/ros2_action_ws/install/action_py:/opt/ros/humble /usr/bin/cmake --install /home/loq/roboracer_ws/build/roboracer_controller
[0.617s] -- Install configuration: ""
[0.618s] -- Execute custom install script
[0.618s] -- Symlinking: /home/loq/roboracer_ws/install/roboracer_controller/share/roboracer_controller/config/joy_config.yaml
[0.630s] -- Symlinking: /home/loq/roboracer_ws/install/roboracer_controller/share/roboracer_controller/config/joystick_teleop.launch.yaml
[0.642s] -- Symlinking: /home/loq/roboracer_ws/install/roboracer_controller/share/roboracer_controller/config/roboracer_controller.yaml
[0.654s] -- Symlinking: /home/loq/roboracer_ws/install/roboracer_controller/share/roboracer_controller/launch/controller.launch.py
[0.664s] -- Symlinking: /home/loq/roboracer_ws/install/roboracer_controller/lib/roboracer_controller/ackerman_controller.py
[0.673s] -- Symlinking: /home/loq/roboracer_ws/install/roboracer_controller/lib/roboracer_controller/ackermann_to_twist.py
[0.684s] -- Symlinking: /home/loq/roboracer_ws/install/roboracer_controller/lib/roboracer_controller/noisy_controller.py
[0.696s] -- Symlinking: /home/loq/roboracer_ws/install/roboracer_controller/lib/roboracer_controller/static_tf_publisher.py
[0.707s] -- Symlinking: /home/loq/roboracer_ws/install/roboracer_controller/lib/roboracer_controller/custom_robot_state_publisher.py
[0.718s] -- Symlinking: /home/loq/roboracer_ws/install/roboracer_controller/share/ament_index/resource_index/package_run_dependencies/roboracer_controller
[0.729s] -- Symlinking: /home/loq/roboracer_ws/install/roboracer_controller/share/ament_index/resource_index/parent_prefix_path/roboracer_controller
[0.741s] -- Symlinking: /home/loq/roboracer_ws/install/roboracer_controller/share/roboracer_controller/environment/ament_prefix_path.sh
[0.750s] -- Symlinking: /home/loq/roboracer_ws/install/roboracer_controller/share/roboracer_controller/environment/ament_prefix_path.dsv
[0.761s] -- Symlinking: /home/loq/roboracer_ws/install/roboracer_controller/share/roboracer_controller/environment/path.sh
[0.774s] -- Symlinking: /home/loq/roboracer_ws/install/roboracer_controller/share/roboracer_controller/environment/path.dsv
[0.786s] -- Symlinking: /home/loq/roboracer_ws/install/roboracer_controller/share/roboracer_controller/local_setup.bash
[0.795s] -- Symlinking: /home/loq/roboracer_ws/install/roboracer_controller/share/roboracer_controller/local_setup.sh
[0.807s] -- Symlinking: /home/loq/roboracer_ws/install/roboracer_controller/share/roboracer_controller/local_setup.zsh
[0.815s] -- Symlinking: /home/loq/roboracer_ws/install/roboracer_controller/share/roboracer_controller/local_setup.dsv
[0.823s] -- Symlinking: /home/loq/roboracer_ws/install/roboracer_controller/share/roboracer_controller/package.dsv
[0.834s] -- Symlinking: /home/loq/roboracer_ws/install/roboracer_controller/share/ament_index/resource_index/packages/roboracer_controller
[0.844s] -- Symlinking: /home/loq/roboracer_ws/install/roboracer_controller/share/roboracer_controller/cmake/roboracer_controllerConfig.cmake
[0.853s] -- Symlinking: /home/loq/roboracer_ws/install/roboracer_controller/share/roboracer_controller/cmake/roboracer_controllerConfig-version.cmake
[0.866s] -- Symlinking: /home/loq/roboracer_ws/install/roboracer_controller/share/roboracer_controller/package.xml
[0.880s] Invoked command in '/home/loq/roboracer_ws/build/roboracer_controller' returned '0': CMAKE_PREFIX_PATH=${CMAKE_PREFIX_PATH}:/home/loq/drivingcar_ws/install/self_driving_car_pkg:/home/loq/bumperbot_ws/install/bumperbot_py_example:/home/loq/roboracer_ws/install/roboracer_yolov8_detector:/home/loq/roboracer_ws/install/roboracer_py:/home/loq/ros2_action_ws/install/lifecycle_py:/home/loq/ros2_action_ws/install/action_py:/opt/ros/humble /usr/bin/cmake --install /home/loq/roboracer_ws/build/roboracer_controller
