[0.260s] Invoking command in '/home/loq/roboracer_ws/src/build/roboracer_utils': CMAKE_PREFIX_PATH=${CMAKE_PREFIX_PATH}:/home/loq/roboracer_ws/src/install/roboracer_py:/home/loq/drivingcar_ws/install/self_driving_car_pkg:/home/loq/bumperbot_ws/install/bumperbot_py_example:/home/loq/roboracer_ws/install/roboracer_py:/home/loq/ros2_action_ws/install/lifecycle_py:/home/loq/ros2_action_ws/install/action_py:/opt/ros/humble /usr/bin/cmake --build /home/loq/roboracer_ws/src/build/roboracer_utils -- -j8 -l8
[0.318s] Built target ament_cmake_python_copy_roboracer_utils
[0.546s] running egg_info
[0.547s] writing roboracer_utils.egg-info/PKG-INFO
[0.547s] writing dependency_links to roboracer_utils.egg-info/dependency_links.txt
[0.547s] writing top-level names to roboracer_utils.egg-info/top_level.txt
[0.549s] reading manifest file 'roboracer_utils.egg-info/SOURCES.txt'
[0.549s] writing manifest file 'roboracer_utils.egg-info/SOURCES.txt'
[0.583s] Built target ament_cmake_python_build_roboracer_utils_egg
[0.594s] Invoked command in '/home/loq/roboracer_ws/src/build/roboracer_utils' returned '0': CMAKE_PREFIX_PATH=${CMAKE_PREFIX_PATH}:/home/loq/roboracer_ws/src/install/roboracer_py:/home/loq/drivingcar_ws/install/self_driving_car_pkg:/home/loq/bumperbot_ws/install/bumperbot_py_example:/home/loq/roboracer_ws/install/roboracer_py:/home/loq/ros2_action_ws/install/lifecycle_py:/home/loq/ros2_action_ws/install/action_py:/opt/ros/humble /usr/bin/cmake --build /home/loq/roboracer_ws/src/build/roboracer_utils -- -j8 -l8
[0.595s] Invoking command in '/home/loq/roboracer_ws/src/build/roboracer_utils': CMAKE_PREFIX_PATH=${CMAKE_PREFIX_PATH}:/home/loq/roboracer_ws/src/install/roboracer_py:/home/loq/drivingcar_ws/install/self_driving_car_pkg:/home/loq/bumperbot_ws/install/bumperbot_py_example:/home/loq/roboracer_ws/install/roboracer_py:/home/loq/ros2_action_ws/install/lifecycle_py:/home/loq/ros2_action_ws/install/action_py:/opt/ros/humble /usr/bin/cmake --install /home/loq/roboracer_ws/src/build/roboracer_utils
[0.602s] -- Install configuration: ""
[0.603s] -- Up-to-date: /home/loq/roboracer_ws/src/install/roboracer_utils/share/roboracer_utils/environment/pythonpath.sh
[0.603s] -- Up-to-date: /home/loq/roboracer_ws/src/install/roboracer_utils/share/roboracer_utils/environment/pythonpath.dsv
[0.603s] -- Up-to-date: /home/loq/roboracer_ws/src/install/roboracer_utils/local/lib/python3.10/dist-packages/roboracer_utils-0.0.0-py3.10.egg-info
[0.603s] -- Installing: /home/loq/roboracer_ws/src/install/roboracer_utils/local/lib/python3.10/dist-packages/roboracer_utils-0.0.0-py3.10.egg-info/top_level.txt
[0.603s] -- Installing: /home/loq/roboracer_ws/src/install/roboracer_utils/local/lib/python3.10/dist-packages/roboracer_utils-0.0.0-py3.10.egg-info/PKG-INFO
[0.603s] -- Installing: /home/loq/roboracer_ws/src/install/roboracer_utils/local/lib/python3.10/dist-packages/roboracer_utils-0.0.0-py3.10.egg-info/dependency_links.txt
[0.603s] -- Installing: /home/loq/roboracer_ws/src/install/roboracer_utils/local/lib/python3.10/dist-packages/roboracer_utils-0.0.0-py3.10.egg-info/SOURCES.txt
[0.603s] -- Up-to-date: /home/loq/roboracer_ws/src/install/roboracer_utils/local/lib/python3.10/dist-packages/roboracer_utils
[0.603s] -- Up-to-date: /home/loq/roboracer_ws/src/install/roboracer_utils/local/lib/python3.10/dist-packages/roboracer_utils/__init__.py
[0.603s] -- Up-to-date: /home/loq/roboracer_ws/src/install/roboracer_utils/local/lib/python3.10/dist-packages/roboracer_utils/safety_stop.py
[0.632s] Listing '/home/loq/roboracer_ws/src/install/roboracer_utils/local/lib/python3.10/dist-packages/roboracer_utils'...
[0.636s] -- Up-to-date: /home/loq/roboracer_ws/src/install/roboracer_utils/lib/roboracer_utils/safety_stop.py
[0.637s] -- Up-to-date: /home/loq/roboracer_ws/src/install/roboracer_utils/share/ament_index/resource_index/package_run_dependencies/roboracer_utils
[0.637s] -- Up-to-date: /home/loq/roboracer_ws/src/install/roboracer_utils/share/ament_index/resource_index/parent_prefix_path/roboracer_utils
[0.637s] -- Up-to-date: /home/loq/roboracer_ws/src/install/roboracer_utils/share/roboracer_utils/environment/ament_prefix_path.sh
[0.637s] -- Up-to-date: /home/loq/roboracer_ws/src/install/roboracer_utils/share/roboracer_utils/environment/ament_prefix_path.dsv
[0.637s] -- Up-to-date: /home/loq/roboracer_ws/src/install/roboracer_utils/share/roboracer_utils/environment/path.sh
[0.637s] -- Up-to-date: /home/loq/roboracer_ws/src/install/roboracer_utils/share/roboracer_utils/environment/path.dsv
[0.637s] -- Up-to-date: /home/loq/roboracer_ws/src/install/roboracer_utils/share/roboracer_utils/local_setup.bash
[0.637s] -- Up-to-date: /home/loq/roboracer_ws/src/install/roboracer_utils/share/roboracer_utils/local_setup.sh
[0.637s] -- Up-to-date: /home/loq/roboracer_ws/src/install/roboracer_utils/share/roboracer_utils/local_setup.zsh
[0.637s] -- Up-to-date: /home/loq/roboracer_ws/src/install/roboracer_utils/share/roboracer_utils/local_setup.dsv
[0.637s] -- Up-to-date: /home/loq/roboracer_ws/src/install/roboracer_utils/share/roboracer_utils/package.dsv
[0.637s] -- Up-to-date: /home/loq/roboracer_ws/src/install/roboracer_utils/share/ament_index/resource_index/packages/roboracer_utils
[0.637s] -- Up-to-date: /home/loq/roboracer_ws/src/install/roboracer_utils/share/roboracer_utils/cmake/roboracer_utilsConfig.cmake
[0.638s] -- Up-to-date: /home/loq/roboracer_ws/src/install/roboracer_utils/share/roboracer_utils/cmake/roboracer_utilsConfig-version.cmake
[0.638s] -- Up-to-date: /home/loq/roboracer_ws/src/install/roboracer_utils/share/roboracer_utils/package.xml
[0.639s] Invoked command in '/home/loq/roboracer_ws/src/build/roboracer_utils' returned '0': CMAKE_PREFIX_PATH=${CMAKE_PREFIX_PATH}:/home/loq/roboracer_ws/src/install/roboracer_py:/home/loq/drivingcar_ws/install/self_driving_car_pkg:/home/loq/bumperbot_ws/install/bumperbot_py_example:/home/loq/roboracer_ws/install/roboracer_py:/home/loq/ros2_action_ws/install/lifecycle_py:/home/loq/ros2_action_ws/install/action_py:/opt/ros/humble /usr/bin/cmake --install /home/loq/roboracer_ws/src/build/roboracer_utils
