running develop
running egg_info
creating roboracer_yolov8_detector.egg-info
writing roboracer_yolov8_detector.egg-info/PKG-INFO
writing dependency_links to roboracer_yolov8_detector.egg-info/dependency_links.txt
writing entry points to roboracer_yolov8_detector.egg-info/entry_points.txt
writing requirements to roboracer_yolov8_detector.egg-info/requires.txt
writing top-level names to roboracer_yolov8_detector.egg-info/top_level.txt
writing manifest file 'roboracer_yolov8_detector.egg-info/SOURCES.txt'
reading manifest file 'roboracer_yolov8_detector.egg-info/SOURCES.txt'
writing manifest file 'roboracer_yolov8_detector.egg-info/SOURCES.txt'
running build_ext
Creating /home/loq/roboracer_ws/install/roboracer_yolov8_detector/lib/python3.10/site-packages/roboracer-yolov8-detector.egg-link (link to .)
Installing detection_3d_node script to /home/loq/roboracer_ws/install/roboracer_yolov8_detector/lib/roboracer_yolov8_detector
Installing yolov8_detection_node script to /home/loq/roboracer_ws/install/roboracer_yolov8_detector/lib/roboracer_yolov8_detector

Installed /home/loq/roboracer_ws/build/roboracer_yolov8_detector
running symlink_data
creating /home/loq/roboracer_ws/install/roboracer_yolov8_detector/share/ament_index
creating /home/loq/roboracer_ws/install/roboracer_yolov8_detector/share/ament_index/resource_index
creating /home/loq/roboracer_ws/install/roboracer_yolov8_detector/share/ament_index/resource_index/packages
symbolically linking /home/loq/roboracer_ws/build/roboracer_yolov8_detector/resource/roboracer_yolov8_detector -> /home/loq/roboracer_ws/install/roboracer_yolov8_detector/share/ament_index/resource_index/packages
symbolically linking /home/loq/roboracer_ws/build/roboracer_yolov8_detector/package.xml -> /home/loq/roboracer_ws/install/roboracer_yolov8_detector/share/roboracer_yolov8_detector
