[0.030s] Invoking command in '/home/dev/roboracer_ws/build/vesc_msgs': CMAKE_PREFIX_PATH=/opt/ros/humble /usr/local/bin/cmake /home/dev/roboracer_ws/src/vesc/vesc_msgs -DCMAKE_INSTALL_PREFIX=/home/dev/roboracer_ws/install/vesc_msgs
[0.125s] [0mCMake Deprecation Warning at CMakeLists.txt:1 (cmake_minimum_required):
[0.125s]   Compatibility with CMake < 3.10 will be removed from a future version of
[0.125s]   CMake.
[0.125s] 
[0.125s]   Update the VERSION argument <min> value.  Or, use the <min>...<max> syntax
[0.125s]   to tell CMake that the project requires at least <min> but has been updated
[0.126s]   to work with policies introduced by <max> or earlier.
[0.126s] 
[0.126s] [0m
[0.238s] -- The C compiler identification is GNU 11.4.0
[0.336s] -- The CXX compiler identification is GNU 11.4.0
[0.347s] -- Detecting C compiler ABI info
[0.427s] -- Detecting C compiler ABI info - done
[0.460s] -- Check for working C compiler: /usr/bin/cc - skipped
[0.462s] -- Detecting C compile features
[0.464s] -- Detecting C compile features - done
[0.480s] -- Detecting CXX compiler ABI info
[0.638s] -- Detecting CXX compiler ABI info - done
[0.654s] -- Check for working CXX compiler: /usr/bin/c++ - skipped
[0.654s] -- Detecting CXX compile features
[0.655s] -- Detecting CXX compile features - done
[0.656s] -- Found ament_cmake_auto: 1.3.11 (/opt/ros/humble/share/ament_cmake_auto/cmake)
[0.741s] -- Found Python3: /usr/bin/python3 (found version "3.10.12") found components: Interpreter
[0.947s] -- Using all available rosidl_typesupport_c: rosidl_typesupport_fastrtps_c;rosidl_typesupport_introspection_c
[0.963s] -- Found rosidl_adapter: 3.1.6 (/opt/ros/humble/share/rosidl_adapter/cmake)
[1.052s] -- Using all available rosidl_typesupport_cpp: rosidl_typesupport_fastrtps_cpp;rosidl_typesupport_introspection_cpp
[1.715s] -- Found ament_cmake_ros: 0.10.0 (/opt/ros/humble/share/ament_cmake_ros/cmake)
[2.184s] -- Using all available rosidl_typesupport_c: rosidl_typesupport_fastrtps_c;rosidl_typesupport_introspection_c
[2.738s] -- Using all available rosidl_typesupport_cpp: rosidl_typesupport_fastrtps_cpp;rosidl_typesupport_introspection_cpp
[2.742s] [33mCMake Warning (dev) at /opt/ros/humble/share/rosidl_generator_py/cmake/rosidl_generator_py_generate_interfaces.cmake:20 (find_package):
[2.742s]   Policy CMP0148 is not set: The FindPythonInterp and FindPythonLibs modules
[2.743s]   are removed.  Run "cmake --help-policy CMP0148" for policy details.  Use
[2.743s]   the cmake_policy command to set the policy and suppress this warning.
[2.743s] 
[2.743s] Call Stack (most recent call first):
[2.743s]   /opt/ros/humble/share/ament_cmake_core/cmake/core/ament_execute_extensions.cmake:48 (include)
[2.743s]   /opt/ros/humble/share/rosidl_cmake/cmake/rosidl_generate_interfaces.cmake:286 (ament_execute_extensions)
[2.743s]   CMakeLists.txt:7 (rosidl_generate_interfaces)
[2.743s] This warning is for project developers.  Use -Wno-dev to suppress it.
[2.743s] [0m
[2.764s] -- Found PythonInterp: /usr/bin/python3 (found suitable version "3.10.12", minimum required is "3.6")
[2.768s] -- Found python_cmake_module: 0.10.0 (/opt/ros/humble/share/python_cmake_module/cmake)
[2.769s] [33mCMake Warning (dev) at /opt/ros/humble/share/python_cmake_module/cmake/Modules/FindPythonExtra.cmake:52 (find_package):
[2.769s]   Policy CMP0148 is not set: The FindPythonInterp and FindPythonLibs modules
[2.769s]   are removed.  Run "cmake --help-policy CMP0148" for policy details.  Use
[2.769s]   the cmake_policy command to set the policy and suppress this warning.
[2.769s] 
[2.769s] Call Stack (most recent call first):
[2.770s]   /opt/ros/humble/share/rosidl_generator_py/cmake/rosidl_generator_py_generate_interfaces.cmake:23 (find_package)
[2.770s]   /opt/ros/humble/share/ament_cmake_core/cmake/core/ament_execute_extensions.cmake:48 (include)
[2.770s]   /opt/ros/humble/share/rosidl_cmake/cmake/rosidl_generate_interfaces.cmake:286 (ament_execute_extensions)
[2.770s]   CMakeLists.txt:7 (rosidl_generate_interfaces)
[2.770s] This warning is for project developers.  Use -Wno-dev to suppress it.
[2.770s] [0m
[2.787s] [33mCMake Warning (dev) at /opt/ros/humble/share/python_cmake_module/cmake/Modules/FindPythonExtra.cmake:140 (find_package):
[2.787s]   Policy CMP0148 is not set: The FindPythonInterp and FindPythonLibs modules
[2.787s]   are removed.  Run "cmake --help-policy CMP0148" for policy details.  Use
[2.787s]   the cmake_policy command to set the policy and suppress this warning.
[2.787s] 
[2.787s] Call Stack (most recent call first):
[2.787s]   /opt/ros/humble/share/rosidl_generator_py/cmake/rosidl_generator_py_generate_interfaces.cmake:23 (find_package)
[2.787s]   /opt/ros/humble/share/ament_cmake_core/cmake/core/ament_execute_extensions.cmake:48 (include)
[2.787s]   /opt/ros/humble/share/rosidl_cmake/cmake/rosidl_generate_interfaces.cmake:286 (ament_execute_extensions)
[2.787s]   CMakeLists.txt:7 (rosidl_generate_interfaces)
[2.787s] This warning is for project developers.  Use -Wno-dev to suppress it.
[2.787s] [0m
[2.796s] -- Found PythonLibs: /usr/lib/x86_64-linux-gnu/libpython3.10.so (found suitable version "3.10.12", minimum required is "3.5")
[2.797s] -- Using PYTHON_EXECUTABLE: /usr/bin/python3
[2.797s] -- Using PYTHON_INCLUDE_DIRS: /usr/include/python3.10
[2.797s] -- Using PYTHON_LIBRARIES: /usr/lib/x86_64-linux-gnu/libpython3.10.so
[2.815s] -- Found PythonExtra: .so
[2.878s] -- Found ament_lint_auto: 0.12.12 (/opt/ros/humble/share/ament_lint_auto/cmake)
[2.914s] -- Added test 'copyright' to check source files copyright and LICENSE
[2.916s] -- Added test 'lint_cmake' to check CMake code style
[2.918s] -- Added test 'xmllint' to check XML markup files
[2.921s] -- Configuring done (2.8s)
[2.971s] -- Generating done (0.0s)
[2.979s] -- Build files have been written to: /home/dev/roboracer_ws/build/vesc_msgs
