[1.043s] Invoking command in '/home/dev/roboracer_ws/src/roboracer_py': PYTHONPATH=/home/dev/roboracer_ws/build/roboracer_py/prefix_override:/usr/lib/python3/dist-packages/colcon_core/task/python/colcon_distutils_commands:/home/dev/roboracer_ws/install/roboracer_py/lib/python3.10/site-packages:${PYTHONPATH} /usr/bin/python3 -W ignore:setup.py install is deprecated -W ignore:easy_install command is deprecated setup.py egg_info --egg-base ../../build/roboracer_py build --build-base /home/dev/roboracer_ws/build/roboracer_py/build install --record /home/dev/roboracer_ws/build/roboracer_py/install.log --single-version-externally-managed install_data
[1.366s] running egg_info
[1.366s] writing ../../build/roboracer_py/roboracer_py.egg-info/PKG-INFO
[1.366s] writing dependency_links to ../../build/roboracer_py/roboracer_py.egg-info/dependency_links.txt
[1.368s] writing entry points to ../../build/roboracer_py/roboracer_py.egg-info/entry_points.txt
[1.368s] writing requirements to ../../build/roboracer_py/roboracer_py.egg-info/requires.txt
[1.369s] writing top-level names to ../../build/roboracer_py/roboracer_py.egg-info/top_level.txt
[1.369s] reading manifest file '../../build/roboracer_py/roboracer_py.egg-info/SOURCES.txt'
[1.371s] writing manifest file '../../build/roboracer_py/roboracer_py.egg-info/SOURCES.txt'
[1.371s] running build
[1.371s] running build_py
[1.372s] running install
[1.372s] running install_lib
[1.376s] running install_data
[1.376s] running install_egg_info
[1.376s] removing '/home/dev/roboracer_ws/install/roboracer_py/lib/python3.10/site-packages/roboracer_py-0.0.0-py3.10.egg-info' (and everything under it)
[1.383s] Copying ../../build/roboracer_py/roboracer_py.egg-info to /home/dev/roboracer_ws/install/roboracer_py/lib/python3.10/site-packages/roboracer_py-0.0.0-py3.10.egg-info
[1.383s] running install_scripts
[1.411s] Installing disparity_extender script to /home/dev/roboracer_ws/install/roboracer_py/lib/roboracer_py
[1.411s] Installing gap_follow script to /home/dev/roboracer_ws/install/roboracer_py/lib/roboracer_py
[1.411s] writing list of installed files to '/home/dev/roboracer_ws/build/roboracer_py/install.log'
[1.459s] Invoked command in '/home/dev/roboracer_ws/src/roboracer_py' returned '0': PYTHONPATH=/home/dev/roboracer_ws/build/roboracer_py/prefix_override:/usr/lib/python3/dist-packages/colcon_core/task/python/colcon_distutils_commands:/home/dev/roboracer_ws/install/roboracer_py/lib/python3.10/site-packages:${PYTHONPATH} /usr/bin/python3 -W ignore:setup.py install is deprecated -W ignore:easy_install command is deprecated setup.py egg_info --egg-base ../../build/roboracer_py build --build-base /home/dev/roboracer_ws/build/roboracer_py/build install --record /home/dev/roboracer_ws/build/roboracer_py/install.log --single-version-externally-managed install_data
