[0.096s] Invoking command in '/home/loq/roboracer_ws/build/roboracer_localization': CMAKE_PREFIX_PATH=${CMAKE_PREFIX_PATH}:/home/loq/drivingcar_ws/install/self_driving_car_pkg:/home/loq/bumperbot_ws/install/bumperbot_py_example:/home/loq/roboracer_ws/install/roboracer_yolov8_detector:/home/loq/roboracer_ws/install/roboracer_py:/home/loq/ros2_action_ws/install/lifecycle_py:/home/loq/ros2_action_ws/install/action_py:/opt/ros/humble /usr/bin/cmake --build /home/loq/roboracer_ws/build/roboracer_localization -- -j8 -l8
[1.001s] Invoked command in '/home/loq/roboracer_ws/build/roboracer_localization' returned '0': CMAKE_PREFIX_PATH=${CMAKE_PREFIX_PATH}:/home/loq/drivingcar_ws/install/self_driving_car_pkg:/home/loq/bumperbot_ws/install/bumperbot_py_example:/home/loq/roboracer_ws/install/roboracer_yolov8_detector:/home/loq/roboracer_ws/install/roboracer_py:/home/loq/ros2_action_ws/install/lifecycle_py:/home/loq/ros2_action_ws/install/action_py:/opt/ros/humble /usr/bin/cmake --build /home/loq/roboracer_ws/build/roboracer_localization -- -j8 -l8
[1.002s] Invoking command in '/home/loq/roboracer_ws/build/roboracer_localization': CMAKE_PREFIX_PATH=${CMAKE_PREFIX_PATH}:/home/loq/drivingcar_ws/install/self_driving_car_pkg:/home/loq/bumperbot_ws/install/bumperbot_py_example:/home/loq/roboracer_ws/install/roboracer_yolov8_detector:/home/loq/roboracer_ws/install/roboracer_py:/home/loq/ros2_action_ws/install/lifecycle_py:/home/loq/ros2_action_ws/install/action_py:/opt/ros/humble /usr/bin/cmake --install /home/loq/roboracer_ws/build/roboracer_localization
[1.033s] -- Install configuration: ""
[1.033s] -- Execute custom install script
[1.033s] -- Up-to-date symlink: /home/loq/roboracer_ws/install/roboracer_localization/lib//roboracer_localization/__init__.py
[1.034s] -- Up-to-date symlink: /home/loq/roboracer_ws/install/roboracer_localization/share/roboracer_localization/launch/local_localization.launch.py
[1.034s] -- Up-to-date symlink: /home/loq/roboracer_ws/install/roboracer_localization/share/ament_index/resource_index/package_run_dependencies/roboracer_localization
[1.035s] -- Up-to-date symlink: /home/loq/roboracer_ws/install/roboracer_localization/share/ament_index/resource_index/parent_prefix_path/roboracer_localization
[1.038s] -- Up-to-date symlink: /home/loq/roboracer_ws/install/roboracer_localization/share/roboracer_localization/environment/ament_prefix_path.sh
[1.038s] -- Up-to-date symlink: /home/loq/roboracer_ws/install/roboracer_localization/share/roboracer_localization/environment/ament_prefix_path.dsv
[1.039s] -- Up-to-date symlink: /home/loq/roboracer_ws/install/roboracer_localization/share/roboracer_localization/environment/path.sh
[1.039s] -- Up-to-date symlink: /home/loq/roboracer_ws/install/roboracer_localization/share/roboracer_localization/environment/path.dsv
[1.039s] -- Up-to-date symlink: /home/loq/roboracer_ws/install/roboracer_localization/share/roboracer_localization/local_setup.bash
[1.039s] -- Up-to-date symlink: /home/loq/roboracer_ws/install/roboracer_localization/share/roboracer_localization/local_setup.sh
[1.039s] -- Up-to-date symlink: /home/loq/roboracer_ws/install/roboracer_localization/share/roboracer_localization/local_setup.zsh
[1.039s] -- Up-to-date symlink: /home/loq/roboracer_ws/install/roboracer_localization/share/roboracer_localization/local_setup.dsv
[1.039s] -- Symlinking: /home/loq/roboracer_ws/install/roboracer_localization/share/roboracer_localization/package.dsv
[1.059s] -- Up-to-date symlink: /home/loq/roboracer_ws/install/roboracer_localization/share/ament_index/resource_index/packages/roboracer_localization
[1.063s] -- Up-to-date symlink: /home/loq/roboracer_ws/install/roboracer_localization/share/roboracer_localization/cmake/roboracer_localizationConfig.cmake
[1.063s] -- Up-to-date symlink: /home/loq/roboracer_ws/install/roboracer_localization/share/roboracer_localization/cmake/roboracer_localizationConfig-version.cmake
[1.063s] -- Up-to-date symlink: /home/loq/roboracer_ws/install/roboracer_localization/share/roboracer_localization/package.xml
[1.219s] Invoked command in '/home/loq/roboracer_ws/build/roboracer_localization' returned '0': CMAKE_PREFIX_PATH=${CMAKE_PREFIX_PATH}:/home/loq/drivingcar_ws/install/self_driving_car_pkg:/home/loq/bumperbot_ws/install/bumperbot_py_example:/home/loq/roboracer_ws/install/roboracer_yolov8_detector:/home/loq/roboracer_ws/install/roboracer_py:/home/loq/ros2_action_ws/install/lifecycle_py:/home/loq/ros2_action_ws/install/action_py:/opt/ros/humble /usr/bin/cmake --install /home/loq/roboracer_ws/build/roboracer_localization
