[0.031s] Invoking command in '/home/loq/roboracer_ws/src/build/roboracer_localization': CMAKE_PREFIX_PATH=${CMAKE_PREFIX_PATH}:/home/loq/drivingcar_ws/install/self_driving_car_pkg:/home/loq/bumperbot_ws/install/bumperbot_py_example:/home/loq/roboracer_ws/install/roboracer_py:/home/loq/ros2_action_ws/install/lifecycle_py:/home/loq/ros2_action_ws/install/action_py:/opt/ros/humble /usr/bin/cmake --build /home/loq/roboracer_ws/src/build/roboracer_localization -- -j8 -l8
[0.321s] -- Found ament_cmake: 1.3.11 (/opt/ros/humble/share/ament_cmake/cmake)
[0.321s] -- Found rclpy: 3.3.16 (/opt/ros/humble/share/rclpy/cmake)
[0.321s] -- Found nav_msgs: 4.8.0 (/opt/ros/humble/share/nav_msgs/cmake)
[0.321s] -- Found rosidl_generator_c: 3.1.6 (/opt/ros/humble/share/rosidl_generator_c/cmake)
[0.321s] -- Found rosidl_adapter: 3.1.6 (/opt/ros/humble/share/rosidl_adapter/cmake)
[0.321s] -- Found rosidl_generator_cpp: 3.1.6 (/opt/ros/humble/share/rosidl_generator_cpp/cmake)
[0.322s] -- Using all available rosidl_typesupport_c: rosidl_typesupport_fastrtps_c;rosidl_typesupport_introspection_c
[0.322s] -- Using all available rosidl_typesupport_cpp: rosidl_typesupport_fastrtps_cpp;rosidl_typesupport_introspection_cpp
[0.384s] -- Found sensor_msgs: 4.8.0 (/opt/ros/humble/share/sensor_msgs/cmake)
[0.401s] -- Found ament_lint_auto: 0.12.12 (/opt/ros/humble/share/ament_lint_auto/cmake)
[0.491s] -- Added test 'copyright' to check source files copyright and LICENSE
[0.495s] -- Added test 'flake8' to check Python code syntax and style conventions
[0.496s] -- Added test 'lint_cmake' to check CMake code style
[0.496s] -- Added test 'pep257' to check Python code against some of the docstring style conventions in PEP 257
[0.498s] -- Added test 'xmllint' to check XML markup files
[0.499s] -- Configuring done
[0.505s] -- Generating done
[0.508s] -- Build files have been written to: /home/loq/roboracer_ws/src/build/roboracer_localization
[0.536s] Invoked command in '/home/loq/roboracer_ws/src/build/roboracer_localization' returned '0': CMAKE_PREFIX_PATH=${CMAKE_PREFIX_PATH}:/home/loq/drivingcar_ws/install/self_driving_car_pkg:/home/loq/bumperbot_ws/install/bumperbot_py_example:/home/loq/roboracer_ws/install/roboracer_py:/home/loq/ros2_action_ws/install/lifecycle_py:/home/loq/ros2_action_ws/install/action_py:/opt/ros/humble /usr/bin/cmake --build /home/loq/roboracer_ws/src/build/roboracer_localization -- -j8 -l8
[0.538s] Invoking command in '/home/loq/roboracer_ws/src/build/roboracer_localization': CMAKE_PREFIX_PATH=${CMAKE_PREFIX_PATH}:/home/loq/drivingcar_ws/install/self_driving_car_pkg:/home/loq/bumperbot_ws/install/bumperbot_py_example:/home/loq/roboracer_ws/install/roboracer_py:/home/loq/ros2_action_ws/install/lifecycle_py:/home/loq/ros2_action_ws/install/action_py:/opt/ros/humble /usr/bin/cmake --install /home/loq/roboracer_ws/src/build/roboracer_localization
[0.548s] -- Install configuration: ""
[0.548s] -- Up-to-date: /home/loq/roboracer_ws/src/install/roboracer_localization/lib//roboracer_localization
[0.548s] -- Installing: /home/loq/roboracer_ws/src/install/roboracer_localization/lib//roboracer_localization/__init__.py
[0.548s] -- Up-to-date: /home/loq/roboracer_ws/src/install/roboracer_localization/share/roboracer_localization/launch
[0.548s] -- Installing: /home/loq/roboracer_ws/src/install/roboracer_localization/share/roboracer_localization/launch/local_localization.launch.py
[0.548s] -- Up-to-date: /home/loq/roboracer_ws/src/install/roboracer_localization/share/ament_index/resource_index/package_run_dependencies/roboracer_localization
[0.548s] -- Installing: /home/loq/roboracer_ws/src/install/roboracer_localization/share/ament_index/resource_index/parent_prefix_path/roboracer_localization
[0.548s] -- Up-to-date: /home/loq/roboracer_ws/src/install/roboracer_localization/share/roboracer_localization/environment/ament_prefix_path.sh
[0.549s] -- Installing: /home/loq/roboracer_ws/src/install/roboracer_localization/share/roboracer_localization/environment/ament_prefix_path.dsv
[0.549s] -- Up-to-date: /home/loq/roboracer_ws/src/install/roboracer_localization/share/roboracer_localization/environment/path.sh
[0.549s] -- Installing: /home/loq/roboracer_ws/src/install/roboracer_localization/share/roboracer_localization/environment/path.dsv
[0.549s] -- Up-to-date: /home/loq/roboracer_ws/src/install/roboracer_localization/share/roboracer_localization/local_setup.bash
[0.549s] -- Up-to-date: /home/loq/roboracer_ws/src/install/roboracer_localization/share/roboracer_localization/local_setup.sh
[0.549s] -- Up-to-date: /home/loq/roboracer_ws/src/install/roboracer_localization/share/roboracer_localization/local_setup.zsh
[0.549s] -- Installing: /home/loq/roboracer_ws/src/install/roboracer_localization/share/roboracer_localization/local_setup.dsv
[0.549s] -- Installing: /home/loq/roboracer_ws/src/install/roboracer_localization/share/roboracer_localization/package.dsv
[0.550s] -- Up-to-date: /home/loq/roboracer_ws/src/install/roboracer_localization/share/ament_index/resource_index/packages/roboracer_localization
[0.550s] -- Up-to-date: /home/loq/roboracer_ws/src/install/roboracer_localization/share/roboracer_localization/cmake/roboracer_localizationConfig.cmake
[0.550s] -- Up-to-date: /home/loq/roboracer_ws/src/install/roboracer_localization/share/roboracer_localization/cmake/roboracer_localizationConfig-version.cmake
[0.550s] -- Installing: /home/loq/roboracer_ws/src/install/roboracer_localization/share/roboracer_localization/package.xml
[0.552s] Invoked command in '/home/loq/roboracer_ws/src/build/roboracer_localization' returned '0': CMAKE_PREFIX_PATH=${CMAKE_PREFIX_PATH}:/home/loq/drivingcar_ws/install/self_driving_car_pkg:/home/loq/bumperbot_ws/install/bumperbot_py_example:/home/loq/roboracer_ws/install/roboracer_py:/home/loq/ros2_action_ws/install/lifecycle_py:/home/loq/ros2_action_ws/install/action_py:/opt/ros/humble /usr/bin/cmake --install /home/loq/roboracer_ws/src/build/roboracer_localization
