[0.029s] Invoking command in '/home/dev/roboracer_ws/build/roboracer_controller': CMAKE_PREFIX_PATH=/opt/ros/humble /usr/local/bin/cmake --build /home/dev/roboracer_ws/build/roboracer_controller -- -j8 -l8
[0.319s] Invoked command in '/home/dev/roboracer_ws/build/roboracer_controller' returned '0': CMAKE_PREFIX_PATH=/opt/ros/humble /usr/local/bin/cmake --build /home/dev/roboracer_ws/build/roboracer_controller -- -j8 -l8
[0.385s] Invoking command in '/home/dev/roboracer_ws/build/roboracer_controller': CMAKE_PREFIX_PATH=/opt/ros/humble /usr/local/bin/cmake --install /home/dev/roboracer_ws/build/roboracer_controller
[0.514s] -- Install configuration: ""
[0.516s] -- Up-to-date: /home/dev/roboracer_ws/install/roboracer_controller/share/roboracer_controller/config
[0.517s] -- Up-to-date: /home/dev/roboracer_ws/install/roboracer_controller/share/roboracer_controller/config/joy_config.yaml
[0.517s] -- Up-to-date: /home/dev/roboracer_ws/install/roboracer_controller/share/roboracer_controller/config/joystick_teleop.launch.yaml
[0.518s] -- Up-to-date: /home/dev/roboracer_ws/install/roboracer_controller/share/roboracer_controller/config/roboracer_controller.yaml
[0.519s] -- Up-to-date: /home/dev/roboracer_ws/install/roboracer_controller/share/roboracer_controller/launch
[0.519s] -- Up-to-date: /home/dev/roboracer_ws/install/roboracer_controller/share/roboracer_controller/launch/controller.launch.py
[0.520s] -- Up-to-date: /home/dev/roboracer_ws/install/roboracer_controller/lib/roboracer_controller/ackerman_controller.py
[0.526s] -- Up-to-date: /home/dev/roboracer_ws/install/roboracer_controller/lib/roboracer_controller/ackermann_to_twist.py
[0.539s] -- Up-to-date: /home/dev/roboracer_ws/install/roboracer_controller/lib/roboracer_controller/noisy_controller.py
[0.539s] -- Up-to-date: /home/dev/roboracer_ws/install/roboracer_controller/lib/roboracer_controller/static_tf_publisher.py
[0.539s] -- Up-to-date: /home/dev/roboracer_ws/install/roboracer_controller/lib/roboracer_controller/custom_robot_state_publisher.py
[0.540s] -- Up-to-date: /home/dev/roboracer_ws/install/roboracer_controller/share/ament_index/resource_index/package_run_dependencies/roboracer_controller
[0.541s] -- Up-to-date: /home/dev/roboracer_ws/install/roboracer_controller/share/ament_index/resource_index/parent_prefix_path/roboracer_controller
[0.541s] -- Up-to-date: /home/dev/roboracer_ws/install/roboracer_controller/share/roboracer_controller/environment/ament_prefix_path.sh
[0.542s] -- Up-to-date: /home/dev/roboracer_ws/install/roboracer_controller/share/roboracer_controller/environment/ament_prefix_path.dsv
[0.542s] -- Up-to-date: /home/dev/roboracer_ws/install/roboracer_controller/share/roboracer_controller/environment/path.sh
[0.543s] -- Up-to-date: /home/dev/roboracer_ws/install/roboracer_controller/share/roboracer_controller/environment/path.dsv
[0.543s] -- Up-to-date: /home/dev/roboracer_ws/install/roboracer_controller/share/roboracer_controller/local_setup.bash
[0.544s] -- Up-to-date: /home/dev/roboracer_ws/install/roboracer_controller/share/roboracer_controller/local_setup.sh
[0.544s] -- Up-to-date: /home/dev/roboracer_ws/install/roboracer_controller/share/roboracer_controller/local_setup.zsh
[0.545s] -- Up-to-date: /home/dev/roboracer_ws/install/roboracer_controller/share/roboracer_controller/local_setup.dsv
[0.545s] -- Installing: /home/dev/roboracer_ws/install/roboracer_controller/share/roboracer_controller/package.dsv
[0.545s] -- Up-to-date: /home/dev/roboracer_ws/install/roboracer_controller/share/ament_index/resource_index/packages/roboracer_controller
[0.545s] -- Up-to-date: /home/dev/roboracer_ws/install/roboracer_controller/share/roboracer_controller/cmake/roboracer_controllerConfig.cmake
[0.545s] -- Up-to-date: /home/dev/roboracer_ws/install/roboracer_controller/share/roboracer_controller/cmake/roboracer_controllerConfig-version.cmake
[0.546s] -- Up-to-date: /home/dev/roboracer_ws/install/roboracer_controller/share/roboracer_controller/package.xml
[0.673s] Invoked command in '/home/dev/roboracer_ws/build/roboracer_controller' returned '0': CMAKE_PREFIX_PATH=/opt/ros/humble /usr/local/bin/cmake --install /home/dev/roboracer_ws/build/roboracer_controller
