[0.187s] DEBUG:colcon:Command line arguments: ['/usr/bin/colcon', 'build']
[0.187s] DEBUG:colcon:Parsed command line arguments: Namespace(log_base=None, log_level=None, verb_name='build', build_base='build', install_base='install', merge_install=False, symlink_install=False, test_result_base=None, continue_on_error=False, executor='parallel', parallel_workers=8, event_handlers=None, ignore_user_meta=False, metas=['./colcon.meta'], base_paths=['.'], packages_ignore=None, packages_ignore_regex=None, paths=None, packages_up_to=None, packages_up_to_regex=None, packages_above=None, packages_above_and_dependencies=None, packages_above_depth=None, packages_select_by_dep=None, packages_skip_by_dep=None, packages_skip_up_to=None, packages_select_build_failed=False, packages_skip_build_finished=False, packages_select_test_failures=False, packages_skip_test_passed=False, packages_select=None, packages_skip=None, packages_select_regex=None, packages_skip_regex=None, packages_start=None, packages_end=None, allow_overriding=[], cmake_args=None, cmake_target=None, cmake_target_skip_unavailable=False, cmake_clean_cache=False, cmake_clean_first=False, cmake_force_configure=False, ament_cmake_args=None, catkin_cmake_args=None, catkin_skip_building_tests=False, verb_parser=<colcon_defaults.argument_parser.defaults.DefaultArgumentsDecorator object at 0x75f194d54850>, verb_extension=<colcon_core.verb.build.BuildVerb object at 0x75f194ea5c60>, main=<bound method BuildVerb.main of <colcon_core.verb.build.BuildVerb object at 0x75f194ea5c60>>)
[0.432s] Level 1:colcon.colcon_core.package_discovery:discover_packages(colcon_meta) check parameters
[0.432s] Level 1:colcon.colcon_core.package_discovery:discover_packages(recursive) check parameters
[0.432s] Level 1:colcon.colcon_core.package_discovery:discover_packages(ignore) check parameters
[0.432s] Level 1:colcon.colcon_core.package_discovery:discover_packages(path) check parameters
[0.432s] Level 1:colcon.colcon_core.package_discovery:discover_packages(colcon_meta) discover
[0.432s] Level 1:colcon.colcon_core.package_discovery:discover_packages(recursive) discover
[0.432s] INFO:colcon.colcon_core.package_discovery:Crawling recursively for packages in '/home/loq/roboracer_ws'
[0.432s] Level 1:colcon.colcon_core.package_identification:_identify(.) by extensions ['ignore', 'ignore_ament_install']
[0.432s] Level 1:colcon.colcon_core.package_identification:_identify(.) by extension 'ignore'
[0.432s] Level 1:colcon.colcon_core.package_identification:_identify(.) by extension 'ignore_ament_install'
[0.432s] Level 1:colcon.colcon_core.package_identification:_identify(.) by extensions ['colcon_pkg']
[0.432s] Level 1:colcon.colcon_core.package_identification:_identify(.) by extension 'colcon_pkg'
[0.432s] Level 1:colcon.colcon_core.package_identification:_identify(.) by extensions ['colcon_meta']
[0.432s] Level 1:colcon.colcon_core.package_identification:_identify(.) by extension 'colcon_meta'
[0.433s] Level 1:colcon.colcon_core.package_identification:_identify(.) by extensions ['ros']
[0.433s] Level 1:colcon.colcon_core.package_identification:_identify(.) by extension 'ros'
[0.449s] Level 1:colcon.colcon_core.package_identification:_identify(.) by extensions ['cmake', 'python']
[0.449s] Level 1:colcon.colcon_core.package_identification:_identify(.) by extension 'cmake'
[0.449s] Level 1:colcon.colcon_core.package_identification:_identify(.) by extension 'python'
[0.449s] Level 1:colcon.colcon_core.package_identification:_identify(.) by extensions ['python_setup_py']
[0.449s] Level 1:colcon.colcon_core.package_identification:_identify(.) by extension 'python_setup_py'
[0.449s] Level 1:colcon.colcon_core.package_identification:_identify(build) by extensions ['ignore', 'ignore_ament_install']
[0.449s] Level 1:colcon.colcon_core.package_identification:_identify(build) by extension 'ignore'
[0.449s] Level 1:colcon.colcon_core.package_identification:_identify(build) ignored
[0.449s] Level 1:colcon.colcon_core.package_identification:_identify(install) by extensions ['ignore', 'ignore_ament_install']
[0.449s] Level 1:colcon.colcon_core.package_identification:_identify(install) by extension 'ignore'
[0.449s] Level 1:colcon.colcon_core.package_identification:_identify(install) ignored
[0.449s] Level 1:colcon.colcon_core.package_identification:_identify(log) by extensions ['ignore', 'ignore_ament_install']
[0.450s] Level 1:colcon.colcon_core.package_identification:_identify(log) by extension 'ignore'
[0.450s] Level 1:colcon.colcon_core.package_identification:_identify(log) ignored
[0.450s] Level 1:colcon.colcon_core.package_identification:_identify(src) by extensions ['ignore', 'ignore_ament_install']
[0.450s] Level 1:colcon.colcon_core.package_identification:_identify(src) by extension 'ignore'
[0.450s] Level 1:colcon.colcon_core.package_identification:_identify(src) by extension 'ignore_ament_install'
[0.450s] Level 1:colcon.colcon_core.package_identification:_identify(src) by extensions ['colcon_pkg']
[0.450s] Level 1:colcon.colcon_core.package_identification:_identify(src) by extension 'colcon_pkg'
[0.450s] Level 1:colcon.colcon_core.package_identification:_identify(src) by extensions ['colcon_meta']
[0.450s] Level 1:colcon.colcon_core.package_identification:_identify(src) by extension 'colcon_meta'
[0.450s] Level 1:colcon.colcon_core.package_identification:_identify(src) by extensions ['ros']
[0.450s] Level 1:colcon.colcon_core.package_identification:_identify(src) by extension 'ros'
[0.450s] Level 1:colcon.colcon_core.package_identification:_identify(src) by extensions ['cmake', 'python']
[0.450s] Level 1:colcon.colcon_core.package_identification:_identify(src) by extension 'cmake'
[0.450s] Level 1:colcon.colcon_core.package_identification:_identify(src) by extension 'python'
[0.450s] Level 1:colcon.colcon_core.package_identification:_identify(src) by extensions ['python_setup_py']
[0.450s] Level 1:colcon.colcon_core.package_identification:_identify(src) by extension 'python_setup_py'
[0.450s] Level 1:colcon.colcon_core.package_identification:_identify(src/build) by extensions ['ignore', 'ignore_ament_install']
[0.451s] Level 1:colcon.colcon_core.package_identification:_identify(src/build) by extension 'ignore'
[0.451s] Level 1:colcon.colcon_core.package_identification:_identify(src/build) ignored
[0.451s] Level 1:colcon.colcon_core.package_identification:_identify(src/install) by extensions ['ignore', 'ignore_ament_install']
[0.451s] Level 1:colcon.colcon_core.package_identification:_identify(src/install) by extension 'ignore'
[0.451s] Level 1:colcon.colcon_core.package_identification:_identify(src/install) ignored
[0.451s] Level 1:colcon.colcon_core.package_identification:_identify(src/log) by extensions ['ignore', 'ignore_ament_install']
[0.451s] Level 1:colcon.colcon_core.package_identification:_identify(src/log) by extension 'ignore'
[0.451s] Level 1:colcon.colcon_core.package_identification:_identify(src/log) ignored
[0.451s] Level 1:colcon.colcon_core.package_identification:_identify(src/roboracer_controller) by extensions ['ignore', 'ignore_ament_install']
[0.451s] Level 1:colcon.colcon_core.package_identification:_identify(src/roboracer_controller) by extension 'ignore'
[0.451s] Level 1:colcon.colcon_core.package_identification:_identify(src/roboracer_controller) by extension 'ignore_ament_install'
[0.451s] Level 1:colcon.colcon_core.package_identification:_identify(src/roboracer_controller) by extensions ['colcon_pkg']
[0.451s] Level 1:colcon.colcon_core.package_identification:_identify(src/roboracer_controller) by extension 'colcon_pkg'
[0.451s] Level 1:colcon.colcon_core.package_identification:_identify(src/roboracer_controller) by extensions ['colcon_meta']
[0.451s] Level 1:colcon.colcon_core.package_identification:_identify(src/roboracer_controller) by extension 'colcon_meta'
[0.452s] Level 1:colcon.colcon_core.package_identification:_identify(src/roboracer_controller) by extensions ['ros']
[0.452s] Level 1:colcon.colcon_core.package_identification:_identify(src/roboracer_controller) by extension 'ros'
[0.475s] DEBUG:colcon.colcon_core.package_identification:Package 'src/roboracer_controller' with type 'ros.ament_cmake' and name 'roboracer_controller'
[0.475s] Level 1:colcon.colcon_core.package_identification:_identify(src/roboracer_description) by extensions ['ignore', 'ignore_ament_install']
[0.475s] Level 1:colcon.colcon_core.package_identification:_identify(src/roboracer_description) by extension 'ignore'
[0.475s] Level 1:colcon.colcon_core.package_identification:_identify(src/roboracer_description) by extension 'ignore_ament_install'
[0.475s] Level 1:colcon.colcon_core.package_identification:_identify(src/roboracer_description) by extensions ['colcon_pkg']
[0.475s] Level 1:colcon.colcon_core.package_identification:_identify(src/roboracer_description) by extension 'colcon_pkg'
[0.475s] Level 1:colcon.colcon_core.package_identification:_identify(src/roboracer_description) by extensions ['colcon_meta']
[0.475s] Level 1:colcon.colcon_core.package_identification:_identify(src/roboracer_description) by extension 'colcon_meta'
[0.475s] Level 1:colcon.colcon_core.package_identification:_identify(src/roboracer_description) by extensions ['ros']
[0.475s] Level 1:colcon.colcon_core.package_identification:_identify(src/roboracer_description) by extension 'ros'
[0.479s] DEBUG:colcon.colcon_core.package_identification:Package 'src/roboracer_description' with type 'ros.ament_cmake' and name 'roboracer_description'
[0.479s] Level 1:colcon.colcon_core.package_identification:_identify(src/roboracer_localization) by extensions ['ignore', 'ignore_ament_install']
[0.479s] Level 1:colcon.colcon_core.package_identification:_identify(src/roboracer_localization) by extension 'ignore'
[0.479s] Level 1:colcon.colcon_core.package_identification:_identify(src/roboracer_localization) by extension 'ignore_ament_install'
[0.479s] Level 1:colcon.colcon_core.package_identification:_identify(src/roboracer_localization) by extensions ['colcon_pkg']
[0.479s] Level 1:colcon.colcon_core.package_identification:_identify(src/roboracer_localization) by extension 'colcon_pkg'
[0.479s] Level 1:colcon.colcon_core.package_identification:_identify(src/roboracer_localization) by extensions ['colcon_meta']
[0.479s] Level 1:colcon.colcon_core.package_identification:_identify(src/roboracer_localization) by extension 'colcon_meta'
[0.479s] Level 1:colcon.colcon_core.package_identification:_identify(src/roboracer_localization) by extensions ['ros']
[0.479s] Level 1:colcon.colcon_core.package_identification:_identify(src/roboracer_localization) by extension 'ros'
[0.481s] DEBUG:colcon.colcon_core.package_identification:Package 'src/roboracer_localization' with type 'ros.ament_cmake' and name 'roboracer_localization'
[0.481s] Level 1:colcon.colcon_core.package_identification:_identify(src/roboracer_py) by extensions ['ignore', 'ignore_ament_install']
[0.481s] Level 1:colcon.colcon_core.package_identification:_identify(src/roboracer_py) by extension 'ignore'
[0.481s] Level 1:colcon.colcon_core.package_identification:_identify(src/roboracer_py) by extension 'ignore_ament_install'
[0.481s] Level 1:colcon.colcon_core.package_identification:_identify(src/roboracer_py) by extensions ['colcon_pkg']
[0.481s] Level 1:colcon.colcon_core.package_identification:_identify(src/roboracer_py) by extension 'colcon_pkg'
[0.481s] Level 1:colcon.colcon_core.package_identification:_identify(src/roboracer_py) by extensions ['colcon_meta']
[0.481s] Level 1:colcon.colcon_core.package_identification:_identify(src/roboracer_py) by extension 'colcon_meta'
[0.481s] Level 1:colcon.colcon_core.package_identification:_identify(src/roboracer_py) by extensions ['ros']
[0.481s] Level 1:colcon.colcon_core.package_identification:_identify(src/roboracer_py) by extension 'ros'
[0.482s] DEBUG:colcon.colcon_core.package_identification:Package 'src/roboracer_py' with type 'ros.ament_python' and name 'roboracer_py'
[0.483s] Level 1:colcon.colcon_core.package_identification:_identify(src/roboracer_visual_odom) by extensions ['ignore', 'ignore_ament_install']
[0.483s] Level 1:colcon.colcon_core.package_identification:_identify(src/roboracer_visual_odom) by extension 'ignore'
[0.483s] Level 1:colcon.colcon_core.package_identification:_identify(src/roboracer_visual_odom) by extension 'ignore_ament_install'
[0.483s] Level 1:colcon.colcon_core.package_identification:_identify(src/roboracer_visual_odom) by extensions ['colcon_pkg']
[0.483s] Level 1:colcon.colcon_core.package_identification:_identify(src/roboracer_visual_odom) by extension 'colcon_pkg'
[0.483s] Level 1:colcon.colcon_core.package_identification:_identify(src/roboracer_visual_odom) by extensions ['colcon_meta']
[0.483s] Level 1:colcon.colcon_core.package_identification:_identify(src/roboracer_visual_odom) by extension 'colcon_meta'
[0.483s] Level 1:colcon.colcon_core.package_identification:_identify(src/roboracer_visual_odom) by extensions ['ros']
[0.483s] Level 1:colcon.colcon_core.package_identification:_identify(src/roboracer_visual_odom) by extension 'ros'
[0.484s] DEBUG:colcon.colcon_core.package_identification:Package 'src/roboracer_visual_odom' with type 'ros.ament_cmake' and name 'roboracer_visual_odom'
[0.485s] Level 1:colcon.colcon_core.package_identification:_identify(src/roboracer_yolov8_detector) by extensions ['ignore', 'ignore_ament_install']
[0.485s] Level 1:colcon.colcon_core.package_identification:_identify(src/roboracer_yolov8_detector) by extension 'ignore'
[0.485s] Level 1:colcon.colcon_core.package_identification:_identify(src/roboracer_yolov8_detector) by extension 'ignore_ament_install'
[0.485s] Level 1:colcon.colcon_core.package_identification:_identify(src/roboracer_yolov8_detector) by extensions ['colcon_pkg']
[0.485s] Level 1:colcon.colcon_core.package_identification:_identify(src/roboracer_yolov8_detector) by extension 'colcon_pkg'
[0.485s] Level 1:colcon.colcon_core.package_identification:_identify(src/roboracer_yolov8_detector) by extensions ['colcon_meta']
[0.485s] Level 1:colcon.colcon_core.package_identification:_identify(src/roboracer_yolov8_detector) by extension 'colcon_meta'
[0.485s] Level 1:colcon.colcon_core.package_identification:_identify(src/roboracer_yolov8_detector) by extensions ['ros']
[0.485s] Level 1:colcon.colcon_core.package_identification:_identify(src/roboracer_yolov8_detector) by extension 'ros'
[0.486s] DEBUG:colcon.colcon_core.package_identification:Package 'src/roboracer_yolov8_detector' with type 'ros.ament_python' and name 'roboracer_yolov8_detector'
[0.486s] Level 1:colcon.colcon_core.package_discovery:discover_packages(recursive) using defaults
[0.486s] Level 1:colcon.colcon_core.package_discovery:discover_packages(ignore) discover
[0.486s] Level 1:colcon.colcon_core.package_discovery:discover_packages(ignore) using defaults
[0.486s] Level 1:colcon.colcon_core.package_discovery:discover_packages(path) discover
[0.486s] Level 1:colcon.colcon_core.package_discovery:discover_packages(path) using defaults
[0.515s] Level 1:colcon.colcon_core.package_discovery:discover_packages(prefix_path) check parameters
[0.515s] Level 1:colcon.colcon_core.package_discovery:discover_packages(prefix_path) discover
[0.528s] DEBUG:colcon.colcon_installed_package_information.package_discovery:Found 5 installed packages in /home/loq/bumperbot_ws/install
[0.529s] DEBUG:colcon.colcon_installed_package_information.package_discovery:Found 6 installed packages in /home/loq/roboracer_ws/install
[0.530s] DEBUG:colcon.colcon_installed_package_information.package_discovery:Found 4 installed packages in /home/loq/ros2_action_ws/install
[0.530s] DEBUG:colcon.colcon_installed_package_information.package_discovery:Found 3 installed packages in /home/loq/turtlebot3_ws/install
[0.531s] DEBUG:colcon.colcon_installed_package_information.package_discovery:Found 2 installed packages in /home/loq/drivingcar_ws/install
[0.533s] DEBUG:colcon.colcon_installed_package_information.package_discovery:Found 5 installed packages in /home/loq/Downloads/ros2-ackermann-vehicle-gz-sim-harmonic-nav2-main/install
[0.535s] DEBUG:colcon.colcon_installed_package_information.package_discovery:Found 351 installed packages in /opt/ros/humble
[0.540s] Level 1:colcon.colcon_core.package_discovery:discover_packages(prefix_path) using defaults
[0.680s] Level 5:colcon.colcon_core.verb:set package 'roboracer_controller' build argument 'cmake_args' from command line to 'None'
[0.680s] Level 5:colcon.colcon_core.verb:set package 'roboracer_controller' build argument 'cmake_target' from command line to 'None'
[0.680s] Level 5:colcon.colcon_core.verb:set package 'roboracer_controller' build argument 'cmake_target_skip_unavailable' from command line to 'False'
[0.680s] Level 5:colcon.colcon_core.verb:set package 'roboracer_controller' build argument 'cmake_clean_cache' from command line to 'False'
[0.680s] Level 5:colcon.colcon_core.verb:set package 'roboracer_controller' build argument 'cmake_clean_first' from command line to 'False'
[0.680s] Level 5:colcon.colcon_core.verb:set package 'roboracer_controller' build argument 'cmake_force_configure' from command line to 'False'
[0.680s] Level 5:colcon.colcon_core.verb:set package 'roboracer_controller' build argument 'ament_cmake_args' from command line to 'None'
[0.680s] Level 5:colcon.colcon_core.verb:set package 'roboracer_controller' build argument 'catkin_cmake_args' from command line to 'None'
[0.680s] Level 5:colcon.colcon_core.verb:set package 'roboracer_controller' build argument 'catkin_skip_building_tests' from command line to 'False'
[0.680s] DEBUG:colcon.colcon_core.verb:Building package 'roboracer_controller' with the following arguments: {'ament_cmake_args': None, 'build_base': '/home/loq/roboracer_ws/build/roboracer_controller', 'catkin_cmake_args': None, 'catkin_skip_building_tests': False, 'cmake_args': None, 'cmake_clean_cache': False, 'cmake_clean_first': False, 'cmake_force_configure': False, 'cmake_target': None, 'cmake_target_skip_unavailable': False, 'install_base': '/home/loq/roboracer_ws/install/roboracer_controller', 'merge_install': False, 'path': '/home/loq/roboracer_ws/src/roboracer_controller', 'symlink_install': False, 'test_result_base': None}
[0.681s] Level 5:colcon.colcon_core.verb:set package 'roboracer_description' build argument 'cmake_args' from command line to 'None'
[0.681s] Level 5:colcon.colcon_core.verb:set package 'roboracer_description' build argument 'cmake_target' from command line to 'None'
[0.681s] Level 5:colcon.colcon_core.verb:set package 'roboracer_description' build argument 'cmake_target_skip_unavailable' from command line to 'False'
[0.681s] Level 5:colcon.colcon_core.verb:set package 'roboracer_description' build argument 'cmake_clean_cache' from command line to 'False'
[0.681s] Level 5:colcon.colcon_core.verb:set package 'roboracer_description' build argument 'cmake_clean_first' from command line to 'False'
[0.681s] Level 5:colcon.colcon_core.verb:set package 'roboracer_description' build argument 'cmake_force_configure' from command line to 'False'
[0.681s] Level 5:colcon.colcon_core.verb:set package 'roboracer_description' build argument 'ament_cmake_args' from command line to 'None'
[0.681s] Level 5:colcon.colcon_core.verb:set package 'roboracer_description' build argument 'catkin_cmake_args' from command line to 'None'
[0.681s] Level 5:colcon.colcon_core.verb:set package 'roboracer_description' build argument 'catkin_skip_building_tests' from command line to 'False'
[0.681s] DEBUG:colcon.colcon_core.verb:Building package 'roboracer_description' with the following arguments: {'ament_cmake_args': None, 'build_base': '/home/loq/roboracer_ws/build/roboracer_description', 'catkin_cmake_args': None, 'catkin_skip_building_tests': False, 'cmake_args': None, 'cmake_clean_cache': False, 'cmake_clean_first': False, 'cmake_force_configure': False, 'cmake_target': None, 'cmake_target_skip_unavailable': False, 'install_base': '/home/loq/roboracer_ws/install/roboracer_description', 'merge_install': False, 'path': '/home/loq/roboracer_ws/src/roboracer_description', 'symlink_install': False, 'test_result_base': None}
[0.681s] Level 5:colcon.colcon_core.verb:set package 'roboracer_localization' build argument 'cmake_args' from command line to 'None'
[0.681s] Level 5:colcon.colcon_core.verb:set package 'roboracer_localization' build argument 'cmake_target' from command line to 'None'
[0.681s] Level 5:colcon.colcon_core.verb:set package 'roboracer_localization' build argument 'cmake_target_skip_unavailable' from command line to 'False'
[0.681s] Level 5:colcon.colcon_core.verb:set package 'roboracer_localization' build argument 'cmake_clean_cache' from command line to 'False'
[0.681s] Level 5:colcon.colcon_core.verb:set package 'roboracer_localization' build argument 'cmake_clean_first' from command line to 'False'
[0.681s] Level 5:colcon.colcon_core.verb:set package 'roboracer_localization' build argument 'cmake_force_configure' from command line to 'False'
[0.681s] Level 5:colcon.colcon_core.verb:set package 'roboracer_localization' build argument 'ament_cmake_args' from command line to 'None'
[0.682s] Level 5:colcon.colcon_core.verb:set package 'roboracer_localization' build argument 'catkin_cmake_args' from command line to 'None'
[0.682s] Level 5:colcon.colcon_core.verb:set package 'roboracer_localization' build argument 'catkin_skip_building_tests' from command line to 'False'
[0.682s] DEBUG:colcon.colcon_core.verb:Building package 'roboracer_localization' with the following arguments: {'ament_cmake_args': None, 'build_base': '/home/loq/roboracer_ws/build/roboracer_localization', 'catkin_cmake_args': None, 'catkin_skip_building_tests': False, 'cmake_args': None, 'cmake_clean_cache': False, 'cmake_clean_first': False, 'cmake_force_configure': False, 'cmake_target': None, 'cmake_target_skip_unavailable': False, 'install_base': '/home/loq/roboracer_ws/install/roboracer_localization', 'merge_install': False, 'path': '/home/loq/roboracer_ws/src/roboracer_localization', 'symlink_install': False, 'test_result_base': None}
[0.683s] Level 5:colcon.colcon_core.verb:set package 'roboracer_py' build argument 'cmake_args' from command line to 'None'
[0.683s] Level 5:colcon.colcon_core.verb:set package 'roboracer_py' build argument 'cmake_target' from command line to 'None'
[0.683s] Level 5:colcon.colcon_core.verb:set package 'roboracer_py' build argument 'cmake_target_skip_unavailable' from command line to 'False'
[0.683s] Level 5:colcon.colcon_core.verb:set package 'roboracer_py' build argument 'cmake_clean_cache' from command line to 'False'
[0.683s] Level 5:colcon.colcon_core.verb:set package 'roboracer_py' build argument 'cmake_clean_first' from command line to 'False'
[0.683s] Level 5:colcon.colcon_core.verb:set package 'roboracer_py' build argument 'cmake_force_configure' from command line to 'False'
[0.683s] Level 5:colcon.colcon_core.verb:set package 'roboracer_py' build argument 'ament_cmake_args' from command line to 'None'
[0.683s] Level 5:colcon.colcon_core.verb:set package 'roboracer_py' build argument 'catkin_cmake_args' from command line to 'None'
[0.683s] Level 5:colcon.colcon_core.verb:set package 'roboracer_py' build argument 'catkin_skip_building_tests' from command line to 'False'
[0.683s] DEBUG:colcon.colcon_core.verb:Building package 'roboracer_py' with the following arguments: {'ament_cmake_args': None, 'build_base': '/home/loq/roboracer_ws/build/roboracer_py', 'catkin_cmake_args': None, 'catkin_skip_building_tests': False, 'cmake_args': None, 'cmake_clean_cache': False, 'cmake_clean_first': False, 'cmake_force_configure': False, 'cmake_target': None, 'cmake_target_skip_unavailable': False, 'install_base': '/home/loq/roboracer_ws/install/roboracer_py', 'merge_install': False, 'path': '/home/loq/roboracer_ws/src/roboracer_py', 'symlink_install': False, 'test_result_base': None}
[0.684s] Level 5:colcon.colcon_core.verb:set package 'roboracer_visual_odom' build argument 'cmake_args' from command line to 'None'
[0.684s] Level 5:colcon.colcon_core.verb:set package 'roboracer_visual_odom' build argument 'cmake_target' from command line to 'None'
[0.684s] Level 5:colcon.colcon_core.verb:set package 'roboracer_visual_odom' build argument 'cmake_target_skip_unavailable' from command line to 'False'
[0.684s] Level 5:colcon.colcon_core.verb:set package 'roboracer_visual_odom' build argument 'cmake_clean_cache' from command line to 'False'
[0.684s] Level 5:colcon.colcon_core.verb:set package 'roboracer_visual_odom' build argument 'cmake_clean_first' from command line to 'False'
[0.684s] Level 5:colcon.colcon_core.verb:set package 'roboracer_visual_odom' build argument 'cmake_force_configure' from command line to 'False'
[0.684s] Level 5:colcon.colcon_core.verb:set package 'roboracer_visual_odom' build argument 'ament_cmake_args' from command line to 'None'
[0.684s] Level 5:colcon.colcon_core.verb:set package 'roboracer_visual_odom' build argument 'catkin_cmake_args' from command line to 'None'
[0.684s] Level 5:colcon.colcon_core.verb:set package 'roboracer_visual_odom' build argument 'catkin_skip_building_tests' from command line to 'False'
[0.684s] DEBUG:colcon.colcon_core.verb:Building package 'roboracer_visual_odom' with the following arguments: {'ament_cmake_args': None, 'build_base': '/home/loq/roboracer_ws/build/roboracer_visual_odom', 'catkin_cmake_args': None, 'catkin_skip_building_tests': False, 'cmake_args': None, 'cmake_clean_cache': False, 'cmake_clean_first': False, 'cmake_force_configure': False, 'cmake_target': None, 'cmake_target_skip_unavailable': False, 'install_base': '/home/loq/roboracer_ws/install/roboracer_visual_odom', 'merge_install': False, 'path': '/home/loq/roboracer_ws/src/roboracer_visual_odom', 'symlink_install': False, 'test_result_base': None}
[0.686s] Level 5:colcon.colcon_core.verb:set package 'roboracer_yolov8_detector' build argument 'cmake_args' from command line to 'None'
[0.686s] Level 5:colcon.colcon_core.verb:set package 'roboracer_yolov8_detector' build argument 'cmake_target' from command line to 'None'
[0.686s] Level 5:colcon.colcon_core.verb:set package 'roboracer_yolov8_detector' build argument 'cmake_target_skip_unavailable' from command line to 'False'
[0.686s] Level 5:colcon.colcon_core.verb:set package 'roboracer_yolov8_detector' build argument 'cmake_clean_cache' from command line to 'False'
[0.686s] Level 5:colcon.colcon_core.verb:set package 'roboracer_yolov8_detector' build argument 'cmake_clean_first' from command line to 'False'
[0.686s] Level 5:colcon.colcon_core.verb:set package 'roboracer_yolov8_detector' build argument 'cmake_force_configure' from command line to 'False'
[0.686s] Level 5:colcon.colcon_core.verb:set package 'roboracer_yolov8_detector' build argument 'ament_cmake_args' from command line to 'None'
[0.686s] Level 5:colcon.colcon_core.verb:set package 'roboracer_yolov8_detector' build argument 'catkin_cmake_args' from command line to 'None'
[0.686s] Level 5:colcon.colcon_core.verb:set package 'roboracer_yolov8_detector' build argument 'catkin_skip_building_tests' from command line to 'False'
[0.686s] DEBUG:colcon.colcon_core.verb:Building package 'roboracer_yolov8_detector' with the following arguments: {'ament_cmake_args': None, 'build_base': '/home/loq/roboracer_ws/build/roboracer_yolov8_detector', 'catkin_cmake_args': None, 'catkin_skip_building_tests': False, 'cmake_args': None, 'cmake_clean_cache': False, 'cmake_clean_first': False, 'cmake_force_configure': False, 'cmake_target': None, 'cmake_target_skip_unavailable': False, 'install_base': '/home/loq/roboracer_ws/install/roboracer_yolov8_detector', 'merge_install': False, 'path': '/home/loq/roboracer_ws/src/roboracer_yolov8_detector', 'symlink_install': False, 'test_result_base': None}
[0.686s] INFO:colcon.colcon_core.executor:Executing jobs using 'parallel' executor
[0.690s] DEBUG:colcon.colcon_parallel_executor.executor.parallel:run_until_complete
[0.690s] INFO:colcon.colcon_ros.task.ament_cmake.build:Building ROS package in '/home/loq/roboracer_ws/src/roboracer_controller' with build type 'ament_cmake'
[0.690s] INFO:colcon.colcon_cmake.task.cmake.build:Building CMake package in '/home/loq/roboracer_ws/src/roboracer_controller'
[0.701s] INFO:colcon.colcon_core.plugin_system:Skipping extension 'colcon_core.shell.bat': Not used on non-Windows systems
[0.701s] INFO:colcon.colcon_core.shell:Skip shell extension 'powershell' for command environment: Not usable outside of PowerShell
[0.702s] DEBUG:colcon.colcon_core.shell:Skip shell extension 'dsv' for command environment
[0.715s] INFO:colcon.colcon_ros.task.ament_cmake.build:Building ROS package in '/home/loq/roboracer_ws/src/roboracer_description' with build type 'ament_cmake'
[0.715s] INFO:colcon.colcon_cmake.task.cmake.build:Building CMake package in '/home/loq/roboracer_ws/src/roboracer_description'
[0.715s] INFO:colcon.colcon_core.shell:Skip shell extension 'powershell' for command environment: Not usable outside of PowerShell
[0.715s] DEBUG:colcon.colcon_core.shell:Skip shell extension 'dsv' for command environment
[0.726s] INFO:colcon.colcon_ros.task.ament_cmake.build:Building ROS package in '/home/loq/roboracer_ws/src/roboracer_localization' with build type 'ament_cmake'
[0.726s] INFO:colcon.colcon_cmake.task.cmake.build:Building CMake package in '/home/loq/roboracer_ws/src/roboracer_localization'
[0.727s] INFO:colcon.colcon_core.shell:Skip shell extension 'powershell' for command environment: Not usable outside of PowerShell
[0.727s] DEBUG:colcon.colcon_core.shell:Skip shell extension 'dsv' for command environment
[0.744s] INFO:colcon.colcon_ros.task.ament_python.build:Building ROS package in '/home/loq/roboracer_ws/src/roboracer_py' with build type 'ament_python'
[0.744s] Level 1:colcon.colcon_core.shell:create_environment_hook('roboracer_py', 'ament_prefix_path')
[0.744s] INFO:colcon.colcon_core.shell:Creating environment hook '/home/loq/roboracer_ws/install/roboracer_py/share/roboracer_py/hook/ament_prefix_path.ps1'
[0.745s] INFO:colcon.colcon_core.shell:Creating environment descriptor '/home/loq/roboracer_ws/install/roboracer_py/share/roboracer_py/hook/ament_prefix_path.dsv'
[0.748s] INFO:colcon.colcon_core.shell:Creating environment hook '/home/loq/roboracer_ws/install/roboracer_py/share/roboracer_py/hook/ament_prefix_path.sh'
[0.752s] INFO:colcon.colcon_core.shell:Skip shell extension 'powershell' for command environment: Not usable outside of PowerShell
[0.752s] DEBUG:colcon.colcon_core.shell:Skip shell extension 'dsv' for command environment
[0.785s] INFO:colcon.colcon_ros.task.ament_cmake.build:Building ROS package in '/home/loq/roboracer_ws/src/roboracer_visual_odom' with build type 'ament_cmake'
[0.786s] INFO:colcon.colcon_cmake.task.cmake.build:Building CMake package in '/home/loq/roboracer_ws/src/roboracer_visual_odom'
[0.786s] INFO:colcon.colcon_core.shell:Skip shell extension 'powershell' for command environment: Not usable outside of PowerShell
[0.786s] DEBUG:colcon.colcon_core.shell:Skip shell extension 'dsv' for command environment
[0.800s] INFO:colcon.colcon_ros.task.ament_python.build:Building ROS package in '/home/loq/roboracer_ws/src/roboracer_yolov8_detector' with build type 'ament_python'
[0.801s] Level 1:colcon.colcon_core.shell:create_environment_hook('roboracer_yolov8_detector', 'ament_prefix_path')
[0.801s] INFO:colcon.colcon_core.shell:Creating environment hook '/home/loq/roboracer_ws/install/roboracer_yolov8_detector/share/roboracer_yolov8_detector/hook/ament_prefix_path.ps1'
[0.802s] INFO:colcon.colcon_core.shell:Creating environment descriptor '/home/loq/roboracer_ws/install/roboracer_yolov8_detector/share/roboracer_yolov8_detector/hook/ament_prefix_path.dsv'
[0.803s] INFO:colcon.colcon_core.shell:Creating environment hook '/home/loq/roboracer_ws/install/roboracer_yolov8_detector/share/roboracer_yolov8_detector/hook/ament_prefix_path.sh'
[0.804s] INFO:colcon.colcon_core.shell:Skip shell extension 'powershell' for command environment: Not usable outside of PowerShell
[0.804s] DEBUG:colcon.colcon_core.shell:Skip shell extension 'dsv' for command environment
[0.825s] DEBUG:colcon.colcon_core.event_handler.log_command:Invoking command in '/home/loq/roboracer_ws/build/roboracer_controller': CMAKE_PREFIX_PATH=${CMAKE_PREFIX_PATH}:/home/loq/drivingcar_ws/install/self_driving_car_pkg:/home/loq/bumperbot_ws/install/bumperbot_py_example:/home/loq/roboracer_ws/install/roboracer_yolov8_detector:/home/loq/roboracer_ws/install/roboracer_py:/home/loq/ros2_action_ws/install/lifecycle_py:/home/loq/ros2_action_ws/install/action_py:/opt/ros/humble /usr/bin/cmake /home/loq/roboracer_ws/src/roboracer_controller -DCMAKE_INSTALL_PREFIX=/home/loq/roboracer_ws/install/roboracer_controller
[0.839s] DEBUG:colcon.colcon_core.event_handler.log_command:Invoking command in '/home/loq/roboracer_ws/build/roboracer_description': CMAKE_PREFIX_PATH=${CMAKE_PREFIX_PATH}:/home/loq/drivingcar_ws/install/self_driving_car_pkg:/home/loq/bumperbot_ws/install/bumperbot_py_example:/home/loq/roboracer_ws/install/roboracer_yolov8_detector:/home/loq/roboracer_ws/install/roboracer_py:/home/loq/ros2_action_ws/install/lifecycle_py:/home/loq/ros2_action_ws/install/action_py:/opt/ros/humble /usr/bin/cmake /home/loq/roboracer_ws/src/roboracer_description -DCMAKE_INSTALL_PREFIX=/home/loq/roboracer_ws/install/roboracer_description
[0.849s] DEBUG:colcon.colcon_core.event_handler.log_command:Invoking command in '/home/loq/roboracer_ws/build/roboracer_localization': CMAKE_PREFIX_PATH=${CMAKE_PREFIX_PATH}:/home/loq/drivingcar_ws/install/self_driving_car_pkg:/home/loq/bumperbot_ws/install/bumperbot_py_example:/home/loq/roboracer_ws/install/roboracer_yolov8_detector:/home/loq/roboracer_ws/install/roboracer_py:/home/loq/ros2_action_ws/install/lifecycle_py:/home/loq/ros2_action_ws/install/action_py:/opt/ros/humble /usr/bin/cmake /home/loq/roboracer_ws/src/roboracer_localization -DCMAKE_INSTALL_PREFIX=/home/loq/roboracer_ws/install/roboracer_localization
[1.361s] INFO:colcon.colcon_core.task.python.build:Building Python package in '/home/loq/roboracer_ws/src/roboracer_py'
[1.362s] INFO:colcon.colcon_core.shell:Skip shell extension 'powershell' for command environment: Not usable outside of PowerShell
[1.362s] DEBUG:colcon.colcon_core.shell:Skip shell extension 'dsv' for command environment
[1.387s] DEBUG:colcon.colcon_core.event_handler.log_command:Invoking command in '/home/loq/roboracer_ws/build/roboracer_visual_odom': CMAKE_PREFIX_PATH=${CMAKE_PREFIX_PATH}:/home/loq/drivingcar_ws/install/self_driving_car_pkg:/home/loq/bumperbot_ws/install/bumperbot_py_example:/home/loq/roboracer_ws/install/roboracer_yolov8_detector:/home/loq/roboracer_ws/install/roboracer_py:/home/loq/ros2_action_ws/install/lifecycle_py:/home/loq/ros2_action_ws/install/action_py:/opt/ros/humble /usr/bin/cmake /home/loq/roboracer_ws/src/roboracer_visual_odom -DCMAKE_INSTALL_PREFIX=/home/loq/roboracer_ws/install/roboracer_visual_odom
[1.873s] INFO:colcon.colcon_core.task.python.build:Building Python package in '/home/loq/roboracer_ws/src/roboracer_yolov8_detector'
[1.874s] INFO:colcon.colcon_core.shell:Skip shell extension 'powershell' for command environment: Not usable outside of PowerShell
[1.874s] DEBUG:colcon.colcon_core.shell:Skip shell extension 'dsv' for command environment
[1.900s] DEBUG:colcon.colcon_core.event_handler.log_command:Invoked command in '/home/loq/roboracer_ws/build/roboracer_description' returned '0': CMAKE_PREFIX_PATH=${CMAKE_PREFIX_PATH}:/home/loq/drivingcar_ws/install/self_driving_car_pkg:/home/loq/bumperbot_ws/install/bumperbot_py_example:/home/loq/roboracer_ws/install/roboracer_yolov8_detector:/home/loq/roboracer_ws/install/roboracer_py:/home/loq/ros2_action_ws/install/lifecycle_py:/home/loq/ros2_action_ws/install/action_py:/opt/ros/humble /usr/bin/cmake /home/loq/roboracer_ws/src/roboracer_description -DCMAKE_INSTALL_PREFIX=/home/loq/roboracer_ws/install/roboracer_description
[1.905s] DEBUG:colcon.colcon_core.event_handler.log_command:Invoking command in '/home/loq/roboracer_ws/build/roboracer_description': CMAKE_PREFIX_PATH=${CMAKE_PREFIX_PATH}:/home/loq/drivingcar_ws/install/self_driving_car_pkg:/home/loq/bumperbot_ws/install/bumperbot_py_example:/home/loq/roboracer_ws/install/roboracer_yolov8_detector:/home/loq/roboracer_ws/install/roboracer_py:/home/loq/ros2_action_ws/install/lifecycle_py:/home/loq/ros2_action_ws/install/action_py:/opt/ros/humble /usr/bin/cmake --build /home/loq/roboracer_ws/build/roboracer_description -- -j8 -l8
[1.907s] DEBUG:colcon.colcon_core.event_handler.log_command:Invoked command in '/home/loq/roboracer_ws/build/roboracer_localization' returned '0': CMAKE_PREFIX_PATH=${CMAKE_PREFIX_PATH}:/home/loq/drivingcar_ws/install/self_driving_car_pkg:/home/loq/bumperbot_ws/install/bumperbot_py_example:/home/loq/roboracer_ws/install/roboracer_yolov8_detector:/home/loq/roboracer_ws/install/roboracer_py:/home/loq/ros2_action_ws/install/lifecycle_py:/home/loq/ros2_action_ws/install/action_py:/opt/ros/humble /usr/bin/cmake /home/loq/roboracer_ws/src/roboracer_localization -DCMAKE_INSTALL_PREFIX=/home/loq/roboracer_ws/install/roboracer_localization
[1.908s] DEBUG:colcon.colcon_core.event_handler.log_command:Invoking command in '/home/loq/roboracer_ws/build/roboracer_localization': CMAKE_PREFIX_PATH=${CMAKE_PREFIX_PATH}:/home/loq/drivingcar_ws/install/self_driving_car_pkg:/home/loq/bumperbot_ws/install/bumperbot_py_example:/home/loq/roboracer_ws/install/roboracer_yolov8_detector:/home/loq/roboracer_ws/install/roboracer_py:/home/loq/ros2_action_ws/install/lifecycle_py:/home/loq/ros2_action_ws/install/action_py:/opt/ros/humble /usr/bin/cmake --build /home/loq/roboracer_ws/build/roboracer_localization -- -j8 -l8
[1.994s] DEBUG:colcon.colcon_core.event_handler.log_command:Invoked command in '/home/loq/roboracer_ws/build/roboracer_description' returned '0': CMAKE_PREFIX_PATH=${CMAKE_PREFIX_PATH}:/home/loq/drivingcar_ws/install/self_driving_car_pkg:/home/loq/bumperbot_ws/install/bumperbot_py_example:/home/loq/roboracer_ws/install/roboracer_yolov8_detector:/home/loq/roboracer_ws/install/roboracer_py:/home/loq/ros2_action_ws/install/lifecycle_py:/home/loq/ros2_action_ws/install/action_py:/opt/ros/humble /usr/bin/cmake --build /home/loq/roboracer_ws/build/roboracer_description -- -j8 -l8
[2.013s] DEBUG:colcon.colcon_core.event_handler.log_command:Invoking command in '/home/loq/roboracer_ws/build/roboracer_description': CMAKE_PREFIX_PATH=${CMAKE_PREFIX_PATH}:/home/loq/drivingcar_ws/install/self_driving_car_pkg:/home/loq/bumperbot_ws/install/bumperbot_py_example:/home/loq/roboracer_ws/install/roboracer_yolov8_detector:/home/loq/roboracer_ws/install/roboracer_py:/home/loq/ros2_action_ws/install/lifecycle_py:/home/loq/ros2_action_ws/install/action_py:/opt/ros/humble /usr/bin/cmake --install /home/loq/roboracer_ws/build/roboracer_description
[2.019s] DEBUG:colcon.colcon_core.event_handler.log_command:Invoked command in '/home/loq/roboracer_ws/build/roboracer_localization' returned '0': CMAKE_PREFIX_PATH=${CMAKE_PREFIX_PATH}:/home/loq/drivingcar_ws/install/self_driving_car_pkg:/home/loq/bumperbot_ws/install/bumperbot_py_example:/home/loq/roboracer_ws/install/roboracer_yolov8_detector:/home/loq/roboracer_ws/install/roboracer_py:/home/loq/ros2_action_ws/install/lifecycle_py:/home/loq/ros2_action_ws/install/action_py:/opt/ros/humble /usr/bin/cmake --build /home/loq/roboracer_ws/build/roboracer_localization -- -j8 -l8
[2.020s] DEBUG:colcon.colcon_core.event_handler.log_command:Invoking command in '/home/loq/roboracer_ws/build/roboracer_localization': CMAKE_PREFIX_PATH=${CMAKE_PREFIX_PATH}:/home/loq/drivingcar_ws/install/self_driving_car_pkg:/home/loq/bumperbot_ws/install/bumperbot_py_example:/home/loq/roboracer_ws/install/roboracer_yolov8_detector:/home/loq/roboracer_ws/install/roboracer_py:/home/loq/ros2_action_ws/install/lifecycle_py:/home/loq/ros2_action_ws/install/action_py:/opt/ros/humble /usr/bin/cmake --install /home/loq/roboracer_ws/build/roboracer_localization
[2.047s] Level 1:colcon.colcon_core.environment:create_environment_scripts_only(roboracer_localization)
[2.048s] DEBUG:colcon.colcon_core.event_handler.log_command:Invoked command in '/home/loq/roboracer_ws/build/roboracer_localization' returned '0': CMAKE_PREFIX_PATH=${CMAKE_PREFIX_PATH}:/home/loq/drivingcar_ws/install/self_driving_car_pkg:/home/loq/bumperbot_ws/install/bumperbot_py_example:/home/loq/roboracer_ws/install/roboracer_yolov8_detector:/home/loq/roboracer_ws/install/roboracer_py:/home/loq/ros2_action_ws/install/lifecycle_py:/home/loq/ros2_action_ws/install/action_py:/opt/ros/humble /usr/bin/cmake --install /home/loq/roboracer_ws/build/roboracer_localization
[2.061s] Level 1:colcon.colcon_core.environment:checking '/home/loq/roboracer_ws/install/roboracer_localization' for CMake module files
[2.062s] Level 1:colcon.colcon_core.environment:checking '/home/loq/roboracer_ws/install/roboracer_localization' for CMake config files
[2.062s] Level 1:colcon.colcon_core.shell:create_environment_hook('roboracer_localization', 'cmake_prefix_path')
[2.063s] INFO:colcon.colcon_core.shell:Creating environment hook '/home/loq/roboracer_ws/install/roboracer_localization/share/roboracer_localization/hook/cmake_prefix_path.ps1'
[2.067s] INFO:colcon.colcon_core.shell:Creating environment descriptor '/home/loq/roboracer_ws/install/roboracer_localization/share/roboracer_localization/hook/cmake_prefix_path.dsv'
[2.067s] INFO:colcon.colcon_core.shell:Creating environment hook '/home/loq/roboracer_ws/install/roboracer_localization/share/roboracer_localization/hook/cmake_prefix_path.sh'
[2.068s] Level 1:colcon.colcon_core.environment:checking '/home/loq/roboracer_ws/install/roboracer_localization/lib'
[2.069s] Level 1:colcon.colcon_core.environment:checking '/home/loq/roboracer_ws/install/roboracer_localization/bin'
[2.069s] Level 1:colcon.colcon_core.environment:checking '/home/loq/roboracer_ws/install/roboracer_localization/lib/pkgconfig/roboracer_localization.pc'
[2.069s] Level 1:colcon.colcon_core.environment:checking '/home/loq/roboracer_ws/install/roboracer_localization/lib/python3.10/site-packages'
[2.074s] Level 1:colcon.colcon_core.environment:checking '/home/loq/roboracer_ws/install/roboracer_localization/bin'
[2.074s] INFO:colcon.colcon_core.shell:Creating package script '/home/loq/roboracer_ws/install/roboracer_localization/share/roboracer_localization/package.ps1'
[2.076s] INFO:colcon.colcon_core.shell:Creating package descriptor '/home/loq/roboracer_ws/install/roboracer_localization/share/roboracer_localization/package.dsv'
[2.077s] INFO:colcon.colcon_core.shell:Creating package script '/home/loq/roboracer_ws/install/roboracer_localization/share/roboracer_localization/package.sh'
[2.082s] INFO:colcon.colcon_core.shell:Creating package script '/home/loq/roboracer_ws/install/roboracer_localization/share/roboracer_localization/package.bash'
[2.091s] INFO:colcon.colcon_core.shell:Creating package script '/home/loq/roboracer_ws/install/roboracer_localization/share/roboracer_localization/package.zsh'
[2.092s] Level 1:colcon.colcon_core.environment:create_file_with_runtime_dependencies(/home/loq/roboracer_ws/install/roboracer_localization/share/colcon-core/packages/roboracer_localization)
[2.094s] Level 1:colcon.colcon_core.environment:create_environment_scripts_only(roboracer_localization)
[2.094s] Level 1:colcon.colcon_core.environment:checking '/home/loq/roboracer_ws/install/roboracer_localization' for CMake module files
[2.096s] Level 1:colcon.colcon_core.environment:checking '/home/loq/roboracer_ws/install/roboracer_localization' for CMake config files
[2.097s] Level 1:colcon.colcon_core.shell:create_environment_hook('roboracer_localization', 'cmake_prefix_path')
[2.097s] INFO:colcon.colcon_core.shell:Creating environment hook '/home/loq/roboracer_ws/install/roboracer_localization/share/roboracer_localization/hook/cmake_prefix_path.ps1'
[2.099s] INFO:colcon.colcon_core.shell:Creating environment descriptor '/home/loq/roboracer_ws/install/roboracer_localization/share/roboracer_localization/hook/cmake_prefix_path.dsv'
[2.102s] INFO:colcon.colcon_core.shell:Creating environment hook '/home/loq/roboracer_ws/install/roboracer_localization/share/roboracer_localization/hook/cmake_prefix_path.sh'
[2.103s] Level 1:colcon.colcon_core.environment:checking '/home/loq/roboracer_ws/install/roboracer_localization/lib'
[2.103s] Level 1:colcon.colcon_core.environment:checking '/home/loq/roboracer_ws/install/roboracer_localization/bin'
[2.103s] Level 1:colcon.colcon_core.environment:checking '/home/loq/roboracer_ws/install/roboracer_localization/lib/pkgconfig/roboracer_localization.pc'
[2.103s] Level 1:colcon.colcon_core.environment:checking '/home/loq/roboracer_ws/install/roboracer_localization/lib/python3.10/site-packages'
[2.104s] Level 1:colcon.colcon_core.environment:checking '/home/loq/roboracer_ws/install/roboracer_localization/bin'
[2.105s] INFO:colcon.colcon_core.shell:Creating package script '/home/loq/roboracer_ws/install/roboracer_localization/share/roboracer_localization/package.ps1'
[2.106s] INFO:colcon.colcon_core.shell:Creating package descriptor '/home/loq/roboracer_ws/install/roboracer_localization/share/roboracer_localization/package.dsv'
[2.106s] INFO:colcon.colcon_core.shell:Creating package script '/home/loq/roboracer_ws/install/roboracer_localization/share/roboracer_localization/package.sh'
[2.107s] INFO:colcon.colcon_core.shell:Creating package script '/home/loq/roboracer_ws/install/roboracer_localization/share/roboracer_localization/package.bash'
[2.107s] INFO:colcon.colcon_core.shell:Creating package script '/home/loq/roboracer_ws/install/roboracer_localization/share/roboracer_localization/package.zsh'
[2.108s] Level 1:colcon.colcon_core.environment:create_file_with_runtime_dependencies(/home/loq/roboracer_ws/install/roboracer_localization/share/colcon-core/packages/roboracer_localization)
[2.236s] Level 1:colcon.colcon_core.environment:create_environment_scripts_only(roboracer_description)
[2.236s] Level 1:colcon.colcon_core.environment:checking '/home/loq/roboracer_ws/install/roboracer_description' for CMake module files
[2.237s] Level 1:colcon.colcon_core.environment:checking '/home/loq/roboracer_ws/install/roboracer_description' for CMake config files
[2.240s] DEBUG:colcon.colcon_core.event_handler.log_command:Invoked command in '/home/loq/roboracer_ws/build/roboracer_description' returned '0': CMAKE_PREFIX_PATH=${CMAKE_PREFIX_PATH}:/home/loq/drivingcar_ws/install/self_driving_car_pkg:/home/loq/bumperbot_ws/install/bumperbot_py_example:/home/loq/roboracer_ws/install/roboracer_yolov8_detector:/home/loq/roboracer_ws/install/roboracer_py:/home/loq/ros2_action_ws/install/lifecycle_py:/home/loq/ros2_action_ws/install/action_py:/opt/ros/humble /usr/bin/cmake --install /home/loq/roboracer_ws/build/roboracer_description
[2.264s] Level 1:colcon.colcon_core.shell:create_environment_hook('roboracer_description', 'cmake_prefix_path')
[2.266s] INFO:colcon.colcon_core.shell:Creating environment hook '/home/loq/roboracer_ws/install/roboracer_description/share/roboracer_description/hook/cmake_prefix_path.ps1'
[2.269s] INFO:colcon.colcon_core.shell:Creating environment descriptor '/home/loq/roboracer_ws/install/roboracer_description/share/roboracer_description/hook/cmake_prefix_path.dsv'
[2.270s] INFO:colcon.colcon_core.shell:Creating environment hook '/home/loq/roboracer_ws/install/roboracer_description/share/roboracer_description/hook/cmake_prefix_path.sh'
[2.271s] Level 1:colcon.colcon_core.environment:checking '/home/loq/roboracer_ws/install/roboracer_description/bin'
[2.271s] Level 1:colcon.colcon_core.environment:checking '/home/loq/roboracer_ws/install/roboracer_description/lib/pkgconfig/roboracer_description.pc'
[2.271s] Level 1:colcon.colcon_core.environment:checking '/home/loq/roboracer_ws/install/roboracer_description/lib/python3.10/site-packages'
[2.272s] Level 1:colcon.colcon_core.environment:checking '/home/loq/roboracer_ws/install/roboracer_description/bin'
[2.272s] INFO:colcon.colcon_core.shell:Creating package script '/home/loq/roboracer_ws/install/roboracer_description/share/roboracer_description/package.ps1'
[2.273s] INFO:colcon.colcon_core.shell:Creating package descriptor '/home/loq/roboracer_ws/install/roboracer_description/share/roboracer_description/package.dsv'
[2.273s] INFO:colcon.colcon_core.shell:Creating package script '/home/loq/roboracer_ws/install/roboracer_description/share/roboracer_description/package.sh'
[2.274s] INFO:colcon.colcon_core.shell:Creating package script '/home/loq/roboracer_ws/install/roboracer_description/share/roboracer_description/package.bash'
[2.274s] INFO:colcon.colcon_core.shell:Creating package script '/home/loq/roboracer_ws/install/roboracer_description/share/roboracer_description/package.zsh'
[2.274s] Level 1:colcon.colcon_core.environment:create_file_with_runtime_dependencies(/home/loq/roboracer_ws/install/roboracer_description/share/colcon-core/packages/roboracer_description)
[2.277s] Level 1:colcon.colcon_core.environment:create_environment_scripts_only(roboracer_description)
[2.278s] Level 1:colcon.colcon_core.environment:checking '/home/loq/roboracer_ws/install/roboracer_description' for CMake module files
[2.279s] Level 1:colcon.colcon_core.environment:checking '/home/loq/roboracer_ws/install/roboracer_description' for CMake config files
[2.297s] Level 1:colcon.colcon_core.shell:create_environment_hook('roboracer_description', 'cmake_prefix_path')
[2.298s] INFO:colcon.colcon_core.shell:Creating environment hook '/home/loq/roboracer_ws/install/roboracer_description/share/roboracer_description/hook/cmake_prefix_path.ps1'
[2.298s] INFO:colcon.colcon_core.shell:Creating environment descriptor '/home/loq/roboracer_ws/install/roboracer_description/share/roboracer_description/hook/cmake_prefix_path.dsv'
[2.299s] INFO:colcon.colcon_core.shell:Creating environment hook '/home/loq/roboracer_ws/install/roboracer_description/share/roboracer_description/hook/cmake_prefix_path.sh'
[2.299s] Level 1:colcon.colcon_core.environment:checking '/home/loq/roboracer_ws/install/roboracer_description/bin'
[2.299s] Level 1:colcon.colcon_core.environment:checking '/home/loq/roboracer_ws/install/roboracer_description/lib/pkgconfig/roboracer_description.pc'
[2.300s] Level 1:colcon.colcon_core.environment:checking '/home/loq/roboracer_ws/install/roboracer_description/lib/python3.10/site-packages'
[2.300s] Level 1:colcon.colcon_core.environment:checking '/home/loq/roboracer_ws/install/roboracer_description/bin'
[2.300s] INFO:colcon.colcon_core.shell:Creating package script '/home/loq/roboracer_ws/install/roboracer_description/share/roboracer_description/package.ps1'
[2.301s] INFO:colcon.colcon_core.shell:Creating package descriptor '/home/loq/roboracer_ws/install/roboracer_description/share/roboracer_description/package.dsv'
[2.307s] INFO:colcon.colcon_core.shell:Creating package script '/home/loq/roboracer_ws/install/roboracer_description/share/roboracer_description/package.sh'
[2.308s] INFO:colcon.colcon_core.shell:Creating package script '/home/loq/roboracer_ws/install/roboracer_description/share/roboracer_description/package.bash'
[2.311s] INFO:colcon.colcon_core.shell:Creating package script '/home/loq/roboracer_ws/install/roboracer_description/share/roboracer_description/package.zsh'
[2.312s] Level 1:colcon.colcon_core.environment:create_file_with_runtime_dependencies(/home/loq/roboracer_ws/install/roboracer_description/share/colcon-core/packages/roboracer_description)
[2.335s] DEBUG:colcon.colcon_core.event_handler.log_command:Invoked command in '/home/loq/roboracer_ws/build/roboracer_controller' returned '0': CMAKE_PREFIX_PATH=${CMAKE_PREFIX_PATH}:/home/loq/drivingcar_ws/install/self_driving_car_pkg:/home/loq/bumperbot_ws/install/bumperbot_py_example:/home/loq/roboracer_ws/install/roboracer_yolov8_detector:/home/loq/roboracer_ws/install/roboracer_py:/home/loq/ros2_action_ws/install/lifecycle_py:/home/loq/ros2_action_ws/install/action_py:/opt/ros/humble /usr/bin/cmake /home/loq/roboracer_ws/src/roboracer_controller -DCMAKE_INSTALL_PREFIX=/home/loq/roboracer_ws/install/roboracer_controller
[2.337s] DEBUG:colcon.colcon_core.event_handler.log_command:Invoking command in '/home/loq/roboracer_ws/build/roboracer_controller': CMAKE_PREFIX_PATH=${CMAKE_PREFIX_PATH}:/home/loq/drivingcar_ws/install/self_driving_car_pkg:/home/loq/bumperbot_ws/install/bumperbot_py_example:/home/loq/roboracer_ws/install/roboracer_yolov8_detector:/home/loq/roboracer_ws/install/roboracer_py:/home/loq/ros2_action_ws/install/lifecycle_py:/home/loq/ros2_action_ws/install/action_py:/opt/ros/humble /usr/bin/cmake --build /home/loq/roboracer_ws/build/roboracer_controller -- -j8 -l8
[2.396s] DEBUG:colcon.colcon_core.event_handler.log_command:Invoked command in '/home/loq/roboracer_ws/build/roboracer_controller' returned '0': CMAKE_PREFIX_PATH=${CMAKE_PREFIX_PATH}:/home/loq/drivingcar_ws/install/self_driving_car_pkg:/home/loq/bumperbot_ws/install/bumperbot_py_example:/home/loq/roboracer_ws/install/roboracer_yolov8_detector:/home/loq/roboracer_ws/install/roboracer_py:/home/loq/ros2_action_ws/install/lifecycle_py:/home/loq/ros2_action_ws/install/action_py:/opt/ros/humble /usr/bin/cmake --build /home/loq/roboracer_ws/build/roboracer_controller -- -j8 -l8
[2.397s] DEBUG:colcon.colcon_core.event_handler.log_command:Invoking command in '/home/loq/roboracer_ws/build/roboracer_controller': CMAKE_PREFIX_PATH=${CMAKE_PREFIX_PATH}:/home/loq/drivingcar_ws/install/self_driving_car_pkg:/home/loq/bumperbot_ws/install/bumperbot_py_example:/home/loq/roboracer_ws/install/roboracer_yolov8_detector:/home/loq/roboracer_ws/install/roboracer_py:/home/loq/ros2_action_ws/install/lifecycle_py:/home/loq/ros2_action_ws/install/action_py:/opt/ros/humble /usr/bin/cmake --install /home/loq/roboracer_ws/build/roboracer_controller
[2.454s] Level 1:colcon.colcon_core.environment:create_environment_scripts_only(roboracer_controller)
[2.454s] Level 1:colcon.colcon_core.environment:checking '/home/loq/roboracer_ws/install/roboracer_controller' for CMake module files
[2.455s] Level 1:colcon.colcon_core.environment:checking '/home/loq/roboracer_ws/install/roboracer_controller' for CMake config files
[2.456s] Level 1:colcon.colcon_core.shell:create_environment_hook('roboracer_controller', 'cmake_prefix_path')
[2.456s] INFO:colcon.colcon_core.shell:Creating environment hook '/home/loq/roboracer_ws/install/roboracer_controller/share/roboracer_controller/hook/cmake_prefix_path.ps1'
[2.456s] INFO:colcon.colcon_core.shell:Creating environment descriptor '/home/loq/roboracer_ws/install/roboracer_controller/share/roboracer_controller/hook/cmake_prefix_path.dsv'
[2.457s] DEBUG:colcon.colcon_core.event_handler.log_command:Invoked command in '/home/loq/roboracer_ws/build/roboracer_controller' returned '0': CMAKE_PREFIX_PATH=${CMAKE_PREFIX_PATH}:/home/loq/drivingcar_ws/install/self_driving_car_pkg:/home/loq/bumperbot_ws/install/bumperbot_py_example:/home/loq/roboracer_ws/install/roboracer_yolov8_detector:/home/loq/roboracer_ws/install/roboracer_py:/home/loq/ros2_action_ws/install/lifecycle_py:/home/loq/ros2_action_ws/install/action_py:/opt/ros/humble /usr/bin/cmake --install /home/loq/roboracer_ws/build/roboracer_controller
[2.458s] INFO:colcon.colcon_core.shell:Creating environment hook '/home/loq/roboracer_ws/install/roboracer_controller/share/roboracer_controller/hook/cmake_prefix_path.sh'
[2.459s] Level 1:colcon.colcon_core.environment:checking '/home/loq/roboracer_ws/install/roboracer_controller/lib'
[2.459s] Level 1:colcon.colcon_core.environment:checking '/home/loq/roboracer_ws/install/roboracer_controller/bin'
[2.459s] Level 1:colcon.colcon_core.environment:checking '/home/loq/roboracer_ws/install/roboracer_controller/lib/pkgconfig/roboracer_controller.pc'
[2.459s] Level 1:colcon.colcon_core.environment:checking '/home/loq/roboracer_ws/install/roboracer_controller/lib/python3.10/site-packages'
[2.459s] Level 1:colcon.colcon_core.environment:checking '/home/loq/roboracer_ws/install/roboracer_controller/bin'
[2.460s] INFO:colcon.colcon_core.shell:Creating package script '/home/loq/roboracer_ws/install/roboracer_controller/share/roboracer_controller/package.ps1'
[2.460s] INFO:colcon.colcon_core.shell:Creating package descriptor '/home/loq/roboracer_ws/install/roboracer_controller/share/roboracer_controller/package.dsv'
[2.461s] INFO:colcon.colcon_core.shell:Creating package script '/home/loq/roboracer_ws/install/roboracer_controller/share/roboracer_controller/package.sh'
[2.462s] INFO:colcon.colcon_core.shell:Creating package script '/home/loq/roboracer_ws/install/roboracer_controller/share/roboracer_controller/package.bash'
[2.463s] INFO:colcon.colcon_core.shell:Creating package script '/home/loq/roboracer_ws/install/roboracer_controller/share/roboracer_controller/package.zsh'
[2.463s] Level 1:colcon.colcon_core.environment:create_file_with_runtime_dependencies(/home/loq/roboracer_ws/install/roboracer_controller/share/colcon-core/packages/roboracer_controller)
[2.464s] Level 1:colcon.colcon_core.environment:create_environment_scripts_only(roboracer_controller)
[2.464s] Level 1:colcon.colcon_core.environment:checking '/home/loq/roboracer_ws/install/roboracer_controller' for CMake module files
[2.465s] Level 1:colcon.colcon_core.environment:checking '/home/loq/roboracer_ws/install/roboracer_controller' for CMake config files
[2.466s] Level 1:colcon.colcon_core.shell:create_environment_hook('roboracer_controller', 'cmake_prefix_path')
[2.466s] INFO:colcon.colcon_core.shell:Creating environment hook '/home/loq/roboracer_ws/install/roboracer_controller/share/roboracer_controller/hook/cmake_prefix_path.ps1'
[2.466s] INFO:colcon.colcon_core.shell:Creating environment descriptor '/home/loq/roboracer_ws/install/roboracer_controller/share/roboracer_controller/hook/cmake_prefix_path.dsv'
[2.467s] INFO:colcon.colcon_core.shell:Creating environment hook '/home/loq/roboracer_ws/install/roboracer_controller/share/roboracer_controller/hook/cmake_prefix_path.sh'
[2.468s] Level 1:colcon.colcon_core.environment:checking '/home/loq/roboracer_ws/install/roboracer_controller/lib'
[2.468s] Level 1:colcon.colcon_core.environment:checking '/home/loq/roboracer_ws/install/roboracer_controller/bin'
[2.468s] Level 1:colcon.colcon_core.environment:checking '/home/loq/roboracer_ws/install/roboracer_controller/lib/pkgconfig/roboracer_controller.pc'
[2.468s] Level 1:colcon.colcon_core.environment:checking '/home/loq/roboracer_ws/install/roboracer_controller/lib/python3.10/site-packages'
[2.468s] Level 1:colcon.colcon_core.environment:checking '/home/loq/roboracer_ws/install/roboracer_controller/bin'
[2.469s] INFO:colcon.colcon_core.shell:Creating package script '/home/loq/roboracer_ws/install/roboracer_controller/share/roboracer_controller/package.ps1'
[2.470s] INFO:colcon.colcon_core.shell:Creating package descriptor '/home/loq/roboracer_ws/install/roboracer_controller/share/roboracer_controller/package.dsv'
[2.470s] INFO:colcon.colcon_core.shell:Creating package script '/home/loq/roboracer_ws/install/roboracer_controller/share/roboracer_controller/package.sh'
[2.471s] INFO:colcon.colcon_core.shell:Creating package script '/home/loq/roboracer_ws/install/roboracer_controller/share/roboracer_controller/package.bash'
[2.472s] INFO:colcon.colcon_core.shell:Creating package script '/home/loq/roboracer_ws/install/roboracer_controller/share/roboracer_controller/package.zsh'
[2.472s] Level 1:colcon.colcon_core.environment:create_file_with_runtime_dependencies(/home/loq/roboracer_ws/install/roboracer_controller/share/colcon-core/packages/roboracer_controller)
[2.539s] DEBUG:colcon.colcon_core.event_handler.log_command:Invoking command in '/home/loq/roboracer_ws/build/roboracer_yolov8_detector': PYTHONPATH=/home/loq/roboracer_ws/build/roboracer_yolov8_detector/prefix_override:/usr/lib/python3/dist-packages/colcon_core/task/python/colcon_distutils_commands:/home/loq/roboracer_ws/install/roboracer_yolov8_detector/lib/python3.10/site-packages:${PYTHONPATH} /usr/bin/python3 -W ignore:setup.py install is deprecated -W ignore:easy_install command is deprecated setup.py develop --uninstall --editable --build-directory /home/loq/roboracer_ws/build/roboracer_yolov8_detector/build
[2.551s] DEBUG:colcon.colcon_core.event_handler.log_command:Invoking command in '/home/loq/roboracer_ws/build/roboracer_py': PYTHONPATH=/home/loq/roboracer_ws/build/roboracer_py/prefix_override:/usr/lib/python3/dist-packages/colcon_core/task/python/colcon_distutils_commands:/home/loq/roboracer_ws/install/roboracer_py/lib/python3.10/site-packages:${PYTHONPATH} /usr/bin/python3 -W ignore:setup.py install is deprecated -W ignore:easy_install command is deprecated setup.py develop --uninstall --editable --build-directory /home/loq/roboracer_ws/build/roboracer_py/build
[3.240s] DEBUG:colcon.colcon_core.event_handler.log_command:Invoked command in '/home/loq/roboracer_ws/build/roboracer_py' returned '0': PYTHONPATH=/home/loq/roboracer_ws/build/roboracer_py/prefix_override:/usr/lib/python3/dist-packages/colcon_core/task/python/colcon_distutils_commands:/home/loq/roboracer_ws/install/roboracer_py/lib/python3.10/site-packages:${PYTHONPATH} /usr/bin/python3 -W ignore:setup.py install is deprecated -W ignore:easy_install command is deprecated setup.py develop --uninstall --editable --build-directory /home/loq/roboracer_ws/build/roboracer_py/build
[3.241s] DEBUG:colcon.colcon_core.event_handler.log_command:Invoking command in '/home/loq/roboracer_ws/src/roboracer_py': PYTHONPATH=/home/loq/roboracer_ws/build/roboracer_py/prefix_override:/usr/lib/python3/dist-packages/colcon_core/task/python/colcon_distutils_commands:/home/loq/roboracer_ws/install/roboracer_py/lib/python3.10/site-packages:${PYTHONPATH} /usr/bin/python3 -W ignore:setup.py install is deprecated -W ignore:easy_install command is deprecated setup.py egg_info --egg-base ../../build/roboracer_py build --build-base /home/loq/roboracer_ws/build/roboracer_py/build install --record /home/loq/roboracer_ws/build/roboracer_py/install.log --single-version-externally-managed install_data --force
[3.243s] DEBUG:colcon.colcon_core.event_handler.log_command:Invoked command in '/home/loq/roboracer_ws/build/roboracer_yolov8_detector' returned '0': PYTHONPATH=/home/loq/roboracer_ws/build/roboracer_yolov8_detector/prefix_override:/usr/lib/python3/dist-packages/colcon_core/task/python/colcon_distutils_commands:/home/loq/roboracer_ws/install/roboracer_yolov8_detector/lib/python3.10/site-packages:${PYTHONPATH} /usr/bin/python3 -W ignore:setup.py install is deprecated -W ignore:easy_install command is deprecated setup.py develop --uninstall --editable --build-directory /home/loq/roboracer_ws/build/roboracer_yolov8_detector/build
[3.251s] DEBUG:colcon.colcon_core.event_handler.log_command:Invoking command in '/home/loq/roboracer_ws/src/roboracer_yolov8_detector': PYTHONPATH=/home/loq/roboracer_ws/build/roboracer_yolov8_detector/prefix_override:/usr/lib/python3/dist-packages/colcon_core/task/python/colcon_distutils_commands:/home/loq/roboracer_ws/install/roboracer_yolov8_detector/lib/python3.10/site-packages:${PYTHONPATH} /usr/bin/python3 -W ignore:setup.py install is deprecated -W ignore:easy_install command is deprecated setup.py egg_info --egg-base ../../build/roboracer_yolov8_detector build --build-base /home/loq/roboracer_ws/build/roboracer_yolov8_detector/build install --record /home/loq/roboracer_ws/build/roboracer_yolov8_detector/install.log --single-version-externally-managed install_data --force
[3.673s] Level 1:colcon.colcon_core.environment:checking '/home/loq/roboracer_ws/install/roboracer_py' for CMake module files
[3.673s] DEBUG:colcon.colcon_core.event_handler.log_command:Invoked command in '/home/loq/roboracer_ws/src/roboracer_py' returned '0': PYTHONPATH=/home/loq/roboracer_ws/build/roboracer_py/prefix_override:/usr/lib/python3/dist-packages/colcon_core/task/python/colcon_distutils_commands:/home/loq/roboracer_ws/install/roboracer_py/lib/python3.10/site-packages:${PYTHONPATH} /usr/bin/python3 -W ignore:setup.py install is deprecated -W ignore:easy_install command is deprecated setup.py egg_info --egg-base ../../build/roboracer_py build --build-base /home/loq/roboracer_ws/build/roboracer_py/build install --record /home/loq/roboracer_ws/build/roboracer_py/install.log --single-version-externally-managed install_data --force
[3.674s] Level 1:colcon.colcon_core.environment:checking '/home/loq/roboracer_ws/install/roboracer_py' for CMake config files
[3.674s] Level 1:colcon.colcon_core.environment:checking '/home/loq/roboracer_ws/install/roboracer_py/lib'
[3.674s] Level 1:colcon.colcon_core.environment:checking '/home/loq/roboracer_ws/install/roboracer_py/bin'
[3.674s] Level 1:colcon.colcon_core.environment:checking '/home/loq/roboracer_ws/install/roboracer_py/lib/pkgconfig/roboracer_py.pc'
[3.675s] Level 1:colcon.colcon_core.environment:checking '/home/loq/roboracer_ws/install/roboracer_py/lib/python3.10/site-packages'
[3.675s] Level 1:colcon.colcon_core.shell:create_environment_hook('roboracer_py', 'pythonpath')
[3.675s] INFO:colcon.colcon_core.shell:Creating environment hook '/home/loq/roboracer_ws/install/roboracer_py/share/roboracer_py/hook/pythonpath.ps1'
[3.676s] INFO:colcon.colcon_core.shell:Creating environment descriptor '/home/loq/roboracer_ws/install/roboracer_py/share/roboracer_py/hook/pythonpath.dsv'
[3.676s] INFO:colcon.colcon_core.shell:Creating environment hook '/home/loq/roboracer_ws/install/roboracer_py/share/roboracer_py/hook/pythonpath.sh'
[3.676s] Level 1:colcon.colcon_core.environment:checking '/home/loq/roboracer_ws/install/roboracer_py/bin'
[3.677s] Level 1:colcon.colcon_core.environment:create_environment_scripts_only(roboracer_py)
[3.677s] INFO:colcon.colcon_core.shell:Creating package script '/home/loq/roboracer_ws/install/roboracer_py/share/roboracer_py/package.ps1'
[3.677s] INFO:colcon.colcon_core.shell:Creating package descriptor '/home/loq/roboracer_ws/install/roboracer_py/share/roboracer_py/package.dsv'
[3.678s] INFO:colcon.colcon_core.shell:Creating package script '/home/loq/roboracer_ws/install/roboracer_py/share/roboracer_py/package.sh'
[3.678s] INFO:colcon.colcon_core.shell:Creating package script '/home/loq/roboracer_ws/install/roboracer_py/share/roboracer_py/package.bash'
[3.679s] INFO:colcon.colcon_core.shell:Creating package script '/home/loq/roboracer_ws/install/roboracer_py/share/roboracer_py/package.zsh'
[3.679s] Level 1:colcon.colcon_core.environment:create_file_with_runtime_dependencies(/home/loq/roboracer_ws/install/roboracer_py/share/colcon-core/packages/roboracer_py)
[3.733s] Level 1:colcon.colcon_core.environment:checking '/home/loq/roboracer_ws/install/roboracer_yolov8_detector' for CMake module files
[3.734s] DEBUG:colcon.colcon_core.event_handler.log_command:Invoked command in '/home/loq/roboracer_ws/src/roboracer_yolov8_detector' returned '0': PYTHONPATH=/home/loq/roboracer_ws/build/roboracer_yolov8_detector/prefix_override:/usr/lib/python3/dist-packages/colcon_core/task/python/colcon_distutils_commands:/home/loq/roboracer_ws/install/roboracer_yolov8_detector/lib/python3.10/site-packages:${PYTHONPATH} /usr/bin/python3 -W ignore:setup.py install is deprecated -W ignore:easy_install command is deprecated setup.py egg_info --egg-base ../../build/roboracer_yolov8_detector build --build-base /home/loq/roboracer_ws/build/roboracer_yolov8_detector/build install --record /home/loq/roboracer_ws/build/roboracer_yolov8_detector/install.log --single-version-externally-managed install_data --force
[3.734s] Level 1:colcon.colcon_core.environment:checking '/home/loq/roboracer_ws/install/roboracer_yolov8_detector' for CMake config files
[3.735s] Level 1:colcon.colcon_core.environment:checking '/home/loq/roboracer_ws/install/roboracer_yolov8_detector/lib'
[3.735s] Level 1:colcon.colcon_core.environment:checking '/home/loq/roboracer_ws/install/roboracer_yolov8_detector/bin'
[3.735s] Level 1:colcon.colcon_core.environment:checking '/home/loq/roboracer_ws/install/roboracer_yolov8_detector/lib/pkgconfig/roboracer_yolov8_detector.pc'
[3.736s] Level 1:colcon.colcon_core.environment:checking '/home/loq/roboracer_ws/install/roboracer_yolov8_detector/lib/python3.10/site-packages'
[3.736s] Level 1:colcon.colcon_core.shell:create_environment_hook('roboracer_yolov8_detector', 'pythonpath')
[3.736s] INFO:colcon.colcon_core.shell:Creating environment hook '/home/loq/roboracer_ws/install/roboracer_yolov8_detector/share/roboracer_yolov8_detector/hook/pythonpath.ps1'
[3.737s] INFO:colcon.colcon_core.shell:Creating environment descriptor '/home/loq/roboracer_ws/install/roboracer_yolov8_detector/share/roboracer_yolov8_detector/hook/pythonpath.dsv'
[3.737s] INFO:colcon.colcon_core.shell:Creating environment hook '/home/loq/roboracer_ws/install/roboracer_yolov8_detector/share/roboracer_yolov8_detector/hook/pythonpath.sh'
[3.738s] Level 1:colcon.colcon_core.environment:checking '/home/loq/roboracer_ws/install/roboracer_yolov8_detector/bin'
[3.738s] Level 1:colcon.colcon_core.environment:create_environment_scripts_only(roboracer_yolov8_detector)
[3.739s] INFO:colcon.colcon_core.shell:Creating package script '/home/loq/roboracer_ws/install/roboracer_yolov8_detector/share/roboracer_yolov8_detector/package.ps1'
[3.739s] INFO:colcon.colcon_core.shell:Creating package descriptor '/home/loq/roboracer_ws/install/roboracer_yolov8_detector/share/roboracer_yolov8_detector/package.dsv'
[3.740s] INFO:colcon.colcon_core.shell:Creating package script '/home/loq/roboracer_ws/install/roboracer_yolov8_detector/share/roboracer_yolov8_detector/package.sh'
[3.741s] INFO:colcon.colcon_core.shell:Creating package script '/home/loq/roboracer_ws/install/roboracer_yolov8_detector/share/roboracer_yolov8_detector/package.bash'
[3.741s] INFO:colcon.colcon_core.shell:Creating package script '/home/loq/roboracer_ws/install/roboracer_yolov8_detector/share/roboracer_yolov8_detector/package.zsh'
[3.742s] Level 1:colcon.colcon_core.environment:create_file_with_runtime_dependencies(/home/loq/roboracer_ws/install/roboracer_yolov8_detector/share/colcon-core/packages/roboracer_yolov8_detector)
[4.317s] DEBUG:colcon.colcon_core.event_handler.log_command:Invoked command in '/home/loq/roboracer_ws/build/roboracer_visual_odom' returned '0': CMAKE_PREFIX_PATH=${CMAKE_PREFIX_PATH}:/home/loq/drivingcar_ws/install/self_driving_car_pkg:/home/loq/bumperbot_ws/install/bumperbot_py_example:/home/loq/roboracer_ws/install/roboracer_yolov8_detector:/home/loq/roboracer_ws/install/roboracer_py:/home/loq/ros2_action_ws/install/lifecycle_py:/home/loq/ros2_action_ws/install/action_py:/opt/ros/humble /usr/bin/cmake /home/loq/roboracer_ws/src/roboracer_visual_odom -DCMAKE_INSTALL_PREFIX=/home/loq/roboracer_ws/install/roboracer_visual_odom
[4.320s] DEBUG:colcon.colcon_core.event_handler.log_command:Invoking command in '/home/loq/roboracer_ws/build/roboracer_visual_odom': CMAKE_PREFIX_PATH=${CMAKE_PREFIX_PATH}:/home/loq/drivingcar_ws/install/self_driving_car_pkg:/home/loq/bumperbot_ws/install/bumperbot_py_example:/home/loq/roboracer_ws/install/roboracer_yolov8_detector:/home/loq/roboracer_ws/install/roboracer_py:/home/loq/ros2_action_ws/install/lifecycle_py:/home/loq/ros2_action_ws/install/action_py:/opt/ros/humble /usr/bin/cmake --build /home/loq/roboracer_ws/build/roboracer_visual_odom -- -j8 -l8
[4.440s] DEBUG:colcon.colcon_core.event_handler.log_command:Invoked command in '/home/loq/roboracer_ws/build/roboracer_visual_odom' returned '0': CMAKE_PREFIX_PATH=${CMAKE_PREFIX_PATH}:/home/loq/drivingcar_ws/install/self_driving_car_pkg:/home/loq/bumperbot_ws/install/bumperbot_py_example:/home/loq/roboracer_ws/install/roboracer_yolov8_detector:/home/loq/roboracer_ws/install/roboracer_py:/home/loq/ros2_action_ws/install/lifecycle_py:/home/loq/ros2_action_ws/install/action_py:/opt/ros/humble /usr/bin/cmake --build /home/loq/roboracer_ws/build/roboracer_visual_odom -- -j8 -l8
[4.446s] DEBUG:colcon.colcon_core.event_handler.log_command:Invoking command in '/home/loq/roboracer_ws/build/roboracer_visual_odom': CMAKE_PREFIX_PATH=${CMAKE_PREFIX_PATH}:/home/loq/drivingcar_ws/install/self_driving_car_pkg:/home/loq/bumperbot_ws/install/bumperbot_py_example:/home/loq/roboracer_ws/install/roboracer_yolov8_detector:/home/loq/roboracer_ws/install/roboracer_py:/home/loq/ros2_action_ws/install/lifecycle_py:/home/loq/ros2_action_ws/install/action_py:/opt/ros/humble /usr/bin/cmake --install /home/loq/roboracer_ws/build/roboracer_visual_odom
[4.478s] Level 1:colcon.colcon_core.environment:create_environment_scripts_only(roboracer_visual_odom)
[4.478s] Level 1:colcon.colcon_core.environment:checking '/home/loq/roboracer_ws/install/roboracer_visual_odom' for CMake module files
[4.479s] Level 1:colcon.colcon_core.environment:checking '/home/loq/roboracer_ws/install/roboracer_visual_odom' for CMake config files
[4.479s] Level 1:colcon.colcon_core.shell:create_environment_hook('roboracer_visual_odom', 'cmake_prefix_path')
[4.479s] INFO:colcon.colcon_core.shell:Creating environment hook '/home/loq/roboracer_ws/install/roboracer_visual_odom/share/roboracer_visual_odom/hook/cmake_prefix_path.ps1'
[4.480s] INFO:colcon.colcon_core.shell:Creating environment descriptor '/home/loq/roboracer_ws/install/roboracer_visual_odom/share/roboracer_visual_odom/hook/cmake_prefix_path.dsv'
[4.481s] INFO:colcon.colcon_core.shell:Creating environment hook '/home/loq/roboracer_ws/install/roboracer_visual_odom/share/roboracer_visual_odom/hook/cmake_prefix_path.sh'
[4.484s] Level 1:colcon.colcon_core.environment:checking '/home/loq/roboracer_ws/install/roboracer_visual_odom/lib'
[4.484s] Level 1:colcon.colcon_core.environment:checking '/home/loq/roboracer_ws/install/roboracer_visual_odom/bin'
[4.484s] Level 1:colcon.colcon_core.environment:checking '/home/loq/roboracer_ws/install/roboracer_visual_odom/lib/pkgconfig/roboracer_visual_odom.pc'
[4.484s] Level 1:colcon.colcon_core.environment:checking '/home/loq/roboracer_ws/install/roboracer_visual_odom/lib/python3.10/site-packages'
[4.484s] Level 1:colcon.colcon_core.environment:checking '/home/loq/roboracer_ws/install/roboracer_visual_odom/bin'
[4.483s] DEBUG:colcon.colcon_core.event_handler.log_command:Invoked command in '/home/loq/roboracer_ws/build/roboracer_visual_odom' returned '0': CMAKE_PREFIX_PATH=${CMAKE_PREFIX_PATH}:/home/loq/drivingcar_ws/install/self_driving_car_pkg:/home/loq/bumperbot_ws/install/bumperbot_py_example:/home/loq/roboracer_ws/install/roboracer_yolov8_detector:/home/loq/roboracer_ws/install/roboracer_py:/home/loq/ros2_action_ws/install/lifecycle_py:/home/loq/ros2_action_ws/install/action_py:/opt/ros/humble /usr/bin/cmake --install /home/loq/roboracer_ws/build/roboracer_visual_odom
[4.485s] INFO:colcon.colcon_core.shell:Creating package script '/home/loq/roboracer_ws/install/roboracer_visual_odom/share/roboracer_visual_odom/package.ps1'
[4.486s] INFO:colcon.colcon_core.shell:Creating package descriptor '/home/loq/roboracer_ws/install/roboracer_visual_odom/share/roboracer_visual_odom/package.dsv'
[4.486s] INFO:colcon.colcon_core.shell:Creating package script '/home/loq/roboracer_ws/install/roboracer_visual_odom/share/roboracer_visual_odom/package.sh'
[4.487s] INFO:colcon.colcon_core.shell:Creating package script '/home/loq/roboracer_ws/install/roboracer_visual_odom/share/roboracer_visual_odom/package.bash'
[4.487s] INFO:colcon.colcon_core.shell:Creating package script '/home/loq/roboracer_ws/install/roboracer_visual_odom/share/roboracer_visual_odom/package.zsh'
[4.487s] Level 1:colcon.colcon_core.environment:create_file_with_runtime_dependencies(/home/loq/roboracer_ws/install/roboracer_visual_odom/share/colcon-core/packages/roboracer_visual_odom)
[4.488s] Level 1:colcon.colcon_core.environment:create_environment_scripts_only(roboracer_visual_odom)
[4.488s] Level 1:colcon.colcon_core.environment:checking '/home/loq/roboracer_ws/install/roboracer_visual_odom' for CMake module files
[4.489s] Level 1:colcon.colcon_core.environment:checking '/home/loq/roboracer_ws/install/roboracer_visual_odom' for CMake config files
[4.489s] Level 1:colcon.colcon_core.shell:create_environment_hook('roboracer_visual_odom', 'cmake_prefix_path')
[4.489s] INFO:colcon.colcon_core.shell:Creating environment hook '/home/loq/roboracer_ws/install/roboracer_visual_odom/share/roboracer_visual_odom/hook/cmake_prefix_path.ps1'
[4.490s] INFO:colcon.colcon_core.shell:Creating environment descriptor '/home/loq/roboracer_ws/install/roboracer_visual_odom/share/roboracer_visual_odom/hook/cmake_prefix_path.dsv'
[4.490s] INFO:colcon.colcon_core.shell:Creating environment hook '/home/loq/roboracer_ws/install/roboracer_visual_odom/share/roboracer_visual_odom/hook/cmake_prefix_path.sh'
[4.491s] Level 1:colcon.colcon_core.environment:checking '/home/loq/roboracer_ws/install/roboracer_visual_odom/lib'
[4.491s] Level 1:colcon.colcon_core.environment:checking '/home/loq/roboracer_ws/install/roboracer_visual_odom/bin'
[4.491s] Level 1:colcon.colcon_core.environment:checking '/home/loq/roboracer_ws/install/roboracer_visual_odom/lib/pkgconfig/roboracer_visual_odom.pc'
[4.491s] Level 1:colcon.colcon_core.environment:checking '/home/loq/roboracer_ws/install/roboracer_visual_odom/lib/python3.10/site-packages'
[4.491s] Level 1:colcon.colcon_core.environment:checking '/home/loq/roboracer_ws/install/roboracer_visual_odom/bin'
[4.492s] INFO:colcon.colcon_core.shell:Creating package script '/home/loq/roboracer_ws/install/roboracer_visual_odom/share/roboracer_visual_odom/package.ps1'
[4.493s] INFO:colcon.colcon_core.shell:Creating package descriptor '/home/loq/roboracer_ws/install/roboracer_visual_odom/share/roboracer_visual_odom/package.dsv'
[4.493s] INFO:colcon.colcon_core.shell:Creating package script '/home/loq/roboracer_ws/install/roboracer_visual_odom/share/roboracer_visual_odom/package.sh'
[4.494s] INFO:colcon.colcon_core.shell:Creating package script '/home/loq/roboracer_ws/install/roboracer_visual_odom/share/roboracer_visual_odom/package.bash'
[4.494s] INFO:colcon.colcon_core.shell:Creating package script '/home/loq/roboracer_ws/install/roboracer_visual_odom/share/roboracer_visual_odom/package.zsh'
[4.495s] Level 1:colcon.colcon_core.environment:create_file_with_runtime_dependencies(/home/loq/roboracer_ws/install/roboracer_visual_odom/share/colcon-core/packages/roboracer_visual_odom)
[4.496s] DEBUG:colcon.colcon_parallel_executor.executor.parallel:closing loop
[4.496s] DEBUG:colcon.colcon_parallel_executor.executor.parallel:loop closed
[4.496s] DEBUG:colcon.colcon_parallel_executor.executor.parallel:run_until_complete finished with '0'
[4.496s] DEBUG:colcon.colcon_core.event_reactor:joining thread
[4.506s] INFO:colcon.colcon_core.plugin_system:Skipping extension 'colcon_notification.desktop_notification.terminal_notifier': Not used on non-Darwin systems
[4.506s] INFO:colcon.colcon_core.plugin_system:Skipping extension 'colcon_notification.desktop_notification.win32': Not used on non-Windows systems
[4.506s] INFO:colcon.colcon_notification.desktop_notification:Sending desktop notification using 'notify2'
[4.537s] DEBUG:colcon.colcon_core.event_reactor:joined thread
[4.538s] INFO:colcon.colcon_core.shell:Creating prefix script '/home/loq/roboracer_ws/install/local_setup.ps1'
[4.539s] INFO:colcon.colcon_core.shell:Creating prefix util module '/home/loq/roboracer_ws/install/_local_setup_util_ps1.py'
[4.541s] INFO:colcon.colcon_core.shell:Creating prefix chain script '/home/loq/roboracer_ws/install/setup.ps1'
[4.547s] INFO:colcon.colcon_core.shell:Creating prefix script '/home/loq/roboracer_ws/install/local_setup.sh'
[4.549s] INFO:colcon.colcon_core.shell:Creating prefix util module '/home/loq/roboracer_ws/install/_local_setup_util_sh.py'
[4.550s] INFO:colcon.colcon_core.shell:Creating prefix chain script '/home/loq/roboracer_ws/install/setup.sh'
[4.553s] INFO:colcon.colcon_core.shell:Creating prefix script '/home/loq/roboracer_ws/install/local_setup.bash'
[4.554s] INFO:colcon.colcon_core.shell:Creating prefix chain script '/home/loq/roboracer_ws/install/setup.bash'
[4.557s] INFO:colcon.colcon_core.shell:Creating prefix script '/home/loq/roboracer_ws/install/local_setup.zsh'
[4.560s] INFO:colcon.colcon_core.shell:Creating prefix chain script '/home/loq/roboracer_ws/install/setup.zsh'
