-- Found ament_cmake_auto: 1.3.11 (/opt/ros/humble/share/ament_cmake_auto/cmake)
-- Found rosidl_generator_c: 3.1.6 (/opt/ros/humble/share/rosidl_generator_c/cmake)
-- Found rosidl_adapter: 3.1.6 (/opt/ros/humble/share/rosidl_adapter/cmake)
-- Found rosidl_generator_cpp: 3.1.6 (/opt/ros/humble/share/rosidl_generator_cpp/cmake)
-- Using all available rosidl_typesupport_c: rosidl_typesupport_fastrtps_c;rosidl_typesupport_introspection_c
-- Using all available rosidl_typesupport_cpp: rosidl_typesupport_fastrtps_cpp;rosidl_typesupport_introspection_cpp
-- Found rmw_implementation_cmake: 6.1.2 (/opt/ros/humble/share/rmw_implementation_cmake/cmake)
-- Found rmw_fastrtps_cpp: 6.2.7 (/opt/ros/humble/share/rmw_fastrtps_cpp/cmake)
-- Using RMW implementation 'rmw_fastrtps_cpp' as default
-- Found ament_lint_auto: 0.12.12 (/opt/ros/humble/share/ament_lint_auto/cmake)
-- Found gtest sources under '/opt/ros/humble/src/gtest_vendor': C++ tests using 'Google Test' will be built
[0mCMake Deprecation Warning at /opt/ros/humble/src/gtest_vendor/CMakeLists.txt:2 (cmake_minimum_required):
  Compatibility with CMake < 3.10 will be removed from a future version of
  CMake.

  Update the VERSION argument <min> value.  Or, use the <min>...<max> syntax
  to tell CMake that the project requires at least <min> but has been updated
  to work with policies introduced by <max> or earlier.

[0m
-- Added test 'copyright' to check source files copyright and LICENSE
-- Added test 'cppcheck' to perform static code analysis on C / C++ code
-- Configured cppcheck include dirs: /home/dev/roboracer_ws/src/transport_drivers/io_context/include
-- Configured cppcheck exclude dirs and/or files: 
-- Added test 'cpplint' to check C / C++ code against the Google style
-- Configured cpplint exclude dirs and/or files: 
-- Added test 'lint_cmake' to check CMake code style
-- Added test 'uncrustify' to check C / C++ code style
-- Configured uncrustify additional arguments: 
-- Added test 'xmllint' to check XML markup files
-- Configuring done (0.9s)
-- Generating done (0.0s)
-- Build files have been written to: /home/dev/roboracer_ws/build/io_context
[ 11%] [32mBuilding CXX object gtest/CMakeFiles/gtest.dir/src/gtest-all.cc.o[0m
[ 22%] [32mBuilding CXX object CMakeFiles/io_context.dir/src/io_context.cpp.o[0m
[ 33%] [32mBuilding CXX object CMakeFiles/io_context.dir/src/msg_converters/std_msgs.cpp.o[0m
[ 44%] [32mBuilding CXX object gtest/CMakeFiles/gtest_main.dir/src/gtest_main.cc.o[0m
[ 55%] [32m[1mLinking CXX static library libgtest_main.a[0m
[ 55%] Built target gtest_main
[ 66%] [32m[1mLinking CXX shared library libio_context.so[0m
[ 66%] Built target io_context
[ 77%] [32m[1mLinking CXX static library libgtest.a[0m
[ 77%] Built target gtest
[ 88%] [32mBuilding CXX object CMakeFiles/test_io_context.dir/test/test_io_context.cpp.o[0m
[100%] [32m[1mLinking CXX executable test_io_context[0m
[100%] Built target test_io_context
-- Install configuration: ""
-- Installing: /home/dev/roboracer_ws/install/io_context/include
-- Installing: /home/dev/roboracer_ws/install/io_context/include/msg_converters
-- Installing: /home/dev/roboracer_ws/install/io_context/include/msg_converters/converters.hpp
-- Installing: /home/dev/roboracer_ws/install/io_context/include/msg_converters/std_msgs.hpp
-- Installing: /home/dev/roboracer_ws/install/io_context/include/msg_converters/udp_msgs.hpp
-- Installing: /home/dev/roboracer_ws/install/io_context/include/io_context
-- Installing: /home/dev/roboracer_ws/install/io_context/include/io_context/common.hpp
-- Installing: /home/dev/roboracer_ws/install/io_context/include/io_context/io_context.hpp
-- Installing: /home/dev/roboracer_ws/install/io_context/share/io_context/environment/library_path.sh
-- Installing: /home/dev/roboracer_ws/install/io_context/share/io_context/environment/library_path.dsv
-- Installing: /home/dev/roboracer_ws/install/io_context/lib/libio_context.so
-- Set non-toolchain portion of runtime path of "/home/dev/roboracer_ws/install/io_context/lib/libio_context.so" to ""
-- Installing: /home/dev/roboracer_ws/install/io_context/share/ament_index/resource_index/package_run_dependencies/io_context
-- Installing: /home/dev/roboracer_ws/install/io_context/share/ament_index/resource_index/parent_prefix_path/io_context
-- Installing: /home/dev/roboracer_ws/install/io_context/share/io_context/environment/ament_prefix_path.sh
-- Installing: /home/dev/roboracer_ws/install/io_context/share/io_context/environment/ament_prefix_path.dsv
-- Installing: /home/dev/roboracer_ws/install/io_context/share/io_context/environment/path.sh
-- Installing: /home/dev/roboracer_ws/install/io_context/share/io_context/environment/path.dsv
-- Installing: /home/dev/roboracer_ws/install/io_context/share/io_context/local_setup.bash
-- Installing: /home/dev/roboracer_ws/install/io_context/share/io_context/local_setup.sh
-- Installing: /home/dev/roboracer_ws/install/io_context/share/io_context/local_setup.zsh
-- Installing: /home/dev/roboracer_ws/install/io_context/share/io_context/local_setup.dsv
-- Installing: /home/dev/roboracer_ws/install/io_context/share/io_context/package.dsv
-- Installing: /home/dev/roboracer_ws/install/io_context/share/ament_index/resource_index/packages/io_context
-- Installing: /home/dev/roboracer_ws/install/io_context/share/io_context/cmake/ament_cmake_export_dependencies-extras.cmake
-- Installing: /home/dev/roboracer_ws/install/io_context/share/io_context/cmake/ament_cmake_export_include_directories-extras.cmake
-- Installing: /home/dev/roboracer_ws/install/io_context/share/io_context/cmake/ament_cmake_export_libraries-extras.cmake
-- Installing: /home/dev/roboracer_ws/install/io_context/share/io_context/cmake/io_context-extras.cmake
-- Installing: /home/dev/roboracer_ws/install/io_context/share/io_context/cmake/io_contextConfig.cmake
-- Installing: /home/dev/roboracer_ws/install/io_context/share/io_context/cmake/io_contextConfig-version.cmake
-- Installing: /home/dev/roboracer_ws/install/io_context/share/io_context/package.xml
