[0.096s] Invoking command in '/home/dev/roboracer_ws/build/io_context': AMENT_PREFIX_PATH=/home/dev/roboracer_ws/install/asio_cmake_module:${AMENT_PREFIX_PATH} CMAKE_PREFIX_PATH=/home/dev/roboracer_ws/install/asio_cmake_module:/opt/ros/humble /usr/local/bin/cmake /home/dev/roboracer_ws/src/transport_drivers/io_context -DCMAKE_INSTALL_PREFIX=/home/dev/roboracer_ws/install/io_context
[0.181s] -- Found ament_cmake_auto: 1.3.11 (/opt/ros/humble/share/ament_cmake_auto/cmake)
[0.616s] -- Found rosidl_generator_c: 3.1.6 (/opt/ros/humble/share/rosidl_generator_c/cmake)
[0.621s] -- Found rosidl_adapter: 3.1.6 (/opt/ros/humble/share/rosidl_adapter/cmake)
[0.629s] -- Found rosidl_generator_cpp: 3.1.6 (/opt/ros/humble/share/rosidl_generator_cpp/cmake)
[0.647s] -- Using all available rosidl_typesupport_c: rosidl_typesupport_fastrtps_c;rosidl_typesupport_introspection_c
[0.670s] -- Using all available rosidl_typesupport_cpp: rosidl_typesupport_fastrtps_cpp;rosidl_typesupport_introspection_cpp
[0.728s] -- Found rmw_implementation_cmake: 6.1.2 (/opt/ros/humble/share/rmw_implementation_cmake/cmake)
[0.730s] -- Found rmw_fastrtps_cpp: 6.2.7 (/opt/ros/humble/share/rmw_fastrtps_cpp/cmake)
[0.893s] -- Using RMW implementation 'rmw_fastrtps_cpp' as default
[0.994s] -- Found ament_lint_auto: 0.12.12 (/opt/ros/humble/share/ament_lint_auto/cmake)
[1.002s] -- Found gtest sources under '/opt/ros/humble/src/gtest_vendor': C++ tests using 'Google Test' will be built
[1.003s] [0mCMake Deprecation Warning at /opt/ros/humble/src/gtest_vendor/CMakeLists.txt:2 (cmake_minimum_required):
[1.003s]   Compatibility with CMake < 3.10 will be removed from a future version of
[1.003s]   CMake.
[1.003s] 
[1.003s]   Update the VERSION argument <min> value.  Or, use the <min>...<max> syntax
[1.003s]   to tell CMake that the project requires at least <min> but has been updated
[1.003s]   to work with policies introduced by <max> or earlier.
[1.003s] 
[1.004s] [0m
[1.012s] -- Added test 'copyright' to check source files copyright and LICENSE
[1.015s] -- Added test 'cppcheck' to perform static code analysis on C / C++ code
[1.015s] -- Configured cppcheck include dirs: /home/dev/roboracer_ws/src/transport_drivers/io_context/include
[1.015s] -- Configured cppcheck exclude dirs and/or files: 
[1.017s] -- Added test 'cpplint' to check C / C++ code against the Google style
[1.017s] -- Configured cpplint exclude dirs and/or files: 
[1.018s] -- Added test 'lint_cmake' to check CMake code style
[1.021s] -- Added test 'uncrustify' to check C / C++ code style
[1.021s] -- Configured uncrustify additional arguments: 
[1.021s] -- Added test 'xmllint' to check XML markup files
[1.026s] -- Configuring done (0.9s)
[1.054s] -- Generating done (0.0s)
[1.061s] -- Build files have been written to: /home/dev/roboracer_ws/build/io_context
[1.076s] Invoked command in '/home/dev/roboracer_ws/build/io_context' returned '0': AMENT_PREFIX_PATH=/home/dev/roboracer_ws/install/asio_cmake_module:${AMENT_PREFIX_PATH} CMAKE_PREFIX_PATH=/home/dev/roboracer_ws/install/asio_cmake_module:/opt/ros/humble /usr/local/bin/cmake /home/dev/roboracer_ws/src/transport_drivers/io_context -DCMAKE_INSTALL_PREFIX=/home/dev/roboracer_ws/install/io_context
[1.076s] Invoking command in '/home/dev/roboracer_ws/build/io_context': AMENT_PREFIX_PATH=/home/dev/roboracer_ws/install/asio_cmake_module:${AMENT_PREFIX_PATH} CMAKE_PREFIX_PATH=/home/dev/roboracer_ws/install/asio_cmake_module:/opt/ros/humble /usr/local/bin/cmake --build /home/dev/roboracer_ws/build/io_context -- -j8 -l8
[1.181s] [ 11%] [32mBuilding CXX object gtest/CMakeFiles/gtest.dir/src/gtest-all.cc.o[0m
[1.181s] [ 22%] [32mBuilding CXX object CMakeFiles/io_context.dir/src/io_context.cpp.o[0m
[1.181s] [ 33%] [32mBuilding CXX object CMakeFiles/io_context.dir/src/msg_converters/std_msgs.cpp.o[0m
[1.181s] [ 44%] [32mBuilding CXX object gtest/CMakeFiles/gtest_main.dir/src/gtest_main.cc.o[0m
[2.068s] [ 55%] [32m[1mLinking CXX static library libgtest_main.a[0m
[2.091s] [ 55%] Built target gtest_main
[2.837s] [ 66%] [32m[1mLinking CXX shared library libio_context.so[0m
[2.933s] [ 66%] Built target io_context
[4.005s] [ 77%] [32m[1mLinking CXX static library libgtest.a[0m
[4.052s] [ 77%] Built target gtest
[4.064s] [ 88%] [32mBuilding CXX object CMakeFiles/test_io_context.dir/test/test_io_context.cpp.o[0m
[5.942s] [100%] [32m[1mLinking CXX executable test_io_context[0m
[6.094s] [100%] Built target test_io_context
[6.099s] Invoked command in '/home/dev/roboracer_ws/build/io_context' returned '0': AMENT_PREFIX_PATH=/home/dev/roboracer_ws/install/asio_cmake_module:${AMENT_PREFIX_PATH} CMAKE_PREFIX_PATH=/home/dev/roboracer_ws/install/asio_cmake_module:/opt/ros/humble /usr/local/bin/cmake --build /home/dev/roboracer_ws/build/io_context -- -j8 -l8
[6.100s] Invoking command in '/home/dev/roboracer_ws/build/io_context': AMENT_PREFIX_PATH=/home/dev/roboracer_ws/install/asio_cmake_module:${AMENT_PREFIX_PATH} CMAKE_PREFIX_PATH=/home/dev/roboracer_ws/install/asio_cmake_module:/opt/ros/humble /usr/local/bin/cmake --install /home/dev/roboracer_ws/build/io_context
[6.163s] -- Install configuration: ""
[6.163s] -- Installing: /home/dev/roboracer_ws/install/io_context/include
[6.164s] -- Installing: /home/dev/roboracer_ws/install/io_context/include/msg_converters
[6.164s] -- Installing: /home/dev/roboracer_ws/install/io_context/include/msg_converters/converters.hpp
[6.164s] -- Installing: /home/dev/roboracer_ws/install/io_context/include/msg_converters/std_msgs.hpp
[6.165s] -- Installing: /home/dev/roboracer_ws/install/io_context/include/msg_converters/udp_msgs.hpp
[6.165s] -- Installing: /home/dev/roboracer_ws/install/io_context/include/io_context
[6.165s] -- Installing: /home/dev/roboracer_ws/install/io_context/include/io_context/common.hpp
[6.165s] -- Installing: /home/dev/roboracer_ws/install/io_context/include/io_context/io_context.hpp
[6.165s] -- Installing: /home/dev/roboracer_ws/install/io_context/share/io_context/environment/library_path.sh
[6.165s] -- Installing: /home/dev/roboracer_ws/install/io_context/share/io_context/environment/library_path.dsv
[6.166s] -- Installing: /home/dev/roboracer_ws/install/io_context/lib/libio_context.so
[6.166s] -- Set non-toolchain portion of runtime path of "/home/dev/roboracer_ws/install/io_context/lib/libio_context.so" to ""
[6.167s] -- Installing: /home/dev/roboracer_ws/install/io_context/share/ament_index/resource_index/package_run_dependencies/io_context
[6.167s] -- Installing: /home/dev/roboracer_ws/install/io_context/share/ament_index/resource_index/parent_prefix_path/io_context
[6.167s] -- Installing: /home/dev/roboracer_ws/install/io_context/share/io_context/environment/ament_prefix_path.sh
[6.167s] -- Installing: /home/dev/roboracer_ws/install/io_context/share/io_context/environment/ament_prefix_path.dsv
[6.167s] -- Installing: /home/dev/roboracer_ws/install/io_context/share/io_context/environment/path.sh
[6.168s] -- Installing: /home/dev/roboracer_ws/install/io_context/share/io_context/environment/path.dsv
[6.168s] -- Installing: /home/dev/roboracer_ws/install/io_context/share/io_context/local_setup.bash
[6.168s] -- Installing: /home/dev/roboracer_ws/install/io_context/share/io_context/local_setup.sh
[6.168s] -- Installing: /home/dev/roboracer_ws/install/io_context/share/io_context/local_setup.zsh
[6.168s] -- Installing: /home/dev/roboracer_ws/install/io_context/share/io_context/local_setup.dsv
[6.168s] -- Installing: /home/dev/roboracer_ws/install/io_context/share/io_context/package.dsv
[6.169s] -- Installing: /home/dev/roboracer_ws/install/io_context/share/ament_index/resource_index/packages/io_context
[6.169s] -- Installing: /home/dev/roboracer_ws/install/io_context/share/io_context/cmake/ament_cmake_export_dependencies-extras.cmake
[6.169s] -- Installing: /home/dev/roboracer_ws/install/io_context/share/io_context/cmake/ament_cmake_export_include_directories-extras.cmake
[6.169s] -- Installing: /home/dev/roboracer_ws/install/io_context/share/io_context/cmake/ament_cmake_export_libraries-extras.cmake
[6.169s] -- Installing: /home/dev/roboracer_ws/install/io_context/share/io_context/cmake/io_context-extras.cmake
[6.169s] -- Installing: /home/dev/roboracer_ws/install/io_context/share/io_context/cmake/io_contextConfig.cmake
[6.170s] -- Installing: /home/dev/roboracer_ws/install/io_context/share/io_context/cmake/io_contextConfig-version.cmake
[6.170s] -- Installing: /home/dev/roboracer_ws/install/io_context/share/io_context/package.xml
[6.172s] Invoked command in '/home/dev/roboracer_ws/build/io_context' returned '0': AMENT_PREFIX_PATH=/home/dev/roboracer_ws/install/asio_cmake_module:${AMENT_PREFIX_PATH} CMAKE_PREFIX_PATH=/home/dev/roboracer_ws/install/asio_cmake_module:/opt/ros/humble /usr/local/bin/cmake --install /home/dev/roboracer_ws/build/io_context
