[1.421s] Invoking command in '/home/dev/roboracer_ws/src/roboracer_py': PYTHONPATH=/home/dev/roboracer_ws/build/roboracer_py/prefix_override:/usr/lib/python3/dist-packages/colcon_core/task/python/colcon_distutils_commands:/home/dev/roboracer_ws/install/roboracer_py/lib/python3.10/site-packages:${PYTHONPATH} /usr/bin/python3 -W ignore:setup.py install is deprecated -W ignore:easy_install command is deprecated setup.py egg_info --egg-base ../../build/roboracer_py build --build-base /home/dev/roboracer_ws/build/roboracer_py/build install --record /home/dev/roboracer_ws/build/roboracer_py/install.log --single-version-externally-managed install_data
[1.715s] running egg_info
[1.717s] writing ../../build/roboracer_py/roboracer_py.egg-info/PKG-INFO
[1.717s] writing dependency_links to ../../build/roboracer_py/roboracer_py.egg-info/dependency_links.txt
[1.717s] writing entry points to ../../build/roboracer_py/roboracer_py.egg-info/entry_points.txt
[1.717s] writing requirements to ../../build/roboracer_py/roboracer_py.egg-info/requires.txt
[1.717s] writing top-level names to ../../build/roboracer_py/roboracer_py.egg-info/top_level.txt
[1.718s] reading manifest file '../../build/roboracer_py/roboracer_py.egg-info/SOURCES.txt'
[1.723s] writing manifest file '../../build/roboracer_py/roboracer_py.egg-info/SOURCES.txt'
[1.723s] running build
[1.723s] running build_py
[1.723s] running install
[1.723s] running install_lib
[1.727s] running install_data
[1.728s] running install_egg_info
[1.728s] removing '/home/dev/roboracer_ws/install/roboracer_py/lib/python3.10/site-packages/roboracer_py-0.0.0-py3.10.egg-info' (and everything under it)
[1.728s] Copying ../../build/roboracer_py/roboracer_py.egg-info to /home/dev/roboracer_ws/install/roboracer_py/lib/python3.10/site-packages/roboracer_py-0.0.0-py3.10.egg-info
[1.731s] running install_scripts
[1.762s] Installing disparity_extender script to /home/dev/roboracer_ws/install/roboracer_py/lib/roboracer_py
[1.762s] Installing gap_follow script to /home/dev/roboracer_ws/install/roboracer_py/lib/roboracer_py
[1.763s] writing list of installed files to '/home/dev/roboracer_ws/build/roboracer_py/install.log'
[1.825s] Invoked command in '/home/dev/roboracer_ws/src/roboracer_py' returned '0': PYTHONPATH=/home/dev/roboracer_ws/build/roboracer_py/prefix_override:/usr/lib/python3/dist-packages/colcon_core/task/python/colcon_distutils_commands:/home/dev/roboracer_ws/install/roboracer_py/lib/python3.10/site-packages:${PYTHONPATH} /usr/bin/python3 -W ignore:setup.py install is deprecated -W ignore:easy_install command is deprecated setup.py egg_info --egg-base ../../build/roboracer_py build --build-base /home/dev/roboracer_ws/build/roboracer_py/build install --record /home/dev/roboracer_ws/build/roboracer_py/install.log --single-version-externally-managed install_data
