[0.920s] Invoking command in '/home/loq/roboracer_ws/build/roboracer_py': PYTHONPATH=/home/loq/roboracer_ws/build/roboracer_py/prefix_override:/usr/lib/python3/dist-packages/colcon_core/task/python/colcon_distutils_commands:/home/loq/roboracer_ws/install/roboracer_py/lib/python3.10/site-packages:${PYTHONPATH} /usr/bin/python3 -W ignore:setup.py install is deprecated -W ignore:easy_install command is deprecated setup.py develop --uninstall --editable --build-directory /home/loq/roboracer_ws/build/roboracer_py/build
[1.148s] running develop
[1.308s] Removing /home/loq/roboracer_ws/install/roboracer_py/lib/python3.10/site-packages/roboracer-py.egg-link (link to .)
[1.341s] Invoked command in '/home/loq/roboracer_ws/build/roboracer_py' returned '0': PYTHONPATH=/home/loq/roboracer_ws/build/roboracer_py/prefix_override:/usr/lib/python3/dist-packages/colcon_core/task/python/colcon_distutils_commands:/home/loq/roboracer_ws/install/roboracer_py/lib/python3.10/site-packages:${PYTHONPATH} /usr/bin/python3 -W ignore:setup.py install is deprecated -W ignore:easy_install command is deprecated setup.py develop --uninstall --editable --build-directory /home/loq/roboracer_ws/build/roboracer_py/build
[1.342s] Invoking command in '/home/loq/roboracer_ws/src/roboracer_py': PYTHONPATH=/home/loq/roboracer_ws/build/roboracer_py/prefix_override:/usr/lib/python3/dist-packages/colcon_core/task/python/colcon_distutils_commands:/home/loq/roboracer_ws/install/roboracer_py/lib/python3.10/site-packages:${PYTHONPATH} /usr/bin/python3 -W ignore:setup.py install is deprecated -W ignore:easy_install command is deprecated setup.py egg_info --egg-base ../../build/roboracer_py build --build-base /home/loq/roboracer_ws/build/roboracer_py/build install --record /home/loq/roboracer_ws/build/roboracer_py/install.log --single-version-externally-managed install_data --force
[1.551s] running egg_info
[1.552s] writing ../../build/roboracer_py/roboracer_py.egg-info/PKG-INFO
[1.552s] writing dependency_links to ../../build/roboracer_py/roboracer_py.egg-info/dependency_links.txt
[1.552s] writing entry points to ../../build/roboracer_py/roboracer_py.egg-info/entry_points.txt
[1.553s] writing requirements to ../../build/roboracer_py/roboracer_py.egg-info/requires.txt
[1.553s] writing top-level names to ../../build/roboracer_py/roboracer_py.egg-info/top_level.txt
[1.554s] reading manifest file '../../build/roboracer_py/roboracer_py.egg-info/SOURCES.txt'
[1.555s] writing manifest file '../../build/roboracer_py/roboracer_py.egg-info/SOURCES.txt'
[1.555s] running build
[1.555s] running build_py
[1.555s] running install
[1.555s] running install_lib
[1.556s] creating /home/loq/roboracer_ws/install/roboracer_py/lib/python3.10/site-packages/roboracer_py
[1.556s] copying /home/loq/roboracer_ws/build/roboracer_py/build/lib/roboracer_py/__init__.py -> /home/loq/roboracer_ws/install/roboracer_py/lib/python3.10/site-packages/roboracer_py
[1.556s] copying /home/loq/roboracer_ws/build/roboracer_py/build/lib/roboracer_py/gap_follow.py -> /home/loq/roboracer_ws/install/roboracer_py/lib/python3.10/site-packages/roboracer_py
[1.556s] copying /home/loq/roboracer_ws/build/roboracer_py/build/lib/roboracer_py/disparity_extender.py -> /home/loq/roboracer_ws/install/roboracer_py/lib/python3.10/site-packages/roboracer_py
[1.557s] byte-compiling /home/loq/roboracer_ws/install/roboracer_py/lib/python3.10/site-packages/roboracer_py/__init__.py to __init__.cpython-310.pyc
[1.557s] byte-compiling /home/loq/roboracer_ws/install/roboracer_py/lib/python3.10/site-packages/roboracer_py/gap_follow.py to gap_follow.cpython-310.pyc
[1.558s] byte-compiling /home/loq/roboracer_ws/install/roboracer_py/lib/python3.10/site-packages/roboracer_py/disparity_extender.py to disparity_extender.cpython-310.pyc
[1.559s] running install_data
[1.559s] copying resource/roboracer_py -> /home/loq/roboracer_ws/install/roboracer_py/share/ament_index/resource_index/packages
[1.559s] copying package.xml -> /home/loq/roboracer_ws/install/roboracer_py/share/roboracer_py
[1.560s] running install_egg_info
[1.561s] Copying ../../build/roboracer_py/roboracer_py.egg-info to /home/loq/roboracer_ws/install/roboracer_py/lib/python3.10/site-packages/roboracer_py-0.0.0-py3.10.egg-info
[1.562s] running install_scripts
[1.579s] Installing disparity_extender script to /home/loq/roboracer_ws/install/roboracer_py/lib/roboracer_py
[1.579s] Installing gap_follow script to /home/loq/roboracer_ws/install/roboracer_py/lib/roboracer_py
[1.579s] writing list of installed files to '/home/loq/roboracer_ws/build/roboracer_py/install.log'
[1.607s] Invoked command in '/home/loq/roboracer_ws/src/roboracer_py' returned '0': PYTHONPATH=/home/loq/roboracer_ws/build/roboracer_py/prefix_override:/usr/lib/python3/dist-packages/colcon_core/task/python/colcon_distutils_commands:/home/loq/roboracer_ws/install/roboracer_py/lib/python3.10/site-packages:${PYTHONPATH} /usr/bin/python3 -W ignore:setup.py install is deprecated -W ignore:easy_install command is deprecated setup.py egg_info --egg-base ../../build/roboracer_py build --build-base /home/loq/roboracer_ws/build/roboracer_py/build install --record /home/loq/roboracer_ws/build/roboracer_py/install.log --single-version-externally-managed install_data --force
