[0.007s] Invoking command in '/home/dev/roboracer_ws/build/vesc_driver': AMENT_PREFIX_PATH=/home/dev/roboracer_ws/install/vesc_msgs:${AMENT_PREFIX_PATH} CMAKE_PREFIX_PATH=/opt/ros/humble:/home/dev/roboracer_ws/install/vesc_msgs LD_LIBRARY_PATH=/home/dev/roboracer_ws/install/vesc_msgs/lib:${LD_LIBRARY_PATH} PYTHONPATH=/home/dev/roboracer_ws/install/vesc_msgs/local/lib/python3.10/dist-packages:${PYTHONPATH} /usr/local/bin/cmake /home/dev/roboracer_ws/src/vesc/vesc_driver -DCMAKE_INSTALL_PREFIX=/home/dev/roboracer_ws/install/vesc_driver
[0.069s] [0mCMake Deprecation Warning at CMakeLists.txt:1 (cmake_minimum_required):
[0.069s]   Compatibility with CMake < 3.10 will be removed from a future version of
[0.069s]   CMake.
[0.069s] 
[0.069s]   Update the VERSION argument <min> value.  Or, use the <min>...<max> syntax
[0.069s]   to tell CMake that the project requires at least <min> but has been updated
[0.069s]   to work with policies introduced by <max> or earlier.
[0.069s] 
[0.069s] [0m
[0.109s] -- The C compiler identification is GNU 11.4.0
[0.165s] -- The CXX compiler identification is GNU 11.4.0
[0.172s] -- Detecting C compiler ABI info
[0.222s] -- Detecting C compiler ABI info - done
[0.235s] -- Check for working C compiler: /usr/bin/cc - skipped
[0.235s] -- Detecting C compile features
[0.236s] -- Detecting C compile features - done
[0.247s] -- Detecting CXX compiler ABI info
[0.306s] -- Detecting CXX compiler ABI info - done
[0.320s] -- Check for working CXX compiler: /usr/bin/c++ - skipped
[0.321s] -- Detecting CXX compile features
[0.321s] -- Detecting CXX compile features - done
[0.330s] -- Found ament_cmake_auto: 1.3.11 (/opt/ros/humble/share/ament_cmake_auto/cmake)
[0.450s] -- Found Python3: /usr/bin/python3 (found version "3.10.12") found components: Interpreter
[0.648s] -- Found rosidl_generator_c: 3.1.6 (/opt/ros/humble/share/rosidl_generator_c/cmake)
[0.655s] -- Found rosidl_adapter: 3.1.6 (/opt/ros/humble/share/rosidl_adapter/cmake)
[0.665s] -- Found rosidl_generator_cpp: 3.1.6 (/opt/ros/humble/share/rosidl_generator_cpp/cmake)
[0.679s] -- Using all available rosidl_typesupport_c: rosidl_typesupport_fastrtps_c;rosidl_typesupport_introspection_c
[0.698s] -- Using all available rosidl_typesupport_cpp: rosidl_typesupport_fastrtps_cpp;rosidl_typesupport_introspection_cpp
[0.759s] -- Found rmw_implementation_cmake: 6.1.2 (/opt/ros/humble/share/rmw_implementation_cmake/cmake)
[0.763s] -- Found rmw_fastrtps_cpp: 6.2.7 (/opt/ros/humble/share/rmw_fastrtps_cpp/cmake)
[0.861s] -- Found OpenSSL: /usr/lib/x86_64-linux-gnu/libcrypto.so (found version "3.0.2")
[0.900s] -- Found FastRTPS: /opt/ros/humble/include
[0.958s] -- Using RMW implementation 'rmw_fastrtps_cpp' as default
[0.971s] -- Performing Test CMAKE_HAVE_LIBC_PTHREAD
[1.029s] -- Performing Test CMAKE_HAVE_LIBC_PTHREAD - Success
[1.030s] -- Found Threads: TRUE
[1.233s] -- Found ament_lint_auto: 0.12.12 (/opt/ros/humble/share/ament_lint_auto/cmake)
[1.262s] -- Added test 'copyright' to check source files copyright and LICENSE
[1.265s] -- Added test 'cppcheck' to perform static code analysis on C / C++ code
[1.265s] -- Configured cppcheck include dirs: /home/dev/roboracer_ws/src/vesc/vesc_driver/include
[1.265s] -- Configured cppcheck exclude dirs and/or files: 
[1.267s] -- Added test 'cpplint' to check C / C++ code against the Google style
[1.267s] -- Configured cpplint exclude dirs and/or files: 
[1.268s] -- Added test 'flake8' to check Python code syntax and style conventions
[1.269s] -- Added test 'lint_cmake' to check CMake code style
[1.269s] -- Added test 'pep257' to check Python code against some of the docstring style conventions in PEP 257
[1.272s] -- Added test 'uncrustify' to check C / C++ code style
[1.272s] -- Configured uncrustify additional arguments: 
[1.272s] -- Added test 'xmllint' to check XML markup files
[1.275s] -- Configuring done (1.2s)
[1.297s] -- Generating done (0.0s)
[1.302s] -- Build files have been written to: /home/dev/roboracer_ws/build/vesc_driver
[1.311s] Invoked command in '/home/dev/roboracer_ws/build/vesc_driver' returned '0': AMENT_PREFIX_PATH=/home/dev/roboracer_ws/install/vesc_msgs:${AMENT_PREFIX_PATH} CMAKE_PREFIX_PATH=/opt/ros/humble:/home/dev/roboracer_ws/install/vesc_msgs LD_LIBRARY_PATH=/home/dev/roboracer_ws/install/vesc_msgs/lib:${LD_LIBRARY_PATH} PYTHONPATH=/home/dev/roboracer_ws/install/vesc_msgs/local/lib/python3.10/dist-packages:${PYTHONPATH} /usr/local/bin/cmake /home/dev/roboracer_ws/src/vesc/vesc_driver -DCMAKE_INSTALL_PREFIX=/home/dev/roboracer_ws/install/vesc_driver
[1.313s] Invoking command in '/home/dev/roboracer_ws/build/vesc_driver': AMENT_PREFIX_PATH=/home/dev/roboracer_ws/install/vesc_msgs:${AMENT_PREFIX_PATH} CMAKE_PREFIX_PATH=/opt/ros/humble:/home/dev/roboracer_ws/install/vesc_msgs LD_LIBRARY_PATH=/home/dev/roboracer_ws/install/vesc_msgs/lib:${LD_LIBRARY_PATH} PYTHONPATH=/home/dev/roboracer_ws/install/vesc_msgs/local/lib/python3.10/dist-packages:${PYTHONPATH} /usr/local/bin/cmake --build /home/dev/roboracer_ws/build/vesc_driver -- -j8 -l8
[1.398s] [ 10%] [32mBuilding CXX object CMakeFiles/vesc_driver_node.dir/rclcpp_components/node_main_vesc_driver_node.cpp.o[0m
[1.399s] [ 20%] [32mBuilding CXX object CMakeFiles/vesc_driver.dir/src/vesc_driver.cpp.o[0m
[1.399s] [ 40%] [32mBuilding CXX object CMakeFiles/vesc_driver.dir/src/vesc_packet.cpp.o[0m
[1.399s] [ 40%] [32mBuilding CXX object CMakeFiles/vesc_driver.dir/src/vesc_interface.cpp.o[0m
[1.399s] [ 50%] [32mBuilding CXX object CMakeFiles/vesc_driver.dir/src/vesc_packet_factory.cpp.o[0m
[1.606s] [01m[K/home/dev/roboracer_ws/src/vesc/vesc_driver/src/vesc_interface.cpp:45:10:[m[K [01;31m[Kfatal error: [m[Kserial_driver/serial_driver.hpp: No such file or directory
[1.607s]    45 | #include [01;31m[K"serial_driver/serial_driver.hpp"[m[K
[1.607s]       |          [01;31m[K^~~~~~~~~~~~~~~~~~~~~~~~~~~~~~~~~[m[K
[1.608s] compilation terminated.
[1.609s] gmake[2]: *** [CMakeFiles/vesc_driver.dir/build.make:93: CMakeFiles/vesc_driver.dir/src/vesc_interface.cpp.o] Error 1
[1.609s] gmake[2]: *** Waiting for unfinished jobs....
[5.112s] [ 60%] [32m[1mLinking CXX executable vesc_driver_node[0m
[5.310s] [ 60%] Built target vesc_driver_node
[10.410s] gmake[1]: *** [CMakeFiles/Makefile2:159: CMakeFiles/vesc_driver.dir/all] Error 2
[10.410s] gmake: *** [Makefile:146: all] Error 2
[10.412s] Invoked command in '/home/dev/roboracer_ws/build/vesc_driver' returned '2': AMENT_PREFIX_PATH=/home/dev/roboracer_ws/install/vesc_msgs:${AMENT_PREFIX_PATH} CMAKE_PREFIX_PATH=/opt/ros/humble:/home/dev/roboracer_ws/install/vesc_msgs LD_LIBRARY_PATH=/home/dev/roboracer_ws/install/vesc_msgs/lib:${LD_LIBRARY_PATH} PYTHONPATH=/home/dev/roboracer_ws/install/vesc_msgs/local/lib/python3.10/dist-packages:${PYTHONPATH} /usr/local/bin/cmake --build /home/dev/roboracer_ws/build/vesc_driver -- -j8 -l8
