[0.270s] Invoking command in '/home/dev/roboracer_ws/build/vesc_ackermann': AMENT_PREFIX_PATH=/home/dev/roboracer_ws/install/vesc_msgs:${AMENT_PREFIX_PATH} CMAKE_PREFIX_PATH=/opt/ros/humble:/home/dev/roboracer_ws/install/vesc_msgs LD_LIBRARY_PATH=/home/dev/roboracer_ws/install/vesc_msgs/lib:${LD_LIBRARY_PATH} PYTHONPATH=/home/dev/roboracer_ws/install/vesc_msgs/local/lib/python3.10/dist-packages:${PYTHONPATH} /usr/local/bin/cmake --build /home/dev/roboracer_ws/build/vesc_ackermann -- -j8 -l8
[0.389s] [ 28%] Built target vesc_to_odom_node
[0.392s] [ 57%] Built target ackermann_to_vesc_node
[0.396s] [100%] Built target vesc_ackermann
[0.400s] Invoked command in '/home/dev/roboracer_ws/build/vesc_ackermann' returned '0': AMENT_PREFIX_PATH=/home/dev/roboracer_ws/install/vesc_msgs:${AMENT_PREFIX_PATH} CMAKE_PREFIX_PATH=/opt/ros/humble:/home/dev/roboracer_ws/install/vesc_msgs LD_LIBRARY_PATH=/home/dev/roboracer_ws/install/vesc_msgs/lib:${LD_LIBRARY_PATH} PYTHONPATH=/home/dev/roboracer_ws/install/vesc_msgs/local/lib/python3.10/dist-packages:${PYTHONPATH} /usr/local/bin/cmake --build /home/dev/roboracer_ws/build/vesc_ackermann -- -j8 -l8
[0.402s] Invoking command in '/home/dev/roboracer_ws/build/vesc_ackermann': AMENT_PREFIX_PATH=/home/dev/roboracer_ws/install/vesc_msgs:${AMENT_PREFIX_PATH} CMAKE_PREFIX_PATH=/opt/ros/humble:/home/dev/roboracer_ws/install/vesc_msgs LD_LIBRARY_PATH=/home/dev/roboracer_ws/install/vesc_msgs/lib:${LD_LIBRARY_PATH} PYTHONPATH=/home/dev/roboracer_ws/install/vesc_msgs/local/lib/python3.10/dist-packages:${PYTHONPATH} /usr/local/bin/cmake --install /home/dev/roboracer_ws/build/vesc_ackermann
[0.494s] -- Install configuration: ""
[0.494s] -- Installing: /home/dev/roboracer_ws/install/vesc_ackermann/lib/vesc_ackermann/ackermann_to_vesc_node
[0.495s] -- Set non-toolchain portion of runtime path of "/home/dev/roboracer_ws/install/vesc_ackermann/lib/vesc_ackermann/ackermann_to_vesc_node" to ""
[0.495s] -- Installing: /home/dev/roboracer_ws/install/vesc_ackermann/lib/vesc_ackermann/vesc_to_odom_node
[0.496s] -- Set non-toolchain portion of runtime path of "/home/dev/roboracer_ws/install/vesc_ackermann/lib/vesc_ackermann/vesc_to_odom_node" to ""
[0.496s] -- Installing: /home/dev/roboracer_ws/install/vesc_ackermann/include
[0.497s] -- Installing: /home/dev/roboracer_ws/install/vesc_ackermann/include/vesc_ackermann
[0.497s] -- Installing: /home/dev/roboracer_ws/install/vesc_ackermann/include/vesc_ackermann/vesc_to_odom.hpp
[0.497s] -- Installing: /home/dev/roboracer_ws/install/vesc_ackermann/include/vesc_ackermann/ackermann_to_vesc.hpp
[0.497s] -- Installing: /home/dev/roboracer_ws/install/vesc_ackermann/share/vesc_ackermann/environment/library_path.sh
[0.497s] -- Installing: /home/dev/roboracer_ws/install/vesc_ackermann/share/vesc_ackermann/environment/library_path.dsv
[0.497s] -- Installing: /home/dev/roboracer_ws/install/vesc_ackermann/lib/libvesc_ackermann.so
[0.515s] -- Set non-toolchain portion of runtime path of "/home/dev/roboracer_ws/install/vesc_ackermann/lib/libvesc_ackermann.so" to ""
[0.515s] -- Installing: /home/dev/roboracer_ws/install/vesc_ackermann/share/vesc_ackermann/launch
[0.516s] -- Installing: /home/dev/roboracer_ws/install/vesc_ackermann/share/vesc_ackermann/launch/vesc_to_odom_node.launch.xml
[0.516s] -- Installing: /home/dev/roboracer_ws/install/vesc_ackermann/share/vesc_ackermann/launch/ackermann_to_vesc_node.launch.xml
[0.516s] -- Installing: /home/dev/roboracer_ws/install/vesc_ackermann/share/ament_index/resource_index/package_run_dependencies/vesc_ackermann
[0.516s] -- Installing: /home/dev/roboracer_ws/install/vesc_ackermann/share/ament_index/resource_index/parent_prefix_path/vesc_ackermann
[0.516s] -- Installing: /home/dev/roboracer_ws/install/vesc_ackermann/share/vesc_ackermann/environment/ament_prefix_path.sh
[0.517s] -- Installing: /home/dev/roboracer_ws/install/vesc_ackermann/share/vesc_ackermann/environment/ament_prefix_path.dsv
[0.517s] -- Installing: /home/dev/roboracer_ws/install/vesc_ackermann/share/vesc_ackermann/environment/path.sh
[0.517s] -- Installing: /home/dev/roboracer_ws/install/vesc_ackermann/share/vesc_ackermann/environment/path.dsv
[0.517s] -- Installing: /home/dev/roboracer_ws/install/vesc_ackermann/share/vesc_ackermann/local_setup.bash
[0.517s] -- Installing: /home/dev/roboracer_ws/install/vesc_ackermann/share/vesc_ackermann/local_setup.sh
[0.518s] -- Installing: /home/dev/roboracer_ws/install/vesc_ackermann/share/vesc_ackermann/local_setup.zsh
[0.518s] -- Installing: /home/dev/roboracer_ws/install/vesc_ackermann/share/vesc_ackermann/local_setup.dsv
[0.518s] -- Installing: /home/dev/roboracer_ws/install/vesc_ackermann/share/vesc_ackermann/package.dsv
[0.518s] -- Installing: /home/dev/roboracer_ws/install/vesc_ackermann/share/ament_index/resource_index/packages/vesc_ackermann
[0.519s] -- Installing: /home/dev/roboracer_ws/install/vesc_ackermann/share/ament_index/resource_index/rclcpp_components/vesc_ackermann
[0.519s] -- Installing: /home/dev/roboracer_ws/install/vesc_ackermann/share/vesc_ackermann/cmake/ament_cmake_export_dependencies-extras.cmake
[0.519s] -- Installing: /home/dev/roboracer_ws/install/vesc_ackermann/share/vesc_ackermann/cmake/ament_cmake_export_include_directories-extras.cmake
[0.519s] -- Installing: /home/dev/roboracer_ws/install/vesc_ackermann/share/vesc_ackermann/cmake/ament_cmake_export_libraries-extras.cmake
[0.519s] -- Installing: /home/dev/roboracer_ws/install/vesc_ackermann/share/vesc_ackermann/cmake/vesc_ackermannConfig.cmake
[0.520s] -- Installing: /home/dev/roboracer_ws/install/vesc_ackermann/share/vesc_ackermann/cmake/vesc_ackermannConfig-version.cmake
[0.520s] -- Installing: /home/dev/roboracer_ws/install/vesc_ackermann/share/vesc_ackermann/package.xml
[0.522s] Invoked command in '/home/dev/roboracer_ws/build/vesc_ackermann' returned '0': AMENT_PREFIX_PATH=/home/dev/roboracer_ws/install/vesc_msgs:${AMENT_PREFIX_PATH} CMAKE_PREFIX_PATH=/opt/ros/humble:/home/dev/roboracer_ws/install/vesc_msgs LD_LIBRARY_PATH=/home/dev/roboracer_ws/install/vesc_msgs/lib:${LD_LIBRARY_PATH} PYTHONPATH=/home/dev/roboracer_ws/install/vesc_msgs/local/lib/python3.10/dist-packages:${PYTHONPATH} /usr/local/bin/cmake --install /home/dev/roboracer_ws/build/vesc_ackermann
