[0.275s] Invoking command in '/home/loq/roboracer_ws/build/roboracer_visual_odom': CMAKE_PREFIX_PATH=${CMAKE_PREFIX_PATH}:/home/loq/drivingcar_ws/install/self_driving_car_pkg:/home/loq/bumperbot_ws/install/bumperbot_py_example:/home/loq/roboracer_ws/install/roboracer_yolov8_detector:/home/loq/roboracer_ws/install/roboracer_py:/home/loq/ros2_action_ws/install/lifecycle_py:/home/loq/ros2_action_ws/install/action_py:/opt/ros/humble /usr/bin/cmake /home/loq/roboracer_ws/src/roboracer_visual_odom -DCMAKE_INSTALL_PREFIX=/home/loq/roboracer_ws/install/roboracer_visual_odom
[0.286s] -- Found ament_cmake: 1.3.11 (/opt/ros/humble/share/ament_cmake/cmake)
[0.400s] -- Override CMake install command with custom implementation using symlinks instead of copying resources
[0.406s] -- Found rclcpp: 16.0.12 (/opt/ros/humble/share/rclcpp/cmake)
[0.431s] -- Found rosidl_generator_c: 3.1.6 (/opt/ros/humble/share/rosidl_generator_c/cmake)
[0.433s] -- Found rosidl_adapter: 3.1.6 (/opt/ros/humble/share/rosidl_adapter/cmake)
[0.438s] -- Found rosidl_generator_cpp: 3.1.6 (/opt/ros/humble/share/rosidl_generator_cpp/cmake)
[0.446s] -- Using all available rosidl_typesupport_c: rosidl_typesupport_fastrtps_c;rosidl_typesupport_introspection_c
[0.457s] -- Using all available rosidl_typesupport_cpp: rosidl_typesupport_fastrtps_cpp;rosidl_typesupport_introspection_cpp
[0.483s] -- Found rmw_implementation_cmake: 6.1.2 (/opt/ros/humble/share/rmw_implementation_cmake/cmake)
[0.485s] -- Found rmw_cyclonedds_cpp: 1.3.4 (/opt/ros/humble/share/rmw_cyclonedds_cpp/cmake)
[0.499s] -- Using RMW implementation 'rmw_cyclonedds_cpp' as default
[0.540s] -- Found sensor_msgs: 4.8.0 (/opt/ros/humble/share/sensor_msgs/cmake)
[0.570s] -- Found nav_msgs: 4.8.0 (/opt/ros/humble/share/nav_msgs/cmake)
[0.586s] -- Found tf2_ros: 0.25.12 (/opt/ros/humble/share/tf2_ros/cmake)
[0.692s] -- Found tf2_geometry_msgs: 0.25.12 (/opt/ros/humble/share/tf2_geometry_msgs/cmake)
[0.696s] -- Found eigen3_cmake_module: 0.1.1 (/opt/ros/humble/share/eigen3_cmake_module/cmake)
[0.696s] -- Found Eigen3: TRUE (found version "3.4.0") 
[0.697s] -- Ensuring Eigen3 include directory is part of orocos-kdl CMake target
[0.702s] -- Found cv_bridge: 3.2.1 (/opt/ros/humble/share/cv_bridge/cmake)
[0.717s] -- Found Eigen3: TRUE (found suitable version "3.4.0", minimum required is "3.4.0") 
[0.717s] -- Eigen found (include: /usr/include/eigen3, version: 3.4.0)
[0.753s] -- FLANN found (include: /usr/include, lib: /usr/lib/x86_64-linux-gnu/libflann_cpp.so)
[0.928s] -- Found Eigen3: /usr/include/eigen3 (found version "3.4.0") 
[1.060s] -- OpenNI found (version: 1.5.4.0, include: /usr/include/ni, lib: /usr/lib/libOpenNI.so;libusb::libusb)
[1.066s] -- OpenNI2 found (version: 2.2.0.33, include: /usr/include/openni2, lib: /usr/lib/x86_64-linux-gnu/libOpenNI2.so;libusb::libusb)
[1.067s] [0m** WARNING ** io features related to pcap will be disabled[0m
[1.209s] -- Eigen found (include: /usr/include/eigen3, version: 3.4.0)
[1.216s] -- OpenNI found (version: 1.5.4.0, include: /usr/include/ni, lib: /usr/lib/libOpenNI.so;libusb::libusb)
[1.223s] -- OpenNI2 found (version: 2.2.0.33, include: /usr/include/openni2, lib: /usr/lib/x86_64-linux-gnu/libOpenNI2.so;libusb::libusb)
[1.356s] -- Found Qhull version 8.0.2
[1.499s] -- OpenNI found (version: 1.5.4.0, include: /usr/include/ni, lib: /usr/lib/libOpenNI.so;libusb::libusb)
[1.640s] -- looking for PCL_COMMON
[1.641s] -- looking for PCL_KDTREE
[1.641s] -- looking for PCL_OCTREE
[1.641s] -- looking for PCL_SEARCH
[1.641s] -- looking for PCL_SAMPLE_CONSENSUS
[1.642s] -- looking for PCL_FILTERS
[1.642s] -- looking for PCL_2D
[1.642s] -- looking for PCL_GEOMETRY
[1.642s] -- looking for PCL_IO
[1.642s] -- looking for PCL_FEATURES
[1.643s] -- looking for PCL_ML
[1.643s] -- looking for PCL_SEGMENTATION
[1.643s] -- looking for PCL_VISUALIZATION
[1.644s] -- looking for PCL_SURFACE
[1.644s] -- looking for PCL_REGISTRATION
[1.644s] -- looking for PCL_KEYPOINTS
[1.645s] -- looking for PCL_TRACKING
[1.645s] -- looking for PCL_RECOGNITION
[1.645s] -- looking for PCL_STEREO
[1.646s] -- looking for PCL_APPS
[1.646s] -- looking for PCL_IN_HAND_SCANNER
[1.646s] -- looking for PCL_MODELER
[1.647s] -- looking for PCL_POINT_CLOUD_EDITOR
[1.647s] -- looking for PCL_OUTOFCORE
[1.647s] -- looking for PCL_PEOPLE
[1.648s] -- Found pcl_conversions: 2.4.5 (/opt/ros/humble/share/pcl_conversions/cmake)
[1.739s] -- Configuring done
[1.780s] -- Generating done
[1.792s] -- Build files have been written to: /home/loq/roboracer_ws/build/roboracer_visual_odom
[1.808s] Invoked command in '/home/loq/roboracer_ws/build/roboracer_visual_odom' returned '0': CMAKE_PREFIX_PATH=${CMAKE_PREFIX_PATH}:/home/loq/drivingcar_ws/install/self_driving_car_pkg:/home/loq/bumperbot_ws/install/bumperbot_py_example:/home/loq/roboracer_ws/install/roboracer_yolov8_detector:/home/loq/roboracer_ws/install/roboracer_py:/home/loq/ros2_action_ws/install/lifecycle_py:/home/loq/ros2_action_ws/install/action_py:/opt/ros/humble /usr/bin/cmake /home/loq/roboracer_ws/src/roboracer_visual_odom -DCMAKE_INSTALL_PREFIX=/home/loq/roboracer_ws/install/roboracer_visual_odom
[1.810s] Invoking command in '/home/loq/roboracer_ws/build/roboracer_visual_odom': CMAKE_PREFIX_PATH=${CMAKE_PREFIX_PATH}:/home/loq/drivingcar_ws/install/self_driving_car_pkg:/home/loq/bumperbot_ws/install/bumperbot_py_example:/home/loq/roboracer_ws/install/roboracer_yolov8_detector:/home/loq/roboracer_ws/install/roboracer_py:/home/loq/ros2_action_ws/install/lifecycle_py:/home/loq/ros2_action_ws/install/action_py:/opt/ros/humble /usr/bin/cmake --build /home/loq/roboracer_ws/build/roboracer_visual_odom -- -j8 -l8
[1.852s] [35m[1mConsolidate compiler generated dependencies of target rgbd_pointcloud_publisher[0m
[1.853s] [35m[1mConsolidate compiler generated dependencies of target visual_odom[0m
[1.871s] [ 50%] Built target rgbd_pointcloud_publisher
[1.882s] [100%] Built target visual_odom
[1.893s] Invoked command in '/home/loq/roboracer_ws/build/roboracer_visual_odom' returned '0': CMAKE_PREFIX_PATH=${CMAKE_PREFIX_PATH}:/home/loq/drivingcar_ws/install/self_driving_car_pkg:/home/loq/bumperbot_ws/install/bumperbot_py_example:/home/loq/roboracer_ws/install/roboracer_yolov8_detector:/home/loq/roboracer_ws/install/roboracer_py:/home/loq/ros2_action_ws/install/lifecycle_py:/home/loq/ros2_action_ws/install/action_py:/opt/ros/humble /usr/bin/cmake --build /home/loq/roboracer_ws/build/roboracer_visual_odom -- -j8 -l8
[1.894s] Invoking command in '/home/loq/roboracer_ws/build/roboracer_visual_odom': CMAKE_PREFIX_PATH=${CMAKE_PREFIX_PATH}:/home/loq/drivingcar_ws/install/self_driving_car_pkg:/home/loq/bumperbot_ws/install/bumperbot_py_example:/home/loq/roboracer_ws/install/roboracer_yolov8_detector:/home/loq/roboracer_ws/install/roboracer_py:/home/loq/ros2_action_ws/install/lifecycle_py:/home/loq/ros2_action_ws/install/action_py:/opt/ros/humble /usr/bin/cmake --install /home/loq/roboracer_ws/build/roboracer_visual_odom
[1.902s] -- Install configuration: ""
[1.903s] -- Execute custom install script
[1.903s] -- Up-to-date symlink: /home/loq/roboracer_ws/install/roboracer_visual_odom/lib/roboracer_visual_odom/visual_odom
[1.903s] -- Up-to-date symlink: /home/loq/roboracer_ws/install/roboracer_visual_odom/lib/roboracer_visual_odom/rgbd_pointcloud_publisher
[1.903s] -- Up-to-date symlink: /home/loq/roboracer_ws/install/roboracer_visual_odom/share/ament_index/resource_index/package_run_dependencies/roboracer_visual_odom
[1.903s] -- Up-to-date symlink: /home/loq/roboracer_ws/install/roboracer_visual_odom/share/ament_index/resource_index/parent_prefix_path/roboracer_visual_odom
[1.903s] -- Up-to-date symlink: /home/loq/roboracer_ws/install/roboracer_visual_odom/share/roboracer_visual_odom/environment/ament_prefix_path.sh
[1.904s] -- Up-to-date symlink: /home/loq/roboracer_ws/install/roboracer_visual_odom/share/roboracer_visual_odom/environment/ament_prefix_path.dsv
[1.904s] -- Up-to-date symlink: /home/loq/roboracer_ws/install/roboracer_visual_odom/share/roboracer_visual_odom/environment/path.sh
[1.904s] -- Up-to-date symlink: /home/loq/roboracer_ws/install/roboracer_visual_odom/share/roboracer_visual_odom/environment/path.dsv
[1.904s] -- Up-to-date symlink: /home/loq/roboracer_ws/install/roboracer_visual_odom/share/roboracer_visual_odom/local_setup.bash
[1.904s] -- Up-to-date symlink: /home/loq/roboracer_ws/install/roboracer_visual_odom/share/roboracer_visual_odom/local_setup.sh
[1.904s] -- Up-to-date symlink: /home/loq/roboracer_ws/install/roboracer_visual_odom/share/roboracer_visual_odom/local_setup.zsh
[1.904s] -- Up-to-date symlink: /home/loq/roboracer_ws/install/roboracer_visual_odom/share/roboracer_visual_odom/local_setup.dsv
[1.904s] -- Symlinking: /home/loq/roboracer_ws/install/roboracer_visual_odom/share/roboracer_visual_odom/package.dsv
[1.913s] -- Up-to-date symlink: /home/loq/roboracer_ws/install/roboracer_visual_odom/share/ament_index/resource_index/packages/roboracer_visual_odom
[1.913s] -- Up-to-date symlink: /home/loq/roboracer_ws/install/roboracer_visual_odom/share/roboracer_visual_odom/cmake/ament_cmake_export_dependencies-extras.cmake
[1.913s] -- Up-to-date symlink: /home/loq/roboracer_ws/install/roboracer_visual_odom/share/roboracer_visual_odom/cmake/roboracer_visual_odomConfig.cmake
[1.914s] -- Up-to-date symlink: /home/loq/roboracer_ws/install/roboracer_visual_odom/share/roboracer_visual_odom/cmake/roboracer_visual_odomConfig-version.cmake
[1.914s] -- Up-to-date symlink: /home/loq/roboracer_ws/install/roboracer_visual_odom/share/roboracer_visual_odom/package.xml
[1.916s] Invoked command in '/home/loq/roboracer_ws/build/roboracer_visual_odom' returned '0': CMAKE_PREFIX_PATH=${CMAKE_PREFIX_PATH}:/home/loq/drivingcar_ws/install/self_driving_car_pkg:/home/loq/bumperbot_ws/install/bumperbot_py_example:/home/loq/roboracer_ws/install/roboracer_yolov8_detector:/home/loq/roboracer_ws/install/roboracer_py:/home/loq/ros2_action_ws/install/lifecycle_py:/home/loq/ros2_action_ws/install/action_py:/opt/ros/humble /usr/bin/cmake --install /home/loq/roboracer_ws/build/roboracer_visual_odom
