[0.030s] Invoking command in '/home/loq/roboracer_ws/build/roboracer_localization': CMAKE_PREFIX_PATH=${CMAKE_PREFIX_PATH}:/home/loq/drivingcar_ws/install/self_driving_car_pkg:/home/loq/bumperbot_ws/install/bumperbot_py_example:/home/loq/roboracer_ws/install/roboracer_yolov8_detector:/home/loq/roboracer_ws/install/roboracer_py:/home/loq/ros2_action_ws/install/lifecycle_py:/home/loq/ros2_action_ws/install/action_py:/opt/ros/humble /usr/bin/cmake /home/loq/roboracer_ws/src/roboracer_localization -DCMAKE_INSTALL_PREFIX=/home/loq/roboracer_ws/install/roboracer_localization
[0.299s] -- The C compiler identification is GNU 11.4.0
[0.299s] -- The CXX compiler identification is GNU 11.4.0
[0.299s] -- Detecting C compiler ABI info
[0.299s] -- Detecting C compiler ABI info - done
[0.299s] -- Check for working C compiler: /usr/bin/cc - skipped
[0.299s] -- Detecting C compile features
[0.299s] -- Detecting C compile features - done
[0.299s] -- Detecting CXX compiler ABI info
[0.304s] -- Detecting CXX compiler ABI info - done
[0.311s] -- Check for working CXX compiler: /usr/bin/c++ - skipped
[0.311s] -- Detecting CXX compile features
[0.311s] -- Detecting CXX compile features - done
[0.316s] -- Found ament_cmake: 1.3.11 (/opt/ros/humble/share/ament_cmake/cmake)
[0.473s] -- Found Python3: /usr/bin/python3 (found version "3.10.12") found components: Interpreter 
[0.604s] -- Found rclpy: 3.3.16 (/opt/ros/humble/share/rclpy/cmake)
[0.607s] -- Found nav_msgs: 4.8.0 (/opt/ros/humble/share/nav_msgs/cmake)
[0.677s] -- Found rosidl_generator_c: 3.1.6 (/opt/ros/humble/share/rosidl_generator_c/cmake)
[0.686s] -- Found rosidl_adapter: 3.1.6 (/opt/ros/humble/share/rosidl_adapter/cmake)
[0.703s] -- Found rosidl_generator_cpp: 3.1.6 (/opt/ros/humble/share/rosidl_generator_cpp/cmake)
[0.729s] -- Using all available rosidl_typesupport_c: rosidl_typesupport_fastrtps_c;rosidl_typesupport_introspection_c
[0.762s] -- Using all available rosidl_typesupport_cpp: rosidl_typesupport_fastrtps_cpp;rosidl_typesupport_introspection_cpp
[0.850s] -- Found sensor_msgs: 4.8.0 (/opt/ros/humble/share/sensor_msgs/cmake)
[0.874s] -- Found ament_lint_auto: 0.12.12 (/opt/ros/humble/share/ament_lint_auto/cmake)
[0.998s] -- Added test 'copyright' to check source files copyright and LICENSE
[1.002s] -- Added test 'flake8' to check Python code syntax and style conventions
[1.003s] -- Added test 'lint_cmake' to check CMake code style
[1.004s] -- Added test 'pep257' to check Python code against some of the docstring style conventions in PEP 257
[1.006s] -- Added test 'xmllint' to check XML markup files
[1.009s] -- Configuring done
[1.015s] -- Generating done
[1.015s] -- Build files have been written to: /home/loq/roboracer_ws/build/roboracer_localization
[1.027s] Invoked command in '/home/loq/roboracer_ws/build/roboracer_localization' returned '0': CMAKE_PREFIX_PATH=${CMAKE_PREFIX_PATH}:/home/loq/drivingcar_ws/install/self_driving_car_pkg:/home/loq/bumperbot_ws/install/bumperbot_py_example:/home/loq/roboracer_ws/install/roboracer_yolov8_detector:/home/loq/roboracer_ws/install/roboracer_py:/home/loq/ros2_action_ws/install/lifecycle_py:/home/loq/ros2_action_ws/install/action_py:/opt/ros/humble /usr/bin/cmake /home/loq/roboracer_ws/src/roboracer_localization -DCMAKE_INSTALL_PREFIX=/home/loq/roboracer_ws/install/roboracer_localization
[1.027s] Invoking command in '/home/loq/roboracer_ws/build/roboracer_localization': CMAKE_PREFIX_PATH=${CMAKE_PREFIX_PATH}:/home/loq/drivingcar_ws/install/self_driving_car_pkg:/home/loq/bumperbot_ws/install/bumperbot_py_example:/home/loq/roboracer_ws/install/roboracer_yolov8_detector:/home/loq/roboracer_ws/install/roboracer_py:/home/loq/ros2_action_ws/install/lifecycle_py:/home/loq/ros2_action_ws/install/action_py:/opt/ros/humble /usr/bin/cmake --build /home/loq/roboracer_ws/build/roboracer_localization -- -j8 -l8
[1.078s] Invoked command in '/home/loq/roboracer_ws/build/roboracer_localization' returned '0': CMAKE_PREFIX_PATH=${CMAKE_PREFIX_PATH}:/home/loq/drivingcar_ws/install/self_driving_car_pkg:/home/loq/bumperbot_ws/install/bumperbot_py_example:/home/loq/roboracer_ws/install/roboracer_yolov8_detector:/home/loq/roboracer_ws/install/roboracer_py:/home/loq/ros2_action_ws/install/lifecycle_py:/home/loq/ros2_action_ws/install/action_py:/opt/ros/humble /usr/bin/cmake --build /home/loq/roboracer_ws/build/roboracer_localization -- -j8 -l8
[1.080s] Invoking command in '/home/loq/roboracer_ws/build/roboracer_localization': CMAKE_PREFIX_PATH=${CMAKE_PREFIX_PATH}:/home/loq/drivingcar_ws/install/self_driving_car_pkg:/home/loq/bumperbot_ws/install/bumperbot_py_example:/home/loq/roboracer_ws/install/roboracer_yolov8_detector:/home/loq/roboracer_ws/install/roboracer_py:/home/loq/ros2_action_ws/install/lifecycle_py:/home/loq/ros2_action_ws/install/action_py:/opt/ros/humble /usr/bin/cmake --install /home/loq/roboracer_ws/build/roboracer_localization
[1.089s] -- Install configuration: ""
[1.089s] -- Installing: /home/loq/roboracer_ws/install/roboracer_localization/lib//roboracer_localization
[1.089s] -- Installing: /home/loq/roboracer_ws/install/roboracer_localization/lib//roboracer_localization/__init__.py
[1.089s] -- Installing: /home/loq/roboracer_ws/install/roboracer_localization/share/roboracer_localization/launch
[1.089s] -- Installing: /home/loq/roboracer_ws/install/roboracer_localization/share/roboracer_localization/launch/local_localization.launch.py
[1.090s] -- Installing: /home/loq/roboracer_ws/install/roboracer_localization/share/ament_index/resource_index/package_run_dependencies/roboracer_localization
[1.090s] -- Installing: /home/loq/roboracer_ws/install/roboracer_localization/share/ament_index/resource_index/parent_prefix_path/roboracer_localization
[1.090s] -- Installing: /home/loq/roboracer_ws/install/roboracer_localization/share/roboracer_localization/environment/ament_prefix_path.sh
[1.090s] -- Installing: /home/loq/roboracer_ws/install/roboracer_localization/share/roboracer_localization/environment/ament_prefix_path.dsv
[1.090s] -- Installing: /home/loq/roboracer_ws/install/roboracer_localization/share/roboracer_localization/environment/path.sh
[1.091s] -- Installing: /home/loq/roboracer_ws/install/roboracer_localization/share/roboracer_localization/environment/path.dsv
[1.091s] -- Installing: /home/loq/roboracer_ws/install/roboracer_localization/share/roboracer_localization/local_setup.bash
[1.091s] -- Installing: /home/loq/roboracer_ws/install/roboracer_localization/share/roboracer_localization/local_setup.sh
[1.091s] -- Installing: /home/loq/roboracer_ws/install/roboracer_localization/share/roboracer_localization/local_setup.zsh
[1.091s] -- Installing: /home/loq/roboracer_ws/install/roboracer_localization/share/roboracer_localization/local_setup.dsv
[1.091s] -- Installing: /home/loq/roboracer_ws/install/roboracer_localization/share/roboracer_localization/package.dsv
[1.091s] -- Installing: /home/loq/roboracer_ws/install/roboracer_localization/share/ament_index/resource_index/packages/roboracer_localization
[1.091s] -- Installing: /home/loq/roboracer_ws/install/roboracer_localization/share/roboracer_localization/cmake/roboracer_localizationConfig.cmake
[1.092s] -- Installing: /home/loq/roboracer_ws/install/roboracer_localization/share/roboracer_localization/cmake/roboracer_localizationConfig-version.cmake
[1.092s] -- Installing: /home/loq/roboracer_ws/install/roboracer_localization/share/roboracer_localization/package.xml
[1.095s] Invoked command in '/home/loq/roboracer_ws/build/roboracer_localization' returned '0': CMAKE_PREFIX_PATH=${CMAKE_PREFIX_PATH}:/home/loq/drivingcar_ws/install/self_driving_car_pkg:/home/loq/bumperbot_ws/install/bumperbot_py_example:/home/loq/roboracer_ws/install/roboracer_yolov8_detector:/home/loq/roboracer_ws/install/roboracer_py:/home/loq/ros2_action_ws/install/lifecycle_py:/home/loq/ros2_action_ws/install/action_py:/opt/ros/humble /usr/bin/cmake --install /home/loq/roboracer_ws/build/roboracer_localization
