[0.029s] Invoking command in '/home/dev/roboracer_ws/build/gap_follow': CMAKE_PREFIX_PATH=/opt/ros/humble /usr/local/bin/cmake --build /home/dev/roboracer_ws/build/gap_follow -- -j8 -l8
[0.161s] [  0%] Built target ament_cmake_python_copy_gap_follow_setup
[0.163s] [  0%] Built target ament_cmake_python_copy_gap_follow
[0.167s] [100%] Built target reactive_node
[0.365s] /usr/lib/python3/dist-packages/setuptools/dist.py:723: UserWarning: Usage of dash-separated 'script-dir' will not be supported in future versions. Please use the underscore name 'script_dir' instead
[0.365s]   warnings.warn(
[0.365s] /usr/lib/python3/dist-packages/setuptools/dist.py:723: UserWarning: Usage of dash-separated 'install-scripts' will not be supported in future versions. Please use the underscore name 'install_scripts' instead
[0.365s]   warnings.warn(
[0.369s] running egg_info
[0.370s] writing gap_follow.egg-info/PKG-INFO
[0.371s] writing dependency_links to gap_follow.egg-info/dependency_links.txt
[0.371s] writing top-level names to gap_follow.egg-info/top_level.txt
[0.374s] reading manifest file 'gap_follow.egg-info/SOURCES.txt'
[0.374s] writing manifest file 'gap_follow.egg-info/SOURCES.txt'
[0.432s] [100%] Built target ament_cmake_python_build_gap_follow_egg
[0.451s] Invoked command in '/home/dev/roboracer_ws/build/gap_follow' returned '0': CMAKE_PREFIX_PATH=/opt/ros/humble /usr/local/bin/cmake --build /home/dev/roboracer_ws/build/gap_follow -- -j8 -l8
[0.452s] Invoking command in '/home/dev/roboracer_ws/build/gap_follow': CMAKE_PREFIX_PATH=/opt/ros/humble /usr/local/bin/cmake --install /home/dev/roboracer_ws/build/gap_follow
[0.606s] -- Install configuration: ""
[0.606s] -- Up-to-date: /home/dev/roboracer_ws/install/gap_follow/lib/gap_follow/reactive_node
[0.606s] -- Up-to-date: /home/dev/roboracer_ws/install/gap_follow/share/gap_follow/environment/pythonpath.sh
[0.607s] -- Up-to-date: /home/dev/roboracer_ws/install/gap_follow/share/gap_follow/environment/pythonpath.dsv
[0.609s] -- Up-to-date: /home/dev/roboracer_ws/install/gap_follow/local/lib/python3.10/dist-packages/gap_follow-0.0.0-py3.10.egg-info
[0.609s] -- Installing: /home/dev/roboracer_ws/install/gap_follow/local/lib/python3.10/dist-packages/gap_follow-0.0.0-py3.10.egg-info/top_level.txt
[0.609s] -- Installing: /home/dev/roboracer_ws/install/gap_follow/local/lib/python3.10/dist-packages/gap_follow-0.0.0-py3.10.egg-info/PKG-INFO
[0.609s] -- Installing: /home/dev/roboracer_ws/install/gap_follow/local/lib/python3.10/dist-packages/gap_follow-0.0.0-py3.10.egg-info/dependency_links.txt
[0.609s] -- Installing: /home/dev/roboracer_ws/install/gap_follow/local/lib/python3.10/dist-packages/gap_follow-0.0.0-py3.10.egg-info/SOURCES.txt
[0.611s] -- Up-to-date: /home/dev/roboracer_ws/install/gap_follow/local/lib/python3.10/dist-packages/gap_follow
[0.611s] -- Up-to-date: /home/dev/roboracer_ws/install/gap_follow/local/lib/python3.10/dist-packages/gap_follow/__init__.py
[0.651s] Listing '/home/dev/roboracer_ws/install/gap_follow/local/lib/python3.10/dist-packages/gap_follow'...
[0.652s] -- Up-to-date: /home/dev/roboracer_ws/install/gap_follow/lib/gap_follow/reactive_node.py
[0.652s] -- Up-to-date: /home/dev/roboracer_ws/install/gap_follow/share/ament_index/resource_index/package_run_dependencies/gap_follow
[0.652s] -- Up-to-date: /home/dev/roboracer_ws/install/gap_follow/share/ament_index/resource_index/parent_prefix_path/gap_follow
[0.652s] -- Up-to-date: /home/dev/roboracer_ws/install/gap_follow/share/gap_follow/environment/ament_prefix_path.sh
[0.652s] -- Up-to-date: /home/dev/roboracer_ws/install/gap_follow/share/gap_follow/environment/ament_prefix_path.dsv
[0.652s] -- Up-to-date: /home/dev/roboracer_ws/install/gap_follow/share/gap_follow/environment/path.sh
[0.652s] -- Up-to-date: /home/dev/roboracer_ws/install/gap_follow/share/gap_follow/environment/path.dsv
[0.652s] -- Up-to-date: /home/dev/roboracer_ws/install/gap_follow/share/gap_follow/local_setup.bash
[0.652s] -- Up-to-date: /home/dev/roboracer_ws/install/gap_follow/share/gap_follow/local_setup.sh
[0.652s] -- Up-to-date: /home/dev/roboracer_ws/install/gap_follow/share/gap_follow/local_setup.zsh
[0.652s] -- Up-to-date: /home/dev/roboracer_ws/install/gap_follow/share/gap_follow/local_setup.dsv
[0.652s] -- Installing: /home/dev/roboracer_ws/install/gap_follow/share/gap_follow/package.dsv
[0.652s] -- Up-to-date: /home/dev/roboracer_ws/install/gap_follow/share/ament_index/resource_index/packages/gap_follow
[0.653s] -- Up-to-date: /home/dev/roboracer_ws/install/gap_follow/share/gap_follow/cmake/gap_followConfig.cmake
[0.653s] -- Up-to-date: /home/dev/roboracer_ws/install/gap_follow/share/gap_follow/cmake/gap_followConfig-version.cmake
[0.653s] -- Up-to-date: /home/dev/roboracer_ws/install/gap_follow/share/gap_follow/package.xml
[0.698s] Invoked command in '/home/dev/roboracer_ws/build/gap_follow' returned '0': CMAKE_PREFIX_PATH=/opt/ros/humble /usr/local/bin/cmake --install /home/dev/roboracer_ws/build/gap_follow
