[  1%] [34m[1mGenerating C code for ROS interfaces[0m
[  3%] [34m[1mGenerating C++ code for ROS interfaces[0m
[  3%] Built target ament_cmake_python_copy_vesc_msgs
running egg_info
creating vesc_msgs.egg-info
writing vesc_msgs.egg-info/PKG-INFO
writing dependency_links to vesc_msgs.egg-info/dependency_links.txt
writing top-level names to vesc_msgs.egg-info/top_level.txt
writing manifest file 'vesc_msgs.egg-info/SOURCES.txt'
reading manifest file 'vesc_msgs.egg-info/SOURCES.txt'
writing manifest file 'vesc_msgs.egg-info/SOURCES.txt'
[  3%] Built target ament_cmake_python_build_vesc_msgs_egg
[  3%] Built target vesc_msgs__cpp
[  9%] [34m[1mGenerating C++ introspection for ROS interfaces[0m
[  9%] [34m[1mGenerating C++ type support for eProsima Fast-RTPS[0m
[  9%] [34m[1mGenerating C++ type support dispatch for ROS interfaces[0m
[ 10%] [32mBuilding C object CMakeFiles/vesc_msgs__rosidl_generator_c.dir/rosidl_generator_c/vesc_msgs/msg/detail/vesc_state__functions.c.o[0m
[ 12%] [32mBuilding C object CMakeFiles/vesc_msgs__rosidl_generator_c.dir/rosidl_generator_c/vesc_msgs/msg/detail/vesc_state_stamped__functions.c.o[0m
[ 14%] [32mBuilding C object CMakeFiles/vesc_msgs__rosidl_generator_c.dir/rosidl_generator_c/vesc_msgs/msg/detail/vesc_imu_stamped__functions.c.o[0m
[ 16%] [32mBuilding C object CMakeFiles/vesc_msgs__rosidl_generator_c.dir/rosidl_generator_c/vesc_msgs/msg/detail/vesc_imu__functions.c.o[0m
[ 18%] [32m[1mLinking C shared library libvesc_msgs__rosidl_generator_c.so[0m
[ 18%] Built target vesc_msgs__rosidl_generator_c
[ 20%] [34m[1mGenerating C introspection for ROS interfaces[0m
[ 21%] [34m[1mGenerating C type support for eProsima Fast-RTPS[0m
[ 23%] [34m[1mGenerating C type support dispatch for ROS interfaces[0m
[ 25%] [32mBuilding CXX object CMakeFiles/vesc_msgs__rosidl_typesupport_cpp.dir/rosidl_typesupport_cpp/vesc_msgs/msg/vesc_state__type_support.cpp.o[0m
[ 27%] [32mBuilding CXX object CMakeFiles/vesc_msgs__rosidl_typesupport_cpp.dir/rosidl_typesupport_cpp/vesc_msgs/msg/vesc_imu__type_support.cpp.o[0m
[ 29%] [32mBuilding CXX object CMakeFiles/vesc_msgs__rosidl_typesupport_cpp.dir/rosidl_typesupport_cpp/vesc_msgs/msg/vesc_state_stamped__type_support.cpp.o[0m
[ 30%] [32mBuilding CXX object CMakeFiles/vesc_msgs__rosidl_typesupport_fastrtps_cpp.dir/rosidl_typesupport_fastrtps_cpp/vesc_msgs/msg/detail/dds_fastrtps/vesc_state__type_support.cpp.o[0m
[ 32%] [32mBuilding CXX object CMakeFiles/vesc_msgs__rosidl_typesupport_introspection_cpp.dir/rosidl_typesupport_introspection_cpp/vesc_msgs/msg/detail/vesc_state__type_support.cpp.o[0m
[ 34%] [32mBuilding C object CMakeFiles/vesc_msgs__rosidl_typesupport_introspection_c.dir/rosidl_typesupport_introspection_c/vesc_msgs/msg/detail/vesc_state__type_support.c.o[0m
[ 36%] [32mBuilding C object CMakeFiles/vesc_msgs__rosidl_typesupport_introspection_c.dir/rosidl_typesupport_introspection_c/vesc_msgs/msg/detail/vesc_state_stamped__type_support.c.o[0m
[ 38%] [32mBuilding CXX object CMakeFiles/vesc_msgs__rosidl_typesupport_introspection_cpp.dir/rosidl_typesupport_introspection_cpp/vesc_msgs/msg/detail/vesc_state_stamped__type_support.cpp.o[0m
[ 40%] [32mBuilding C object CMakeFiles/vesc_msgs__rosidl_typesupport_introspection_c.dir/rosidl_typesupport_introspection_c/vesc_msgs/msg/detail/vesc_imu__type_support.c.o[0m
[ 41%] [32mBuilding CXX object CMakeFiles/vesc_msgs__rosidl_typesupport_fastrtps_c.dir/rosidl_typesupport_fastrtps_c/vesc_msgs/msg/detail/vesc_state__type_support_c.cpp.o[0m
[ 43%] [32mBuilding CXX object CMakeFiles/vesc_msgs__rosidl_typesupport_fastrtps_c.dir/rosidl_typesupport_fastrtps_c/vesc_msgs/msg/detail/vesc_state_stamped__type_support_c.cpp.o[0m
[ 45%] [32mBuilding C object CMakeFiles/vesc_msgs__rosidl_typesupport_introspection_c.dir/rosidl_typesupport_introspection_c/vesc_msgs/msg/detail/vesc_imu_stamped__type_support.c.o[0m
[ 47%] [32mBuilding CXX object CMakeFiles/vesc_msgs__rosidl_typesupport_cpp.dir/rosidl_typesupport_cpp/vesc_msgs/msg/vesc_imu_stamped__type_support.cpp.o[0m
[ 49%] [32mBuilding CXX object CMakeFiles/vesc_msgs__rosidl_typesupport_c.dir/rosidl_typesupport_c/vesc_msgs/msg/vesc_state__type_support.cpp.o[0m
[ 50%] [32m[1mLinking C shared library libvesc_msgs__rosidl_typesupport_introspection_c.so[0m
[ 52%] [32mBuilding CXX object CMakeFiles/vesc_msgs__rosidl_typesupport_c.dir/rosidl_typesupport_c/vesc_msgs/msg/vesc_state_stamped__type_support.cpp.o[0m
[ 52%] Built target vesc_msgs__rosidl_typesupport_introspection_c
[ 54%] [32mBuilding CXX object CMakeFiles/vesc_msgs__rosidl_typesupport_c.dir/rosidl_typesupport_c/vesc_msgs/msg/vesc_imu__type_support.cpp.o[0m
[ 56%] [32mBuilding CXX object CMakeFiles/vesc_msgs__rosidl_typesupport_fastrtps_cpp.dir/rosidl_typesupport_fastrtps_cpp/vesc_msgs/msg/detail/dds_fastrtps/vesc_state_stamped__type_support.cpp.o[0m
[ 58%] [32mBuilding CXX object CMakeFiles/vesc_msgs__rosidl_typesupport_c.dir/rosidl_typesupport_c/vesc_msgs/msg/vesc_imu_stamped__type_support.cpp.o[0m
[ 60%] [32mBuilding CXX object CMakeFiles/vesc_msgs__rosidl_typesupport_fastrtps_cpp.dir/rosidl_typesupport_fastrtps_cpp/vesc_msgs/msg/detail/dds_fastrtps/vesc_imu__type_support.cpp.o[0m
[ 61%] [32m[1mLinking CXX shared library libvesc_msgs__rosidl_typesupport_c.so[0m
[ 63%] [32mBuilding CXX object CMakeFiles/vesc_msgs__rosidl_typesupport_fastrtps_cpp.dir/rosidl_typesupport_fastrtps_cpp/vesc_msgs/msg/detail/dds_fastrtps/vesc_imu_stamped__type_support.cpp.o[0m
[ 63%] Built target vesc_msgs__rosidl_typesupport_c
[ 65%] [32mBuilding CXX object CMakeFiles/vesc_msgs__rosidl_typesupport_introspection_cpp.dir/rosidl_typesupport_introspection_cpp/vesc_msgs/msg/detail/vesc_imu__type_support.cpp.o[0m
[ 67%] [32mBuilding CXX object CMakeFiles/vesc_msgs__rosidl_typesupport_introspection_cpp.dir/rosidl_typesupport_introspection_cpp/vesc_msgs/msg/detail/vesc_imu_stamped__type_support.cpp.o[0m
[ 69%] [32m[1mLinking CXX shared library libvesc_msgs__rosidl_typesupport_cpp.so[0m
[ 70%] [32mBuilding CXX object CMakeFiles/vesc_msgs__rosidl_typesupport_fastrtps_c.dir/rosidl_typesupport_fastrtps_c/vesc_msgs/msg/detail/vesc_imu__type_support_c.cpp.o[0m
[ 70%] Built target vesc_msgs__rosidl_typesupport_cpp
[ 72%] [32mBuilding CXX object CMakeFiles/vesc_msgs__rosidl_typesupport_fastrtps_c.dir/rosidl_typesupport_fastrtps_c/vesc_msgs/msg/detail/vesc_imu_stamped__type_support_c.cpp.o[0m
[ 74%] [32m[1mLinking CXX shared library libvesc_msgs__rosidl_typesupport_fastrtps_cpp.so[0m
[ 74%] Built target vesc_msgs__rosidl_typesupport_fastrtps_cpp
[ 76%] [32m[1mLinking CXX shared library libvesc_msgs__rosidl_typesupport_fastrtps_c.so[0m
[ 78%] [32m[1mLinking CXX shared library libvesc_msgs__rosidl_typesupport_introspection_cpp.so[0m
[ 78%] Built target vesc_msgs__rosidl_typesupport_introspection_cpp
[ 78%] Built target vesc_msgs__rosidl_typesupport_fastrtps_c
[ 78%] Built target vesc_msgs
[ 80%] [34m[1mGenerating Python code for ROS interfaces[0m
[ 80%] Built target vesc_msgs__py
[ 81%] [32mBuilding C object CMakeFiles/vesc_msgs__rosidl_generator_py.dir/rosidl_generator_py/vesc_msgs/msg/_vesc_state_s.c.o[0m
[ 83%] [32mBuilding C object CMakeFiles/vesc_msgs__rosidl_generator_py.dir/rosidl_generator_py/vesc_msgs/msg/_vesc_imu_stamped_s.c.o[0m
[ 87%] [32mBuilding C object CMakeFiles/vesc_msgs__rosidl_generator_py.dir/rosidl_generator_py/vesc_msgs/msg/_vesc_imu_s.c.o[0m
[ 87%] [32mBuilding C object CMakeFiles/vesc_msgs__rosidl_generator_py.dir/rosidl_generator_py/vesc_msgs/msg/_vesc_state_stamped_s.c.o[0m
[ 89%] [32m[1mLinking C shared library rosidl_generator_py/vesc_msgs/libvesc_msgs__rosidl_generator_py.so[0m
[ 89%] Built target vesc_msgs__rosidl_generator_py
[ 94%] [32mBuilding C object CMakeFiles/vesc_msgs__rosidl_typesupport_introspection_c__pyext.dir/rosidl_generator_py/vesc_msgs/_vesc_msgs_s.ep.rosidl_typesupport_introspection_c.c.o[0m
[ 94%] [32mBuilding C object CMakeFiles/vesc_msgs__rosidl_typesupport_fastrtps_c__pyext.dir/rosidl_generator_py/vesc_msgs/_vesc_msgs_s.ep.rosidl_typesupport_fastrtps_c.c.o[0m
[ 94%] [32mBuilding C object CMakeFiles/vesc_msgs__rosidl_typesupport_c__pyext.dir/rosidl_generator_py/vesc_msgs/_vesc_msgs_s.ep.rosidl_typesupport_c.c.o[0m
[100%] [32m[1mLinking C shared library rosidl_generator_py/vesc_msgs/vesc_msgs_s__rosidl_typesupport_fastrtps_c.cpython-310-x86_64-linux-gnu.so[0m
[100%] [32m[1mLinking C shared library rosidl_generator_py/vesc_msgs/vesc_msgs_s__rosidl_typesupport_c.cpython-310-x86_64-linux-gnu.so[0m
[100%] [32m[1mLinking C shared library rosidl_generator_py/vesc_msgs/vesc_msgs_s__rosidl_typesupport_introspection_c.cpython-310-x86_64-linux-gnu.so[0m
[100%] Built target vesc_msgs__rosidl_typesupport_fastrtps_c__pyext
[100%] Built target vesc_msgs__rosidl_typesupport_introspection_c__pyext
[100%] Built target vesc_msgs__rosidl_typesupport_c__pyext
-- Install configuration: ""
-- Installing: /home/dev/roboracer_ws/install/vesc_msgs/share/ament_index/resource_index/rosidl_interfaces/vesc_msgs
-- Installing: /home/dev/roboracer_ws/install/vesc_msgs/include/vesc_msgs/vesc_msgs
-- Installing: /home/dev/roboracer_ws/install/vesc_msgs/include/vesc_msgs/vesc_msgs/msg
-- Installing: /home/dev/roboracer_ws/install/vesc_msgs/include/vesc_msgs/vesc_msgs/msg/vesc_state.h
-- Installing: /home/dev/roboracer_ws/install/vesc_msgs/include/vesc_msgs/vesc_msgs/msg/rosidl_generator_c__visibility_control.h
-- Installing: /home/dev/roboracer_ws/install/vesc_msgs/include/vesc_msgs/vesc_msgs/msg/vesc_imu.h
-- Installing: /home/dev/roboracer_ws/install/vesc_msgs/include/vesc_msgs/vesc_msgs/msg/detail
-- Installing: /home/dev/roboracer_ws/install/vesc_msgs/include/vesc_msgs/vesc_msgs/msg/detail/vesc_imu__struct.h
-- Installing: /home/dev/roboracer_ws/install/vesc_msgs/include/vesc_msgs/vesc_msgs/msg/detail/vesc_state__functions.c
-- Installing: /home/dev/roboracer_ws/install/vesc_msgs/include/vesc_msgs/vesc_msgs/msg/detail/vesc_state_stamped__struct.h
-- Installing: /home/dev/roboracer_ws/install/vesc_msgs/include/vesc_msgs/vesc_msgs/msg/detail/vesc_imu_stamped__type_support.h
-- Installing: /home/dev/roboracer_ws/install/vesc_msgs/include/vesc_msgs/vesc_msgs/msg/detail/vesc_state__struct.h
-- Installing: /home/dev/roboracer_ws/install/vesc_msgs/include/vesc_msgs/vesc_msgs/msg/detail/vesc_imu__functions.c
-- Installing: /home/dev/roboracer_ws/install/vesc_msgs/include/vesc_msgs/vesc_msgs/msg/detail/vesc_state_stamped__functions.h
-- Installing: /home/dev/roboracer_ws/install/vesc_msgs/include/vesc_msgs/vesc_msgs/msg/detail/vesc_imu_stamped__functions.h
-- Installing: /home/dev/roboracer_ws/install/vesc_msgs/include/vesc_msgs/vesc_msgs/msg/detail/vesc_imu__functions.h
-- Installing: /home/dev/roboracer_ws/install/vesc_msgs/include/vesc_msgs/vesc_msgs/msg/detail/vesc_state__functions.h
-- Installing: /home/dev/roboracer_ws/install/vesc_msgs/include/vesc_msgs/vesc_msgs/msg/detail/vesc_imu_stamped__struct.h
-- Installing: /home/dev/roboracer_ws/install/vesc_msgs/include/vesc_msgs/vesc_msgs/msg/detail/vesc_state__type_support.h
-- Installing: /home/dev/roboracer_ws/install/vesc_msgs/include/vesc_msgs/vesc_msgs/msg/detail/vesc_imu__type_support.h
-- Installing: /home/dev/roboracer_ws/install/vesc_msgs/include/vesc_msgs/vesc_msgs/msg/detail/vesc_state_stamped__functions.c
-- Installing: /home/dev/roboracer_ws/install/vesc_msgs/include/vesc_msgs/vesc_msgs/msg/detail/vesc_state_stamped__type_support.h
-- Installing: /home/dev/roboracer_ws/install/vesc_msgs/include/vesc_msgs/vesc_msgs/msg/detail/vesc_imu_stamped__functions.c
-- Installing: /home/dev/roboracer_ws/install/vesc_msgs/include/vesc_msgs/vesc_msgs/msg/vesc_state_stamped.h
-- Installing: /home/dev/roboracer_ws/install/vesc_msgs/include/vesc_msgs/vesc_msgs/msg/vesc_imu_stamped.h
-- Installing: /home/dev/roboracer_ws/install/vesc_msgs/share/vesc_msgs/environment/library_path.sh
-- Installing: /home/dev/roboracer_ws/install/vesc_msgs/share/vesc_msgs/environment/library_path.dsv
-- Installing: /home/dev/roboracer_ws/install/vesc_msgs/lib/libvesc_msgs__rosidl_generator_c.so
-- Set non-toolchain portion of runtime path of "/home/dev/roboracer_ws/install/vesc_msgs/lib/libvesc_msgs__rosidl_generator_c.so" to ""
-- Up-to-date: /home/dev/roboracer_ws/install/vesc_msgs/include/vesc_msgs/vesc_msgs
-- Up-to-date: /home/dev/roboracer_ws/install/vesc_msgs/include/vesc_msgs/vesc_msgs/msg
-- Installing: /home/dev/roboracer_ws/install/vesc_msgs/include/vesc_msgs/vesc_msgs/msg/rosidl_typesupport_fastrtps_c__visibility_control.h
-- Up-to-date: /home/dev/roboracer_ws/install/vesc_msgs/include/vesc_msgs/vesc_msgs/msg/detail
-- Installing: /home/dev/roboracer_ws/install/vesc_msgs/include/vesc_msgs/vesc_msgs/msg/detail/vesc_imu_stamped__rosidl_typesupport_fastrtps_c.h
-- Installing: /home/dev/roboracer_ws/install/vesc_msgs/include/vesc_msgs/vesc_msgs/msg/detail/vesc_state__rosidl_typesupport_fastrtps_c.h
-- Installing: /home/dev/roboracer_ws/install/vesc_msgs/include/vesc_msgs/vesc_msgs/msg/detail/vesc_state_stamped__rosidl_typesupport_fastrtps_c.h
-- Installing: /home/dev/roboracer_ws/install/vesc_msgs/include/vesc_msgs/vesc_msgs/msg/detail/vesc_imu__rosidl_typesupport_fastrtps_c.h
-- Installing: /home/dev/roboracer_ws/install/vesc_msgs/lib/libvesc_msgs__rosidl_typesupport_fastrtps_c.so
-- Set non-toolchain portion of runtime path of "/home/dev/roboracer_ws/install/vesc_msgs/lib/libvesc_msgs__rosidl_typesupport_fastrtps_c.so" to ""
-- Up-to-date: /home/dev/roboracer_ws/install/vesc_msgs/include/vesc_msgs/vesc_msgs
-- Up-to-date: /home/dev/roboracer_ws/install/vesc_msgs/include/vesc_msgs/vesc_msgs/msg
-- Up-to-date: /home/dev/roboracer_ws/install/vesc_msgs/include/vesc_msgs/vesc_msgs/msg/detail
-- Installing: /home/dev/roboracer_ws/install/vesc_msgs/include/vesc_msgs/vesc_msgs/msg/detail/vesc_imu_stamped__type_support.c
-- Installing: /home/dev/roboracer_ws/install/vesc_msgs/include/vesc_msgs/vesc_msgs/msg/detail/vesc_imu__type_support.c
-- Installing: /home/dev/roboracer_ws/install/vesc_msgs/include/vesc_msgs/vesc_msgs/msg/detail/vesc_imu_stamped__rosidl_typesupport_introspection_c.h
-- Installing: /home/dev/roboracer_ws/install/vesc_msgs/include/vesc_msgs/vesc_msgs/msg/detail/vesc_imu__rosidl_typesupport_introspection_c.h
-- Installing: /home/dev/roboracer_ws/install/vesc_msgs/include/vesc_msgs/vesc_msgs/msg/detail/vesc_state_stamped__rosidl_typesupport_introspection_c.h
-- Installing: /home/dev/roboracer_ws/install/vesc_msgs/include/vesc_msgs/vesc_msgs/msg/detail/vesc_state_stamped__type_support.c
-- Installing: /home/dev/roboracer_ws/install/vesc_msgs/include/vesc_msgs/vesc_msgs/msg/detail/vesc_state__type_support.c
-- Installing: /home/dev/roboracer_ws/install/vesc_msgs/include/vesc_msgs/vesc_msgs/msg/detail/vesc_state__rosidl_typesupport_introspection_c.h
-- Installing: /home/dev/roboracer_ws/install/vesc_msgs/include/vesc_msgs/vesc_msgs/msg/rosidl_typesupport_introspection_c__visibility_control.h
-- Installing: /home/dev/roboracer_ws/install/vesc_msgs/lib/libvesc_msgs__rosidl_typesupport_introspection_c.so
-- Set non-toolchain portion of runtime path of "/home/dev/roboracer_ws/install/vesc_msgs/lib/libvesc_msgs__rosidl_typesupport_introspection_c.so" to ""
-- Installing: /home/dev/roboracer_ws/install/vesc_msgs/lib/libvesc_msgs__rosidl_typesupport_c.so
-- Set non-toolchain portion of runtime path of "/home/dev/roboracer_ws/install/vesc_msgs/lib/libvesc_msgs__rosidl_typesupport_c.so" to ""
-- Up-to-date: /home/dev/roboracer_ws/install/vesc_msgs/include/vesc_msgs/vesc_msgs
-- Up-to-date: /home/dev/roboracer_ws/install/vesc_msgs/include/vesc_msgs/vesc_msgs/msg
-- Up-to-date: /home/dev/roboracer_ws/install/vesc_msgs/include/vesc_msgs/vesc_msgs/msg/detail
-- Installing: /home/dev/roboracer_ws/install/vesc_msgs/include/vesc_msgs/vesc_msgs/msg/detail/vesc_state__traits.hpp
-- Installing: /home/dev/roboracer_ws/install/vesc_msgs/include/vesc_msgs/vesc_msgs/msg/detail/vesc_imu_stamped__builder.hpp
-- Installing: /home/dev/roboracer_ws/install/vesc_msgs/include/vesc_msgs/vesc_msgs/msg/detail/vesc_imu__builder.hpp
-- Installing: /home/dev/roboracer_ws/install/vesc_msgs/include/vesc_msgs/vesc_msgs/msg/detail/vesc_imu__traits.hpp
-- Installing: /home/dev/roboracer_ws/install/vesc_msgs/include/vesc_msgs/vesc_msgs/msg/detail/vesc_state__struct.hpp
-- Installing: /home/dev/roboracer_ws/install/vesc_msgs/include/vesc_msgs/vesc_msgs/msg/detail/vesc_imu_stamped__struct.hpp
-- Installing: /home/dev/roboracer_ws/install/vesc_msgs/include/vesc_msgs/vesc_msgs/msg/detail/vesc_state_stamped__type_support.hpp
-- Installing: /home/dev/roboracer_ws/install/vesc_msgs/include/vesc_msgs/vesc_msgs/msg/detail/vesc_state_stamped__traits.hpp
-- Installing: /home/dev/roboracer_ws/install/vesc_msgs/include/vesc_msgs/vesc_msgs/msg/detail/vesc_imu__type_support.hpp
-- Installing: /home/dev/roboracer_ws/install/vesc_msgs/include/vesc_msgs/vesc_msgs/msg/detail/vesc_state__type_support.hpp
-- Installing: /home/dev/roboracer_ws/install/vesc_msgs/include/vesc_msgs/vesc_msgs/msg/detail/vesc_imu_stamped__traits.hpp
-- Installing: /home/dev/roboracer_ws/install/vesc_msgs/include/vesc_msgs/vesc_msgs/msg/detail/vesc_imu_stamped__type_support.hpp
-- Installing: /home/dev/roboracer_ws/install/vesc_msgs/include/vesc_msgs/vesc_msgs/msg/detail/vesc_state_stamped__builder.hpp
-- Installing: /home/dev/roboracer_ws/install/vesc_msgs/include/vesc_msgs/vesc_msgs/msg/detail/vesc_imu__struct.hpp
-- Installing: /home/dev/roboracer_ws/install/vesc_msgs/include/vesc_msgs/vesc_msgs/msg/detail/vesc_state__builder.hpp
-- Installing: /home/dev/roboracer_ws/install/vesc_msgs/include/vesc_msgs/vesc_msgs/msg/detail/vesc_state_stamped__struct.hpp
-- Installing: /home/dev/roboracer_ws/install/vesc_msgs/include/vesc_msgs/vesc_msgs/msg/vesc_imu.hpp
-- Installing: /home/dev/roboracer_ws/install/vesc_msgs/include/vesc_msgs/vesc_msgs/msg/vesc_state_stamped.hpp
-- Installing: /home/dev/roboracer_ws/install/vesc_msgs/include/vesc_msgs/vesc_msgs/msg/vesc_imu_stamped.hpp
-- Installing: /home/dev/roboracer_ws/install/vesc_msgs/include/vesc_msgs/vesc_msgs/msg/rosidl_generator_cpp__visibility_control.hpp
-- Installing: /home/dev/roboracer_ws/install/vesc_msgs/include/vesc_msgs/vesc_msgs/msg/vesc_state.hpp
-- Up-to-date: /home/dev/roboracer_ws/install/vesc_msgs/include/vesc_msgs/vesc_msgs
-- Up-to-date: /home/dev/roboracer_ws/install/vesc_msgs/include/vesc_msgs/vesc_msgs/msg
-- Installing: /home/dev/roboracer_ws/install/vesc_msgs/include/vesc_msgs/vesc_msgs/msg/rosidl_typesupport_fastrtps_cpp__visibility_control.h
-- Up-to-date: /home/dev/roboracer_ws/install/vesc_msgs/include/vesc_msgs/vesc_msgs/msg/detail
-- Installing: /home/dev/roboracer_ws/install/vesc_msgs/include/vesc_msgs/vesc_msgs/msg/detail/dds_fastrtps
-- Installing: /home/dev/roboracer_ws/install/vesc_msgs/include/vesc_msgs/vesc_msgs/msg/detail/vesc_imu_stamped__rosidl_typesupport_fastrtps_cpp.hpp
-- Installing: /home/dev/roboracer_ws/install/vesc_msgs/include/vesc_msgs/vesc_msgs/msg/detail/vesc_imu__rosidl_typesupport_fastrtps_cpp.hpp
-- Installing: /home/dev/roboracer_ws/install/vesc_msgs/include/vesc_msgs/vesc_msgs/msg/detail/vesc_state__rosidl_typesupport_fastrtps_cpp.hpp
-- Installing: /home/dev/roboracer_ws/install/vesc_msgs/include/vesc_msgs/vesc_msgs/msg/detail/vesc_state_stamped__rosidl_typesupport_fastrtps_cpp.hpp
-- Installing: /home/dev/roboracer_ws/install/vesc_msgs/lib/libvesc_msgs__rosidl_typesupport_fastrtps_cpp.so
-- Set non-toolchain portion of runtime path of "/home/dev/roboracer_ws/install/vesc_msgs/lib/libvesc_msgs__rosidl_typesupport_fastrtps_cpp.so" to ""
-- Up-to-date: /home/dev/roboracer_ws/install/vesc_msgs/include/vesc_msgs/vesc_msgs
-- Up-to-date: /home/dev/roboracer_ws/install/vesc_msgs/include/vesc_msgs/vesc_msgs/msg
-- Up-to-date: /home/dev/roboracer_ws/install/vesc_msgs/include/vesc_msgs/vesc_msgs/msg/detail
-- Installing: /home/dev/roboracer_ws/install/vesc_msgs/include/vesc_msgs/vesc_msgs/msg/detail/vesc_state_stamped__rosidl_typesupport_introspection_cpp.hpp
-- Installing: /home/dev/roboracer_ws/install/vesc_msgs/include/vesc_msgs/vesc_msgs/msg/detail/vesc_imu__type_support.cpp
-- Installing: /home/dev/roboracer_ws/install/vesc_msgs/include/vesc_msgs/vesc_msgs/msg/detail/vesc_state__type_support.cpp
-- Installing: /home/dev/roboracer_ws/install/vesc_msgs/include/vesc_msgs/vesc_msgs/msg/detail/vesc_state_stamped__type_support.cpp
-- Installing: /home/dev/roboracer_ws/install/vesc_msgs/include/vesc_msgs/vesc_msgs/msg/detail/vesc_imu_stamped__type_support.cpp
-- Installing: /home/dev/roboracer_ws/install/vesc_msgs/include/vesc_msgs/vesc_msgs/msg/detail/vesc_imu_stamped__rosidl_typesupport_introspection_cpp.hpp
-- Installing: /home/dev/roboracer_ws/install/vesc_msgs/include/vesc_msgs/vesc_msgs/msg/detail/vesc_state__rosidl_typesupport_introspection_cpp.hpp
-- Installing: /home/dev/roboracer_ws/install/vesc_msgs/include/vesc_msgs/vesc_msgs/msg/detail/vesc_imu__rosidl_typesupport_introspection_cpp.hpp
-- Installing: /home/dev/roboracer_ws/install/vesc_msgs/lib/libvesc_msgs__rosidl_typesupport_introspection_cpp.so
-- Set non-toolchain portion of runtime path of "/home/dev/roboracer_ws/install/vesc_msgs/lib/libvesc_msgs__rosidl_typesupport_introspection_cpp.so" to ""
-- Installing: /home/dev/roboracer_ws/install/vesc_msgs/lib/libvesc_msgs__rosidl_typesupport_cpp.so
-- Set non-toolchain portion of runtime path of "/home/dev/roboracer_ws/install/vesc_msgs/lib/libvesc_msgs__rosidl_typesupport_cpp.so" to ""
-- Installing: /home/dev/roboracer_ws/install/vesc_msgs/share/vesc_msgs/environment/pythonpath.sh
-- Installing: /home/dev/roboracer_ws/install/vesc_msgs/share/vesc_msgs/environment/pythonpath.dsv
-- Installing: /home/dev/roboracer_ws/install/vesc_msgs/local/lib/python3.10/dist-packages/vesc_msgs-1.1.0-py3.10.egg-info
-- Installing: /home/dev/roboracer_ws/install/vesc_msgs/local/lib/python3.10/dist-packages/vesc_msgs-1.1.0-py3.10.egg-info/top_level.txt
-- Installing: /home/dev/roboracer_ws/install/vesc_msgs/local/lib/python3.10/dist-packages/vesc_msgs-1.1.0-py3.10.egg-info/PKG-INFO
-- Installing: /home/dev/roboracer_ws/install/vesc_msgs/local/lib/python3.10/dist-packages/vesc_msgs-1.1.0-py3.10.egg-info/dependency_links.txt
-- Installing: /home/dev/roboracer_ws/install/vesc_msgs/local/lib/python3.10/dist-packages/vesc_msgs-1.1.0-py3.10.egg-info/SOURCES.txt
-- Installing: /home/dev/roboracer_ws/install/vesc_msgs/local/lib/python3.10/dist-packages/vesc_msgs
-- Installing: /home/dev/roboracer_ws/install/vesc_msgs/local/lib/python3.10/dist-packages/vesc_msgs/_vesc_msgs_s.ep.rosidl_typesupport_c.c
-- Installing: /home/dev/roboracer_ws/install/vesc_msgs/local/lib/python3.10/dist-packages/vesc_msgs/libvesc_msgs__rosidl_generator_py.so
-- Installing: /home/dev/roboracer_ws/install/vesc_msgs/local/lib/python3.10/dist-packages/vesc_msgs/_vesc_msgs_s.ep.rosidl_typesupport_fastrtps_c.c
-- Installing: /home/dev/roboracer_ws/install/vesc_msgs/local/lib/python3.10/dist-packages/vesc_msgs/_vesc_msgs_s.ep.rosidl_typesupport_introspection_c.c
-- Installing: /home/dev/roboracer_ws/install/vesc_msgs/local/lib/python3.10/dist-packages/vesc_msgs/__init__.py
-- Installing: /home/dev/roboracer_ws/install/vesc_msgs/local/lib/python3.10/dist-packages/vesc_msgs/msg
-- Installing: /home/dev/roboracer_ws/install/vesc_msgs/local/lib/python3.10/dist-packages/vesc_msgs/msg/_vesc_state_stamped.py
-- Installing: /home/dev/roboracer_ws/install/vesc_msgs/local/lib/python3.10/dist-packages/vesc_msgs/msg/_vesc_state.py
-- Installing: /home/dev/roboracer_ws/install/vesc_msgs/local/lib/python3.10/dist-packages/vesc_msgs/msg/_vesc_state_stamped_s.c
-- Installing: /home/dev/roboracer_ws/install/vesc_msgs/local/lib/python3.10/dist-packages/vesc_msgs/msg/_vesc_imu_stamped_s.c
-- Installing: /home/dev/roboracer_ws/install/vesc_msgs/local/lib/python3.10/dist-packages/vesc_msgs/msg/__init__.py
-- Installing: /home/dev/roboracer_ws/install/vesc_msgs/local/lib/python3.10/dist-packages/vesc_msgs/msg/_vesc_imu.py
-- Installing: /home/dev/roboracer_ws/install/vesc_msgs/local/lib/python3.10/dist-packages/vesc_msgs/msg/_vesc_imu_s.c
-- Installing: /home/dev/roboracer_ws/install/vesc_msgs/local/lib/python3.10/dist-packages/vesc_msgs/msg/_vesc_state_s.c
-- Installing: /home/dev/roboracer_ws/install/vesc_msgs/local/lib/python3.10/dist-packages/vesc_msgs/msg/_vesc_imu_stamped.py
-- Installing: /home/dev/roboracer_ws/install/vesc_msgs/local/lib/python3.10/dist-packages/vesc_msgs/vesc_msgs_s__rosidl_typesupport_introspection_c.cpython-310-x86_64-linux-gnu.so
-- Installing: /home/dev/roboracer_ws/install/vesc_msgs/local/lib/python3.10/dist-packages/vesc_msgs/vesc_msgs_s__rosidl_typesupport_c.cpython-310-x86_64-linux-gnu.so
-- Installing: /home/dev/roboracer_ws/install/vesc_msgs/local/lib/python3.10/dist-packages/vesc_msgs/vesc_msgs_s__rosidl_typesupport_fastrtps_c.cpython-310-x86_64-linux-gnu.so
Listing '/home/dev/roboracer_ws/install/vesc_msgs/local/lib/python3.10/dist-packages/vesc_msgs'...
Compiling '/home/dev/roboracer_ws/install/vesc_msgs/local/lib/python3.10/dist-packages/vesc_msgs/__init__.py'...
Listing '/home/dev/roboracer_ws/install/vesc_msgs/local/lib/python3.10/dist-packages/vesc_msgs/msg'...
Compiling '/home/dev/roboracer_ws/install/vesc_msgs/local/lib/python3.10/dist-packages/vesc_msgs/msg/__init__.py'...
Compiling '/home/dev/roboracer_ws/install/vesc_msgs/local/lib/python3.10/dist-packages/vesc_msgs/msg/_vesc_imu.py'...
Compiling '/home/dev/roboracer_ws/install/vesc_msgs/local/lib/python3.10/dist-packages/vesc_msgs/msg/_vesc_imu_stamped.py'...
Compiling '/home/dev/roboracer_ws/install/vesc_msgs/local/lib/python3.10/dist-packages/vesc_msgs/msg/_vesc_state.py'...
Compiling '/home/dev/roboracer_ws/install/vesc_msgs/local/lib/python3.10/dist-packages/vesc_msgs/msg/_vesc_state_stamped.py'...
-- Installing: /home/dev/roboracer_ws/install/vesc_msgs/local/lib/python3.10/dist-packages/vesc_msgs/vesc_msgs_s__rosidl_typesupport_fastrtps_c.cpython-310-x86_64-linux-gnu.so
-- Set non-toolchain portion of runtime path of "/home/dev/roboracer_ws/install/vesc_msgs/local/lib/python3.10/dist-packages/vesc_msgs/vesc_msgs_s__rosidl_typesupport_fastrtps_c.cpython-310-x86_64-linux-gnu.so" to ""
-- Installing: /home/dev/roboracer_ws/install/vesc_msgs/local/lib/python3.10/dist-packages/vesc_msgs/vesc_msgs_s__rosidl_typesupport_introspection_c.cpython-310-x86_64-linux-gnu.so
-- Set non-toolchain portion of runtime path of "/home/dev/roboracer_ws/install/vesc_msgs/local/lib/python3.10/dist-packages/vesc_msgs/vesc_msgs_s__rosidl_typesupport_introspection_c.cpython-310-x86_64-linux-gnu.so" to ""
-- Installing: /home/dev/roboracer_ws/install/vesc_msgs/local/lib/python3.10/dist-packages/vesc_msgs/vesc_msgs_s__rosidl_typesupport_c.cpython-310-x86_64-linux-gnu.so
-- Set non-toolchain portion of runtime path of "/home/dev/roboracer_ws/install/vesc_msgs/local/lib/python3.10/dist-packages/vesc_msgs/vesc_msgs_s__rosidl_typesupport_c.cpython-310-x86_64-linux-gnu.so" to ""
-- Installing: /home/dev/roboracer_ws/install/vesc_msgs/lib/libvesc_msgs__rosidl_generator_py.so
-- Set non-toolchain portion of runtime path of "/home/dev/roboracer_ws/install/vesc_msgs/lib/libvesc_msgs__rosidl_generator_py.so" to ""
-- Installing: /home/dev/roboracer_ws/install/vesc_msgs/share/vesc_msgs/msg/VescState.idl
-- Installing: /home/dev/roboracer_ws/install/vesc_msgs/share/vesc_msgs/msg/VescStateStamped.idl
-- Installing: /home/dev/roboracer_ws/install/vesc_msgs/share/vesc_msgs/msg/VescImu.idl
-- Installing: /home/dev/roboracer_ws/install/vesc_msgs/share/vesc_msgs/msg/VescImuStamped.idl
-- Installing: /home/dev/roboracer_ws/install/vesc_msgs/share/vesc_msgs/msg/VescState.msg
-- Installing: /home/dev/roboracer_ws/install/vesc_msgs/share/vesc_msgs/msg/VescStateStamped.msg
-- Installing: /home/dev/roboracer_ws/install/vesc_msgs/share/vesc_msgs/msg/VescImu.msg
-- Installing: /home/dev/roboracer_ws/install/vesc_msgs/share/vesc_msgs/msg/VescImuStamped.msg
-- Installing: /home/dev/roboracer_ws/install/vesc_msgs/share/ament_index/resource_index/package_run_dependencies/vesc_msgs
-- Installing: /home/dev/roboracer_ws/install/vesc_msgs/share/ament_index/resource_index/parent_prefix_path/vesc_msgs
-- Installing: /home/dev/roboracer_ws/install/vesc_msgs/share/vesc_msgs/environment/ament_prefix_path.sh
-- Installing: /home/dev/roboracer_ws/install/vesc_msgs/share/vesc_msgs/environment/ament_prefix_path.dsv
-- Installing: /home/dev/roboracer_ws/install/vesc_msgs/share/vesc_msgs/environment/path.sh
-- Installing: /home/dev/roboracer_ws/install/vesc_msgs/share/vesc_msgs/environment/path.dsv
-- Installing: /home/dev/roboracer_ws/install/vesc_msgs/share/vesc_msgs/local_setup.bash
-- Installing: /home/dev/roboracer_ws/install/vesc_msgs/share/vesc_msgs/local_setup.sh
-- Installing: /home/dev/roboracer_ws/install/vesc_msgs/share/vesc_msgs/local_setup.zsh
-- Installing: /home/dev/roboracer_ws/install/vesc_msgs/share/vesc_msgs/local_setup.dsv
-- Installing: /home/dev/roboracer_ws/install/vesc_msgs/share/vesc_msgs/package.dsv
-- Installing: /home/dev/roboracer_ws/install/vesc_msgs/share/ament_index/resource_index/packages/vesc_msgs
-- Installing: /home/dev/roboracer_ws/install/vesc_msgs/share/vesc_msgs/cmake/export_vesc_msgs__rosidl_generator_cExport.cmake
-- Installing: /home/dev/roboracer_ws/install/vesc_msgs/share/vesc_msgs/cmake/export_vesc_msgs__rosidl_generator_cExport-noconfig.cmake
-- Installing: /home/dev/roboracer_ws/install/vesc_msgs/share/vesc_msgs/cmake/export_vesc_msgs__rosidl_typesupport_fastrtps_cExport.cmake
-- Installing: /home/dev/roboracer_ws/install/vesc_msgs/share/vesc_msgs/cmake/export_vesc_msgs__rosidl_typesupport_fastrtps_cExport-noconfig.cmake
-- Installing: /home/dev/roboracer_ws/install/vesc_msgs/share/vesc_msgs/cmake/vesc_msgs__rosidl_typesupport_introspection_cExport.cmake
-- Installing: /home/dev/roboracer_ws/install/vesc_msgs/share/vesc_msgs/cmake/vesc_msgs__rosidl_typesupport_introspection_cExport-noconfig.cmake
-- Installing: /home/dev/roboracer_ws/install/vesc_msgs/share/vesc_msgs/cmake/vesc_msgs__rosidl_typesupport_cExport.cmake
-- Installing: /home/dev/roboracer_ws/install/vesc_msgs/share/vesc_msgs/cmake/vesc_msgs__rosidl_typesupport_cExport-noconfig.cmake
-- Installing: /home/dev/roboracer_ws/install/vesc_msgs/share/vesc_msgs/cmake/export_vesc_msgs__rosidl_generator_cppExport.cmake
-- Installing: /home/dev/roboracer_ws/install/vesc_msgs/share/vesc_msgs/cmake/export_vesc_msgs__rosidl_typesupport_fastrtps_cppExport.cmake
-- Installing: /home/dev/roboracer_ws/install/vesc_msgs/share/vesc_msgs/cmake/export_vesc_msgs__rosidl_typesupport_fastrtps_cppExport-noconfig.cmake
-- Installing: /home/dev/roboracer_ws/install/vesc_msgs/share/vesc_msgs/cmake/vesc_msgs__rosidl_typesupport_introspection_cppExport.cmake
-- Installing: /home/dev/roboracer_ws/install/vesc_msgs/share/vesc_msgs/cmake/vesc_msgs__rosidl_typesupport_introspection_cppExport-noconfig.cmake
-- Installing: /home/dev/roboracer_ws/install/vesc_msgs/share/vesc_msgs/cmake/vesc_msgs__rosidl_typesupport_cppExport.cmake
-- Installing: /home/dev/roboracer_ws/install/vesc_msgs/share/vesc_msgs/cmake/vesc_msgs__rosidl_typesupport_cppExport-noconfig.cmake
-- Installing: /home/dev/roboracer_ws/install/vesc_msgs/share/vesc_msgs/cmake/export_vesc_msgs__rosidl_generator_pyExport.cmake
-- Installing: /home/dev/roboracer_ws/install/vesc_msgs/share/vesc_msgs/cmake/export_vesc_msgs__rosidl_generator_pyExport-noconfig.cmake
-- Installing: /home/dev/roboracer_ws/install/vesc_msgs/share/vesc_msgs/cmake/rosidl_cmake-extras.cmake
-- Installing: /home/dev/roboracer_ws/install/vesc_msgs/share/vesc_msgs/cmake/ament_cmake_export_dependencies-extras.cmake
-- Installing: /home/dev/roboracer_ws/install/vesc_msgs/share/vesc_msgs/cmake/ament_cmake_export_include_directories-extras.cmake
-- Installing: /home/dev/roboracer_ws/install/vesc_msgs/share/vesc_msgs/cmake/ament_cmake_export_libraries-extras.cmake
-- Installing: /home/dev/roboracer_ws/install/vesc_msgs/share/vesc_msgs/cmake/ament_cmake_export_targets-extras.cmake
-- Installing: /home/dev/roboracer_ws/install/vesc_msgs/share/vesc_msgs/cmake/rosidl_cmake_export_typesupport_targets-extras.cmake
-- Installing: /home/dev/roboracer_ws/install/vesc_msgs/share/vesc_msgs/cmake/rosidl_cmake_export_typesupport_libraries-extras.cmake
-- Installing: /home/dev/roboracer_ws/install/vesc_msgs/share/vesc_msgs/cmake/vesc_msgsConfig.cmake
-- Installing: /home/dev/roboracer_ws/install/vesc_msgs/share/vesc_msgs/cmake/vesc_msgsConfig-version.cmake
-- Installing: /home/dev/roboracer_ws/install/vesc_msgs/share/vesc_msgs/package.xml
