[0.034s] Invoking command in '/home/dev/roboracer_ws/build/vesc_msgs': CMAKE_PREFIX_PATH=/opt/ros/humble /usr/local/bin/cmake --build /home/dev/roboracer_ws/build/vesc_msgs -- -j8 -l8
[0.313s] [  1%] [34m[1mGenerating C code for ROS interfaces[0m
[0.314s] [  3%] [34m[1mGenerating C++ code for ROS interfaces[0m
[0.315s] [  3%] Built target ament_cmake_python_copy_vesc_msgs
[0.371s] running egg_info
[0.372s] creating vesc_msgs.egg-info
[0.372s] writing vesc_msgs.egg-info/PKG-INFO
[0.372s] writing dependency_links to vesc_msgs.egg-info/dependency_links.txt
[0.373s] writing top-level names to vesc_msgs.egg-info/top_level.txt
[0.373s] writing manifest file 'vesc_msgs.egg-info/SOURCES.txt'
[0.374s] reading manifest file 'vesc_msgs.egg-info/SOURCES.txt'
[0.375s] writing manifest file 'vesc_msgs.egg-info/SOURCES.txt'
[0.410s] [  3%] Built target ament_cmake_python_build_vesc_msgs_egg
[0.807s] [  3%] Built target vesc_msgs__cpp
[0.813s] [  9%] [34m[1mGenerating C++ introspection for ROS interfaces[0m
[0.813s] [  9%] [34m[1mGenerating C++ type support for eProsima Fast-RTPS[0m
[0.813s] [  9%] [34m[1mGenerating C++ type support dispatch for ROS interfaces[0m
[0.913s] [ 10%] [32mBuilding C object CMakeFiles/vesc_msgs__rosidl_generator_c.dir/rosidl_generator_c/vesc_msgs/msg/detail/vesc_state__functions.c.o[0m
[0.915s] [ 12%] [32mBuilding C object CMakeFiles/vesc_msgs__rosidl_generator_c.dir/rosidl_generator_c/vesc_msgs/msg/detail/vesc_state_stamped__functions.c.o[0m
[0.923s] [ 14%] [32mBuilding C object CMakeFiles/vesc_msgs__rosidl_generator_c.dir/rosidl_generator_c/vesc_msgs/msg/detail/vesc_imu_stamped__functions.c.o[0m
[0.927s] [ 16%] [32mBuilding C object CMakeFiles/vesc_msgs__rosidl_generator_c.dir/rosidl_generator_c/vesc_msgs/msg/detail/vesc_imu__functions.c.o[0m
[1.029s] [ 18%] [32m[1mLinking C shared library libvesc_msgs__rosidl_generator_c.so[0m
[1.064s] [ 18%] Built target vesc_msgs__rosidl_generator_c
[1.073s] [ 20%] [34m[1mGenerating C introspection for ROS interfaces[0m
[1.077s] [ 21%] [34m[1mGenerating C type support for eProsima Fast-RTPS[0m
[1.078s] [ 23%] [34m[1mGenerating C type support dispatch for ROS interfaces[0m
[1.469s] [ 25%] [32mBuilding CXX object CMakeFiles/vesc_msgs__rosidl_typesupport_cpp.dir/rosidl_typesupport_cpp/vesc_msgs/msg/vesc_state__type_support.cpp.o[0m
[1.476s] [ 27%] [32mBuilding CXX object CMakeFiles/vesc_msgs__rosidl_typesupport_cpp.dir/rosidl_typesupport_cpp/vesc_msgs/msg/vesc_imu__type_support.cpp.o[0m
[1.480s] [ 29%] [32mBuilding CXX object CMakeFiles/vesc_msgs__rosidl_typesupport_cpp.dir/rosidl_typesupport_cpp/vesc_msgs/msg/vesc_state_stamped__type_support.cpp.o[0m
[1.640s] [ 30%] [32mBuilding CXX object CMakeFiles/vesc_msgs__rosidl_typesupport_fastrtps_cpp.dir/rosidl_typesupport_fastrtps_cpp/vesc_msgs/msg/detail/dds_fastrtps/vesc_state__type_support.cpp.o[0m
[1.655s] [ 32%] [32mBuilding CXX object CMakeFiles/vesc_msgs__rosidl_typesupport_introspection_cpp.dir/rosidl_typesupport_introspection_cpp/vesc_msgs/msg/detail/vesc_state__type_support.cpp.o[0m
[1.958s] [ 34%] [32mBuilding C object CMakeFiles/vesc_msgs__rosidl_typesupport_introspection_c.dir/rosidl_typesupport_introspection_c/vesc_msgs/msg/detail/vesc_state__type_support.c.o[0m
[2.035s] [ 36%] [32mBuilding C object CMakeFiles/vesc_msgs__rosidl_typesupport_introspection_c.dir/rosidl_typesupport_introspection_c/vesc_msgs/msg/detail/vesc_state_stamped__type_support.c.o[0m
[2.044s] [ 38%] [32mBuilding CXX object CMakeFiles/vesc_msgs__rosidl_typesupport_introspection_cpp.dir/rosidl_typesupport_introspection_cpp/vesc_msgs/msg/detail/vesc_state_stamped__type_support.cpp.o[0m
[2.044s] [ 40%] [32mBuilding C object CMakeFiles/vesc_msgs__rosidl_typesupport_introspection_c.dir/rosidl_typesupport_introspection_c/vesc_msgs/msg/detail/vesc_imu__type_support.c.o[0m
[2.062s] [ 41%] [32mBuilding CXX object CMakeFiles/vesc_msgs__rosidl_typesupport_fastrtps_c.dir/rosidl_typesupport_fastrtps_c/vesc_msgs/msg/detail/vesc_state__type_support_c.cpp.o[0m
[2.106s] [ 43%] [32mBuilding CXX object CMakeFiles/vesc_msgs__rosidl_typesupport_fastrtps_c.dir/rosidl_typesupport_fastrtps_c/vesc_msgs/msg/detail/vesc_state_stamped__type_support_c.cpp.o[0m
[2.107s] [ 45%] [32mBuilding C object CMakeFiles/vesc_msgs__rosidl_typesupport_introspection_c.dir/rosidl_typesupport_introspection_c/vesc_msgs/msg/detail/vesc_imu_stamped__type_support.c.o[0m
[2.142s] [ 47%] [32mBuilding CXX object CMakeFiles/vesc_msgs__rosidl_typesupport_cpp.dir/rosidl_typesupport_cpp/vesc_msgs/msg/vesc_imu_stamped__type_support.cpp.o[0m
[2.159s] [ 49%] [32mBuilding CXX object CMakeFiles/vesc_msgs__rosidl_typesupport_c.dir/rosidl_typesupport_c/vesc_msgs/msg/vesc_state__type_support.cpp.o[0m
[2.172s] [ 50%] [32m[1mLinking C shared library libvesc_msgs__rosidl_typesupport_introspection_c.so[0m
[2.206s] [ 52%] [32mBuilding CXX object CMakeFiles/vesc_msgs__rosidl_typesupport_c.dir/rosidl_typesupport_c/vesc_msgs/msg/vesc_state_stamped__type_support.cpp.o[0m
[2.234s] [ 52%] Built target vesc_msgs__rosidl_typesupport_introspection_c
[2.241s] [ 54%] [32mBuilding CXX object CMakeFiles/vesc_msgs__rosidl_typesupport_c.dir/rosidl_typesupport_c/vesc_msgs/msg/vesc_imu__type_support.cpp.o[0m
[2.271s] [ 56%] [32mBuilding CXX object CMakeFiles/vesc_msgs__rosidl_typesupport_fastrtps_cpp.dir/rosidl_typesupport_fastrtps_cpp/vesc_msgs/msg/detail/dds_fastrtps/vesc_state_stamped__type_support.cpp.o[0m
[2.277s] [ 58%] [32mBuilding CXX object CMakeFiles/vesc_msgs__rosidl_typesupport_c.dir/rosidl_typesupport_c/vesc_msgs/msg/vesc_imu_stamped__type_support.cpp.o[0m
[2.309s] [ 60%] [32mBuilding CXX object CMakeFiles/vesc_msgs__rosidl_typesupport_fastrtps_cpp.dir/rosidl_typesupport_fastrtps_cpp/vesc_msgs/msg/detail/dds_fastrtps/vesc_imu__type_support.cpp.o[0m
[2.343s] [ 61%] [32m[1mLinking CXX shared library libvesc_msgs__rosidl_typesupport_c.so[0m
[2.377s] [ 63%] [32mBuilding CXX object CMakeFiles/vesc_msgs__rosidl_typesupport_fastrtps_cpp.dir/rosidl_typesupport_fastrtps_cpp/vesc_msgs/msg/detail/dds_fastrtps/vesc_imu_stamped__type_support.cpp.o[0m
[2.444s] [ 63%] Built target vesc_msgs__rosidl_typesupport_c
[2.447s] [ 65%] [32mBuilding CXX object CMakeFiles/vesc_msgs__rosidl_typesupport_introspection_cpp.dir/rosidl_typesupport_introspection_cpp/vesc_msgs/msg/detail/vesc_imu__type_support.cpp.o[0m
[2.632s] [ 67%] [32mBuilding CXX object CMakeFiles/vesc_msgs__rosidl_typesupport_introspection_cpp.dir/rosidl_typesupport_introspection_cpp/vesc_msgs/msg/detail/vesc_imu_stamped__type_support.cpp.o[0m
[2.641s] [ 69%] [32m[1mLinking CXX shared library libvesc_msgs__rosidl_typesupport_cpp.so[0m
[2.646s] [ 70%] [32mBuilding CXX object CMakeFiles/vesc_msgs__rosidl_typesupport_fastrtps_c.dir/rosidl_typesupport_fastrtps_c/vesc_msgs/msg/detail/vesc_imu__type_support_c.cpp.o[0m
[2.700s] [ 70%] Built target vesc_msgs__rosidl_typesupport_cpp
[2.713s] [ 72%] [32mBuilding CXX object CMakeFiles/vesc_msgs__rosidl_typesupport_fastrtps_c.dir/rosidl_typesupport_fastrtps_c/vesc_msgs/msg/detail/vesc_imu_stamped__type_support_c.cpp.o[0m
[3.055s] [ 74%] [32m[1mLinking CXX shared library libvesc_msgs__rosidl_typesupport_fastrtps_cpp.so[0m
[3.160s] [ 74%] Built target vesc_msgs__rosidl_typesupport_fastrtps_cpp
[3.171s] [ 76%] [32m[1mLinking CXX shared library libvesc_msgs__rosidl_typesupport_fastrtps_c.so[0m
[3.181s] [ 78%] [32m[1mLinking CXX shared library libvesc_msgs__rosidl_typesupport_introspection_cpp.so[0m
[3.249s] [ 78%] Built target vesc_msgs__rosidl_typesupport_introspection_cpp
[3.264s] [ 78%] Built target vesc_msgs__rosidl_typesupport_fastrtps_c
[3.274s] [ 78%] Built target vesc_msgs
[3.284s] [ 80%] [34m[1mGenerating Python code for ROS interfaces[0m
[3.980s] [ 80%] Built target vesc_msgs__py
[3.990s] [ 81%] [32mBuilding C object CMakeFiles/vesc_msgs__rosidl_generator_py.dir/rosidl_generator_py/vesc_msgs/msg/_vesc_state_s.c.o[0m
[3.990s] [ 83%] [32mBuilding C object CMakeFiles/vesc_msgs__rosidl_generator_py.dir/rosidl_generator_py/vesc_msgs/msg/_vesc_imu_stamped_s.c.o[0m
[3.990s] [ 87%] [32mBuilding C object CMakeFiles/vesc_msgs__rosidl_generator_py.dir/rosidl_generator_py/vesc_msgs/msg/_vesc_imu_s.c.o[0m
[3.991s] [ 87%] [32mBuilding C object CMakeFiles/vesc_msgs__rosidl_generator_py.dir/rosidl_generator_py/vesc_msgs/msg/_vesc_state_stamped_s.c.o[0m
[4.103s] [ 89%] [32m[1mLinking C shared library rosidl_generator_py/vesc_msgs/libvesc_msgs__rosidl_generator_py.so[0m
[4.133s] [ 89%] Built target vesc_msgs__rosidl_generator_py
[4.142s] [ 94%] [32mBuilding C object CMakeFiles/vesc_msgs__rosidl_typesupport_introspection_c__pyext.dir/rosidl_generator_py/vesc_msgs/_vesc_msgs_s.ep.rosidl_typesupport_introspection_c.c.o[0m
[4.142s] [ 94%] [32mBuilding C object CMakeFiles/vesc_msgs__rosidl_typesupport_fastrtps_c__pyext.dir/rosidl_generator_py/vesc_msgs/_vesc_msgs_s.ep.rosidl_typesupport_fastrtps_c.c.o[0m
[4.142s] [ 94%] [32mBuilding C object CMakeFiles/vesc_msgs__rosidl_typesupport_c__pyext.dir/rosidl_generator_py/vesc_msgs/_vesc_msgs_s.ep.rosidl_typesupport_c.c.o[0m
[4.230s] [100%] [32m[1mLinking C shared library rosidl_generator_py/vesc_msgs/vesc_msgs_s__rosidl_typesupport_fastrtps_c.cpython-310-x86_64-linux-gnu.so[0m
[4.230s] [100%] [32m[1mLinking C shared library rosidl_generator_py/vesc_msgs/vesc_msgs_s__rosidl_typesupport_c.cpython-310-x86_64-linux-gnu.so[0m
[4.230s] [100%] [32m[1mLinking C shared library rosidl_generator_py/vesc_msgs/vesc_msgs_s__rosidl_typesupport_introspection_c.cpython-310-x86_64-linux-gnu.so[0m
[4.257s] [100%] Built target vesc_msgs__rosidl_typesupport_fastrtps_c__pyext
[4.257s] [100%] Built target vesc_msgs__rosidl_typesupport_introspection_c__pyext
[4.257s] [100%] Built target vesc_msgs__rosidl_typesupport_c__pyext
[4.264s] Invoked command in '/home/dev/roboracer_ws/build/vesc_msgs' returned '0': CMAKE_PREFIX_PATH=/opt/ros/humble /usr/local/bin/cmake --build /home/dev/roboracer_ws/build/vesc_msgs -- -j8 -l8
[4.265s] Invoking command in '/home/dev/roboracer_ws/build/vesc_msgs': CMAKE_PREFIX_PATH=/opt/ros/humble /usr/local/bin/cmake --install /home/dev/roboracer_ws/build/vesc_msgs
[4.324s] -- Install configuration: ""
[4.324s] -- Installing: /home/dev/roboracer_ws/install/vesc_msgs/share/ament_index/resource_index/rosidl_interfaces/vesc_msgs
[4.324s] -- Installing: /home/dev/roboracer_ws/install/vesc_msgs/include/vesc_msgs/vesc_msgs
[4.324s] -- Installing: /home/dev/roboracer_ws/install/vesc_msgs/include/vesc_msgs/vesc_msgs/msg
[4.324s] -- Installing: /home/dev/roboracer_ws/install/vesc_msgs/include/vesc_msgs/vesc_msgs/msg/vesc_state.h
[4.325s] -- Installing: /home/dev/roboracer_ws/install/vesc_msgs/include/vesc_msgs/vesc_msgs/msg/rosidl_generator_c__visibility_control.h
[4.325s] -- Installing: /home/dev/roboracer_ws/install/vesc_msgs/include/vesc_msgs/vesc_msgs/msg/vesc_imu.h
[4.325s] -- Installing: /home/dev/roboracer_ws/install/vesc_msgs/include/vesc_msgs/vesc_msgs/msg/detail
[4.325s] -- Installing: /home/dev/roboracer_ws/install/vesc_msgs/include/vesc_msgs/vesc_msgs/msg/detail/vesc_imu__struct.h
[4.325s] -- Installing: /home/dev/roboracer_ws/install/vesc_msgs/include/vesc_msgs/vesc_msgs/msg/detail/vesc_state__functions.c
[4.325s] -- Installing: /home/dev/roboracer_ws/install/vesc_msgs/include/vesc_msgs/vesc_msgs/msg/detail/vesc_state_stamped__struct.h
[4.325s] -- Installing: /home/dev/roboracer_ws/install/vesc_msgs/include/vesc_msgs/vesc_msgs/msg/detail/vesc_imu_stamped__type_support.h
[4.325s] -- Installing: /home/dev/roboracer_ws/install/vesc_msgs/include/vesc_msgs/vesc_msgs/msg/detail/vesc_state__struct.h
[4.325s] -- Installing: /home/dev/roboracer_ws/install/vesc_msgs/include/vesc_msgs/vesc_msgs/msg/detail/vesc_imu__functions.c
[4.326s] -- Installing: /home/dev/roboracer_ws/install/vesc_msgs/include/vesc_msgs/vesc_msgs/msg/detail/vesc_state_stamped__functions.h
[4.326s] -- Installing: /home/dev/roboracer_ws/install/vesc_msgs/include/vesc_msgs/vesc_msgs/msg/detail/vesc_imu_stamped__functions.h
[4.326s] -- Installing: /home/dev/roboracer_ws/install/vesc_msgs/include/vesc_msgs/vesc_msgs/msg/detail/vesc_imu__functions.h
[4.326s] -- Installing: /home/dev/roboracer_ws/install/vesc_msgs/include/vesc_msgs/vesc_msgs/msg/detail/vesc_state__functions.h
[4.326s] -- Installing: /home/dev/roboracer_ws/install/vesc_msgs/include/vesc_msgs/vesc_msgs/msg/detail/vesc_imu_stamped__struct.h
[4.326s] -- Installing: /home/dev/roboracer_ws/install/vesc_msgs/include/vesc_msgs/vesc_msgs/msg/detail/vesc_state__type_support.h
[4.327s] -- Installing: /home/dev/roboracer_ws/install/vesc_msgs/include/vesc_msgs/vesc_msgs/msg/detail/vesc_imu__type_support.h
[4.327s] -- Installing: /home/dev/roboracer_ws/install/vesc_msgs/include/vesc_msgs/vesc_msgs/msg/detail/vesc_state_stamped__functions.c
[4.327s] -- Installing: /home/dev/roboracer_ws/install/vesc_msgs/include/vesc_msgs/vesc_msgs/msg/detail/vesc_state_stamped__type_support.h
[4.327s] -- Installing: /home/dev/roboracer_ws/install/vesc_msgs/include/vesc_msgs/vesc_msgs/msg/detail/vesc_imu_stamped__functions.c
[4.327s] -- Installing: /home/dev/roboracer_ws/install/vesc_msgs/include/vesc_msgs/vesc_msgs/msg/vesc_state_stamped.h
[4.327s] -- Installing: /home/dev/roboracer_ws/install/vesc_msgs/include/vesc_msgs/vesc_msgs/msg/vesc_imu_stamped.h
[4.327s] -- Installing: /home/dev/roboracer_ws/install/vesc_msgs/share/vesc_msgs/environment/library_path.sh
[4.328s] -- Installing: /home/dev/roboracer_ws/install/vesc_msgs/share/vesc_msgs/environment/library_path.dsv
[4.328s] -- Installing: /home/dev/roboracer_ws/install/vesc_msgs/lib/libvesc_msgs__rosidl_generator_c.so
[4.328s] -- Set non-toolchain portion of runtime path of "/home/dev/roboracer_ws/install/vesc_msgs/lib/libvesc_msgs__rosidl_generator_c.so" to ""
[4.328s] -- Up-to-date: /home/dev/roboracer_ws/install/vesc_msgs/include/vesc_msgs/vesc_msgs
[4.328s] -- Up-to-date: /home/dev/roboracer_ws/install/vesc_msgs/include/vesc_msgs/vesc_msgs/msg
[4.329s] -- Installing: /home/dev/roboracer_ws/install/vesc_msgs/include/vesc_msgs/vesc_msgs/msg/rosidl_typesupport_fastrtps_c__visibility_control.h
[4.329s] -- Up-to-date: /home/dev/roboracer_ws/install/vesc_msgs/include/vesc_msgs/vesc_msgs/msg/detail
[4.329s] -- Installing: /home/dev/roboracer_ws/install/vesc_msgs/include/vesc_msgs/vesc_msgs/msg/detail/vesc_imu_stamped__rosidl_typesupport_fastrtps_c.h
[4.329s] -- Installing: /home/dev/roboracer_ws/install/vesc_msgs/include/vesc_msgs/vesc_msgs/msg/detail/vesc_state__rosidl_typesupport_fastrtps_c.h
[4.329s] -- Installing: /home/dev/roboracer_ws/install/vesc_msgs/include/vesc_msgs/vesc_msgs/msg/detail/vesc_state_stamped__rosidl_typesupport_fastrtps_c.h
[4.329s] -- Installing: /home/dev/roboracer_ws/install/vesc_msgs/include/vesc_msgs/vesc_msgs/msg/detail/vesc_imu__rosidl_typesupport_fastrtps_c.h
[4.329s] -- Installing: /home/dev/roboracer_ws/install/vesc_msgs/lib/libvesc_msgs__rosidl_typesupport_fastrtps_c.so
[4.330s] -- Set non-toolchain portion of runtime path of "/home/dev/roboracer_ws/install/vesc_msgs/lib/libvesc_msgs__rosidl_typesupport_fastrtps_c.so" to ""
[4.330s] -- Up-to-date: /home/dev/roboracer_ws/install/vesc_msgs/include/vesc_msgs/vesc_msgs
[4.330s] -- Up-to-date: /home/dev/roboracer_ws/install/vesc_msgs/include/vesc_msgs/vesc_msgs/msg
[4.330s] -- Up-to-date: /home/dev/roboracer_ws/install/vesc_msgs/include/vesc_msgs/vesc_msgs/msg/detail
[4.330s] -- Installing: /home/dev/roboracer_ws/install/vesc_msgs/include/vesc_msgs/vesc_msgs/msg/detail/vesc_imu_stamped__type_support.c
[4.330s] -- Installing: /home/dev/roboracer_ws/install/vesc_msgs/include/vesc_msgs/vesc_msgs/msg/detail/vesc_imu__type_support.c
[4.330s] -- Installing: /home/dev/roboracer_ws/install/vesc_msgs/include/vesc_msgs/vesc_msgs/msg/detail/vesc_imu_stamped__rosidl_typesupport_introspection_c.h
[4.330s] -- Installing: /home/dev/roboracer_ws/install/vesc_msgs/include/vesc_msgs/vesc_msgs/msg/detail/vesc_imu__rosidl_typesupport_introspection_c.h
[4.331s] -- Installing: /home/dev/roboracer_ws/install/vesc_msgs/include/vesc_msgs/vesc_msgs/msg/detail/vesc_state_stamped__rosidl_typesupport_introspection_c.h
[4.331s] -- Installing: /home/dev/roboracer_ws/install/vesc_msgs/include/vesc_msgs/vesc_msgs/msg/detail/vesc_state_stamped__type_support.c
[4.331s] -- Installing: /home/dev/roboracer_ws/install/vesc_msgs/include/vesc_msgs/vesc_msgs/msg/detail/vesc_state__type_support.c
[4.331s] -- Installing: /home/dev/roboracer_ws/install/vesc_msgs/include/vesc_msgs/vesc_msgs/msg/detail/vesc_state__rosidl_typesupport_introspection_c.h
[4.331s] -- Installing: /home/dev/roboracer_ws/install/vesc_msgs/include/vesc_msgs/vesc_msgs/msg/rosidl_typesupport_introspection_c__visibility_control.h
[4.332s] -- Installing: /home/dev/roboracer_ws/install/vesc_msgs/lib/libvesc_msgs__rosidl_typesupport_introspection_c.so
[4.332s] -- Set non-toolchain portion of runtime path of "/home/dev/roboracer_ws/install/vesc_msgs/lib/libvesc_msgs__rosidl_typesupport_introspection_c.so" to ""
[4.332s] -- Installing: /home/dev/roboracer_ws/install/vesc_msgs/lib/libvesc_msgs__rosidl_typesupport_c.so
[4.332s] -- Set non-toolchain portion of runtime path of "/home/dev/roboracer_ws/install/vesc_msgs/lib/libvesc_msgs__rosidl_typesupport_c.so" to ""
[4.333s] -- Up-to-date: /home/dev/roboracer_ws/install/vesc_msgs/include/vesc_msgs/vesc_msgs
[4.333s] -- Up-to-date: /home/dev/roboracer_ws/install/vesc_msgs/include/vesc_msgs/vesc_msgs/msg
[4.333s] -- Up-to-date: /home/dev/roboracer_ws/install/vesc_msgs/include/vesc_msgs/vesc_msgs/msg/detail
[4.333s] -- Installing: /home/dev/roboracer_ws/install/vesc_msgs/include/vesc_msgs/vesc_msgs/msg/detail/vesc_state__traits.hpp
[4.333s] -- Installing: /home/dev/roboracer_ws/install/vesc_msgs/include/vesc_msgs/vesc_msgs/msg/detail/vesc_imu_stamped__builder.hpp
[4.333s] -- Installing: /home/dev/roboracer_ws/install/vesc_msgs/include/vesc_msgs/vesc_msgs/msg/detail/vesc_imu__builder.hpp
[4.333s] -- Installing: /home/dev/roboracer_ws/install/vesc_msgs/include/vesc_msgs/vesc_msgs/msg/detail/vesc_imu__traits.hpp
[4.334s] -- Installing: /home/dev/roboracer_ws/install/vesc_msgs/include/vesc_msgs/vesc_msgs/msg/detail/vesc_state__struct.hpp
[4.334s] -- Installing: /home/dev/roboracer_ws/install/vesc_msgs/include/vesc_msgs/vesc_msgs/msg/detail/vesc_imu_stamped__struct.hpp
[4.334s] -- Installing: /home/dev/roboracer_ws/install/vesc_msgs/include/vesc_msgs/vesc_msgs/msg/detail/vesc_state_stamped__type_support.hpp
[4.334s] -- Installing: /home/dev/roboracer_ws/install/vesc_msgs/include/vesc_msgs/vesc_msgs/msg/detail/vesc_state_stamped__traits.hpp
[4.334s] -- Installing: /home/dev/roboracer_ws/install/vesc_msgs/include/vesc_msgs/vesc_msgs/msg/detail/vesc_imu__type_support.hpp
[4.335s] -- Installing: /home/dev/roboracer_ws/install/vesc_msgs/include/vesc_msgs/vesc_msgs/msg/detail/vesc_state__type_support.hpp
[4.335s] -- Installing: /home/dev/roboracer_ws/install/vesc_msgs/include/vesc_msgs/vesc_msgs/msg/detail/vesc_imu_stamped__traits.hpp
[4.335s] -- Installing: /home/dev/roboracer_ws/install/vesc_msgs/include/vesc_msgs/vesc_msgs/msg/detail/vesc_imu_stamped__type_support.hpp
[4.335s] -- Installing: /home/dev/roboracer_ws/install/vesc_msgs/include/vesc_msgs/vesc_msgs/msg/detail/vesc_state_stamped__builder.hpp
[4.335s] -- Installing: /home/dev/roboracer_ws/install/vesc_msgs/include/vesc_msgs/vesc_msgs/msg/detail/vesc_imu__struct.hpp
[4.335s] -- Installing: /home/dev/roboracer_ws/install/vesc_msgs/include/vesc_msgs/vesc_msgs/msg/detail/vesc_state__builder.hpp
[4.336s] -- Installing: /home/dev/roboracer_ws/install/vesc_msgs/include/vesc_msgs/vesc_msgs/msg/detail/vesc_state_stamped__struct.hpp
[4.336s] -- Installing: /home/dev/roboracer_ws/install/vesc_msgs/include/vesc_msgs/vesc_msgs/msg/vesc_imu.hpp
[4.336s] -- Installing: /home/dev/roboracer_ws/install/vesc_msgs/include/vesc_msgs/vesc_msgs/msg/vesc_state_stamped.hpp
[4.336s] -- Installing: /home/dev/roboracer_ws/install/vesc_msgs/include/vesc_msgs/vesc_msgs/msg/vesc_imu_stamped.hpp
[4.337s] -- Installing: /home/dev/roboracer_ws/install/vesc_msgs/include/vesc_msgs/vesc_msgs/msg/rosidl_generator_cpp__visibility_control.hpp
[4.337s] -- Installing: /home/dev/roboracer_ws/install/vesc_msgs/include/vesc_msgs/vesc_msgs/msg/vesc_state.hpp
[4.337s] -- Up-to-date: /home/dev/roboracer_ws/install/vesc_msgs/include/vesc_msgs/vesc_msgs
[4.337s] -- Up-to-date: /home/dev/roboracer_ws/install/vesc_msgs/include/vesc_msgs/vesc_msgs/msg
[4.337s] -- Installing: /home/dev/roboracer_ws/install/vesc_msgs/include/vesc_msgs/vesc_msgs/msg/rosidl_typesupport_fastrtps_cpp__visibility_control.h
[4.337s] -- Up-to-date: /home/dev/roboracer_ws/install/vesc_msgs/include/vesc_msgs/vesc_msgs/msg/detail
[4.337s] -- Installing: /home/dev/roboracer_ws/install/vesc_msgs/include/vesc_msgs/vesc_msgs/msg/detail/dds_fastrtps
[4.338s] -- Installing: /home/dev/roboracer_ws/install/vesc_msgs/include/vesc_msgs/vesc_msgs/msg/detail/vesc_imu_stamped__rosidl_typesupport_fastrtps_cpp.hpp
[4.338s] -- Installing: /home/dev/roboracer_ws/install/vesc_msgs/include/vesc_msgs/vesc_msgs/msg/detail/vesc_imu__rosidl_typesupport_fastrtps_cpp.hpp
[4.338s] -- Installing: /home/dev/roboracer_ws/install/vesc_msgs/include/vesc_msgs/vesc_msgs/msg/detail/vesc_state__rosidl_typesupport_fastrtps_cpp.hpp
[4.338s] -- Installing: /home/dev/roboracer_ws/install/vesc_msgs/include/vesc_msgs/vesc_msgs/msg/detail/vesc_state_stamped__rosidl_typesupport_fastrtps_cpp.hpp
[4.338s] -- Installing: /home/dev/roboracer_ws/install/vesc_msgs/lib/libvesc_msgs__rosidl_typesupport_fastrtps_cpp.so
[4.339s] -- Set non-toolchain portion of runtime path of "/home/dev/roboracer_ws/install/vesc_msgs/lib/libvesc_msgs__rosidl_typesupport_fastrtps_cpp.so" to ""
[4.339s] -- Up-to-date: /home/dev/roboracer_ws/install/vesc_msgs/include/vesc_msgs/vesc_msgs
[4.339s] -- Up-to-date: /home/dev/roboracer_ws/install/vesc_msgs/include/vesc_msgs/vesc_msgs/msg
[4.339s] -- Up-to-date: /home/dev/roboracer_ws/install/vesc_msgs/include/vesc_msgs/vesc_msgs/msg/detail
[4.339s] -- Installing: /home/dev/roboracer_ws/install/vesc_msgs/include/vesc_msgs/vesc_msgs/msg/detail/vesc_state_stamped__rosidl_typesupport_introspection_cpp.hpp
[4.339s] -- Installing: /home/dev/roboracer_ws/install/vesc_msgs/include/vesc_msgs/vesc_msgs/msg/detail/vesc_imu__type_support.cpp
[4.340s] -- Installing: /home/dev/roboracer_ws/install/vesc_msgs/include/vesc_msgs/vesc_msgs/msg/detail/vesc_state__type_support.cpp
[4.340s] -- Installing: /home/dev/roboracer_ws/install/vesc_msgs/include/vesc_msgs/vesc_msgs/msg/detail/vesc_state_stamped__type_support.cpp
[4.340s] -- Installing: /home/dev/roboracer_ws/install/vesc_msgs/include/vesc_msgs/vesc_msgs/msg/detail/vesc_imu_stamped__type_support.cpp
[4.340s] -- Installing: /home/dev/roboracer_ws/install/vesc_msgs/include/vesc_msgs/vesc_msgs/msg/detail/vesc_imu_stamped__rosidl_typesupport_introspection_cpp.hpp
[4.340s] -- Installing: /home/dev/roboracer_ws/install/vesc_msgs/include/vesc_msgs/vesc_msgs/msg/detail/vesc_state__rosidl_typesupport_introspection_cpp.hpp
[4.340s] -- Installing: /home/dev/roboracer_ws/install/vesc_msgs/include/vesc_msgs/vesc_msgs/msg/detail/vesc_imu__rosidl_typesupport_introspection_cpp.hpp
[4.341s] -- Installing: /home/dev/roboracer_ws/install/vesc_msgs/lib/libvesc_msgs__rosidl_typesupport_introspection_cpp.so
[4.341s] -- Set non-toolchain portion of runtime path of "/home/dev/roboracer_ws/install/vesc_msgs/lib/libvesc_msgs__rosidl_typesupport_introspection_cpp.so" to ""
[4.341s] -- Installing: /home/dev/roboracer_ws/install/vesc_msgs/lib/libvesc_msgs__rosidl_typesupport_cpp.so
[4.342s] -- Set non-toolchain portion of runtime path of "/home/dev/roboracer_ws/install/vesc_msgs/lib/libvesc_msgs__rosidl_typesupport_cpp.so" to ""
[4.342s] -- Installing: /home/dev/roboracer_ws/install/vesc_msgs/share/vesc_msgs/environment/pythonpath.sh
[4.342s] -- Installing: /home/dev/roboracer_ws/install/vesc_msgs/share/vesc_msgs/environment/pythonpath.dsv
[4.342s] -- Installing: /home/dev/roboracer_ws/install/vesc_msgs/local/lib/python3.10/dist-packages/vesc_msgs-1.1.0-py3.10.egg-info
[4.342s] -- Installing: /home/dev/roboracer_ws/install/vesc_msgs/local/lib/python3.10/dist-packages/vesc_msgs-1.1.0-py3.10.egg-info/top_level.txt
[4.342s] -- Installing: /home/dev/roboracer_ws/install/vesc_msgs/local/lib/python3.10/dist-packages/vesc_msgs-1.1.0-py3.10.egg-info/PKG-INFO
[4.342s] -- Installing: /home/dev/roboracer_ws/install/vesc_msgs/local/lib/python3.10/dist-packages/vesc_msgs-1.1.0-py3.10.egg-info/dependency_links.txt
[4.343s] -- Installing: /home/dev/roboracer_ws/install/vesc_msgs/local/lib/python3.10/dist-packages/vesc_msgs-1.1.0-py3.10.egg-info/SOURCES.txt
[4.343s] -- Installing: /home/dev/roboracer_ws/install/vesc_msgs/local/lib/python3.10/dist-packages/vesc_msgs
[4.343s] -- Installing: /home/dev/roboracer_ws/install/vesc_msgs/local/lib/python3.10/dist-packages/vesc_msgs/_vesc_msgs_s.ep.rosidl_typesupport_c.c
[4.343s] -- Installing: /home/dev/roboracer_ws/install/vesc_msgs/local/lib/python3.10/dist-packages/vesc_msgs/libvesc_msgs__rosidl_generator_py.so
[4.343s] -- Installing: /home/dev/roboracer_ws/install/vesc_msgs/local/lib/python3.10/dist-packages/vesc_msgs/_vesc_msgs_s.ep.rosidl_typesupport_fastrtps_c.c
[4.343s] -- Installing: /home/dev/roboracer_ws/install/vesc_msgs/local/lib/python3.10/dist-packages/vesc_msgs/_vesc_msgs_s.ep.rosidl_typesupport_introspection_c.c
[4.343s] -- Installing: /home/dev/roboracer_ws/install/vesc_msgs/local/lib/python3.10/dist-packages/vesc_msgs/__init__.py
[4.344s] -- Installing: /home/dev/roboracer_ws/install/vesc_msgs/local/lib/python3.10/dist-packages/vesc_msgs/msg
[4.344s] -- Installing: /home/dev/roboracer_ws/install/vesc_msgs/local/lib/python3.10/dist-packages/vesc_msgs/msg/_vesc_state_stamped.py
[4.344s] -- Installing: /home/dev/roboracer_ws/install/vesc_msgs/local/lib/python3.10/dist-packages/vesc_msgs/msg/_vesc_state.py
[4.344s] -- Installing: /home/dev/roboracer_ws/install/vesc_msgs/local/lib/python3.10/dist-packages/vesc_msgs/msg/_vesc_state_stamped_s.c
[4.344s] -- Installing: /home/dev/roboracer_ws/install/vesc_msgs/local/lib/python3.10/dist-packages/vesc_msgs/msg/_vesc_imu_stamped_s.c
[4.344s] -- Installing: /home/dev/roboracer_ws/install/vesc_msgs/local/lib/python3.10/dist-packages/vesc_msgs/msg/__init__.py
[4.344s] -- Installing: /home/dev/roboracer_ws/install/vesc_msgs/local/lib/python3.10/dist-packages/vesc_msgs/msg/_vesc_imu.py
[4.345s] -- Installing: /home/dev/roboracer_ws/install/vesc_msgs/local/lib/python3.10/dist-packages/vesc_msgs/msg/_vesc_imu_s.c
[4.345s] -- Installing: /home/dev/roboracer_ws/install/vesc_msgs/local/lib/python3.10/dist-packages/vesc_msgs/msg/_vesc_state_s.c
[4.345s] -- Installing: /home/dev/roboracer_ws/install/vesc_msgs/local/lib/python3.10/dist-packages/vesc_msgs/msg/_vesc_imu_stamped.py
[4.345s] -- Installing: /home/dev/roboracer_ws/install/vesc_msgs/local/lib/python3.10/dist-packages/vesc_msgs/vesc_msgs_s__rosidl_typesupport_introspection_c.cpython-310-x86_64-linux-gnu.so
[4.345s] -- Installing: /home/dev/roboracer_ws/install/vesc_msgs/local/lib/python3.10/dist-packages/vesc_msgs/vesc_msgs_s__rosidl_typesupport_c.cpython-310-x86_64-linux-gnu.so
[4.345s] -- Installing: /home/dev/roboracer_ws/install/vesc_msgs/local/lib/python3.10/dist-packages/vesc_msgs/vesc_msgs_s__rosidl_typesupport_fastrtps_c.cpython-310-x86_64-linux-gnu.so
[4.376s] Listing '/home/dev/roboracer_ws/install/vesc_msgs/local/lib/python3.10/dist-packages/vesc_msgs'...
[4.376s] Compiling '/home/dev/roboracer_ws/install/vesc_msgs/local/lib/python3.10/dist-packages/vesc_msgs/__init__.py'...
[4.376s] Listing '/home/dev/roboracer_ws/install/vesc_msgs/local/lib/python3.10/dist-packages/vesc_msgs/msg'...
[4.376s] Compiling '/home/dev/roboracer_ws/install/vesc_msgs/local/lib/python3.10/dist-packages/vesc_msgs/msg/__init__.py'...
[4.376s] Compiling '/home/dev/roboracer_ws/install/vesc_msgs/local/lib/python3.10/dist-packages/vesc_msgs/msg/_vesc_imu.py'...
[4.376s] Compiling '/home/dev/roboracer_ws/install/vesc_msgs/local/lib/python3.10/dist-packages/vesc_msgs/msg/_vesc_imu_stamped.py'...
[4.376s] Compiling '/home/dev/roboracer_ws/install/vesc_msgs/local/lib/python3.10/dist-packages/vesc_msgs/msg/_vesc_state.py'...
[4.376s] Compiling '/home/dev/roboracer_ws/install/vesc_msgs/local/lib/python3.10/dist-packages/vesc_msgs/msg/_vesc_state_stamped.py'...
[4.381s] -- Installing: /home/dev/roboracer_ws/install/vesc_msgs/local/lib/python3.10/dist-packages/vesc_msgs/vesc_msgs_s__rosidl_typesupport_fastrtps_c.cpython-310-x86_64-linux-gnu.so
[4.381s] -- Set non-toolchain portion of runtime path of "/home/dev/roboracer_ws/install/vesc_msgs/local/lib/python3.10/dist-packages/vesc_msgs/vesc_msgs_s__rosidl_typesupport_fastrtps_c.cpython-310-x86_64-linux-gnu.so" to ""
[4.382s] -- Installing: /home/dev/roboracer_ws/install/vesc_msgs/local/lib/python3.10/dist-packages/vesc_msgs/vesc_msgs_s__rosidl_typesupport_introspection_c.cpython-310-x86_64-linux-gnu.so
[4.382s] -- Set non-toolchain portion of runtime path of "/home/dev/roboracer_ws/install/vesc_msgs/local/lib/python3.10/dist-packages/vesc_msgs/vesc_msgs_s__rosidl_typesupport_introspection_c.cpython-310-x86_64-linux-gnu.so" to ""
[4.382s] -- Installing: /home/dev/roboracer_ws/install/vesc_msgs/local/lib/python3.10/dist-packages/vesc_msgs/vesc_msgs_s__rosidl_typesupport_c.cpython-310-x86_64-linux-gnu.so
[4.382s] -- Set non-toolchain portion of runtime path of "/home/dev/roboracer_ws/install/vesc_msgs/local/lib/python3.10/dist-packages/vesc_msgs/vesc_msgs_s__rosidl_typesupport_c.cpython-310-x86_64-linux-gnu.so" to ""
[4.383s] -- Installing: /home/dev/roboracer_ws/install/vesc_msgs/lib/libvesc_msgs__rosidl_generator_py.so
[4.383s] -- Set non-toolchain portion of runtime path of "/home/dev/roboracer_ws/install/vesc_msgs/lib/libvesc_msgs__rosidl_generator_py.so" to ""
[4.383s] -- Installing: /home/dev/roboracer_ws/install/vesc_msgs/share/vesc_msgs/msg/VescState.idl
[4.383s] -- Installing: /home/dev/roboracer_ws/install/vesc_msgs/share/vesc_msgs/msg/VescStateStamped.idl
[4.383s] -- Installing: /home/dev/roboracer_ws/install/vesc_msgs/share/vesc_msgs/msg/VescImu.idl
[4.384s] -- Installing: /home/dev/roboracer_ws/install/vesc_msgs/share/vesc_msgs/msg/VescImuStamped.idl
[4.384s] -- Installing: /home/dev/roboracer_ws/install/vesc_msgs/share/vesc_msgs/msg/VescState.msg
[4.384s] -- Installing: /home/dev/roboracer_ws/install/vesc_msgs/share/vesc_msgs/msg/VescStateStamped.msg
[4.384s] -- Installing: /home/dev/roboracer_ws/install/vesc_msgs/share/vesc_msgs/msg/VescImu.msg
[4.384s] -- Installing: /home/dev/roboracer_ws/install/vesc_msgs/share/vesc_msgs/msg/VescImuStamped.msg
[4.385s] -- Installing: /home/dev/roboracer_ws/install/vesc_msgs/share/ament_index/resource_index/package_run_dependencies/vesc_msgs
[4.385s] -- Installing: /home/dev/roboracer_ws/install/vesc_msgs/share/ament_index/resource_index/parent_prefix_path/vesc_msgs
[4.385s] -- Installing: /home/dev/roboracer_ws/install/vesc_msgs/share/vesc_msgs/environment/ament_prefix_path.sh
[4.385s] -- Installing: /home/dev/roboracer_ws/install/vesc_msgs/share/vesc_msgs/environment/ament_prefix_path.dsv
[4.385s] -- Installing: /home/dev/roboracer_ws/install/vesc_msgs/share/vesc_msgs/environment/path.sh
[4.385s] -- Installing: /home/dev/roboracer_ws/install/vesc_msgs/share/vesc_msgs/environment/path.dsv
[4.386s] -- Installing: /home/dev/roboracer_ws/install/vesc_msgs/share/vesc_msgs/local_setup.bash
[4.386s] -- Installing: /home/dev/roboracer_ws/install/vesc_msgs/share/vesc_msgs/local_setup.sh
[4.386s] -- Installing: /home/dev/roboracer_ws/install/vesc_msgs/share/vesc_msgs/local_setup.zsh
[4.386s] -- Installing: /home/dev/roboracer_ws/install/vesc_msgs/share/vesc_msgs/local_setup.dsv
[4.387s] -- Installing: /home/dev/roboracer_ws/install/vesc_msgs/share/vesc_msgs/package.dsv
[4.387s] -- Installing: /home/dev/roboracer_ws/install/vesc_msgs/share/ament_index/resource_index/packages/vesc_msgs
[4.387s] -- Installing: /home/dev/roboracer_ws/install/vesc_msgs/share/vesc_msgs/cmake/export_vesc_msgs__rosidl_generator_cExport.cmake
[4.387s] -- Installing: /home/dev/roboracer_ws/install/vesc_msgs/share/vesc_msgs/cmake/export_vesc_msgs__rosidl_generator_cExport-noconfig.cmake
[4.387s] -- Installing: /home/dev/roboracer_ws/install/vesc_msgs/share/vesc_msgs/cmake/export_vesc_msgs__rosidl_typesupport_fastrtps_cExport.cmake
[4.388s] -- Installing: /home/dev/roboracer_ws/install/vesc_msgs/share/vesc_msgs/cmake/export_vesc_msgs__rosidl_typesupport_fastrtps_cExport-noconfig.cmake
[4.388s] -- Installing: /home/dev/roboracer_ws/install/vesc_msgs/share/vesc_msgs/cmake/vesc_msgs__rosidl_typesupport_introspection_cExport.cmake
[4.388s] -- Installing: /home/dev/roboracer_ws/install/vesc_msgs/share/vesc_msgs/cmake/vesc_msgs__rosidl_typesupport_introspection_cExport-noconfig.cmake
[4.388s] -- Installing: /home/dev/roboracer_ws/install/vesc_msgs/share/vesc_msgs/cmake/vesc_msgs__rosidl_typesupport_cExport.cmake
[4.388s] -- Installing: /home/dev/roboracer_ws/install/vesc_msgs/share/vesc_msgs/cmake/vesc_msgs__rosidl_typesupport_cExport-noconfig.cmake
[4.389s] -- Installing: /home/dev/roboracer_ws/install/vesc_msgs/share/vesc_msgs/cmake/export_vesc_msgs__rosidl_generator_cppExport.cmake
[4.389s] -- Installing: /home/dev/roboracer_ws/install/vesc_msgs/share/vesc_msgs/cmake/export_vesc_msgs__rosidl_typesupport_fastrtps_cppExport.cmake
[4.389s] -- Installing: /home/dev/roboracer_ws/install/vesc_msgs/share/vesc_msgs/cmake/export_vesc_msgs__rosidl_typesupport_fastrtps_cppExport-noconfig.cmake
[4.389s] -- Installing: /home/dev/roboracer_ws/install/vesc_msgs/share/vesc_msgs/cmake/vesc_msgs__rosidl_typesupport_introspection_cppExport.cmake
[4.389s] -- Installing: /home/dev/roboracer_ws/install/vesc_msgs/share/vesc_msgs/cmake/vesc_msgs__rosidl_typesupport_introspection_cppExport-noconfig.cmake
[4.389s] -- Installing: /home/dev/roboracer_ws/install/vesc_msgs/share/vesc_msgs/cmake/vesc_msgs__rosidl_typesupport_cppExport.cmake
[4.390s] -- Installing: /home/dev/roboracer_ws/install/vesc_msgs/share/vesc_msgs/cmake/vesc_msgs__rosidl_typesupport_cppExport-noconfig.cmake
[4.390s] -- Installing: /home/dev/roboracer_ws/install/vesc_msgs/share/vesc_msgs/cmake/export_vesc_msgs__rosidl_generator_pyExport.cmake
[4.390s] -- Installing: /home/dev/roboracer_ws/install/vesc_msgs/share/vesc_msgs/cmake/export_vesc_msgs__rosidl_generator_pyExport-noconfig.cmake
[4.390s] -- Installing: /home/dev/roboracer_ws/install/vesc_msgs/share/vesc_msgs/cmake/rosidl_cmake-extras.cmake
[4.390s] -- Installing: /home/dev/roboracer_ws/install/vesc_msgs/share/vesc_msgs/cmake/ament_cmake_export_dependencies-extras.cmake
[4.391s] -- Installing: /home/dev/roboracer_ws/install/vesc_msgs/share/vesc_msgs/cmake/ament_cmake_export_include_directories-extras.cmake
[4.391s] -- Installing: /home/dev/roboracer_ws/install/vesc_msgs/share/vesc_msgs/cmake/ament_cmake_export_libraries-extras.cmake
[4.391s] -- Installing: /home/dev/roboracer_ws/install/vesc_msgs/share/vesc_msgs/cmake/ament_cmake_export_targets-extras.cmake
[4.391s] -- Installing: /home/dev/roboracer_ws/install/vesc_msgs/share/vesc_msgs/cmake/rosidl_cmake_export_typesupport_targets-extras.cmake
[4.391s] -- Installing: /home/dev/roboracer_ws/install/vesc_msgs/share/vesc_msgs/cmake/rosidl_cmake_export_typesupport_libraries-extras.cmake
[4.391s] -- Installing: /home/dev/roboracer_ws/install/vesc_msgs/share/vesc_msgs/cmake/vesc_msgsConfig.cmake
[4.392s] -- Installing: /home/dev/roboracer_ws/install/vesc_msgs/share/vesc_msgs/cmake/vesc_msgsConfig-version.cmake
[4.392s] -- Installing: /home/dev/roboracer_ws/install/vesc_msgs/share/vesc_msgs/package.xml
[4.394s] Invoked command in '/home/dev/roboracer_ws/build/vesc_msgs' returned '0': CMAKE_PREFIX_PATH=/opt/ros/humble /usr/local/bin/cmake --install /home/dev/roboracer_ws/build/vesc_msgs
