-- The C compiler identification is GNU 11.4.0
-- The CXX compiler identification is GNU 11.4.0
-- Detecting C compiler ABI info
-- Detecting C compiler ABI info - done
[0mCMake Deprecation Warning at CMakeLists.txt:1 (cmake_minimum_required):
  Compatibility with CMake < 3.10 will be removed from a future version of
  CMake.

  Update the VERSION argument <min> value.  Or, use the <min>...<max> syntax
  to tell CMake that the project requires at least <min> but has been updated
  to work with policies introduced by <max> or earlier.

[0m
-- Check for working C compiler: /usr/bin/cc - skipped
-- Detecting C compile features
-- Detecting C compile features - done
-- Detecting CXX compiler ABI info
-- Detecting CXX compiler ABI info - done
-- Check for working CXX compiler: /usr/bin/c++ - skipped
-- Detecting CXX compile features
-- Detecting CXX compile features - done
-- Found ament_cmake: 1.3.11 (/opt/ros/humble/share/ament_cmake/cmake)
-- Found Python3: /usr/bin/python3 (found version "3.10.12") found components: Interpreter
-- Found rclcpp: 16.0.12 (/opt/ros/humble/share/rclcpp/cmake)
-- Found rosidl_generator_c: 3.1.6 (/opt/ros/humble/share/rosidl_generator_c/cmake)
-- Found rosidl_adapter: 3.1.6 (/opt/ros/humble/share/rosidl_adapter/cmake)
-- Found rosidl_generator_cpp: 3.1.6 (/opt/ros/humble/share/rosidl_generator_cpp/cmake)
-- Using all available rosidl_typesupport_c: rosidl_typesupport_fastrtps_c;rosidl_typesupport_introspection_c
-- Using all available rosidl_typesupport_cpp: rosidl_typesupport_fastrtps_cpp;rosidl_typesupport_introspection_cpp
-- Found rmw_implementation_cmake: 6.1.2 (/opt/ros/humble/share/rmw_implementation_cmake/cmake)
-- Found rmw_fastrtps_cpp: 6.2.7 (/opt/ros/humble/share/rmw_fastrtps_cpp/cmake)
-- Found OpenSSL: /usr/lib/x86_64-linux-gnu/libcrypto.so (found version "3.0.2")
-- Found FastRTPS: /opt/ros/humble/include
-- Using RMW implementation 'rmw_fastrtps_cpp' as default
-- Performing Test CMAKE_HAVE_LIBC_PTHREAD
-- Performing Test CMAKE_HAVE_LIBC_PTHREAD - Success
-- Found Threads: TRUE
-- Found rclpy: 3.3.16 (/opt/ros/humble/share/rclpy/cmake)
-- Found geometry_msgs: 4.9.0 (/opt/ros/humble/share/geometry_msgs/cmake)
-- Found nav_msgs: 4.9.0 (/opt/ros/humble/share/nav_msgs/cmake)
-- Found ackermann_msgs: 2.0.2 (/opt/ros/humble/share/ackermann_msgs/cmake)
-- Found visualization_msgs: 4.9.0 (/opt/ros/humble/share/visualization_msgs/cmake)
-- Found ament_lint_auto: 0.12.12 (/opt/ros/humble/share/ament_lint_auto/cmake)
-- Added test 'copyright' to check source files copyright and LICENSE
-- Added test 'cppcheck' to perform static code analysis on C / C++ code
-- Configured cppcheck include dirs: /home/dev/roboracer_ws/src/gap_follow/include
-- Configured cppcheck exclude dirs and/or files: 
-- Added test 'cpplint' to check C / C++ code against the Google style
-- Configured cpplint exclude dirs and/or files: 
-- Added test 'flake8' to check Python code syntax and style conventions
-- Added test 'lint_cmake' to check CMake code style
-- Added test 'pep257' to check Python code against some of the docstring style conventions in PEP 257
-- Added test 'uncrustify' to check C / C++ code style
-- Configured uncrustify additional arguments: 
-- Added test 'xmllint' to check XML markup files
-- Configuring done (1.9s)
-- Generating done (0.0s)
-- Build files have been written to: /home/dev/roboracer_ws/build/gap_follow
[ 50%] [32mBuilding CXX object CMakeFiles/reactive_node.dir/src/reactive_node.cpp.o[0m
[ 50%] Built target ament_cmake_python_copy_gap_follow
[ 50%] Built target ament_cmake_python_copy_gap_follow_setup
/usr/lib/python3/dist-packages/setuptools/dist.py:723: UserWarning: Usage of dash-separated 'script-dir' will not be supported in future versions. Please use the underscore name 'script_dir' instead
  warnings.warn(
/usr/lib/python3/dist-packages/setuptools/dist.py:723: UserWarning: Usage of dash-separated 'install-scripts' will not be supported in future versions. Please use the underscore name 'install_scripts' instead
  warnings.warn(
running egg_info
creating gap_follow.egg-info
writing gap_follow.egg-info/PKG-INFO
writing dependency_links to gap_follow.egg-info/dependency_links.txt
writing top-level names to gap_follow.egg-info/top_level.txt
writing manifest file 'gap_follow.egg-info/SOURCES.txt'
reading manifest file 'gap_follow.egg-info/SOURCES.txt'
writing manifest file 'gap_follow.egg-info/SOURCES.txt'
[ 50%] Built target ament_cmake_python_build_gap_follow_egg
[01m[K/home/dev/roboracer_ws/src/gap_follow/src/reactive_node.cpp:[m[K In member function ‘[01m[Kvoid ReactiveFollowGap::preprocess_lidar(float*)[m[K’:
[01m[K/home/dev/roboracer_ws/src/gap_follow/src/reactive_node.cpp:24:34:[m[K [01;35m[Kwarning: [m[Kunused parameter ‘[01m[Kranges[m[K’ [[01;35m[K-Wunused-parameter[m[K]
   24 |     void preprocess_lidar([01;35m[Kfloat* ranges[m[K)
      |                           [01;35m[K~~~~~~~^~~~~~[m[K
[01m[K/home/dev/roboracer_ws/src/gap_follow/src/reactive_node.cpp:[m[K In member function ‘[01m[Kvoid ReactiveFollowGap::find_max_gap(float*, int*)[m[K’:
[01m[K/home/dev/roboracer_ws/src/gap_follow/src/reactive_node.cpp:32:30:[m[K [01;35m[Kwarning: [m[Kunused parameter ‘[01m[Kranges[m[K’ [[01;35m[K-Wunused-parameter[m[K]
   32 |     void find_max_gap([01;35m[Kfloat* ranges[m[K, int* indice)
      |                       [01;35m[K~~~~~~~^~~~~~[m[K
[01m[K/home/dev/roboracer_ws/src/gap_follow/src/reactive_node.cpp:32:43:[m[K [01;35m[Kwarning: [m[Kunused parameter ‘[01m[Kindice[m[K’ [[01;35m[K-Wunused-parameter[m[K]
   32 |     void find_max_gap(float* ranges, [01;35m[Kint* indice[m[K)
      |                                      [01;35m[K~~~~~^~~~~~[m[K
[01m[K/home/dev/roboracer_ws/src/gap_follow/src/reactive_node.cpp:[m[K In member function ‘[01m[Kvoid ReactiveFollowGap::find_best_point(float*, int*)[m[K’:
[01m[K/home/dev/roboracer_ws/src/gap_follow/src/reactive_node.cpp:38:33:[m[K [01;35m[Kwarning: [m[Kunused parameter ‘[01m[Kranges[m[K’ [[01;35m[K-Wunused-parameter[m[K]
   38 |     void find_best_point([01;35m[Kfloat* ranges[m[K, int* indice)
      |                          [01;35m[K~~~~~~~^~~~~~[m[K
[01m[K/home/dev/roboracer_ws/src/gap_follow/src/reactive_node.cpp:38:46:[m[K [01;35m[Kwarning: [m[Kunused parameter ‘[01m[Kindice[m[K’ [[01;35m[K-Wunused-parameter[m[K]
   38 |     void find_best_point(float* ranges, [01;35m[Kint* indice[m[K)
      |                                         [01;35m[K~~~~~^~~~~~[m[K
[01m[K/home/dev/roboracer_ws/src/gap_follow/src/reactive_node.cpp:[m[K In member function ‘[01m[Kvoid ReactiveFollowGap::lidar_callback(sensor_msgs::msg::LaserScan_<std::allocator<void> >::ConstSharedPtr)[m[K’:
[01m[K/home/dev/roboracer_ws/src/gap_follow/src/reactive_node.cpp:47:75:[m[K [01;35m[Kwarning: [m[Kunused parameter ‘[01m[Kscan_msg[m[K’ [[01;35m[K-Wunused-parameter[m[K]
   47 |     void lidar_callback([01;35m[Kconst sensor_msgs::msg::LaserScan::ConstSharedPtr scan_msg[m[K)
      |                         [01;35m[K~~~~~~~~~~~~~~~~~~~~~~~~~~~~~~~~~~~~~~~~~~~~~~~~~~^~~~~~~~[m[K
[100%] [32m[1mLinking CXX executable reactive_node[0m
[100%] Built target reactive_node
-- Install configuration: ""
-- Installing: /home/dev/roboracer_ws/install/gap_follow/lib/gap_follow/reactive_node
-- Set non-toolchain portion of runtime path of "/home/dev/roboracer_ws/install/gap_follow/lib/gap_follow/reactive_node" to ""
-- Installing: /home/dev/roboracer_ws/install/gap_follow/share/gap_follow/environment/pythonpath.sh
-- Installing: /home/dev/roboracer_ws/install/gap_follow/share/gap_follow/environment/pythonpath.dsv
-- Installing: /home/dev/roboracer_ws/install/gap_follow/local/lib/python3.10/dist-packages/gap_follow-0.0.0-py3.10.egg-info
-- Installing: /home/dev/roboracer_ws/install/gap_follow/local/lib/python3.10/dist-packages/gap_follow-0.0.0-py3.10.egg-info/top_level.txt
-- Installing: /home/dev/roboracer_ws/install/gap_follow/local/lib/python3.10/dist-packages/gap_follow-0.0.0-py3.10.egg-info/PKG-INFO
-- Installing: /home/dev/roboracer_ws/install/gap_follow/local/lib/python3.10/dist-packages/gap_follow-0.0.0-py3.10.egg-info/dependency_links.txt
-- Installing: /home/dev/roboracer_ws/install/gap_follow/local/lib/python3.10/dist-packages/gap_follow-0.0.0-py3.10.egg-info/SOURCES.txt
-- Installing: /home/dev/roboracer_ws/install/gap_follow/local/lib/python3.10/dist-packages/gap_follow
-- Installing: /home/dev/roboracer_ws/install/gap_follow/local/lib/python3.10/dist-packages/gap_follow/__init__.py
Listing '/home/dev/roboracer_ws/install/gap_follow/local/lib/python3.10/dist-packages/gap_follow'...
Compiling '/home/dev/roboracer_ws/install/gap_follow/local/lib/python3.10/dist-packages/gap_follow/__init__.py'...
-- Installing: /home/dev/roboracer_ws/install/gap_follow/lib/gap_follow/reactive_node.py
-- Installing: /home/dev/roboracer_ws/install/gap_follow/share/ament_index/resource_index/package_run_dependencies/gap_follow
-- Installing: /home/dev/roboracer_ws/install/gap_follow/share/ament_index/resource_index/parent_prefix_path/gap_follow
-- Installing: /home/dev/roboracer_ws/install/gap_follow/share/gap_follow/environment/ament_prefix_path.sh
-- Installing: /home/dev/roboracer_ws/install/gap_follow/share/gap_follow/environment/ament_prefix_path.dsv
-- Installing: /home/dev/roboracer_ws/install/gap_follow/share/gap_follow/environment/path.sh
-- Installing: /home/dev/roboracer_ws/install/gap_follow/share/gap_follow/environment/path.dsv
-- Installing: /home/dev/roboracer_ws/install/gap_follow/share/gap_follow/local_setup.bash
-- Installing: /home/dev/roboracer_ws/install/gap_follow/share/gap_follow/local_setup.sh
-- Installing: /home/dev/roboracer_ws/install/gap_follow/share/gap_follow/local_setup.zsh
-- Installing: /home/dev/roboracer_ws/install/gap_follow/share/gap_follow/local_setup.dsv
-- Installing: /home/dev/roboracer_ws/install/gap_follow/share/gap_follow/package.dsv
-- Installing: /home/dev/roboracer_ws/install/gap_follow/share/ament_index/resource_index/packages/gap_follow
-- Installing: /home/dev/roboracer_ws/install/gap_follow/share/gap_follow/cmake/gap_followConfig.cmake
-- Installing: /home/dev/roboracer_ws/install/gap_follow/share/gap_follow/cmake/gap_followConfig-version.cmake
-- Installing: /home/dev/roboracer_ws/install/gap_follow/share/gap_follow/package.xml
