running develop
running egg_info
creating roboracer_py.egg-info
writing roboracer_py.egg-info/PKG-INFO
writing dependency_links to roboracer_py.egg-info/dependency_links.txt
writing entry points to roboracer_py.egg-info/entry_points.txt
writing requirements to roboracer_py.egg-info/requires.txt
writing top-level names to roboracer_py.egg-info/top_level.txt
writing manifest file 'roboracer_py.egg-info/SOURCES.txt'
reading manifest file 'roboracer_py.egg-info/SOURCES.txt'
writing manifest file 'roboracer_py.egg-info/SOURCES.txt'
running build_ext
Creating /home/loq/roboracer_ws/install/roboracer_py/lib/python3.10/site-packages/roboracer-py.egg-link (link to .)
Installing disparity_extender script to /home/loq/roboracer_ws/install/roboracer_py/lib/roboracer_py
Installing gap_follow script to /home/loq/roboracer_ws/install/roboracer_py/lib/roboracer_py

Installed /home/loq/roboracer_ws/build/roboracer_py
running symlink_data
creating /home/loq/roboracer_ws/install/roboracer_py/share/ament_index
creating /home/loq/roboracer_ws/install/roboracer_py/share/ament_index/resource_index
creating /home/loq/roboracer_ws/install/roboracer_py/share/ament_index/resource_index/packages
symbolically linking /home/loq/roboracer_ws/build/roboracer_py/resource/roboracer_py -> /home/loq/roboracer_ws/install/roboracer_py/share/ament_index/resource_index/packages
symbolically linking /home/loq/roboracer_ws/build/roboracer_py/package.xml -> /home/loq/roboracer_ws/install/roboracer_py/share/roboracer_py
