[0.071s] Invoking command in '/home/loq/roboracer_ws/build/roboracer_controller': CMAKE_PREFIX_PATH=${CMAKE_PREFIX_PATH}:/home/loq/drivingcar_ws/install/self_driving_car_pkg:/home/loq/bumperbot_ws/install/bumperbot_py_example:/home/loq/roboracer_ws/install/roboracer_py:/home/loq/ros2_action_ws/install/lifecycle_py:/home/loq/ros2_action_ws/install/action_py:/opt/ros/humble /usr/bin/cmake /home/loq/roboracer_ws/src/roboracer_controller -DCMAKE_INSTALL_PREFIX=/home/loq/roboracer_ws/install/roboracer_controller
[0.484s] -- Found ament_cmake: 1.3.11 (/opt/ros/humble/share/ament_cmake/cmake)
[0.484s] -- Override CMake install command with custom implementation using symlinks instead of copying resources
[0.485s] -- Found rclpy: 3.3.16 (/opt/ros/humble/share/rclpy/cmake)
[0.485s] -- Found geometry_msgs: 4.8.0 (/opt/ros/humble/share/geometry_msgs/cmake)
[0.485s] -- Found rosidl_generator_c: 3.1.6 (/opt/ros/humble/share/rosidl_generator_c/cmake)
[0.485s] -- Found rosidl_adapter: 3.1.6 (/opt/ros/humble/share/rosidl_adapter/cmake)
[0.485s] -- Found rosidl_generator_cpp: 3.1.6 (/opt/ros/humble/share/rosidl_generator_cpp/cmake)
[0.485s] -- Using all available rosidl_typesupport_c: rosidl_typesupport_fastrtps_c;rosidl_typesupport_introspection_c
[0.499s] -- Using all available rosidl_typesupport_cpp: rosidl_typesupport_fastrtps_cpp;rosidl_typesupport_introspection_cpp
[0.616s] -- Found sensor_msgs: 4.8.0 (/opt/ros/humble/share/sensor_msgs/cmake)
[0.661s] -- Found nav_msgs: 4.8.0 (/opt/ros/humble/share/nav_msgs/cmake)
[0.701s] -- Found tf2_ros: 0.25.12 (/opt/ros/humble/share/tf2_ros/cmake)
[0.866s] -- Found rmw_implementation_cmake: 6.1.2 (/opt/ros/humble/share/rmw_implementation_cmake/cmake)
[0.874s] -- Found rmw_cyclonedds_cpp: 1.3.4 (/opt/ros/humble/share/rmw_cyclonedds_cpp/cmake)
[0.945s] -- Using RMW implementation 'rmw_cyclonedds_cpp' as default
[1.214s] -- Found ackermann_msgs: 2.0.2 (/opt/ros/humble/share/ackermann_msgs/cmake)
[1.240s] -- Found ament_lint_auto: 0.12.12 (/opt/ros/humble/share/ament_lint_auto/cmake)
[1.356s] -- Added test 'flake8' to check Python code syntax and style conventions
[1.360s] -- Added test 'lint_cmake' to check CMake code style
[1.360s] -- Added test 'pep257' to check Python code against some of the docstring style conventions in PEP 257
[1.360s] -- Added test 'xmllint' to check XML markup files
[1.363s] -- Configuring done
[1.375s] -- Generating done
[1.378s] -- Build files have been written to: /home/loq/roboracer_ws/build/roboracer_controller
[1.396s] Invoked command in '/home/loq/roboracer_ws/build/roboracer_controller' returned '0': CMAKE_PREFIX_PATH=${CMAKE_PREFIX_PATH}:/home/loq/drivingcar_ws/install/self_driving_car_pkg:/home/loq/bumperbot_ws/install/bumperbot_py_example:/home/loq/roboracer_ws/install/roboracer_py:/home/loq/ros2_action_ws/install/lifecycle_py:/home/loq/ros2_action_ws/install/action_py:/opt/ros/humble /usr/bin/cmake /home/loq/roboracer_ws/src/roboracer_controller -DCMAKE_INSTALL_PREFIX=/home/loq/roboracer_ws/install/roboracer_controller
[1.396s] Invoking command in '/home/loq/roboracer_ws/build/roboracer_controller': CMAKE_PREFIX_PATH=${CMAKE_PREFIX_PATH}:/home/loq/drivingcar_ws/install/self_driving_car_pkg:/home/loq/bumperbot_ws/install/bumperbot_py_example:/home/loq/roboracer_ws/install/roboracer_py:/home/loq/ros2_action_ws/install/lifecycle_py:/home/loq/ros2_action_ws/install/action_py:/opt/ros/humble /usr/bin/cmake --build /home/loq/roboracer_ws/build/roboracer_controller -- -j8 -l8
[1.475s] Invoked command in '/home/loq/roboracer_ws/build/roboracer_controller' returned '0': CMAKE_PREFIX_PATH=${CMAKE_PREFIX_PATH}:/home/loq/drivingcar_ws/install/self_driving_car_pkg:/home/loq/bumperbot_ws/install/bumperbot_py_example:/home/loq/roboracer_ws/install/roboracer_py:/home/loq/ros2_action_ws/install/lifecycle_py:/home/loq/ros2_action_ws/install/action_py:/opt/ros/humble /usr/bin/cmake --build /home/loq/roboracer_ws/build/roboracer_controller -- -j8 -l8
[1.482s] Invoking command in '/home/loq/roboracer_ws/build/roboracer_controller': CMAKE_PREFIX_PATH=${CMAKE_PREFIX_PATH}:/home/loq/drivingcar_ws/install/self_driving_car_pkg:/home/loq/bumperbot_ws/install/bumperbot_py_example:/home/loq/roboracer_ws/install/roboracer_py:/home/loq/ros2_action_ws/install/lifecycle_py:/home/loq/ros2_action_ws/install/action_py:/opt/ros/humble /usr/bin/cmake --install /home/loq/roboracer_ws/build/roboracer_controller
[1.491s] -- Install configuration: ""
[1.492s] -- Execute custom install script
[1.493s] -- Up-to-date symlink: /home/loq/roboracer_ws/install/roboracer_controller/share/roboracer_controller/config/joy_config.yaml
[1.494s] -- Up-to-date symlink: /home/loq/roboracer_ws/install/roboracer_controller/share/roboracer_controller/config/joystick_teleop.launch.yaml
[1.496s] -- Up-to-date symlink: /home/loq/roboracer_ws/install/roboracer_controller/share/roboracer_controller/config/roboracer_controller.yaml
[1.497s] -- Up-to-date symlink: /home/loq/roboracer_ws/install/roboracer_controller/share/roboracer_controller/launch/controller.launch.py
[1.497s] -- Up-to-date symlink: /home/loq/roboracer_ws/install/roboracer_controller/lib/roboracer_controller/ackerman_controller.py
[1.498s] -- Up-to-date symlink: /home/loq/roboracer_ws/install/roboracer_controller/lib/roboracer_controller/ackermann_to_twist.py
[1.499s] -- Up-to-date symlink: /home/loq/roboracer_ws/install/roboracer_controller/lib/roboracer_controller/noisy_controller.py
[1.500s] -- Up-to-date symlink: /home/loq/roboracer_ws/install/roboracer_controller/lib/roboracer_controller/static_tf_publisher.py
[1.500s] -- Up-to-date symlink: /home/loq/roboracer_ws/install/roboracer_controller/lib/roboracer_controller/custom_robot_state_publisher.py
[1.500s] -- Up-to-date symlink: /home/loq/roboracer_ws/install/roboracer_controller/share/ament_index/resource_index/package_run_dependencies/roboracer_controller
[1.501s] -- Up-to-date symlink: /home/loq/roboracer_ws/install/roboracer_controller/share/ament_index/resource_index/parent_prefix_path/roboracer_controller
[1.502s] -- Up-to-date symlink: /home/loq/roboracer_ws/install/roboracer_controller/share/roboracer_controller/environment/ament_prefix_path.sh
[1.502s] -- Up-to-date symlink: /home/loq/roboracer_ws/install/roboracer_controller/share/roboracer_controller/environment/ament_prefix_path.dsv
[1.502s] -- Up-to-date symlink: /home/loq/roboracer_ws/install/roboracer_controller/share/roboracer_controller/environment/path.sh
[1.503s] -- Up-to-date symlink: /home/loq/roboracer_ws/install/roboracer_controller/share/roboracer_controller/environment/path.dsv
[1.504s] -- Up-to-date symlink: /home/loq/roboracer_ws/install/roboracer_controller/share/roboracer_controller/local_setup.bash
[1.505s] -- Up-to-date symlink: /home/loq/roboracer_ws/install/roboracer_controller/share/roboracer_controller/local_setup.sh
[1.507s] -- Up-to-date symlink: /home/loq/roboracer_ws/install/roboracer_controller/share/roboracer_controller/local_setup.zsh
[1.507s] -- Up-to-date symlink: /home/loq/roboracer_ws/install/roboracer_controller/share/roboracer_controller/local_setup.dsv
[1.507s] -- Symlinking: /home/loq/roboracer_ws/install/roboracer_controller/share/roboracer_controller/package.dsv
[1.521s] -- Up-to-date symlink: /home/loq/roboracer_ws/install/roboracer_controller/share/ament_index/resource_index/packages/roboracer_controller
[1.522s] -- Up-to-date symlink: /home/loq/roboracer_ws/install/roboracer_controller/share/roboracer_controller/cmake/roboracer_controllerConfig.cmake
[1.522s] -- Up-to-date symlink: /home/loq/roboracer_ws/install/roboracer_controller/share/roboracer_controller/cmake/roboracer_controllerConfig-version.cmake
[1.525s] -- Up-to-date symlink: /home/loq/roboracer_ws/install/roboracer_controller/share/roboracer_controller/package.xml
[1.529s] Invoked command in '/home/loq/roboracer_ws/build/roboracer_controller' returned '0': CMAKE_PREFIX_PATH=${CMAKE_PREFIX_PATH}:/home/loq/drivingcar_ws/install/self_driving_car_pkg:/home/loq/bumperbot_ws/install/bumperbot_py_example:/home/loq/roboracer_ws/install/roboracer_py:/home/loq/ros2_action_ws/install/lifecycle_py:/home/loq/ros2_action_ws/install/action_py:/opt/ros/humble /usr/bin/cmake --install /home/loq/roboracer_ws/build/roboracer_controller
