[0.031s] Invoking command in '/home/dev/roboracer_ws/build/gap_follow': CMAKE_PREFIX_PATH=/opt/ros/humble /usr/local/bin/cmake --build /home/dev/roboracer_ws/build/gap_follow -- -j8 -l8
[0.174s] [  0%] Built target ament_cmake_python_copy_gap_follow_setup
[0.175s] [100%] Built target reactive_node
[0.176s] [100%] Built target ament_cmake_python_copy_gap_follow
[0.383s] /usr/lib/python3/dist-packages/setuptools/dist.py:723: UserWarning: Usage of dash-separated 'script-dir' will not be supported in future versions. Please use the underscore name 'script_dir' instead
[0.383s]   warnings.warn(
[0.384s] /usr/lib/python3/dist-packages/setuptools/dist.py:723: UserWarning: Usage of dash-separated 'install-scripts' will not be supported in future versions. Please use the underscore name 'install_scripts' instead
[0.384s]   warnings.warn(
[0.390s] running egg_info
[0.392s] writing gap_follow.egg-info/PKG-INFO
[0.392s] writing dependency_links to gap_follow.egg-info/dependency_links.txt
[0.393s] writing top-level names to gap_follow.egg-info/top_level.txt
[0.394s] reading manifest file 'gap_follow.egg-info/SOURCES.txt'
[0.395s] writing manifest file 'gap_follow.egg-info/SOURCES.txt'
[0.453s] [100%] Built target ament_cmake_python_build_gap_follow_egg
[0.464s] Invoked command in '/home/dev/roboracer_ws/build/gap_follow' returned '0': CMAKE_PREFIX_PATH=/opt/ros/humble /usr/local/bin/cmake --build /home/dev/roboracer_ws/build/gap_follow -- -j8 -l8
[0.465s] Invoking command in '/home/dev/roboracer_ws/build/gap_follow': CMAKE_PREFIX_PATH=/opt/ros/humble /usr/local/bin/cmake --install /home/dev/roboracer_ws/build/gap_follow
[0.662s] -- Install configuration: ""
[0.663s] -- Up-to-date: /home/dev/roboracer_ws/install/gap_follow/lib/gap_follow/reactive_node
[0.665s] -- Up-to-date: /home/dev/roboracer_ws/install/gap_follow/share/gap_follow/environment/pythonpath.sh
[0.667s] -- Up-to-date: /home/dev/roboracer_ws/install/gap_follow/share/gap_follow/environment/pythonpath.dsv
[0.667s] -- Up-to-date: /home/dev/roboracer_ws/install/gap_follow/local/lib/python3.10/dist-packages/gap_follow-0.0.0-py3.10.egg-info
[0.667s] -- Installing: /home/dev/roboracer_ws/install/gap_follow/local/lib/python3.10/dist-packages/gap_follow-0.0.0-py3.10.egg-info/top_level.txt
[0.667s] -- Installing: /home/dev/roboracer_ws/install/gap_follow/local/lib/python3.10/dist-packages/gap_follow-0.0.0-py3.10.egg-info/PKG-INFO
[0.667s] -- Installing: /home/dev/roboracer_ws/install/gap_follow/local/lib/python3.10/dist-packages/gap_follow-0.0.0-py3.10.egg-info/dependency_links.txt
[0.667s] -- Installing: /home/dev/roboracer_ws/install/gap_follow/local/lib/python3.10/dist-packages/gap_follow-0.0.0-py3.10.egg-info/SOURCES.txt
[0.667s] -- Up-to-date: /home/dev/roboracer_ws/install/gap_follow/local/lib/python3.10/dist-packages/gap_follow
[0.667s] -- Up-to-date: /home/dev/roboracer_ws/install/gap_follow/local/lib/python3.10/dist-packages/gap_follow/__init__.py
[0.680s] Listing '/home/dev/roboracer_ws/install/gap_follow/local/lib/python3.10/dist-packages/gap_follow'...
[0.681s] -- Up-to-date: /home/dev/roboracer_ws/install/gap_follow/lib/gap_follow/reactive_node.py
[0.681s] -- Up-to-date: /home/dev/roboracer_ws/install/gap_follow/share/ament_index/resource_index/package_run_dependencies/gap_follow
[0.681s] -- Up-to-date: /home/dev/roboracer_ws/install/gap_follow/share/ament_index/resource_index/parent_prefix_path/gap_follow
[0.681s] -- Up-to-date: /home/dev/roboracer_ws/install/gap_follow/share/gap_follow/environment/ament_prefix_path.sh
[0.682s] -- Up-to-date: /home/dev/roboracer_ws/install/gap_follow/share/gap_follow/environment/ament_prefix_path.dsv
[0.683s] -- Up-to-date: /home/dev/roboracer_ws/install/gap_follow/share/gap_follow/environment/path.sh
[0.683s] -- Up-to-date: /home/dev/roboracer_ws/install/gap_follow/share/gap_follow/environment/path.dsv
[0.683s] -- Up-to-date: /home/dev/roboracer_ws/install/gap_follow/share/gap_follow/local_setup.bash
[0.683s] -- Up-to-date: /home/dev/roboracer_ws/install/gap_follow/share/gap_follow/local_setup.sh
[0.683s] -- Up-to-date: /home/dev/roboracer_ws/install/gap_follow/share/gap_follow/local_setup.zsh
[0.684s] -- Up-to-date: /home/dev/roboracer_ws/install/gap_follow/share/gap_follow/local_setup.dsv
[0.684s] -- Installing: /home/dev/roboracer_ws/install/gap_follow/share/gap_follow/package.dsv
[0.684s] -- Up-to-date: /home/dev/roboracer_ws/install/gap_follow/share/ament_index/resource_index/packages/gap_follow
[0.684s] -- Up-to-date: /home/dev/roboracer_ws/install/gap_follow/share/gap_follow/cmake/gap_followConfig.cmake
[0.684s] -- Up-to-date: /home/dev/roboracer_ws/install/gap_follow/share/gap_follow/cmake/gap_followConfig-version.cmake
[0.684s] -- Up-to-date: /home/dev/roboracer_ws/install/gap_follow/share/gap_follow/package.xml
[0.731s] Invoked command in '/home/dev/roboracer_ws/build/gap_follow' returned '0': CMAKE_PREFIX_PATH=/opt/ros/humble /usr/local/bin/cmake --install /home/dev/roboracer_ws/build/gap_follow
