[0.033s] Invoking command in '/home/dev/roboracer_ws/build/udp_driver': CMAKE_PREFIX_PATH=/home/dev/roboracer_ws/install/io_context:/home/dev/roboracer_ws/install/asio_cmake_module:/home/dev/roboracer_ws/install/vesc:/home/dev/roboracer_ws/install/vesc_driver:/home/dev/roboracer_ws/install/vesc_ackermann:/home/dev/roboracer_ws/install/roboracer_yolov8_detector:/home/dev/roboracer_ws/install/roboracer_py:/opt/ros/humble:/home/dev/roboracer_ws/install/vesc_msgs:/home/dev/roboracer_ws/install/udp_driver:/home/dev/roboracer_ws/install/serial_driver:/home/dev/roboracer_ws/install/roboracer_visual_odom:/home/dev/roboracer_ws/install/roboracer_localization:/home/dev/roboracer_ws/install/roboracer_description:/home/dev/roboracer_ws/install/roboracer_controller:/home/dev/roboracer_ws/install/pure_pursuit:/home/dev/roboracer_ws/install/gap_follow LD_LIBRARY_PATH=/home/dev/roboracer_ws/install/io_context/lib:/home/dev/roboracer_ws/install/vesc_driver/lib:/home/dev/roboracer_ws/install/vesc_ackermann/lib:/home/dev/roboracer_ws/install/vesc_msgs/lib:/home/dev/roboracer_ws/install/udp_driver/lib:/home/dev/roboracer_ws/install/serial_driver/lib:/opt/ros/humble/opt/rviz_ogre_vendor/lib:/opt/ros/humble/lib/x86_64-linux-gnu:/opt/ros/humble/lib /usr/local/bin/cmake --build /home/dev/roboracer_ws/build/udp_driver -- -j8 -l8
[0.157s] [ 20%] Built target udp_receiver_node_exe
[0.158s] [ 20%] Built target udp_driver
[0.161s] [ 29%] Built target gtest
[0.161s] [ 37%] Built target udp_sender_node_exe
[0.162s] [ 45%] Built target gtest_main
[0.213s] [ 58%] Built target udp_driver_nodes
[0.252s] [ 70%] Built target udp_bridge_node_exe
[0.252s] [ 75%] Built target test_udp_data
[0.257s] [ 83%] Built target test_udp_driver
[0.257s] [ 91%] Built target test_udp_socket
[0.262s] [100%] Built target test_udp_driver_nodes
[0.268s] Invoked command in '/home/dev/roboracer_ws/build/udp_driver' returned '0': CMAKE_PREFIX_PATH=/home/dev/roboracer_ws/install/io_context:/home/dev/roboracer_ws/install/asio_cmake_module:/home/dev/roboracer_ws/install/vesc:/home/dev/roboracer_ws/install/vesc_driver:/home/dev/roboracer_ws/install/vesc_ackermann:/home/dev/roboracer_ws/install/roboracer_yolov8_detector:/home/dev/roboracer_ws/install/roboracer_py:/opt/ros/humble:/home/dev/roboracer_ws/install/vesc_msgs:/home/dev/roboracer_ws/install/udp_driver:/home/dev/roboracer_ws/install/serial_driver:/home/dev/roboracer_ws/install/roboracer_visual_odom:/home/dev/roboracer_ws/install/roboracer_localization:/home/dev/roboracer_ws/install/roboracer_description:/home/dev/roboracer_ws/install/roboracer_controller:/home/dev/roboracer_ws/install/pure_pursuit:/home/dev/roboracer_ws/install/gap_follow LD_LIBRARY_PATH=/home/dev/roboracer_ws/install/io_context/lib:/home/dev/roboracer_ws/install/vesc_driver/lib:/home/dev/roboracer_ws/install/vesc_ackermann/lib:/home/dev/roboracer_ws/install/vesc_msgs/lib:/home/dev/roboracer_ws/install/udp_driver/lib:/home/dev/roboracer_ws/install/serial_driver/lib:/opt/ros/humble/opt/rviz_ogre_vendor/lib:/opt/ros/humble/lib/x86_64-linux-gnu:/opt/ros/humble/lib /usr/local/bin/cmake --build /home/dev/roboracer_ws/build/udp_driver -- -j8 -l8
[0.269s] Invoking command in '/home/dev/roboracer_ws/build/udp_driver': CMAKE_PREFIX_PATH=/home/dev/roboracer_ws/install/io_context:/home/dev/roboracer_ws/install/asio_cmake_module:/home/dev/roboracer_ws/install/vesc:/home/dev/roboracer_ws/install/vesc_driver:/home/dev/roboracer_ws/install/vesc_ackermann:/home/dev/roboracer_ws/install/roboracer_yolov8_detector:/home/dev/roboracer_ws/install/roboracer_py:/opt/ros/humble:/home/dev/roboracer_ws/install/vesc_msgs:/home/dev/roboracer_ws/install/udp_driver:/home/dev/roboracer_ws/install/serial_driver:/home/dev/roboracer_ws/install/roboracer_visual_odom:/home/dev/roboracer_ws/install/roboracer_localization:/home/dev/roboracer_ws/install/roboracer_description:/home/dev/roboracer_ws/install/roboracer_controller:/home/dev/roboracer_ws/install/pure_pursuit:/home/dev/roboracer_ws/install/gap_follow LD_LIBRARY_PATH=/home/dev/roboracer_ws/install/io_context/lib:/home/dev/roboracer_ws/install/vesc_driver/lib:/home/dev/roboracer_ws/install/vesc_ackermann/lib:/home/dev/roboracer_ws/install/vesc_msgs/lib:/home/dev/roboracer_ws/install/udp_driver/lib:/home/dev/roboracer_ws/install/serial_driver/lib:/opt/ros/humble/opt/rviz_ogre_vendor/lib:/opt/ros/humble/lib/x86_64-linux-gnu:/opt/ros/humble/lib /usr/local/bin/cmake --install /home/dev/roboracer_ws/build/udp_driver
[0.369s] -- Install configuration: ""
[0.369s] -- Up-to-date: /home/dev/roboracer_ws/install/udp_driver/lib/udp_driver/udp_receiver_node_exe
[0.370s] -- Up-to-date: /home/dev/roboracer_ws/install/udp_driver/lib/udp_driver/udp_sender_node_exe
[0.371s] -- Up-to-date: /home/dev/roboracer_ws/install/udp_driver/include
[0.371s] -- Up-to-date: /home/dev/roboracer_ws/install/udp_driver/include/udp_driver
[0.371s] -- Up-to-date: /home/dev/roboracer_ws/install/udp_driver/include/udp_driver/visibility_control.hpp
[0.371s] -- Up-to-date: /home/dev/roboracer_ws/install/udp_driver/include/udp_driver/udp_sender_node.hpp
[0.371s] -- Up-to-date: /home/dev/roboracer_ws/install/udp_driver/include/udp_driver/udp_socket.hpp
[0.371s] -- Up-to-date: /home/dev/roboracer_ws/install/udp_driver/include/udp_driver/udp_receiver_node.hpp
[0.371s] -- Up-to-date: /home/dev/roboracer_ws/install/udp_driver/include/udp_driver/udp_driver.hpp
[0.371s] -- Up-to-date: /home/dev/roboracer_ws/install/udp_driver/share/udp_driver/environment/library_path.sh
[0.371s] -- Up-to-date: /home/dev/roboracer_ws/install/udp_driver/share/udp_driver/environment/library_path.dsv
[0.371s] -- Up-to-date: /home/dev/roboracer_ws/install/udp_driver/lib/libudp_driver.so
[0.371s] -- Up-to-date: /home/dev/roboracer_ws/install/udp_driver/lib/libudp_driver_nodes.so
[0.371s] -- Up-to-date: /home/dev/roboracer_ws/install/udp_driver/lib/udp_driver/udp_bridge_node_exe
[0.372s] -- Up-to-date: /home/dev/roboracer_ws/install/udp_driver/share/ament_index/resource_index/package_run_dependencies/udp_driver
[0.372s] -- Up-to-date: /home/dev/roboracer_ws/install/udp_driver/share/ament_index/resource_index/parent_prefix_path/udp_driver
[0.372s] -- Up-to-date: /home/dev/roboracer_ws/install/udp_driver/share/udp_driver/environment/ament_prefix_path.sh
[0.372s] -- Up-to-date: /home/dev/roboracer_ws/install/udp_driver/share/udp_driver/environment/ament_prefix_path.dsv
[0.372s] -- Up-to-date: /home/dev/roboracer_ws/install/udp_driver/share/udp_driver/environment/path.sh
[0.372s] -- Up-to-date: /home/dev/roboracer_ws/install/udp_driver/share/udp_driver/environment/path.dsv
[0.372s] -- Up-to-date: /home/dev/roboracer_ws/install/udp_driver/share/udp_driver/local_setup.bash
[0.372s] -- Up-to-date: /home/dev/roboracer_ws/install/udp_driver/share/udp_driver/local_setup.sh
[0.372s] -- Up-to-date: /home/dev/roboracer_ws/install/udp_driver/share/udp_driver/local_setup.zsh
[0.372s] -- Up-to-date: /home/dev/roboracer_ws/install/udp_driver/share/udp_driver/local_setup.dsv
[0.372s] -- Installing: /home/dev/roboracer_ws/install/udp_driver/share/udp_driver/package.dsv
[0.373s] -- Up-to-date: /home/dev/roboracer_ws/install/udp_driver/share/ament_index/resource_index/packages/udp_driver
[0.373s] -- Up-to-date: /home/dev/roboracer_ws/install/udp_driver/share/ament_index/resource_index/rclcpp_components/udp_driver
[0.373s] -- Up-to-date: /home/dev/roboracer_ws/install/udp_driver/share/udp_driver/cmake/ament_cmake_export_dependencies-extras.cmake
[0.374s] -- Up-to-date: /home/dev/roboracer_ws/install/udp_driver/share/udp_driver/cmake/ament_cmake_export_include_directories-extras.cmake
[0.374s] -- Up-to-date: /home/dev/roboracer_ws/install/udp_driver/share/udp_driver/cmake/ament_cmake_export_libraries-extras.cmake
[0.374s] -- Up-to-date: /home/dev/roboracer_ws/install/udp_driver/share/udp_driver/cmake/udp_driver-extras.cmake
[0.376s] -- Up-to-date: /home/dev/roboracer_ws/install/udp_driver/share/udp_driver/cmake/udp_driverConfig.cmake
[0.380s] -- Up-to-date: /home/dev/roboracer_ws/install/udp_driver/share/udp_driver/cmake/udp_driverConfig-version.cmake
[0.380s] -- Up-to-date: /home/dev/roboracer_ws/install/udp_driver/share/udp_driver/package.xml
[0.382s] Invoked command in '/home/dev/roboracer_ws/build/udp_driver' returned '0': CMAKE_PREFIX_PATH=/home/dev/roboracer_ws/install/io_context:/home/dev/roboracer_ws/install/asio_cmake_module:/home/dev/roboracer_ws/install/vesc:/home/dev/roboracer_ws/install/vesc_driver:/home/dev/roboracer_ws/install/vesc_ackermann:/home/dev/roboracer_ws/install/roboracer_yolov8_detector:/home/dev/roboracer_ws/install/roboracer_py:/opt/ros/humble:/home/dev/roboracer_ws/install/vesc_msgs:/home/dev/roboracer_ws/install/udp_driver:/home/dev/roboracer_ws/install/serial_driver:/home/dev/roboracer_ws/install/roboracer_visual_odom:/home/dev/roboracer_ws/install/roboracer_localization:/home/dev/roboracer_ws/install/roboracer_description:/home/dev/roboracer_ws/install/roboracer_controller:/home/dev/roboracer_ws/install/pure_pursuit:/home/dev/roboracer_ws/install/gap_follow LD_LIBRARY_PATH=/home/dev/roboracer_ws/install/io_context/lib:/home/dev/roboracer_ws/install/vesc_driver/lib:/home/dev/roboracer_ws/install/vesc_ackermann/lib:/home/dev/roboracer_ws/install/vesc_msgs/lib:/home/dev/roboracer_ws/install/udp_driver/lib:/home/dev/roboracer_ws/install/serial_driver/lib:/opt/ros/humble/opt/rviz_ogre_vendor/lib:/opt/ros/humble/lib/x86_64-linux-gnu:/opt/ros/humble/lib /usr/local/bin/cmake --install /home/dev/roboracer_ws/build/udp_driver
