[1.412s] Invoking command in '/home/dev/roboracer_ws/src/roboracer_yolov8_detector': PYTHONPATH=/home/dev/roboracer_ws/build/roboracer_yolov8_detector/prefix_override:/usr/lib/python3/dist-packages/colcon_core/task/python/colcon_distutils_commands:/home/dev/roboracer_ws/install/roboracer_yolov8_detector/lib/python3.10/site-packages:${PYTHONPATH} /usr/bin/python3 -W ignore:setup.py install is deprecated -W ignore:easy_install command is deprecated setup.py egg_info --egg-base ../../build/roboracer_yolov8_detector build --build-base /home/dev/roboracer_ws/build/roboracer_yolov8_detector/build install --record /home/dev/roboracer_ws/build/roboracer_yolov8_detector/install.log --single-version-externally-managed install_data
[1.709s] running egg_info
[1.710s] writing ../../build/roboracer_yolov8_detector/roboracer_yolov8_detector.egg-info/PKG-INFO
[1.710s] writing dependency_links to ../../build/roboracer_yolov8_detector/roboracer_yolov8_detector.egg-info/dependency_links.txt
[1.710s] writing entry points to ../../build/roboracer_yolov8_detector/roboracer_yolov8_detector.egg-info/entry_points.txt
[1.710s] writing requirements to ../../build/roboracer_yolov8_detector/roboracer_yolov8_detector.egg-info/requires.txt
[1.710s] writing top-level names to ../../build/roboracer_yolov8_detector/roboracer_yolov8_detector.egg-info/top_level.txt
[1.714s] reading manifest file '../../build/roboracer_yolov8_detector/roboracer_yolov8_detector.egg-info/SOURCES.txt'
[1.714s] writing manifest file '../../build/roboracer_yolov8_detector/roboracer_yolov8_detector.egg-info/SOURCES.txt'
[1.714s] running build
[1.714s] running build_py
[1.715s] running install
[1.715s] running install_lib
[1.717s] running install_data
[1.717s] running install_egg_info
[1.719s] removing '/home/dev/roboracer_ws/install/roboracer_yolov8_detector/lib/python3.10/site-packages/roboracer_yolov8_detector-0.0.0-py3.10.egg-info' (and everything under it)
[1.719s] Copying ../../build/roboracer_yolov8_detector/roboracer_yolov8_detector.egg-info to /home/dev/roboracer_ws/install/roboracer_yolov8_detector/lib/python3.10/site-packages/roboracer_yolov8_detector-0.0.0-py3.10.egg-info
[1.721s] running install_scripts
[1.748s] Installing detection_3d_node script to /home/dev/roboracer_ws/install/roboracer_yolov8_detector/lib/roboracer_yolov8_detector
[1.748s] Installing yolov8_detection_node script to /home/dev/roboracer_ws/install/roboracer_yolov8_detector/lib/roboracer_yolov8_detector
[1.748s] writing list of installed files to '/home/dev/roboracer_ws/build/roboracer_yolov8_detector/install.log'
[1.794s] Invoked command in '/home/dev/roboracer_ws/src/roboracer_yolov8_detector' returned '0': PYTHONPATH=/home/dev/roboracer_ws/build/roboracer_yolov8_detector/prefix_override:/usr/lib/python3/dist-packages/colcon_core/task/python/colcon_distutils_commands:/home/dev/roboracer_ws/install/roboracer_yolov8_detector/lib/python3.10/site-packages:${PYTHONPATH} /usr/bin/python3 -W ignore:setup.py install is deprecated -W ignore:easy_install command is deprecated setup.py egg_info --egg-base ../../build/roboracer_yolov8_detector build --build-base /home/dev/roboracer_ws/build/roboracer_yolov8_detector/build install --record /home/dev/roboracer_ws/build/roboracer_yolov8_detector/install.log --single-version-externally-managed install_data
