[ 50%] Built target rgbd_pointcloud_publisher
[100%] Built target visual_odom
-- Install configuration: ""
-- Installing: /home/dev/roboracer_ws/install/roboracer_visual_odom/lib/roboracer_visual_odom/visual_odom
-- Set non-toolchain portion of runtime path of "/home/dev/roboracer_ws/install/roboracer_visual_odom/lib/roboracer_visual_odom/visual_odom" to ""
-- Up-to-date: /home/dev/roboracer_ws/install/roboracer_visual_odom/lib/roboracer_visual_odom/rgbd_pointcloud_publisher
-- Up-to-date: /home/dev/roboracer_ws/install/roboracer_visual_odom/share/ament_index/resource_index/package_run_dependencies/roboracer_visual_odom
-- Up-to-date: /home/dev/roboracer_ws/install/roboracer_visual_odom/share/ament_index/resource_index/parent_prefix_path/roboracer_visual_odom
-- Up-to-date: /home/dev/roboracer_ws/install/roboracer_visual_odom/share/roboracer_visual_odom/environment/ament_prefix_path.sh
-- Installing: /home/dev/roboracer_ws/install/roboracer_visual_odom/share/roboracer_visual_odom/environment/ament_prefix_path.dsv
-- Up-to-date: /home/dev/roboracer_ws/install/roboracer_visual_odom/share/roboracer_visual_odom/environment/path.sh
-- Installing: /home/dev/roboracer_ws/install/roboracer_visual_odom/share/roboracer_visual_odom/environment/path.dsv
-- Up-to-date: /home/dev/roboracer_ws/install/roboracer_visual_odom/share/roboracer_visual_odom/local_setup.bash
-- Up-to-date: /home/dev/roboracer_ws/install/roboracer_visual_odom/share/roboracer_visual_odom/local_setup.sh
-- Up-to-date: /home/dev/roboracer_ws/install/roboracer_visual_odom/share/roboracer_visual_odom/local_setup.zsh
-- Installing: /home/dev/roboracer_ws/install/roboracer_visual_odom/share/roboracer_visual_odom/local_setup.dsv
-- Installing: /home/dev/roboracer_ws/install/roboracer_visual_odom/share/roboracer_visual_odom/package.dsv
-- Up-to-date: /home/dev/roboracer_ws/install/roboracer_visual_odom/share/ament_index/resource_index/packages/roboracer_visual_odom
-- Up-to-date: /home/dev/roboracer_ws/install/roboracer_visual_odom/share/roboracer_visual_odom/cmake/ament_cmake_export_dependencies-extras.cmake
-- Up-to-date: /home/dev/roboracer_ws/install/roboracer_visual_odom/share/roboracer_visual_odom/cmake/roboracer_visual_odomConfig.cmake
-- Up-to-date: /home/dev/roboracer_ws/install/roboracer_visual_odom/share/roboracer_visual_odom/cmake/roboracer_visual_odomConfig-version.cmake
-- Up-to-date: /home/dev/roboracer_ws/install/roboracer_visual_odom/share/roboracer_visual_odom/package.xml
