[0.269s] Invoking command in '/home/loq/roboracer_ws/build/roboracer_visual_odom': CMAKE_PREFIX_PATH=${CMAKE_PREFIX_PATH}:/home/loq/drivingcar_ws/install/self_driving_car_pkg:/home/loq/bumperbot_ws/install/bumperbot_py_example:/home/loq/roboracer_ws/install/roboracer_yolov8_detector:/home/loq/roboracer_ws/install/roboracer_py:/home/loq/ros2_action_ws/install/lifecycle_py:/home/loq/ros2_action_ws/install/action_py:/opt/ros/humble /usr/bin/cmake /home/loq/roboracer_ws/src/roboracer_visual_odom -DAMENT_CMAKE_SYMLINK_INSTALL=1 -DCMAKE_INSTALL_PREFIX=/home/loq/roboracer_ws/install/roboracer_visual_odom
[0.282s] -- Found ament_cmake: 1.3.11 (/opt/ros/humble/share/ament_cmake/cmake)
[0.414s] -- Override CMake install command with custom implementation using symlinks instead of copying resources
[0.420s] -- Found rclcpp: 16.0.12 (/opt/ros/humble/share/rclcpp/cmake)
[0.449s] -- Found rosidl_generator_c: 3.1.6 (/opt/ros/humble/share/rosidl_generator_c/cmake)
[0.451s] -- Found rosidl_adapter: 3.1.6 (/opt/ros/humble/share/rosidl_adapter/cmake)
[0.455s] -- Found rosidl_generator_cpp: 3.1.6 (/opt/ros/humble/share/rosidl_generator_cpp/cmake)
[0.463s] -- Using all available rosidl_typesupport_c: rosidl_typesupport_fastrtps_c;rosidl_typesupport_introspection_c
[0.472s] -- Using all available rosidl_typesupport_cpp: rosidl_typesupport_fastrtps_cpp;rosidl_typesupport_introspection_cpp
[0.497s] -- Found rmw_implementation_cmake: 6.1.2 (/opt/ros/humble/share/rmw_implementation_cmake/cmake)
[0.498s] -- Found rmw_cyclonedds_cpp: 1.3.4 (/opt/ros/humble/share/rmw_cyclonedds_cpp/cmake)
[0.512s] -- Using RMW implementation 'rmw_cyclonedds_cpp' as default
[0.550s] -- Found sensor_msgs: 4.8.0 (/opt/ros/humble/share/sensor_msgs/cmake)
[0.572s] -- Found nav_msgs: 4.8.0 (/opt/ros/humble/share/nav_msgs/cmake)
[0.587s] -- Found tf2_ros: 0.25.12 (/opt/ros/humble/share/tf2_ros/cmake)
[0.692s] -- Found tf2_geometry_msgs: 0.25.12 (/opt/ros/humble/share/tf2_geometry_msgs/cmake)
[0.697s] -- Found eigen3_cmake_module: 0.1.1 (/opt/ros/humble/share/eigen3_cmake_module/cmake)
[0.698s] -- Found Eigen3: TRUE (found version "3.4.0") 
[0.698s] -- Ensuring Eigen3 include directory is part of orocos-kdl CMake target
[0.699s] -- Found cv_bridge: 3.2.1 (/opt/ros/humble/share/cv_bridge/cmake)
[0.708s] -- Found Eigen3: TRUE (found suitable version "3.4.0", minimum required is "3.4.0") 
[0.721s] -- Eigen found (include: /usr/include/eigen3, version: 3.4.0)
[0.771s] -- FLANN found (include: /usr/include, lib: /usr/lib/x86_64-linux-gnu/libflann_cpp.so)
[0.980s] -- Found Eigen3: /usr/include/eigen3 (found version "3.4.0") 
[1.105s] -- OpenNI found (version: 1.5.4.0, include: /usr/include/ni, lib: /usr/lib/libOpenNI.so;libusb::libusb)
[1.112s] -- OpenNI2 found (version: 2.2.0.33, include: /usr/include/openni2, lib: /usr/lib/x86_64-linux-gnu/libOpenNI2.so;libusb::libusb)
[1.112s] [0m** WARNING ** io features related to pcap will be disabled[0m
[1.252s] -- Eigen found (include: /usr/include/eigen3, version: 3.4.0)
[1.259s] -- OpenNI found (version: 1.5.4.0, include: /usr/include/ni, lib: /usr/lib/libOpenNI.so;libusb::libusb)
[1.266s] -- OpenNI2 found (version: 2.2.0.33, include: /usr/include/openni2, lib: /usr/lib/x86_64-linux-gnu/libOpenNI2.so;libusb::libusb)
[1.410s] -- Found Qhull version 8.0.2
[1.542s] -- OpenNI found (version: 1.5.4.0, include: /usr/include/ni, lib: /usr/lib/libOpenNI.so;libusb::libusb)
[1.666s] -- looking for PCL_COMMON
[1.667s] -- looking for PCL_KDTREE
[1.667s] -- looking for PCL_OCTREE
[1.667s] -- looking for PCL_SEARCH
[1.668s] -- looking for PCL_SAMPLE_CONSENSUS
[1.668s] -- looking for PCL_FILTERS
[1.668s] -- looking for PCL_2D
[1.668s] -- looking for PCL_GEOMETRY
[1.669s] -- looking for PCL_IO
[1.669s] -- looking for PCL_FEATURES
[1.669s] -- looking for PCL_ML
[1.670s] -- looking for PCL_SEGMENTATION
[1.670s] -- looking for PCL_VISUALIZATION
[1.670s] -- looking for PCL_SURFACE
[1.670s] -- looking for PCL_REGISTRATION
[1.671s] -- looking for PCL_KEYPOINTS
[1.671s] -- looking for PCL_TRACKING
[1.671s] -- looking for PCL_RECOGNITION
[1.672s] -- looking for PCL_STEREO
[1.672s] -- looking for PCL_APPS
[1.672s] -- looking for PCL_IN_HAND_SCANNER
[1.672s] -- looking for PCL_MODELER
[1.673s] -- looking for PCL_POINT_CLOUD_EDITOR
[1.673s] -- looking for PCL_OUTOFCORE
[1.673s] -- looking for PCL_PEOPLE
[1.677s] -- Found pcl_conversions: 2.4.5 (/opt/ros/humble/share/pcl_conversions/cmake)
[1.761s] -- Configuring done
[1.800s] -- Generating done
[1.810s] -- Build files have been written to: /home/loq/roboracer_ws/build/roboracer_visual_odom
[1.826s] Invoked command in '/home/loq/roboracer_ws/build/roboracer_visual_odom' returned '0': CMAKE_PREFIX_PATH=${CMAKE_PREFIX_PATH}:/home/loq/drivingcar_ws/install/self_driving_car_pkg:/home/loq/bumperbot_ws/install/bumperbot_py_example:/home/loq/roboracer_ws/install/roboracer_yolov8_detector:/home/loq/roboracer_ws/install/roboracer_py:/home/loq/ros2_action_ws/install/lifecycle_py:/home/loq/ros2_action_ws/install/action_py:/opt/ros/humble /usr/bin/cmake /home/loq/roboracer_ws/src/roboracer_visual_odom -DAMENT_CMAKE_SYMLINK_INSTALL=1 -DCMAKE_INSTALL_PREFIX=/home/loq/roboracer_ws/install/roboracer_visual_odom
[1.827s] Invoking command in '/home/loq/roboracer_ws/build/roboracer_visual_odom': CMAKE_PREFIX_PATH=${CMAKE_PREFIX_PATH}:/home/loq/drivingcar_ws/install/self_driving_car_pkg:/home/loq/bumperbot_ws/install/bumperbot_py_example:/home/loq/roboracer_ws/install/roboracer_yolov8_detector:/home/loq/roboracer_ws/install/roboracer_py:/home/loq/ros2_action_ws/install/lifecycle_py:/home/loq/ros2_action_ws/install/action_py:/opt/ros/humble /usr/bin/cmake --build /home/loq/roboracer_ws/build/roboracer_visual_odom -- -j8 -l8
[1.870s] [35m[1mConsolidate compiler generated dependencies of target visual_odom[0m
[1.899s] [100%] Built target visual_odom
[1.911s] Invoked command in '/home/loq/roboracer_ws/build/roboracer_visual_odom' returned '0': CMAKE_PREFIX_PATH=${CMAKE_PREFIX_PATH}:/home/loq/drivingcar_ws/install/self_driving_car_pkg:/home/loq/bumperbot_ws/install/bumperbot_py_example:/home/loq/roboracer_ws/install/roboracer_yolov8_detector:/home/loq/roboracer_ws/install/roboracer_py:/home/loq/ros2_action_ws/install/lifecycle_py:/home/loq/ros2_action_ws/install/action_py:/opt/ros/humble /usr/bin/cmake --build /home/loq/roboracer_ws/build/roboracer_visual_odom -- -j8 -l8
[1.912s] Invoking command in '/home/loq/roboracer_ws/build/roboracer_visual_odom': CMAKE_PREFIX_PATH=${CMAKE_PREFIX_PATH}:/home/loq/drivingcar_ws/install/self_driving_car_pkg:/home/loq/bumperbot_ws/install/bumperbot_py_example:/home/loq/roboracer_ws/install/roboracer_yolov8_detector:/home/loq/roboracer_ws/install/roboracer_py:/home/loq/ros2_action_ws/install/lifecycle_py:/home/loq/ros2_action_ws/install/action_py:/opt/ros/humble /usr/bin/cmake --install /home/loq/roboracer_ws/build/roboracer_visual_odom
[1.919s] -- Install configuration: ""
[1.920s] -- Execute custom install script
[1.920s] -- Up-to-date symlink: /home/loq/roboracer_ws/install/roboracer_visual_odom/lib/roboracer_visual_odom/visual_odom
[1.920s] -- Up-to-date symlink: /home/loq/roboracer_ws/install/roboracer_visual_odom/share/ament_index/resource_index/package_run_dependencies/roboracer_visual_odom
[1.920s] -- Up-to-date symlink: /home/loq/roboracer_ws/install/roboracer_visual_odom/share/ament_index/resource_index/parent_prefix_path/roboracer_visual_odom
[1.920s] -- Up-to-date symlink: /home/loq/roboracer_ws/install/roboracer_visual_odom/share/roboracer_visual_odom/environment/ament_prefix_path.sh
[1.921s] -- Up-to-date symlink: /home/loq/roboracer_ws/install/roboracer_visual_odom/share/roboracer_visual_odom/environment/ament_prefix_path.dsv
[1.921s] -- Up-to-date symlink: /home/loq/roboracer_ws/install/roboracer_visual_odom/share/roboracer_visual_odom/environment/path.sh
[1.921s] -- Up-to-date symlink: /home/loq/roboracer_ws/install/roboracer_visual_odom/share/roboracer_visual_odom/environment/path.dsv
[1.921s] -- Up-to-date symlink: /home/loq/roboracer_ws/install/roboracer_visual_odom/share/roboracer_visual_odom/local_setup.bash
[1.921s] -- Up-to-date symlink: /home/loq/roboracer_ws/install/roboracer_visual_odom/share/roboracer_visual_odom/local_setup.sh
[1.921s] -- Up-to-date symlink: /home/loq/roboracer_ws/install/roboracer_visual_odom/share/roboracer_visual_odom/local_setup.zsh
[1.921s] -- Up-to-date symlink: /home/loq/roboracer_ws/install/roboracer_visual_odom/share/roboracer_visual_odom/local_setup.dsv
[1.921s] -- Symlinking: /home/loq/roboracer_ws/install/roboracer_visual_odom/share/roboracer_visual_odom/package.dsv
[1.930s] -- Up-to-date symlink: /home/loq/roboracer_ws/install/roboracer_visual_odom/share/ament_index/resource_index/packages/roboracer_visual_odom
[1.930s] -- Up-to-date symlink: /home/loq/roboracer_ws/install/roboracer_visual_odom/share/roboracer_visual_odom/cmake/roboracer_visual_odomConfig.cmake
[1.930s] -- Up-to-date symlink: /home/loq/roboracer_ws/install/roboracer_visual_odom/share/roboracer_visual_odom/cmake/roboracer_visual_odomConfig-version.cmake
[1.931s] -- Up-to-date symlink: /home/loq/roboracer_ws/install/roboracer_visual_odom/share/roboracer_visual_odom/package.xml
[1.933s] Invoked command in '/home/loq/roboracer_ws/build/roboracer_visual_odom' returned '0': CMAKE_PREFIX_PATH=${CMAKE_PREFIX_PATH}:/home/loq/drivingcar_ws/install/self_driving_car_pkg:/home/loq/bumperbot_ws/install/bumperbot_py_example:/home/loq/roboracer_ws/install/roboracer_yolov8_detector:/home/loq/roboracer_ws/install/roboracer_py:/home/loq/ros2_action_ws/install/lifecycle_py:/home/loq/ros2_action_ws/install/action_py:/opt/ros/humble /usr/bin/cmake --install /home/loq/roboracer_ws/build/roboracer_visual_odom
