[0.021s] Invoking command in '/home/dev/roboracer_ws/build/vesc': AMENT_PREFIX_PATH=/home/dev/roboracer_ws/install/vesc_driver:/home/dev/roboracer_ws/install/serial_driver:/home/dev/roboracer_ws/install/vesc_ackermann:/home/dev/roboracer_ws/install/io_context:/home/dev/roboracer_ws/install/vesc_msgs:/home/dev/roboracer_ws/install/asio_cmake_module:${AMENT_PREFIX_PATH} CMAKE_PREFIX_PATH=/home/dev/roboracer_ws/install/vesc_driver:/home/dev/roboracer_ws/install/serial_driver:/home/dev/roboracer_ws/install/vesc_ackermann:/home/dev/roboracer_ws/install/io_context:/opt/ros/humble:/home/dev/roboracer_ws/install/vesc_msgs:/home/dev/roboracer_ws/install/asio_cmake_module LD_LIBRARY_PATH=/home/dev/roboracer_ws/install/vesc_driver/lib:/home/dev/roboracer_ws/install/serial_driver/lib:/home/dev/roboracer_ws/install/vesc_ackermann/lib:/home/dev/roboracer_ws/install/io_context/lib:/home/dev/roboracer_ws/install/vesc_msgs/lib:${LD_LIBRARY_PATH} PYTHONPATH=/home/dev/roboracer_ws/install/vesc_msgs/local/lib/python3.10/dist-packages:${PYTHONPATH} /usr/local/bin/cmake --build /home/dev/roboracer_ws/build/vesc -- -j8 -l8
[0.104s] Invoked command in '/home/dev/roboracer_ws/build/vesc' returned '0': AMENT_PREFIX_PATH=/home/dev/roboracer_ws/install/vesc_driver:/home/dev/roboracer_ws/install/serial_driver:/home/dev/roboracer_ws/install/vesc_ackermann:/home/dev/roboracer_ws/install/io_context:/home/dev/roboracer_ws/install/vesc_msgs:/home/dev/roboracer_ws/install/asio_cmake_module:${AMENT_PREFIX_PATH} CMAKE_PREFIX_PATH=/home/dev/roboracer_ws/install/vesc_driver:/home/dev/roboracer_ws/install/serial_driver:/home/dev/roboracer_ws/install/vesc_ackermann:/home/dev/roboracer_ws/install/io_context:/opt/ros/humble:/home/dev/roboracer_ws/install/vesc_msgs:/home/dev/roboracer_ws/install/asio_cmake_module LD_LIBRARY_PATH=/home/dev/roboracer_ws/install/vesc_driver/lib:/home/dev/roboracer_ws/install/serial_driver/lib:/home/dev/roboracer_ws/install/vesc_ackermann/lib:/home/dev/roboracer_ws/install/io_context/lib:/home/dev/roboracer_ws/install/vesc_msgs/lib:${LD_LIBRARY_PATH} PYTHONPATH=/home/dev/roboracer_ws/install/vesc_msgs/local/lib/python3.10/dist-packages:${PYTHONPATH} /usr/local/bin/cmake --build /home/dev/roboracer_ws/build/vesc -- -j8 -l8
[0.105s] Invoking command in '/home/dev/roboracer_ws/build/vesc': AMENT_PREFIX_PATH=/home/dev/roboracer_ws/install/vesc_driver:/home/dev/roboracer_ws/install/serial_driver:/home/dev/roboracer_ws/install/vesc_ackermann:/home/dev/roboracer_ws/install/io_context:/home/dev/roboracer_ws/install/vesc_msgs:/home/dev/roboracer_ws/install/asio_cmake_module:${AMENT_PREFIX_PATH} CMAKE_PREFIX_PATH=/home/dev/roboracer_ws/install/vesc_driver:/home/dev/roboracer_ws/install/serial_driver:/home/dev/roboracer_ws/install/vesc_ackermann:/home/dev/roboracer_ws/install/io_context:/opt/ros/humble:/home/dev/roboracer_ws/install/vesc_msgs:/home/dev/roboracer_ws/install/asio_cmake_module LD_LIBRARY_PATH=/home/dev/roboracer_ws/install/vesc_driver/lib:/home/dev/roboracer_ws/install/serial_driver/lib:/home/dev/roboracer_ws/install/vesc_ackermann/lib:/home/dev/roboracer_ws/install/io_context/lib:/home/dev/roboracer_ws/install/vesc_msgs/lib:${LD_LIBRARY_PATH} PYTHONPATH=/home/dev/roboracer_ws/install/vesc_msgs/local/lib/python3.10/dist-packages:${PYTHONPATH} /usr/local/bin/cmake --install /home/dev/roboracer_ws/build/vesc
[0.167s] -- Install configuration: ""
[0.168s] -- Up-to-date: /home/dev/roboracer_ws/install/vesc/share/ament_index/resource_index/package_run_dependencies/vesc
[0.168s] -- Up-to-date: /home/dev/roboracer_ws/install/vesc/share/ament_index/resource_index/parent_prefix_path/vesc
[0.168s] -- Up-to-date: /home/dev/roboracer_ws/install/vesc/share/vesc/environment/ament_prefix_path.sh
[0.168s] -- Up-to-date: /home/dev/roboracer_ws/install/vesc/share/vesc/environment/ament_prefix_path.dsv
[0.168s] -- Up-to-date: /home/dev/roboracer_ws/install/vesc/share/vesc/environment/path.sh
[0.168s] -- Up-to-date: /home/dev/roboracer_ws/install/vesc/share/vesc/environment/path.dsv
[0.168s] -- Up-to-date: /home/dev/roboracer_ws/install/vesc/share/vesc/local_setup.bash
[0.168s] -- Up-to-date: /home/dev/roboracer_ws/install/vesc/share/vesc/local_setup.sh
[0.168s] -- Up-to-date: /home/dev/roboracer_ws/install/vesc/share/vesc/local_setup.zsh
[0.168s] -- Up-to-date: /home/dev/roboracer_ws/install/vesc/share/vesc/local_setup.dsv
[0.168s] -- Installing: /home/dev/roboracer_ws/install/vesc/share/vesc/package.dsv
[0.168s] -- Up-to-date: /home/dev/roboracer_ws/install/vesc/share/ament_index/resource_index/packages/vesc
[0.168s] -- Up-to-date: /home/dev/roboracer_ws/install/vesc/share/vesc/cmake/vescConfig.cmake
[0.169s] -- Up-to-date: /home/dev/roboracer_ws/install/vesc/share/vesc/cmake/vescConfig-version.cmake
[0.170s] -- Up-to-date: /home/dev/roboracer_ws/install/vesc/share/vesc/package.xml
[0.170s] Invoked command in '/home/dev/roboracer_ws/build/vesc' returned '0': AMENT_PREFIX_PATH=/home/dev/roboracer_ws/install/vesc_driver:/home/dev/roboracer_ws/install/serial_driver:/home/dev/roboracer_ws/install/vesc_ackermann:/home/dev/roboracer_ws/install/io_context:/home/dev/roboracer_ws/install/vesc_msgs:/home/dev/roboracer_ws/install/asio_cmake_module:${AMENT_PREFIX_PATH} CMAKE_PREFIX_PATH=/home/dev/roboracer_ws/install/vesc_driver:/home/dev/roboracer_ws/install/serial_driver:/home/dev/roboracer_ws/install/vesc_ackermann:/home/dev/roboracer_ws/install/io_context:/opt/ros/humble:/home/dev/roboracer_ws/install/vesc_msgs:/home/dev/roboracer_ws/install/asio_cmake_module LD_LIBRARY_PATH=/home/dev/roboracer_ws/install/vesc_driver/lib:/home/dev/roboracer_ws/install/serial_driver/lib:/home/dev/roboracer_ws/install/vesc_ackermann/lib:/home/dev/roboracer_ws/install/io_context/lib:/home/dev/roboracer_ws/install/vesc_msgs/lib:${LD_LIBRARY_PATH} PYTHONPATH=/home/dev/roboracer_ws/install/vesc_msgs/local/lib/python3.10/dist-packages:${PYTHONPATH} /usr/local/bin/cmake --install /home/dev/roboracer_ws/build/vesc
