[0.915s] Invoking command in '/home/loq/roboracer_ws/roboracer_dissertation/roboracer_project/roboracer_ws/src/roboracer_yolov8_detector': PYTHONPATH=/home/loq/roboracer_ws/roboracer_dissertation/build/roboracer_yolov8_detector/prefix_override:/usr/lib/python3/dist-packages/colcon_core/task/python/colcon_distutils_commands:/home/loq/roboracer_ws/roboracer_dissertation/install/roboracer_yolov8_detector/lib/python3.10/site-packages:${PYTHONPATH} /usr/bin/python3 -W ignore:setup.py install is deprecated -W ignore:easy_install command is deprecated setup.py egg_info --egg-base ../../../../build/roboracer_yolov8_detector build --build-base /home/loq/roboracer_ws/roboracer_dissertation/build/roboracer_yolov8_detector/build install --record /home/loq/roboracer_ws/roboracer_dissertation/build/roboracer_yolov8_detector/install.log --single-version-externally-managed install_data
[1.280s] running egg_info
[1.280s] creating ../../../../build/roboracer_yolov8_detector/roboracer_yolov8_detector.egg-info
[1.281s] writing ../../../../build/roboracer_yolov8_detector/roboracer_yolov8_detector.egg-info/PKG-INFO
[1.283s] writing dependency_links to ../../../../build/roboracer_yolov8_detector/roboracer_yolov8_detector.egg-info/dependency_links.txt
[1.283s] writing entry points to ../../../../build/roboracer_yolov8_detector/roboracer_yolov8_detector.egg-info/entry_points.txt
[1.283s] writing requirements to ../../../../build/roboracer_yolov8_detector/roboracer_yolov8_detector.egg-info/requires.txt
[1.283s] writing top-level names to ../../../../build/roboracer_yolov8_detector/roboracer_yolov8_detector.egg-info/top_level.txt
[1.283s] writing manifest file '../../../../build/roboracer_yolov8_detector/roboracer_yolov8_detector.egg-info/SOURCES.txt'
[1.284s] reading manifest file '../../../../build/roboracer_yolov8_detector/roboracer_yolov8_detector.egg-info/SOURCES.txt'
[1.286s] writing manifest file '../../../../build/roboracer_yolov8_detector/roboracer_yolov8_detector.egg-info/SOURCES.txt'
[1.286s] running build
[1.286s] running build_py
[1.288s] creating /home/loq/roboracer_ws/roboracer_dissertation/build/roboracer_yolov8_detector/build
[1.288s] creating /home/loq/roboracer_ws/roboracer_dissertation/build/roboracer_yolov8_detector/build/lib
[1.289s] creating /home/loq/roboracer_ws/roboracer_dissertation/build/roboracer_yolov8_detector/build/lib/roboracer_yolov8_detector
[1.289s] copying roboracer_yolov8_detector/yolov8_detection_node.py -> /home/loq/roboracer_ws/roboracer_dissertation/build/roboracer_yolov8_detector/build/lib/roboracer_yolov8_detector
[1.289s] copying roboracer_yolov8_detector/__init__.py -> /home/loq/roboracer_ws/roboracer_dissertation/build/roboracer_yolov8_detector/build/lib/roboracer_yolov8_detector
[1.289s] copying roboracer_yolov8_detector/detection_3d_node.py -> /home/loq/roboracer_ws/roboracer_dissertation/build/roboracer_yolov8_detector/build/lib/roboracer_yolov8_detector
[1.289s] running install
[1.289s] running install_lib
[1.290s] creating /home/loq/roboracer_ws/roboracer_dissertation/install/roboracer_yolov8_detector/lib/python3.10/site-packages/roboracer_yolov8_detector
[1.291s] copying /home/loq/roboracer_ws/roboracer_dissertation/build/roboracer_yolov8_detector/build/lib/roboracer_yolov8_detector/yolov8_detection_node.py -> /home/loq/roboracer_ws/roboracer_dissertation/install/roboracer_yolov8_detector/lib/python3.10/site-packages/roboracer_yolov8_detector
[1.291s] copying /home/loq/roboracer_ws/roboracer_dissertation/build/roboracer_yolov8_detector/build/lib/roboracer_yolov8_detector/__init__.py -> /home/loq/roboracer_ws/roboracer_dissertation/install/roboracer_yolov8_detector/lib/python3.10/site-packages/roboracer_yolov8_detector
[1.291s] copying /home/loq/roboracer_ws/roboracer_dissertation/build/roboracer_yolov8_detector/build/lib/roboracer_yolov8_detector/detection_3d_node.py -> /home/loq/roboracer_ws/roboracer_dissertation/install/roboracer_yolov8_detector/lib/python3.10/site-packages/roboracer_yolov8_detector
[1.291s] byte-compiling /home/loq/roboracer_ws/roboracer_dissertation/install/roboracer_yolov8_detector/lib/python3.10/site-packages/roboracer_yolov8_detector/yolov8_detection_node.py to yolov8_detection_node.cpython-310.pyc
[1.295s] byte-compiling /home/loq/roboracer_ws/roboracer_dissertation/install/roboracer_yolov8_detector/lib/python3.10/site-packages/roboracer_yolov8_detector/__init__.py to __init__.cpython-310.pyc
[1.295s] byte-compiling /home/loq/roboracer_ws/roboracer_dissertation/install/roboracer_yolov8_detector/lib/python3.10/site-packages/roboracer_yolov8_detector/detection_3d_node.py to detection_3d_node.cpython-310.pyc
[1.295s] running install_data
[1.295s] creating /home/loq/roboracer_ws/roboracer_dissertation/install/roboracer_yolov8_detector/share/ament_index
[1.295s] creating /home/loq/roboracer_ws/roboracer_dissertation/install/roboracer_yolov8_detector/share/ament_index/resource_index
[1.295s] creating /home/loq/roboracer_ws/roboracer_dissertation/install/roboracer_yolov8_detector/share/ament_index/resource_index/packages
[1.295s] copying resource/roboracer_yolov8_detector -> /home/loq/roboracer_ws/roboracer_dissertation/install/roboracer_yolov8_detector/share/ament_index/resource_index/packages
[1.295s] copying package.xml -> /home/loq/roboracer_ws/roboracer_dissertation/install/roboracer_yolov8_detector/share/roboracer_yolov8_detector
[1.295s] running install_egg_info
[1.298s] Copying ../../../../build/roboracer_yolov8_detector/roboracer_yolov8_detector.egg-info to /home/loq/roboracer_ws/roboracer_dissertation/install/roboracer_yolov8_detector/lib/python3.10/site-packages/roboracer_yolov8_detector-0.0.0-py3.10.egg-info
[1.299s] running install_scripts
[1.330s] Installing detection_3d_node script to /home/loq/roboracer_ws/roboracer_dissertation/install/roboracer_yolov8_detector/lib/roboracer_yolov8_detector
[1.330s] Installing yolov8_detection_node script to /home/loq/roboracer_ws/roboracer_dissertation/install/roboracer_yolov8_detector/lib/roboracer_yolov8_detector
[1.331s] writing list of installed files to '/home/loq/roboracer_ws/roboracer_dissertation/build/roboracer_yolov8_detector/install.log'
[1.381s] Invoked command in '/home/loq/roboracer_ws/roboracer_dissertation/roboracer_project/roboracer_ws/src/roboracer_yolov8_detector' returned '0': PYTHONPATH=/home/loq/roboracer_ws/roboracer_dissertation/build/roboracer_yolov8_detector/prefix_override:/usr/lib/python3/dist-packages/colcon_core/task/python/colcon_distutils_commands:/home/loq/roboracer_ws/roboracer_dissertation/install/roboracer_yolov8_detector/lib/python3.10/site-packages:${PYTHONPATH} /usr/bin/python3 -W ignore:setup.py install is deprecated -W ignore:easy_install command is deprecated setup.py egg_info --egg-base ../../../../build/roboracer_yolov8_detector build --build-base /home/loq/roboracer_ws/roboracer_dissertation/build/roboracer_yolov8_detector/build install --record /home/loq/roboracer_ws/roboracer_dissertation/build/roboracer_yolov8_detector/install.log --single-version-externally-managed install_data
