[0.515s] Invoking command in '/home/loq/roboracer_ws/build/roboracer_visual_odom': CMAKE_PREFIX_PATH=${CMAKE_PREFIX_PATH}:/home/loq/drivingcar_ws/install/self_driving_car_pkg:/home/loq/bumperbot_ws/install/bumperbot_py_example:/home/loq/roboracer_ws/install/roboracer_yolov8_detector:/home/loq/roboracer_ws/install/roboracer_py:/home/loq/ros2_action_ws/install/lifecycle_py:/home/loq/ros2_action_ws/install/action_py:/opt/ros/humble /usr/bin/cmake --build /home/loq/roboracer_ws/build/roboracer_visual_odom -- -j8 -l8
[0.638s] [ 50%] Built target rgbd_pointcloud_publisher
[0.675s] [100%] Built target visual_odom
[0.984s] Invoked command in '/home/loq/roboracer_ws/build/roboracer_visual_odom' returned '0': CMAKE_PREFIX_PATH=${CMAKE_PREFIX_PATH}:/home/loq/drivingcar_ws/install/self_driving_car_pkg:/home/loq/bumperbot_ws/install/bumperbot_py_example:/home/loq/roboracer_ws/install/roboracer_yolov8_detector:/home/loq/roboracer_ws/install/roboracer_py:/home/loq/ros2_action_ws/install/lifecycle_py:/home/loq/ros2_action_ws/install/action_py:/opt/ros/humble /usr/bin/cmake --build /home/loq/roboracer_ws/build/roboracer_visual_odom -- -j8 -l8
[0.991s] Invoking command in '/home/loq/roboracer_ws/build/roboracer_visual_odom': CMAKE_PREFIX_PATH=${CMAKE_PREFIX_PATH}:/home/loq/drivingcar_ws/install/self_driving_car_pkg:/home/loq/bumperbot_ws/install/bumperbot_py_example:/home/loq/roboracer_ws/install/roboracer_yolov8_detector:/home/loq/roboracer_ws/install/roboracer_py:/home/loq/ros2_action_ws/install/lifecycle_py:/home/loq/ros2_action_ws/install/action_py:/opt/ros/humble /usr/bin/cmake --install /home/loq/roboracer_ws/build/roboracer_visual_odom
[1.013s] -- Install configuration: ""
[1.014s] -- Execute custom install script
[1.016s] -- Up-to-date symlink: /home/loq/roboracer_ws/install/roboracer_visual_odom/lib/roboracer_visual_odom/visual_odom
[1.018s] -- Up-to-date symlink: /home/loq/roboracer_ws/install/roboracer_visual_odom/lib/roboracer_visual_odom/rgbd_pointcloud_publisher
[1.018s] -- Up-to-date symlink: /home/loq/roboracer_ws/install/roboracer_visual_odom/share/ament_index/resource_index/package_run_dependencies/roboracer_visual_odom
[1.019s] -- Up-to-date symlink: /home/loq/roboracer_ws/install/roboracer_visual_odom/share/ament_index/resource_index/parent_prefix_path/roboracer_visual_odom
[1.019s] -- Up-to-date symlink: /home/loq/roboracer_ws/install/roboracer_visual_odom/share/roboracer_visual_odom/environment/ament_prefix_path.sh
[1.020s] -- Up-to-date symlink: /home/loq/roboracer_ws/install/roboracer_visual_odom/share/roboracer_visual_odom/environment/ament_prefix_path.dsv
[1.022s] -- Up-to-date symlink: /home/loq/roboracer_ws/install/roboracer_visual_odom/share/roboracer_visual_odom/environment/path.sh
[1.022s] -- Up-to-date symlink: /home/loq/roboracer_ws/install/roboracer_visual_odom/share/roboracer_visual_odom/environment/path.dsv
[1.023s] -- Up-to-date symlink: /home/loq/roboracer_ws/install/roboracer_visual_odom/share/roboracer_visual_odom/local_setup.bash
[1.025s] -- Up-to-date symlink: /home/loq/roboracer_ws/install/roboracer_visual_odom/share/roboracer_visual_odom/local_setup.sh
[1.025s] -- Up-to-date symlink: /home/loq/roboracer_ws/install/roboracer_visual_odom/share/roboracer_visual_odom/local_setup.zsh
[1.025s] -- Up-to-date symlink: /home/loq/roboracer_ws/install/roboracer_visual_odom/share/roboracer_visual_odom/local_setup.dsv
[1.025s] -- Symlinking: /home/loq/roboracer_ws/install/roboracer_visual_odom/share/roboracer_visual_odom/package.dsv
[1.064s] -- Up-to-date symlink: /home/loq/roboracer_ws/install/roboracer_visual_odom/share/ament_index/resource_index/packages/roboracer_visual_odom
[1.064s] -- Up-to-date symlink: /home/loq/roboracer_ws/install/roboracer_visual_odom/share/roboracer_visual_odom/cmake/ament_cmake_export_dependencies-extras.cmake
[1.064s] -- Up-to-date symlink: /home/loq/roboracer_ws/install/roboracer_visual_odom/share/roboracer_visual_odom/cmake/roboracer_visual_odomConfig.cmake
[1.065s] -- Up-to-date symlink: /home/loq/roboracer_ws/install/roboracer_visual_odom/share/roboracer_visual_odom/cmake/roboracer_visual_odomConfig-version.cmake
[1.065s] -- Up-to-date symlink: /home/loq/roboracer_ws/install/roboracer_visual_odom/share/roboracer_visual_odom/package.xml
[1.152s] Invoked command in '/home/loq/roboracer_ws/build/roboracer_visual_odom' returned '0': CMAKE_PREFIX_PATH=${CMAKE_PREFIX_PATH}:/home/loq/drivingcar_ws/install/self_driving_car_pkg:/home/loq/bumperbot_ws/install/bumperbot_py_example:/home/loq/roboracer_ws/install/roboracer_yolov8_detector:/home/loq/roboracer_ws/install/roboracer_py:/home/loq/ros2_action_ws/install/lifecycle_py:/home/loq/ros2_action_ws/install/action_py:/opt/ros/humble /usr/bin/cmake --install /home/loq/roboracer_ws/build/roboracer_visual_odom
